АЕС
АЗС
АКШУ
АМКУ
АМНУ
АН
АНТК
АПК
АРСР
АСЕАН
АТЕК
АТЗТ
БК
б-ка
БМД
БМП
БРІК
БРСР
БТР
БЮТ/e
ВАЗ/e
ВАК
ВАСУ
ВВП
ВГСУ
ВДНГ
ВДЦП
вид-во
ВІЛ
ВІЛ-СНІД
ВІНК
ВЛКСМ
ВМГО
ВМС
ВМСУ
ВНДІ
ВНЗ
ВНП
ВООЗ
ВПК
ВПС
ВР
ВССУ
ВТССУМ
ВУАН
ВУФКУ
ВУЦВК
ВЦСПС
ГАЕС
ГГц
ГеВ
ГЕС
ГІС
ГПУ
ГРВІ
грн
ГУБОЗ
ГУМВС
ГУУАМ
Гц
ДАІ
ДБСТ
ДДСО
ДДТ
ДемПУ
Дж
ДІНЗ
ДКЦПФР
дм
ДМЗ
ДМСУ
дНТФ
ДПА
ДПАУ
ДПС
ДПСУ
ДСЕС
ДСК
ДСТУ
ДТЕК
ДТП
ДЮСШ
ЄАНТК
ЄБРР
ЄврАзЕС
ЄДАПС
ЄДРПОУ
ЄЕП
ЄЕС
ЄЕСУ
ЄКРН
ЄС
ЄСПЛ
ЖБК
ЖЕК/ef
ЖКГ
ЗАТ
з-д
ЗМІ
ЗНО
ЗРК
ЗУНР
ін-т
ІОЦ
ІТ
кВт
кг
КГЗКОР
кГц
КД
КДБ
кДж
КДМА
ккал
км
КМДА
КМКФ
КМУ
КНДР
КНЕУ
КНЛУ
КНУ
КНУКіМ
КОАТУУ
КП
кПа
КПЗУ
КПІ
КПП
КПРС
КПРФ
КПУ
к-ть
КУІн
ЛАЗ/e
ЛДПР
ЛНУ
ЛОДА
ЛуАЗ/e
м
МАГАТЕ
МАУП
МБРР
МВС
МВСУ
МВт
МВФ
МГц
МЗС
МінАП
мкм
мкФ
мл
млн
млрд
мм
ММКФ
МОН
МОНМС
МПа
мРНК
мс
МФТІ
МХАТ
НАЕК
НАК/e
НАМН
НАН
НАНУ
НАПН
НАСА
НАСК
НАТО
НаУКМА
НБУ
НДІ
НеоЛАЗ
НКАУ
НКВС
НКДБ
НКРЕ
НКРЗ
НЛО
нм
НМПУ
НРКУ
НРУ
НСДАП
НСКУ
НСМЕП
НСНУ
НСПУ
НСТУ
НСХУ
НТКУ
НТР
НТУУ
НУНС
НУ-НС
НУХТ
НФПУ
НХЛ
НХМУ
облУВС
ОБСЄ
ОВДП
ОДКБ
ОДПІ
ОДПУ
ОДТРК
ОІЯД
ООН
ОПЕК
ОСББ
ОУН
ОУН-УПА
Па
ПАРЄ
ПДВ
ПДВЛ
ПЕК
ПЕОМ
ПЗ
ПЗРК
ППО
ПР
ПРО
ПРООН
пр-т
ПСПУ
ПТСР
ПУМБ
пФ
ПФТС
р
РАГС/e
РАЕС
РАТАУ
РВВС
р-н
РНБО
РНБОУ
р-ні
РНК
р-ну
рРНК
РСЧА
РУВС
РФ
САПР
СБУ
СДПУ
сек
СІЗО
СКА
см
смт
СНБОУ
СНІД/e
СОТ
СПУ
СУМ/e
ТБ
ТзОВ
ТНК-ВР
ТНМК
ТОВ
тРНК
УАПЦ
УБЗПТЛ
УБОЗ/e
УГКЦ
УДАР
УДСО
УЄФА
УМВС
УМВСУ
УНА
УНІАН
УНП
УНР
УНСО
УПА
УПЦ
УРСР
УСБУ
УСПП
УСРР
УЦЕПД
ФБР
ФДМУ
ФІДЕ
ФК
ф-ка
ФСБ
ФФУ
ХАЕС
ХАМАС
ЦВК
ЦГЗК
ЦЕРН
ЦЕРН/e
ЦК
ЦРУ
ЦСКА
ЦУМ
ЧАЕС
ЧС
ЧФ
ЮНЕСКО
ЮНІСЕФ
