арт-акція/ab
артаукціон/ef
артбаза/a
артбомонд/e
артгалерея/ab
арт-галерея/ab
артдилер/efgh<
арт-дилер/efgh<
артдиректор/efgh<
арт-директор/efgh<
арт-кафе noun:n:nv
арт-критик/efg<
артменеджер/efgh<
арт-менеджер/efgh<
артмісія/ab
арт-об'єкт/efg
артпроект/ef
арт-проект/ef
артпростір/ef
арт-простір/ef
арт-процес/ef
артринок/ab
арт-ринок/ab
артрок/e
арт-рок/e
артсистема/ab
артсклад/ef
артсцена/ab
арт-сцена/ab
арттерапія/a
арт-терапія/a
артфестиваль/ef
арт-фестиваль/ef
артфорум/ef
арт-форум/ef
артхаузний/V
арт-хаузний/V
артхаус/e
арт-хаус/e
артцентр/ef
арт-центр/ef
артшоу noun:n:nv
арт-шоу noun:n:nv
артярмарок/ab
арт-ярмарок/ab
афророк/e
афро-рок/e
байкер-стиль/e
байкер-шоу noun:n:nv
балканбіт/e
балкан-біт/e
бард-академія/ab
бас-гітарист/efgh<
бебібум/e
бебі-бум/e
бек-вокалістка/ab<
бек-вокал/e
бігбенд/efg
бігборд/efg
бігмак/ef
бізнес-абонент/efgh<
бізнес-авіація/a
бізнес-аналітика/a
бізнес-асоціація/ab
бізнес-верхівка/a
бізнесвумен noun:f:nv
бізнес-вумен noun:f:nv
бізнес-група/ab
бізнес-діалог/eo
бізнес-діяльність/l
бізнес-еліта/ab
бізнес-завдання/ij
бізнес-замовлення/ij
бізнес-ідея/ab
бізнес-імперія/a
бізнес-інтерес/ef
бізнес-кар'єра/a
бізнес-картка/ab
бізнес-клієнт/efgh<
бізнес-користувач/efg<
бізнес-крило/i
бізнес-леді noun:f:nv:anim
бізнес-модель/i
бізнес-новини/o
бізнес-оточення/i
бізнес-партнер/efgh<
бізнес-планування/i
бізнес-план/ef
бізнес-початківець/abc<
бізнес-практика/a
бізнес-практик/efg<
бізнес-привабливість/l
бізнес-проект/ef
бізнес-процес/ef
бізнес-середовище/i
бізнес-сторона/ao
бізнес-стратегія/ab
бізнес-структура/ab
бізнес-схема/ab
бізнес-технологія/ab
бізнес-форум/ef
бізнес-центр/ef
бізнес-школа/ao
бітгрупа/ab
бітмузика/a
блек-джек noun:f:nv:np
бліцвікторина/ab
бліц-спілкування/i
блюзрок/e
блюз-рок/e
бодибілдер/efg<
бодибілдинг/e
бодіарт/e
боді-арт/e
бодібілдинг/e
вайфай/e
вай-фай/e
вебадреса/ab
вебархів/ef
веббраузер/efg
вебвміст/e
вебдизайн/e
вебжурнал/ef
вебкамера/ab
веб-камера/ab
вебклієнт/efg
вебколаж/ef
вебконференція/ab
вебкрамниця/ab
вебмайстер/abcd<
вебпанель/ij
вебпортал/ef
вебпрезентація/ab
вебпрограма/ab
веб-програміст/efgh<
вебсайт/ef
вебсемінар/ef
вебсервер/efg
вебслужба/ab
вебстільниця/ab
вебсторінка/ab
вебтека/ab
веб-форма/a
вебформа/ab
вебхостинг/e
вебщоденник/efg
відеоарт/e
відео-арт/e
вікенд/ef
віпзал/ef
віпклієнт/efgh<
віце-чемпіонка/ab<
гей-клуб/efg
гей-парад/ef
гей-тема/a
глемрок/e
глем-рок/e
гранд-готель/efg
гранд-шоу noun:n:nv
гранпрі noun:n:nv
гран-прі noun:n:nv
дайвпослуги/o
дата-центр/efg
демоверсія/ab
джазоркестр/ef
джаз-оркестр/ef
джазритм/e
джаз-ритм/e
джазрок/e
джаз-рок/e
джазфестиваль/ef
джаз-фестиваль/ef
джемсешн noun:m:nv:np
джем-сешн noun:m:nv:np
диво-машина/ab
диджей/efg<
дизайн-архітектура/a
дизайн-студія/a
ді-джей/efg<
дог-шоу noun:n:nv
допінг-офіцер/efgh<
дрескод/e
дрес-код/e
екзитпол/ef
екзит-пол/ef
економ-житло/i
економклас/e
економ-клас/e
економ-сегмент/e
експрес-дезінфекція/a
експрес-діагностика/a
експрес-лабораторія/ab
експрес-тестування/i
елітклас/e
етнорок/e
етно-рок/e
жлобарт/e
жлоб-арт/e
інді-поп/e
індірок/e
інді-рок/e
інтернет-адреса/ab
інтернет-банкінг/e
інтернетбібліотека/ab
інтернет-бібліотека/ab
інтернет-версія/ab
інтернетвидання/ij
інтернет-видання/ij
інтернетгазета/ab
інтернет-газета/ab
інтернет-голосування/ij
інтернет-громадськість/l
інтернетзалежність/l
інтернет-залежність/l
інтернет-залицяльник/efg<
інтернетзв'язок/a
інтернет-зв'язок/a
інтернет-індустрія/a
інтернетклуб/ef
інтернет-клуб/ef
інтернет-коментатор/efgh<
інтернет-консультант/efgh<
інтернет-консультація/ab
інтернетконференція/ab
інтернет-конференція/ab
інтернеткористувач/efg<
інтернет-користувач/efg<
інтернеткрамниця/ab
інтернет-крамниця/ab
інтернетмагазин/ef
інтернет-магазин/ef
інтернетопитування/ab
інтернет-опитування/ab
інтернетпортал/ef
інтернет-портал/ef
інтернет-провайдер/efg
інтернетпроект/ef
інтернет-проект/ef
інтернетпростір/a
інтернет-простір/a
інтернет-протокол/ef
інтернетресурс/ef
інтернет-ресурс/ef
інтернетсайт/ef
інтернет-сайт/ef
інтернетсистема/ab
інтернет-система/ab
інтернет-спільнота/ab
інтернет-сторінка/ab
інтернет-телефонія/a
інтернет-телефон/ef
інтернеттехнологія/ab
інтернет-технологія/ab
інтернеттрансляція/a
інтернет-трансляція/a
інтернеттрафік/e
інтернет-трафік/e
інтернетфорум/ef
інтернет-форум/ef
інтернет-щоденник/efg
квазіпартія/ab
кібератака/ab
кібер-атака/ab
кіндерсюрприз/ef
колцентр/ef
кол-центр/ef
комік-трупа/ab
компактдиск/efg
контент-аналіз/e
конференцзала/ab
конференц-зала/ab
конференцзал/ef
конференц-зал/ef
концепт-кар/efg
кріобанк/ef
кросасемблер/efg
крос-асемблер/efg
кроскомпілятор/efg
крос-компілятор/efg
крос-субсидування/i
лейб-гвардія/a
люкс-категорія/ab
максимально-мінімальний/V
масмедіа noun:p:nv:ns
мас-медіа noun:p:nv:ns
медіавласність/l
медіаексперт/efgh<
медіаіндустрія/a
медіамагнат/efgh<
медіапіратство/i
медіапристрій/ab
медіа-пристрій/ab
медіапродукт/ef
медіапростір/a
медіапрофспілка/ab
медіаресурс/ef
медіаринок/ab
медіахолдинг/ef
медіацентр/ef
мікс-зона/a
націонал-демократія/a
націонал-соціалізм/e
нонстоп adv
нон-стоп adv
онлайн adv
онлайн/e
он-лайн/e
офіс-менеджер/efgh<
оффлайн adv
оффлайн/e
панкрок/e
панк-рок/e
перформанс-група/ab
піарактивність/l
піаракція/ab
піар-акція/ab
піар-атака/ab
піаркампанія/ab
піар-метод/ef
піарпроект/ef
піар-служба/ab
піартехнологія/ab
піархід/ab
піар-хід/ab
піт-стоп/e
плейофівський/V
плей-офф noun:m:nv
плейоф/e
плей-оф noun:m:nv
поп-арт/e
попгурт/ef
попкорн/e
поп-корн/e
попкультура/ab
попмистецтво/i
попмузика/a
попмюзикл/ef
попспівачка/abd<
пост-комуніст/efgh<
пост-модерніст/efgh<
праймтайм/e
прайм-тайм/e
прайслист/efg
президент-готель/efg
прем'єрдивізіон/ef
прем'єр-дивізіон/ef
прем'єрліга/a
прем'єр-ліга/a
преміум-клас/e
пресавтомат/efg
пресаташе noun:m:nv
прес-аташе noun:m:nv
пресбрифінг/ef
пресбюро noun:n:nv
пресвипуск/ef
пресгалерея/ab
пресгрупа/ab
пресзала/a
прес-зала/a
пресзал/ef
прес-зал/ef
прескліше noun:n:nv
пресклуб/ef
пресконференція/ab
прес-конференція/ab
прес-пап'є noun:n:nv
преспідбирач/efg
пресреліз/ef
прес-реліз/ef
прессекретар/lmq<
прес-секретар/lmq<
пресслужба/ab
прес-служба/ab
престайм/e
прес-тур/e
пресцентр/ef
прес-центр/ef
прима-балерина/a
промоакція/ab
промо-акція/ab
промокампанія/ab
ралі-рейд/e
реал-політик noun:f:nv:np
рейтинг-лідер/efgh<
рейтинг-фаворит/efgh<
рентген-випромінювання/i
рентген-обстеження/i
реп-культура/a
ріал-шоу noun:n:nv
ріелтор/efgh<
рок-немовля/lm<
рок-н-рольний/V
рок-сцена/a
рок-товариство/i
роуд-шоу noun:n:nv
секс-бомба/ab<
секс-бранка/ab<
секс-індустрія/a
секс-інтрига/a
секс-працівниця/ab<
секс-театр/ef<
секс-турист/efgh<
секс-шоп/ef
скіменг-обладнання/i
софтрок/a
софт-рок/a
спам-мережа/ab
спарингпартнер/efgh<
спаринг-партнер/efgh<
стрес-тест/ef
стрип-бар/ef
стритарт/e
стрит-арт/e
стьоб-аналітика/a
талант-шоу noun:n:nv
телеком-оператор/efg
топменеджерський/V
топменеджер/efgh<
топ-менеджер/efgh<
топменеджмент/e
топ-менеджмент/e
топмодель/ij<
топ-модель/ij<
топновина/a
топ-новина/a
топтема/a
топ-тема/a
трансвестит-шоу noun:n:nv
уїк-енд/e
фан-група/ab
фанзона/ab
фан-зона/ab
фанклуб/ef
фан-клуб/ef
фан-меню noun:n:nv
фан-містечко/ij
фансектор/efg
фан-сектор/efg
фармклуб/ef
фарм-клуб/ef
фастфуд/ef
фаст-фуд/ef
фейсконтороль/e
фітнесіндустрія/a
фітнес-індустрія/a
фітнесклуб/ef
фітнес-клуб/ef
флешдиск/efg
флеш-диск/efg
флешкарта/ab
флеш-карта/ab
флешкартка/ab
флеш-картка/ab
флешмоб/ef
флеш-моб/ef
флешпам'ять/i
флеш-пам'ять/i
фолкрок/e
фолк-рок/e
форсмажорний/V
хардрок/e
хард-рок/e
хепі-енд/e
хет-трик/e
хітпарад/ef
хіт-парад/ef
шефредактор/efgh<
шеф-редактор/efgh<
шоубалет/e
шоубізнесовий/V
шоубізнес/e
штрихкодування/ij
штрихкод/ef
штрих-код/ef
юрфірма/ab
