АЕС noun:f:nv
АЗС noun:f:nv
АКШУ noun:f:nv
АМКУ noun:m:nv
АМНУ noun:f:nv
АНТК noun:m:nv
АН noun:f:nv
АПК noun:m:nv
АП noun:f:nv
АРСР noun:f:nv
АСЕАН noun:f:nv
АТЕК noun:nv
АТЗТ noun:n:nv
АТП noun:n:nv
б-ка б-ка noun:f:nv
БК noun:m:nv
БМД noun:m:nv
БМП noun:f:nv
БРІК noun:nv
БРСР noun:f:nv
БТР noun:m:nv
БЮТ noun:m:nv
ВАЗ/e
ВАК noun:m:nv
ВАСУ noun:m:nv
ВВП noun:m:nv
ВГСУ noun:m:nv
ВДНГ noun:f:nv
ВДЦП noun:m:nv
вид-во/ij
ВІЛ-СНІД ВІЛ-СНІД noun:nv
ВІЛ noun:m:nv
ВІНК noun:f:nv
ВЛКСМ noun:f:nv
ВМГО noun:f:nv
ВМСУ noun:p:nv 
ВМС noun:p:nv
ВНДІ noun:m:nv
ВНЗ noun:m:nv
ВНП noun:m:nv
ВООЗ noun:f:nv
ВО noun:n:nv
ВПК noun:m:nv
ВПС noun:p:nv
ВРУ noun:f:nv
ВР noun:f:nv
ВССУ noun:m:nv
ВТССУМ noun:m:nv
ВУАН noun:f:nv
ВУФКУ noun:n:nv
ВУЦВК noun:m:nv
ВЦРПС noun:f:nv
ГАЕС noun:f:nv
ГГц ГГц noun:nv
ГеВ noun:nv
ГЕС noun:f:nv
ГІС noun:f:nv
ГПУ noun:f:nv
ГРВІ noun:f:nv
грн noun:nv
ГУБОЗ noun:n:nv
ГУМВС noun:n:nv
ГУУАМ noun:nv
Гц Гц noun:nv
ДАІ noun:nv
ДБСТ noun:m:nv
ДДСО noun:f:nv
ДДТ noun:m:nv
ДемПУ noun:f:nv
Дж noun:nv
ДІНЗ noun:f:nv
ДКЦПФР noun:f:nv
ДМЗ noun:f:nv
ДМЗ noun:m:nv
ДМСУ noun:f:nv
дм noun:nv
дНТФ noun:m:nv
ДПАУ noun:f:nv
ДПА noun:f:nv
ДПСУ noun:f:nv
ДПС noun:f:nv
ДСЕС noun:f:nv
ДСК noun:f:nv
ДСТУ noun:m:nv
ДТЕК noun:f:nv
ДТП noun:f:nv
ДТРК noun:f:nv
ДЮСШ noun:f:nv
ЕКГ noun:f:nv
ЄАНТК noun:m:nv
ЄБРР noun:m:nv
ЄврАзЕС ЄврАзЕС noun:n:nv
ЄДАПС noun:f:nv
ЄДРПОУ noun:m:nv
ЄЕП noun:m:nv
ЄЕСУ noun:p:nv
ЄЕС noun:f:nv
ЄКА noun:n:nv
ЄКРН noun:f:nv
ЄСПЛ noun:m:nv
ЄС noun:n:nv
ЖБК noun:m:nv
ЖЕК/ef
ЖКГ noun:n:nv
ЗАТ noun:n:nv
з-д/efg
ЗМІ noun:p:nv
ЗНО noun:n:nv
ЗРК noun:m:nv
ЗСУ noun:p:nv
ЗУНР noun:f:nv
ін-т/ef
ІОЦ noun:m:nv
ІТ noun:p:nv
кВт кВт noun:nv
КГЗКОР noun:m:nv
кГц кГц noun:nv
кг noun:nv
КДБ noun:m:nv
кДж noun:nv
КДМА noun:f:nv
КД noun:f:nv
КД noun:m:nv
ккал noun:nv
КМДА noun:f:nv
КМКФ noun:m:nv
КМУ noun:m:nv
км noun:nv
КНДР noun:f:nv
КНЕУ noun:m:nv
КНЛУ noun:m:nv
КНУКіМ КНУКіМ noun:m:nv
КНУ noun:m:nv
КОАТУУ noun:m:nv
кПа noun:nv
КПЗУ noun:f:nv
КПІ noun:m:nv
КПП noun:m:nv
КПРС noun:f:nv
КПРФ noun:f:nv
КПУ noun:f:nv
КП noun:m:nv
к-сть/lm
КУІн noun:nv
ЛАЗ/e
ЛДПР noun:f:nv
ЛНУ noun:m:nv
ЛОДА noun:f:nv
ЛуАЗ/e
МАГАТЕ noun:n:nv
МАУП noun:f:nv
МБРР noun:m:nv
МВСУ noun:n:nv
МВС noun:n:nv
МВт МВт noun:nv
МВФ noun:m:nv
МГц МГц noun:nv
МЗС noun:n:nv
МінАП МінАП noun:n:nv
мкм noun:nv
мкФ noun:nv
млн noun:nv
млрд noun:nv
мл noun:nv
ММКФ noun:m:nv
мм noun:nv
МНС noun:n:nv
МОЗ noun:n:nv
МОНМС noun:n:nv
МОН noun:n:nv
МО noun:n:nv
МПа noun:nv
мРНК noun:f:nv
мс noun:nv
МФТІ noun:m:nv
МХАТ noun:m:nv
м noun:nv
НАЕК noun:f:nv
НАК/e
НАМН noun:f:nv
НАНУ noun:f:nv
НАН noun:f:nv
НАПН noun:f:nv
НАСА noun:n:nv
НАСК noun:f:nv
НАТО noun:n:nv
НаУКМА noun:f:nv
НБУ noun:f:nv
НДІ noun:m:nv
НеоЛАЗ noun:m:nv
НЕП/e
НКАУ noun:n:nv
НКВД noun:n:nv
НКВС noun:m:nv
НКДБ noun:m:nv
НКРЕ noun:f:nv
НКРЗ noun:m:nv
НЛО noun:m:nv
НМПУ noun:f:nv
нм noun:nv
НРКУ noun:f:nv
НРУ noun:m:nv
НСДАП noun:f:nv
НСКУ noun:f:nv
НСМЕП noun:f:nv
НСНУ noun:m:nv
НСПУ noun:f:nv
НСТУ noun:f:nv
НСХУ noun:f:nv
НТКУ noun:f:nv
НТР noun:f:nv
НТУУ noun:m:nv
НУ-НС НУ-НС noun:nv
НУНС noun:nv
НУХТ noun:m:nv
НФПУ noun:m:nv
НХЛ noun:f:nv
НХМУ noun:m:nv
облУВС noun:n:nv
ОБСЄ noun:f:nv
ОВДП noun:p:nv
ОДА noun:f:nv
ОДКБ noun:f:nv
ОДПІ noun:f:nv
ОДПУ noun:n:nv
ОДТРК noun:f:nv
ОІЯД noun:m:nv
ООН noun:f:nv
ОПЕК noun:f:nv
ОСББ noun:n:nv
ОУН-УПА ОУН-УПА noun:nv
ОУН noun:f:nv
ПАРЄ noun:f:nv
Па noun:nv
ПДВЛ noun:m:nv
ПДВ noun:m:nv
ПЕК noun:m:nv
ПЕОМ noun:f:nv
ПЗРК noun:m:nv
ПЗ noun:n:nv
ППО noun:n:nv
ПРООН noun:f:nv
ПРО noun:f:nv
пр-т/e
ПР noun:f:nv
ПСПУ noun:f:nv
ПТСР noun:m:nv
ПУМБ noun:m:nv
ПФТС noun:f:nv
пФ noun:nv
РАГС/e
РАЕС noun:f:nv
РАТАУ noun:n:nv
РВВС noun:m:nv
РДА noun:f:nv
РНБОУ noun:f:nv
РНБО noun:f:nv
РНК noun:f:nv
р-н/ef
РПГ noun:m:nv
рРНК рРНК noun:f:nv
РСЧА noun:f:nv
РУВС noun:n:nv
РФ noun:f:nv
р unknown
САПР noun:n:nv
САУ noun:f:nv
СБУ noun:f:nv
СДПУ noun:f:nv
сек noun:nv
СІЗО noun:m:nv
СКА noun:m:nv
смт noun:nv
см noun:nv
СНБОУ noun:f:nv
СНІД/e
СОТ noun:f:nv
СПУ noun:f:nv
СУМ/e
ТБ noun:n:nv
ТВЕЛ/efg
ТЕФІ noun:nv
ТЕЦ noun:f:nv
ТзОВ noun:n:nv
ТНК-ВР ТНК-ВР noun:f:nv
ТНМК noun:m:nv
ТОВ noun:n:nv
ТРК noun:f:nv
тРНК тРНК noun:f:nv
УААН noun:f:nv
УАЗТ noun:f:nv
УАЗ noun:m:nv
УАНМ noun:f:nv
УАПЦ-КП УАПЦ-КП noun:f:nv
УАПЦ noun:f:nv
УАСС noun:nv
УБЕЗ noun:n:nv
УБЗПТЛ noun:n:nv
УБОЗ/e
УВКБ noun:n:nv
УВКР noun:f:nv
УГКЦ noun:f:nv
УДАР noun:m:nv
УДППЗ noun:n:nv
УДСБЕЗ noun:n:nv
УДСО noun:n:nv
УДЦР noun:m:nv
УЄФА noun:f:nv
УККА noun:m:nv
УКТЗЕД noun:nv
УМВГ noun:f:nv
УМВСУ noun:n:nv
УМВС noun:n:nv
УНА-УНСО УНА-УНСО noun:f:nv
УНА noun:f:nv
УНДП noun:f:nv
УНІАН noun:n:nv
УНКВД noun:n:nv
УНП noun:f:nv
УНРА noun:f:nv
УНР noun:f:nv
УНСО noun:f:nv
УНЦПД noun:m:nv
УПА noun:f:nv
УПЦ-КП УПЦ-КП noun:f:nv
УПЦ noun:f:nv
УРСР noun:f:nv
УСБУ noun:n:nv
УСПП noun:m:nv
УСРР noun:f:nv
УТОГ noun:n:nv
УТОС noun:n:nv
УЦЕПД noun:m:nv
ФАТХ noun:nv
ФБР noun:n:nv
ФДМУ noun:m:nv
ФІДЕ noun:f:nv
ФІФА noun:f:nv
ф-ка/a
ФК noun:m:nv
ФМ-діапазон/e
ФМ-станція/af
ФСБ noun:f:nv
ФФУ noun:f:nv
ХАЕС noun:f:nv
ХАМАС noun:m:nv
ЦАХАЛ noun:m:nv
ЦВК noun:f:nv
ЦГЗК noun:m:nv
ЦЕРН/e
ЦК noun:m:nv
ЦРУ noun:n:nv
ЦСКА noun:m:nv
ЦУМ noun:m:nv
ЧАЕС noun:f:nv
ЧС noun:m:nv
ЧФ noun:m:nv
ЮНЕСКО noun:n:nv
ЮНІСЕФ noun:m:nv
