арт-акція/ab
артаукціон/ef
артбаза/a
артбомонд/e
артгалерея/ab
арт-галерея/ab
артдилер/efgh<
арт-дилер/efgh<
артдиректор/efgh<
арт-директор/efgh<
арт-кафе noun:n:nv
арт-критик/efg<
артменеджер/efgh<
арт-менеджер/efgh<
артмісія/ab
арт-об'єкт/efg
артпроект/ef
арт-проект/ef
артпростір/ef
арт-простір/ef
арт-процес/ef
артринок/ab
арт-ринок/ab
артрок/e
арт-рок/e
артсистема/ab
артсклад/ef
артсцена/ab
арт-сцена/ab
арттерапія/a
арт-терапія/a
артфестиваль/ef
арт-фестиваль/ef
артфорум/ef
арт-форум/ef
артхаузний/V
арт-хаузний/V
артхаус/e
арт-хаус/e
артцентр/ef
арт-центр/ef
артшоу noun:n:nv
арт-шоу noun:n:nv
артярмарок/ab
арт-ярмарок/ab
афророк/e
афро-рок/e
балканбіт/e
балкан-біт/e
бебібум/e
бебі-бум/e
бігбенд/efg
бігборд/efg
бігмак/ef
бізнесвумен noun:f:nv
бізнес-вумен noun:f:nv
бітгрупа/ab
бітмузика/a
блек-джек noun:f:nv
бліцвікторина/ab
блюзрок/e
блюз-рок/e
бодибілдер/efg<
бодибілдинг/e
бодіарт/e
боді-арт/e
бодібілдинг/e
вайфай/e
вай-фай/e
вебадреса/ab
вебархів/ef
веббраузер/efg
вебвміст/e
вебдизайн/e
вебжурнал/ef
вебкамера/ab
вебклієнт/efg
вебколаж/ef
вебконференція/ab
вебкрамниця/ab
вебмайстер/abcd<
вебпанель/ij
вебпортал/ef
вебпрезентація/ab
вебпрограма/ab
вебсайт/efg
вебсемінар/ef
вебсервер/efg
вебслужба/ab
вебстільниця/ab
вебсторінка/ab
вебтека/ab
вебформа/ab
вебхостинг/e
вебщоденник/efg
відеоарт/e
відео-арт/e
вікенд/ef
віпзал/ef
віпклієнт/efgh<
віце-чемпіонка/ab<
глемрок/e
глем-рок/e
гранпрі noun:n:nv
гран-прі noun:n:nv
дайвпослуги/o
демоверсія/ab
джазоркестр/ef
джаз-оркестр/ef
джазритм/e
джаз-ритм/e
джазрок/e
джаз-рок/e
джазфестиваль/ef
джаз-фестиваль/ef
джемсешн noun:m:nv
джем-сешн noun:m:nv
диджей/efg<
ді-джей/efg<
дрескод/e
дрес-код/e
екзитпол/ef
екзит-пол/ef
економклас/e
елітклас/e
етнорок/e
етно-рок/e
жлобарт/e
жлоб-арт/e
інді-поп/e
індірок/e
інді-рок/e
інтернетбібліотека/ab
інтернетвидання/ij
інтернетгазета/ab
інтернетзалежність/l
інтернетзв'язок/a
інтернетклуб/ef
інтернетконференція/ab
інтернеткористувач/efg<
інтернеткрамниця/ab
інтернетмагазин/ef
інтернетопитування/ab
інтернетпортал/ef
інтернетпроект/ef
інтернетпростір/a
інтернетресурс/ef
інтернетсайт/efg
інтернетсистема/ab
інтернеттехнологія/ab
інтернеттрансляція/a
інтернеттрафік/e
інтернетфорум/ef
кібератака/ab
кібер-атака/ab
кіндерсюрприз/ef
колцентр/ef
кол-центр/ef
компактдиск/efg
контент-аналіз/e
конференцзала/ab
конференц-зала/ab
конференцзал/ef
конференц-зал/ef
кріобанк/ef
кросасемблер/efg
крос-асемблер/efg
кроскомпілятор/efg
крос-компілятор/efg
лейб-гвардія/a
масмедіа noun:p:nv
мас-медіа noun:p:nv
нонстоп adv
нон-стоп adv
онлайн/e
он-лайн/e
оффлайн/e
панкрок/e
панк-рок/e
піарактивність/l
піаракція/ab
піаркампанія/ab
піарпроект/ef
піартехнологія/ab
піархід/ab
плейофівський/V
плей-офф noun:m:nv
плейоф/e
плей-оф noun:m:nv
поп-арт/e
попгурт/ef
попкорн/e
поп-корн/e
попкультура/ab
попмистецтво/i
попмузика/a
попмюзикл/ef
попспівачка/abd<
праймтайм/e
прайм-тайм/e
прайслист/efg
преміум-клас/e
пресавтомат/efg
пресаташе noun:m:nv
пресбрифінг/ef
пресбюро noun:n:nv
пресвипуск/ef
пресгалерея/ab
пресгрупа/ab
прескліше noun:n:nv
пресклуб/ef
пресконференція/ab
прес-пап'є noun:n:nv
преспідбирач/efg
пресреліз/ef
прес-реліз/ef
прессекретар/lmq<
пресслужба/ab
престайм/e
пресцентр/ef
промо-акція/ab
промокампанія/ab
ріелтор/efgh<
рок-н-рольний/V
роуд-шоу noun:n:nv
секс-шоп/ef
скіменг-обладнання/i
софтрок/a
софт-рок/a
спарингпартнер/efgh<
спаринг-партнер/efgh<
стрип-бар/ef
стритарт/e
стрит-арт/e
топменеджерський/V
топменеджер/efgh<
топ-менеджер/efgh<
топменеджмент/e
топ-менеджмент/e
топмодель/ij<
топновина/a
топ-новина/a
топтема/a
топ-тема/a
уїк-енд/e
фанклуб/ef
фармклуб/ef
фарм-клуб/ef
фастфуд/ef
фаст-фуд/ef
фейсконтороль/e
фітнесіндустрія/a
фітнес-індустрія/a
фітнесклуб/ef
фітнес-клуб/ef
флешмоб/ef
флеш-моб/ef
фолкрок/e
фолк-рок/e
форсмажорний/V
хардрок/e
хард-рок/e
хепі-енд/e
хет-трик/e
хітпарад/ef
шоубалет/e
шоубізнесовий/V
шоубізнес/e
штрихкодування/ij
штрихкод/ef
юрфірма/ab
