АЕС
АЗС
АКШУ
АМКУ
АН
АНТК
АПК
АСЕАН
АТЗТ
б-ка
БРІК
БЮТ/e
ВАК
ВАСУ
ВВП
ВГСУ
ВДНГ
ВДЦП
вид-во
ВІНК
ВЛКСМ
ВНЗ
ВНП
ВООЗ
ВПК
ВПС
ВР
ВССУ
ВТССУМ
ВЦСПС
ГАЕС
ГГц
ГЕС
ГІС
ГПУ
ГУУАМ
Гц
ДАІ
ДБСТ
ДДСО
ДДТ
ДемПУ
ДІНЗ
ДКЦПФР
дм
ДМЗ
ДМСУ
ДПА
ДПАУ
ДПС
ДПСУ
ДСЕС
ДСК
ДСТУ
ДТЕК
ДТП
ЄАНТК
ЄБРР
ЄврАзЕС
ЄДАПС
ЄДРПОУ
ЄЕП
ЄЕС
ЄЕСУ
ЄКРН
ЄС
ЖБК
ЖЕК
ЖКГ
ЗАТ
з-д
ЗМІ
ЗРК
ЗУНР
ін-т
ІОЦ
ІТ
кВт
кг
КГЗКОР
кГц
КД
КДБ
кДж
ккал
км
КМДА
КНДР
КНЛУ
КОАТУУ
кПа
КПІ
КПП
КПРС
КПУ
КУІн
ЛАЗ
МАГАТЕ
МБРР
МВС
МВт
МВФ
МГц
МЗС
МінАП
мкм
мкФ
мл
млн
млрд
мм
ММКФ
МОНМС
МПа
мс
МФТІ
МХАТ
НАЕК
НАК/e
НАН
НАНУ
НАСА
НАТО
НаУКМА
НБУ
НДІ
НКАУ
НКВС
НКДБ
НКРЕ
НКРЗ
НЛО
нм
НРУ
НСНУ
НТКУ
НТР
НТУУ
НУНС
ОБСЄ
ОВДП
ОДКБ
ООН
ОПЕК
ОСББ
ОУН
ОУН-УПА
Па
ПАРЄ
ПДВ
ПДВЛ
ПЕК
ПЕОМ
ПЗ
ППО
ПР
ПРО
ПРООН
пФ
ПФТС
РВВС
р-н
РНБО
РНБОУ
РНК
РСЧА
РФ
САПР
СБУ
СДПУ
сек
СІЗО
СКА
см
смт
СНБОУ
СНІД/e
СОТ
СПУ
ТБ
ТНК-ВР
ТОВ
УАПЦ
УБЗПТЛ
УБОЗ/e
УГКЦ
УДАР
УДСО
УЄФА
УМВС
УНА
УНІАН
УНП
УНР
УНСО
УПА
УПЦ
УРСР
УСБУ
УСПП
УСРР
УЦЕПД
ФБР
ФДМУ
ФІДЕ
ф-ка
ФФУ
ХАЕС
ХАМАС
ЦВК
ЦГЗК
ЦЕРН
ЦК
ЦРУ
ЦСКА
ЦУМ
ЧАЕС
ЧФ
ЮНЕСКО
ЮНІСЕФ
