арт-акція/ab
артаукціон/ef
артбаза/a
артбомонд/e
артгалерея/ab
арт-галерея/ab
арт-дилер/efg
артдиректор/efg
арт-директор/efg
арт-кафе
арт-критик/efg
артменеджер/efg
арт-менеджер/efg
артмісія/a
арт-об'єкт/efg
артпроект/e
арт-проект/ef
артпростір/ef
арт-простір/ef
арт-процес/ef
артринок/ab
арт-ринок/ab
арт-рок/e
артрок/eo
артсистема/ab
артсклад/ef
арт-сцена/ab
арттерапія/a
арт-терапія/a
арт-фестиваль/ef
артфорум/ef
арт-форум/ef
артхаузний/V
арт-хаузний/V
артхаус/e
арт-хаус/e
арт-центр/ef
артшоу
арт-шоу
арт-ярмарок/ab
афророк/e
афро-рок/e
балканбіт/e
балкан-біт/e
бебі-бум/e
бігбенд/efg
бігборд/efg
бігмак/ef
бізнесвумен
бізнес-вумен
бітгрупа/ab
бітмузика/a
блек-джек
бліцвікторина/ab
блюзрок/e
блюз-рок/e
бодибілдер/efg
бодибілдинг/e
бодіарт/e
боді-арт/e
бодібілдинг/e
вебадреса/ab
вебархів/ef
веббраузер/efg
вебвміст/e
вебдизайн/e
вебжурнал/ef
вебкамера/ab
вебклієнт/efg
вебколаж/ef
вебконференція/a
вебкрамниця/ab
вебмайстер/abc
вебпанель/ij
вебпортал/ef
вебпрезентація/ab
вебпрограма/ab
вебсайт/efg
вебсемінар/ef
вебсервер/efg
вебслужба/ab
вебстільниця/af
вебсторінка/ab
вебтека/ab
вебформа/ab
вебхостинг/e
вебщоденник/efg
відеоарт/e
відео-арт/e
вікенд/ef
віпзал/ef
віпклієнт/efg
віце-чемпіонка/ab
глемрок/e
глем-рок/e
гранпрі
гран-прі
дайвпослуги/b
демоверсія/ab
джазоркестр/ef
джаз-оркестр/ef
джазритм/e
джаз-ритм/e
джазрок/e
джаз-рок/e
джазфестиваль/ef
джаз-фестиваль/ef
диджей/efg
ді-джей/efg
дрескод/e
дрес-код/e
екзитпол/ef
екзит-пол/ef
економклас/e
елітклас/e
етнорок/e
етно-рок/e
жлобарт/e
жлоб-арт/e
інді-поп/e
індірок/e
інді-рок/e
інтернетбібліотека/ab
інтернетвидання/ij
інтернетгазета/ab
інтернетзалежність/l
інтернетзв'язок/a
інтернетклуб/ef
інтернетконференція/ab
інтернеткористувач/efg
інтернеткрамниця/ab
інтернетмагазин/ef
інтернетопитування/ab
інтернетпортал/ef
інтернетпроект/ef
інтернетпростір/a
інтернетресурс/ef
інтернетсайт/efg
інтернетсистема/ab
інтернеттехнологія/ab
інтернеттрансляція/a
інтернеттрафік/e
інтернетфорум/ef
кібератака/ab
кібер-атака/ab
кіндерсюрприз/ef
колцентр/ef
кол-центр/ef
компактдиск/efg
контент-аналіз/e
кріобанк/ef
лейб-гвардія/a
нонстоп
нон-стоп
панкрок/eo
панк-рок/eo
піарактивність/l
піаракція/ab
піаркампанія/ab
піарпроект/ef
піартехнологія/ab
піархід/a
плей-оф
плейофівський/V
плей-офф
плейоф/e
поп-арт/e
попгурт/ef
попкорн/e
поп-корн/e
попкультура/a
попмистецтво/i
попмузика/a
попмюзикл/ef
попспівачка/ab
праймтайм/e
прайм-тайм/e
прайслист/efg
преміум-клас/e
пресавтомат/efg
пресаташе
пресбрифінг/ef
пресбюро
пресвипуск/ef
пресгалерея/ab
пресгрупа/ab
прескліше
пресклуб/ef
пресконференція/ab
прес-пап'є
преспідбирач/efg
пресреліз/ef
прес-реліз/ef
прессекретар/lmq
пресслужба/ab
престайм/e
пресцентр/ef
промо-акція/ab
промокампанія/ab
ріелтор/efg
роуд-шоу
секс-шоп/ef
скіменг-обладнання/i
софтрок/a
софт-рок/a
спарингпартнер/efg
спаринг-партнер/efg
стрип-бар/ef
стритарт/e
стрит-арт/e
топменеджерський/V
топменеджер/efg
топ-менеджер/efg
топменеджмент/e
топ-менеджмент/e
топмодель/ij
топновина/a
топ-новина/a
топтема/a
топ-тема/a
уїк-енд/e
фармклуб/ef
фарм-клуб/ef
фастфуд/e
фаст-фуд/e
фейсконтороль/e
фітнесіндустрія/a
фітнес-індустрія/a
фітнесклуб/ef
фітнес-клуб/ef
флешмоб/e
флеш-моб/e
фолкрок/e
фолк-рок/e
хардрок/e
хард-рок/e
хепі-енд/e
хет-трик/e
хітпарад/ef
шоубалет/e
шоубізнесовий/V
шоубізнес/e
штрихкодування/ij
штрихкод/ef
юрфірма/ab
