авгіт/e
автоліз/e
агальматоліт/ef
агломерований/V
аглютинативність/l
аденін/ef
адипіновий/V
адсорбційність/l
адуляр/ef
азотизація/a
азотизувати/ABGH
азотисто-водневий/V
азотно-водневий/V
азотно-калійний/V
азотно-фосфорний/V
азотований/V
азотовмісний/V
акваполісполука/ab
аквосіль/lm
альдегідний/V
алевроліт/ef
алкалоїдовмісний/V
алкалоїдовмісність/l
алкани/b
алкілсульфат/efg
алкілувальний/V
алкілування/i
алкілувати/ABGH
амальгамаційний/V
амальгамічний/V
амальгамований/V
амальгамовий/V
амальгамографія/a
амальгамувальний/V
амальгамувати/ABGH
амінофенол/ef
антиклінорій/eg
антикодон/efg
антихлор/e
аншліф/eg
арабіноза/a
аргентит/ef
аргіліт/ef
арсенатний/V
арсеніл/ef
арсеновмісний/V
арсено-органічний/V
арсенопірит/ef
арсеносполука/ab
арсеносульфід/ef
атомно-водневий/V
атомно-молекулярний/V
атомно-променевий/V
афінований/V
ацетилування/i
ацетооцтовий/V
бабінгтоніт/ef
багатовалентність/l
базаніт/ef
базифікація/a
базифікований/V
базифікувати/AB
баритовий/V
безводник/efg
бензальдегід/ef
бензеновий/V
бензен/ef
бензопіреновий/V
бензопірен/ef
бентонітовий/V
берилієво-алюмінієвий/V
берилізація/a
берилійорганічний/V
берилоніт/ef
бертолетовий/V
білковина/a
біметасоматоз/e
бісаміноацетатокупрум/e
бісгеміпентаоксид/ef
бісгліцинатокупрум/e
бісдиметилгліоксимонікель/e
бісдиметилгліоксимонікол/e
бісдіоксид/ef
бісульфіт/ef
біуретовий/V
біурет/ef
блокіт/ef
богдановичит/e
богхедовий/V
богхед/e
бормаґнієвий/V
боровмісний/V
бороводень/a
борогіпс/e
борувати/ABGH
буланжерит/ef
бутадієн-стиреновий/V
бутадієн-стирольний/V
бутадіоновий/V
бутановий/V
бутанол/e
вавеліт/ab
вагнерит/ef
ваесит/ef
вайшенкіт/a
валентиніт/ef
валеологія/a
валерит/ef
валеріанат/ef
валін/ef
вальпургін/ef
ванадати/b
ванадатометрія/a
ванадил/e
ванадиніт/ef
ванадистий/V
ванадит/ef
ванадій-молібденовий/V
ванадіювання/i
ваналіт/ef
ванденбрандеїт/ef
вандерваальсовий/V
варвікіт/ab
варіоліморфний/V
варіоліт/ef
варіолоїд/e
веберит/ef
вебстерит/ef
везувіан/ef
вейдит/ef
вейлендит/ef
вейлерит/ef
вейсит/ef
велерит/ef
велініт/ef
венд/e
венкіт/ef
веркблей/e
верліт/ef
вермикуліт/ef
вінілацетат/e
вінілацетилен/e
вінілін/e
вінілхлорид/e
вісмутовмісний/V
вітерит/ef
вітриніт/e
воластоніт/ef
вольфраміт/e
вулканіт/ef
гадолінієвий/V
гадоліній/e
гадолініт/e
галактит/e
галалітовий/V
гален/ef
галовий/V
гейландит/ef
гексаніт/ef
гексахлорофен/e
гексилен/e
гексил/e
гексоген/e
гематитовий/V
геміедричний/V
гептахлор/e
гептиловий/V
гептил/e
гетит/ef
гіаліт/ef
гібеніт/e
гіберелін/eg
гідраргіліт/ef
гідроцинкіт/ef
гільсоніт/e
глет/e
гліцерат/e
гольмій/e
гранітогнейс/e
грейзенізація/a
грейзен/e
гримнувши
диспрозій/e
діопсид/e
долерит/e
евгенол/e
евдіаліт/ef
евклазовий/V
евклаз/e
егірин/ef
ейнштейній/e
еквіполентність/l
ельбор/e
електрум/ef
елювій/e
енаргіт/ef
епідот/ef
епсоміт/ef
еритрин/ef
етилбензол/ef
ешиніт/ef
жавель/e
жеода/a
жорства/a
ізопропанол/e
йодамід/e
йодаргірит/e
йодат-іон/efg
йодатний/V
йодатометричний/V
йодатометрія/a
йодат/e
йоддемеркурований/V
йоддемеркурування/i
йодемболіт/e
йодерит/e
йодидний/V
йодил/e
йодинол/e
йодистість/l
йодистоводневий/V
йодитний/V
йодит/e
йоднуватий/V
йоднуватистий/V
йодоазид/e
йодоалкільний/V
йодоалкілований/V
йодоалкілування/i
йодоалкілувати/A
йодоалкіл/a
йодоамід/e
йодоангідрид/e
йодоанілін/e
йодоаурат/e
йодоброміт/e
йодовмісний/V
йодоводень/a
йодоводневий/V
йодогідроген/e
йодозамінений/V
йодозобензол/e
йодозосполука/ab
йодокисень/a
йодометан/e
йодометилювання/i
йодометричний/V
йодометрія/a
йодонат/e
йодонієвий/V
йодооксид/ef
йодопірин/ef
йодопсин/ef
йодотермія/a
йодувальний/V
йодування/i
йодувати/A
каїніт/e
кіаніт/ef
кімберліт/ef
коніїн/e
краплак/e
кремортартар/e
лангобард/ef
латеритний/V
лецитин/e
лимоніт/ef
лігроїн/e
лідит/e
лімоніт/e
ліпоїд/ef
любрика/a
манган/e
мелантерит/e
мергелювати/AB
мергель/e
метил/ef
монацит/e
монокліналь/i
наважка/a
натроліт/e
неодим/e
нефелін/e
ніобіт/e
норит/e
нуклеїн/ef
олеїн/e
офіт/e
оцтовокислий/V
пептид/ef
піроксен/e
піролюзит/ef
платиноїд/ef
поліпептидний/V
празем/e
пропанал/e
пропан/e
протеоліз/e
рутеній/e
рухляк/e
сидерит/e
силіцій/e
сієніт/e
скарновий/V
стеатит/e
стехіометричний/V
стехіометрія/a
стибій/e
стироловий/V
стирол/ef
теригенний/V
торит/e
уранініт/e
ферохром/e
флогопіт/ef
фульмінат/e
хлористоводневий/V
хлоритовий/V
хлорнуватий/V
шеєліт/e
шпінель/i
