авгіт/e
авлакоген/e
автоліз/e
агальматоліт/ef
агломерований/V
аглютинативність/l
аденін/ef
адипіновий/V
адсорбційність/l
адуляр/ef
азотизація/a
азотизувати/ABGH
азотисто-водневий/V
азотно-водневий/V
азотно-калійний/V
азотно-фосфорний/V
азотований/V
азотовмісний/V
акваполісполука/ab
аквосіль/lm
альбіт/e
альдегідний/V
алеврит/e
алевроліт/ef
алкалоїдовмісний/V
алкалоїдовмісність/l
алкани/b
алкілсульфат/efg
алкілувальний/V
алкілування/i
алкілувати/ABGH
амальгамаційний/V
амальгамічний/V
амальгамований/V
амальгамовий/V
амальгамографія/a
амальгамувальний/V
амальгамувати/ABGH
амінофенол/ef
амфіболіт/e
амфібол/ef
англезит/e
антиклінорій/eg
антикодон/efg
антихлор/e
аншліф/eg
арабіноза/a
аргентит/ef
аргіліт/ef
арсенатний/V
арсеніл/ef
арсеновмісний/V
арсено-органічний/V
арсенопірит/ef
арсеносполука/ab
арсеносульфід/ef
асфальтени/b
атомно-водневий/V
атомно-молекулярний/V
атомно-променевий/V
афінований/V
ацетилування/i
ацетооцтовий/V
бабінгтоніт/ef
багатовалентність/l
базаніт/ef
базифікація/a
базифікований/V
базифікувати/AB
баритовий/V
безводник/efg
бензальдегід/ef
бензеновий/V
бензен/ef
бензопіреновий/V
бензопірен/ef
бентонітовий/V
берилієво-алюмінієвий/V
берилізація/a
берилійорганічний/V
берилоніт/ef
бертолетовий/V
білковина/a
біметасоматоз/e
бісаміноацетатокупрум/e
бісгеміпентаоксид/ef
бісгліцинатокупрум/e
бісдиметилгліоксимонікель/e
бісдиметилгліоксимонікол/e
бісдіоксид/ef
бісмутин/e
бісульфіт/ef
біуретовий/V
біурет/ef
бішофіт/e
блокіт/ef
богдановичит/e
богхедовий/V
богхед/e
бормаґнієвий/V
боровмісний/V
бороводень/a
борогіпс/e
борувати/ABGH
брахіантикліналь/i
брекчія/a
буланжерит/ef
бутадієн-стиреновий/V
бутадієн-стирольний/V
бутадіоновий/V
бутановий/V
бутанол/e
вавеліт/ab
вагнерит/ef
ваесит/ef
вайшенкіт/a
валентиніт/ef
валеологія/a
валерит/ef
валеріанат/ef
валін/ef
вальпургін/ef
ванадати/b
ванадатометрія/a
ванадил/e
ванадиніт/ef
ванадистий/V
ванадит/ef
ванадій-молібденовий/V
ванадіювання/i
ваналіт/ef
ванденбрандеїт/ef
вандерваальсовий/V
варвікіт/ab
варіоліморфний/V
варіоліт/ef
варіолоїд/e
веберит/ef
вебстерит/ef
везувіан/ef
вейдит/ef
вейлендит/ef
вейлерит/ef
вейсит/ef
велерит/ef
велініт/ef
венд/e
венкіт/ef
веркблей/e
верліт/ef
вермикуліт/ef
вінілацетат/e
вінілацетилен/e
вінілін/e
вінілхлорид/e
вісмутовмісний/V
вітерит/ef
вітриніт/e
воластоніт/ef
вольфраміт/e
вулканіт/ef
гадолінієвий/V
гадоліній/e
гадолініт/e
галактит/e
галалітовий/V
галат/ef
гален/ef
галіт/e
галовий/V
гейландит/ef
гексаніт/ef
гексахлорбензол/e
гексахлорофен/e
гексилен/e
гексил/e
гексоген/e
гематитовий/V
геміедричний/V
гептахлор/e
гептиловий/V
гептил/e
гетит/ef
гіаліт/ef
гібеніт/e
гіберелін/eg
гідраргіліт/ef
гідроцинкіт/ef
гільсоніт/e
гіпохлорит/e
глейта/a
глет/e
глікований/V
глікозид/ef
гліцерат/e
гольмій/e
гранітогнейс/e
грейзенізація/a
грейзен/e
гримнувши
дацит/e
диметилгідразин/e
диспрозій/e
дисульфідний/V
діопсид/e
долерит/e
евгенол/e
евдіаліт/ef
евклазовий/V
евклаз/e
егірин/ef
ейнштейній/e
еквіполентність/l
ельбор/e
електрум/ef
елювій/e
енаргіт/ef
епідот/ef
епсоміт/ef
еритрин/ef
есоніт/e
етилбензол/ef
ешиніт/ef
жавель/e
жеода/a
жорства/a
ізопропанол/e
йодамід/e
йодаргірит/e
йодат-іон/efg
йодатний/V
йодатометричний/V
йодатометрія/a
йодат/e
йоддемеркурований/V
йоддемеркурування/i
йодемболіт/e
йодерит/e
йодидний/V
йодил/e
йодинол/e
йодистість/l
йодистоводневий/V
йодитний/V
йодит/e
йоднуватий/V
йоднуватистий/V
йодоазид/e
йодоалкільний/V
йодоалкілований/V
йодоалкілування/i
йодоалкілувати/A
йодоалкіл/a
йодоамід/e
йодоангідрид/e
йодоанілін/e
йодоаурат/e
йодоброміт/e
йодовмісний/V
йодоводень/a
йодоводневий/V
йодогідроген/e
йодозамінений/V
йодозобензол/e
йодозосполука/ab
йодокисень/a
йодометан/e
йодометилювання/i
йодометричний/V
йодометрія/a
йодонат/e
йодонієвий/V
йодооксид/ef
йодопірин/ef
йодопсин/ef
йодотермія/a
йодувальний/V
йодування/i
йодувати/A
каїніт/e
карналіт/e
карст/e
кіаніт/ef
кімберліт/ef
ковелін/e
коніїн/e
краплак/e
кратон/e
кремортартар/e
ксантогенат/e
лангобард/ef
латеритний/V
лецитин/e
лимоніт/ef
ліганд/ef
лігроїн/e
лідит/e
лімоніт/e
ліпоїд/ef
любрика/a
манган/e
мелантерит/e
мергелювати/AB
мергель/ef
метил/ef
мікроклін/e
монацит/e
монокліналь/i
монтморилоніт/e
наважка/a
натроліт/e
нейзильбер/e
неметали/b
неодим/e
нефелін/e
ніобієвий/V
ніобіт/e
нітроген/e
норит/e
нуклеїн/ef
оксиген/e
олеїн/e
оолітовий/V
ооліт/ef
ороген/eg
ортоклаз/e
останець/abc
офіт/e
оцтовокислий/V
пентландит/e
пептид/ef
пероксид/ef
пірокластичний/V
піроксен/e
піролюзит/ef
пірофіліт/e
пірохлор/e
платиноїд/ef
поліпептидний/V
поліпептид/e
празем/e
пропанал/e
пропан/e
протеоліз/e
псиломелан/e
рибоза/a
ріоліт/e
родохрозит/e
рутеній/e
рухляк/e
серпентиніт/e
сидерит/e
сильвін/e
силікомарганець/a
силіманіт/e
силіцій/e
силур/e
сієніт/ef
скарновий/V
скарн/e
смітсоніт/e
сподумен/e
стеатит/e
стехіометричний/V
стехіометрія/a
стибієвий/V
стибій/e
стироловий/V
стирол/ef
сульфідизація/a
теригенний/V
тетраедрит/e
торит/e
трикарбоновий/V
триоксид/e
ультраосновний/V
уранініт/e
фенольний/V
ферохром/e
ферум/e
флогопіт/ef
флуорид/e
фульмінат/e
халькозин/e
хлористоводневий/V
хлоритовий/V
хлорит/ef
хлорнуватий/V
целестин/e
церусит/e
цистеїн/e
шеєліт/e
шпінель/i
