агатово-чорний/V
барвінково-зелений/V
білясто-синій/V
бірюзово-зелений/V
бірюзово-синій/V
блакитно-зелений/V
блакитнувато-зелений/V
блідо-бежевий/V
блідо-бежовий/V
блідо-блакитний/V
блідо-жовтий/V
блідо-зелений/V
блідо-ліловий/V
блідо-половий/V
блідо-рожевий/V
блідо-синій/V
блідо-сірий/V
блідо-червоний/V
брудно-брунатний/V
брудно-жовтий/V
брудно-зелений/V
брудно-оливковий/V
брудно-рожевий/V
брудно-червоний/V
брунатно-зеленуватий/V
брунатнуватий/V
брунатнувато-жовтий/V
брунатнувато-золотистожовтий/V
брунатнувато-оранжевий/V
брунатнувато-сірий/V
брунатуватий/V
буйно-зелений/V
бурувато-сірий/V
буряково-червоний/V
весняно-зелений/V
вогняно-червоний/V
волошково-синій/V
вугільно-чорний/V
вугляно-сірий/V
глибоко-червоний/V
голубуватий/V
голубувато-зелений/V
горіхово-брунатний/V
горобинно-червоний/V
густо-брунатний/V
густо-рожевий/V
густо-синій/V
жнив'яно-золотий/V
жовтаво-білий/V
жовтаво-блідий/V
жовтаво-брунатний/V
жовтаво-зелений/V
жовтаво-рожевий/V
жовтаво-сірий/V
жовтіший/VY
жовто-блакитний/V
жовто-брунатний/V
жовто-вохристий/V
жовто-зелений/V
жовто-золотий/V
жовто-оранжевий/V
жовто-палевий/V
жовто-русявий/V
жовто-синій/V
жовто-сірий/V
жовто-червоний/V
жовтувато-білий/V
жовтувато-рожевий/V
жовтувато-червоний/V
зеленавий/V
зеленаво-блакитний/V
зеленаво-жовтий/V
зеленаво-синій/V
зеленастий/V
зеленистий/V
зеленкуватий/V
зелено-жовтий/V
зелено-синій/V
зеленувато-блакитний/V
зеленявий/V
зеленястий/V
золотаво-жовтий/V
золотисто-брунатний/V
золотисто-жовтий/V
золотисто-каштановий/V
золотисто-оранжевий/V
імператорсько-пурпуровий/V
квітково-білий/V
креветково-рожевий/V
кремінно-сірий/V
крем'яно-сірий/V
криваво-червоний/V
лишайниково-зелений/V
лілейно-білий/V
лісно-зелений/V
майоліково-синій/V
малахітово-зелений/V
матово-білий/V
молочно-білий/V
мохово-зелений/V
м'ятно-зелений/V
небесно-блакитний/V
небесно-голубий/V
небесно-синій/V
ніжно-блакитний/V
ніжно-голубий/V
ніжно-оливковий/V
ніжно-рожевий/V
обрісниково-зелений/V
оливково-брунатний/V
оливково-зелений/V
оливково-сірий/V
оливково-сірячинний/V
олив'яно-сірий/V
оранжево-жовтий/V
оранжево-рожевий/V
оранжево-червоний/V
папоротно-зелений/V
перлово-сірий/V
печерично-білий/V
північно-синій/V
полум'янисто-червоний/V
полум'яно-червоний/V
помаранчево-чорний/V
помірно-червоний/V
попелясто-зелений/V
порошково-синій/V
рожево-брунатний/V
рожево-бузковий/V
рожевуватий/V
рожевувато-синій
салатовий/V
салатово-зелений/V
світанково-рожевий/V
світло-блакитний/V
світло-брунатний/V
світло-голубий/V
світло-жовтий/V
світло-зелений/V
світло-рожевий/V
світло-рудий/V
світло-синій/V
світло-сірий/V
світло-червоний/V
сильно-брунатний/V
синьо-жовтий/V
синьо-зелений/V
синювато-сталевий/V
синявий/V
синяво-зелений/V
синяво-олив'яний/V
синяво-рожевий/V
синяво-сірий/V
синяво-червоний/V
сіро-блакитний/V
сіро-голубий/V
сіро-жовтий/V
сіро-зелений/V
сіро-синій/V
сіро-фіалковий/V
сіро-фіолетовий/V
сірувато-білий/V
сірувато-жовтий/V
сірувато-мутний/V
сірувато-синій/V
сірявий/V
сіряво-брунатний/V
сіряво-жовтий/V
сіряво-зелений/V
сіряво-синій/V
сіряво-сйній/V
сіряво-фіалковий/V
сіряво-червоний/V
сланецво-сірий/V
сланцево-синій/V
сніжно-білий/V
сомон
сосново-зелений/V
сріблисто-білий/V
сріблисто-синій/V
сріблисто-сірий/V
сріблясто-сірий/V
сталево-блакитний/V
сталево-синій/V
темно-блакитний/V
темно-брунатний/V
темно-бузковий/V
темно-жовтий/V
темно-зелений/V
темно-каштановий/V
темно-рожевий/V
темно-синій/V
темно-сірий/V
темно-сірявий/V
темно-фіалковий/V
темно-фіолетовий/V
темно-червоний/V
тендітно-блакитний/V
тендітно-рожевий/V
терно-сливовий/V
тьмяно-брунатний/V
тьмяно-зелений/V
тьмяно-рожевий/V
тьмяно-синій/V
тьмяно-сірий/V
трав'яно-зелений/V
трояндово-рожевий/V
трояндово-червоний/V
туманно-білий/V
тютюново-брунатний/V
устрично-білий/V
фіалково-червоний/V
фіалково-чорний/V
фіалкуватий/V
фіалкувато-брунатний/V
фіалкувато-синій/V
фіалкувато-сірий/V
фіалкувато-чорний/V
фісташково-зелений/V
хромово-зелений/V
червонавий/V
червонаво-брунатний/V
червонаво-жовтий/V
червонаво-оранжевий/V
червонаво-рожевий/V
червонаво-синій/V
червонаво-фіалковий/V
червонастий/V
червоно-брунатний/V
червоно-бурий/V
червоно-жовтий/V
червоно-золотий/V
червоно-оранжевий/V
червоно-синій/V
червоно-фіалковий/V
червоно-фіалкуватий/V
червоно-фіолетовий/V
червонувато-брунатний/V
червонявий/V
червоняво-брунатний/V
чирково-синій/V
чорно-білий/V
чорнувато-синій/V
шиферно-синій/V
шиферно-сірий/V
шиферно-чорний/V
яро-зелений/V
яро-фіалковий/V
яро-червоний/V
яскраво-білий/V
яскраво-блакитний/V
яскраво-голубий/V
яскраво-жовтий/V
яскраво-зелений/V
яскраво-рожевий/V
яскраво-синій/V
яскраво-червоний/V
ясно-блакитний/V
ясно-брунатний/V
ясно-бурячковий/V
ясно-голубий/V
ясно-жовтий/V
ясно-зелений/V
ясно-каштановий/V
ясно-оливковий/V
ясно-оранжевий/V
ясно-синій/V
ясно-сірий/V
ясно-сірявий/V
ясно-фіалковий/V
ясно-червоний/V
