абетко-цифровий/V
аватар/efg
автентифікатор/efg
автентифікація/ab
автентифікований/VZ
автентифіковано
автентифікувати/ABGH
автоархівування/i
автовизначення/i
автовідступ/e
автодекрементний/V
автозавантаження/i
автозавантажування/i
автозавантажувач/efg
автозамикання/i
автозаповнення/i
автозапуск/e
автозбереження/i
автозберігання/i
автоз'єднання/i
автоінкрементний/V
автокадрування/i
автокодер/efg
автокод/ef
автокомпенсація/a
автомонтування/i
автооновлення/i
автоподавання/i
автореєстрація/a
авторинг/e
автотабуляція/a
автотест/e
автофакс/ef
автоформатування/i
агрегатор/efg
алгол/ef
альфа-версія/ab
альфа-канал/ef
альфа-тестування/i
амперсанд/efg
аналоговий/V
анімація/ab
антидиз'юнкція/ab
апаратно-програмний/V
аплет/ef
арифметико-логічний/V
арність/l
архіватор/efg
архівований/VW
архівування/i
архівувати/AB
асемблерний/V
асемблер/efg
асемблювання/ij
аудіовізуальний/V
аудіоінтерфейс/ef
аудіокодек/efg
аудіопотік/ab
аудіофайл/efg
аутентифікація/ab
афікс/efg
багатоабонентний/V
багатобайтовий/V
багатобітовий/V
багатовіконний/V
багатозадачний/V
багатознаковий/V
багатокадровий/V
багатокористувацький/V
багатомережний/V
багатомодовий/V
багатопортовий/V
багатопотоковий/V
багатопотоковість/l
багатопротокольний/V
багатопрохідний/V
багатопроцесорний/V
багатопроцесорність/l
багаторегістровий/V
багаторозрядний/V
багатосеансовий/V
багатосимвольний/V
багатостанційний/V
багатофайловий/V
багаточиповий/V
багатошарий/V
багатошинний/V
баготозначний/V
баготолистий/V
багрити/A
багріти/I
байт-код/e
байтний/V
байтовий/V
байт/efg
БД
безбуферний/V
безвіконний/V
бездисковий/V
беззнаковий/V
безкорпусний/V
безрастровий/V
бейсик/eg
бета-версія/ab
бета-тестування/i
бітний/V
бітовий/V
бітопаралельний/V
бітопослідовний/V
біт/efg
блог/eof
блок-схема/ab
бод/efg
брандмауер/efg
браузер/efg
булів/V
буферизація/a
буферизування/i
буферизувати/ABGH
варакторний/V
варактор/efg
варикапний/V
варисторний/V
ВВ
веб
вейвлет
верифікація/ab
версифікатор/efg
видавший/V
ВИХ
відеоадаптер/efg
відеобуфер/ef
відеокарта/ab
відеокодек/efg
відеоконференція/ab
відеомонітор/efg
відеопам'ять/i
відеоплата/ab
відеопроцесор/efg
відеорежим/ef
відеосторінка/ab
відеотекс/ef
відеотермінал/efg
відеофайл/efg
відеофільтр/efg
відеоформат/ef
відеофункція/ab
віджет/efg
відкомпільований/V
відформатувати/AB
вікі
вікіпедія/ab
вікіпосилання/ij
вікітермін/efg
вікіфікація/a
вікіфікувати/ABGH
вінчестер/efg
віртуалізація/a
вісімковий/V
вмонтовний/VZ
встановлювач/efg
втулок/abc
Гб
Гбайт
Гбіт
гігабайт/efg
гігабітовий/V
гіпервізор/ef
гіперзв'язок/ab
гіперпосилання/ij
гіперпростір/ab
гіпертекстовий/V
головка/ab
градієнтний/V
графобудівник/efg
дБ
двійковий/V
двійково-десятковий/V
двобітовий/V
двопортовий/V
двопроцесорний/V
двосимвольний/V
деінціалізація/a
декодований/V
декодувати/ABGH
декомпілятор/efg
демаршалізація/a
дефрагментація/a
дешифратор/efg
джойстик/efg
дизасемблер/efg
диз'юнктивний/V
диз'юнкція/ab
директорія/ab
дисковод/efg
дискретизація/a
дисплейний/V
дистрибутивний/V
дистрибутив/efg
дит/efg
дідо
дозаписування/i
док-панель/ij
документально-інформаційний/V
ДОС
друковний/VZ
емульований/VW
емулятор/efg
ЕОМ
е-пошта/a
журналювання/i
закоментований/V
закоментувати/A
зашифрувавши
знакогенератор/efg
знакомісце/ij
зневадження/i
зневаджувальний/V
зневаджування/i
зневаджувати/AB
зневаджувач/efg
зневадити/A
зневадник/efg
зневадувач/efg
ініціалізований/VW
ініціалізувати/AB
інстальований/V
інстальовний/V
інстальовність/i
інсталювання/i
інсталяція/ab
інтервікі
інтернет-адреса/ab
інтернет-крамниця/ab
інтернет-провайдер/efg
інтернет-протокол/ef
інтернет-телефонія/a
інтернет-щоденник/efg
інтернет/e
інтерпретування/i
інтерфейсний/V
інтерфейсовий/V
інтерфейс/ef
інтрамережа/ab
інфіксний/V
інцидентний/V
інцидентність/l
іризація/i
ітеративний/V
ітератор/efg
ітераційний/V
ітерація/ab
ітерований/V
ітерування/i
ітерувати/ABGH
калькувати/ABGH
каналовий/V
кб
кбайт
кбіт
квазіперіодичний/V
квест/e
кешований/VW
кеш-пам'ять/i
кешування/i
кешувати/ABGH
кеш/eg
кілобайтовий/V
кілобайт/efg
кілобітовий/V
кілобіт/efg
кілобод/efg
клавіатурний/V
Кобол/e
кодек/efg
кодер/efg
кодогенератор/efg
кодосумісний/V
комбосписок/ab
комутований/V
конкатенація/ab
консольний/V
консоль/ij
конфігуратор/efg
копілефт/e
копірайт/e
криптографічний/V
криптозахищений/V
крос-асемблер/efg
крос-компілятор/efg
кука/ab
курсорний/V
лептоп/efg
Лінукс/eg
локаль/ij
ЛОМ
магнітооптичний/V
макроасемблер/eg
макровиклик/ef
макромова/ab
макроозначення/i
макророзширення/i
макрос/ef
мантиса/ab
маршалізація/a
маршалювання/i
маршрутизатор/efg
маршрутизація/ab
масштабувати/AB
машинонезалежність/l
Мб
Мбайт
Мбіт
мегабайтовий/V
мегабайт/efg
мегабітний/V
мегабітовий/V
мегабіт/efg
мегагерцовий/V
мегапіксельний/V
мегапіксельність/l
мегапіксель/efg
медіа-пристрій/ab
мейнфрейм/efg
мережевий/V
метадані/j
метаконтакт/ef
метаоб'єкт/efg
міжмережевий/V
міжплатформовий/V
міжпроцесорний/V
міжсимвольний/V
мікродиск/efg
мікрокалькулятор/efg
мікрокод/e
мікрокоманда/ab
мікрокомп'ютерний/V
мікрокомп'ютер/efg
мікроконтролер/efg
мікромова/ab
мікропериферійний/V
мікропрограма/ab
мікропрограмний/V
мікропроцесорний/V
мікропроцесор/efg
мікросхемотехніка/a
мікроформатний/V
мікроядерний/V
мікроядро/io
міні-пакунок/abc
міні-піктограма/ab
міні-тека/ab
міні-термінал/efg
модемний/V
модем/efg
модерування/i
модерувати/ABGH
моноканал/ef
мультибазовий/V
мультизадачний/V
мультимедіа
мультимедійний/V
мультиплексний/V
мультиплексований/V
мультиплексор/efg
мультиплексування/ij
мультипотоковий/V
мультипроцесорний/V
надмножина/ab
накопичувач/efg
налаштовний/V
напівдуплексний/V
напівсуматор/efg
небуферизований/V
небуферований/V
немобільність/l
немодальний/V
ниткований/V
одноадресний/V
одноаргументний/V
однобайтовий/V
однобітовий/V
однозадачний/V
одноклавішний/V
однокористувацький/V
однокористувачевий/V
одноплатовий/V
однопортовий/V
однопроцесорний/V
односеансовий/V
ОЗП
онлайновий/V
онлайн-покупка/ab
онлайн/e
операнд/efg
оптоволоконний/V
опція/ab
оффлайн/e
оцифрований/V
оцифровування/i
оцифровувати/ABGH
пакунковий/V
параметризований/V
Пб
Пбайт
ПДП
пейджінг/e
пераметризувати/AB
переадресація/a
перевстановлений/VW
перевстановлення/i
передискретизація/a
перезавантажений/VW
перезавантажити/ABCD
перезавантажувати/AB
перез'єднати/IJ
перез'єднувати/AB
переіндексований/V
перекодування/ij
перекомпілювання/i
перекомпілювати/AB
перекомпіляція/a
перекомутувати/A
переліцензування/i
переналаштування/i
переналаштувати/A
перенаправлений/VW
переприєднатися/J
перфокарта/ab
перфострічка/ab
петабайтовий/V
петабайт/efg
ПЗП
півдуплексний/V
підвираз/ef
піддерево/ij
піддиректорія/ab
піделемент/efg
підзадача/ab
підкоманда/ab
підменю
підмережа/ab
підпрограма/ab
підпрограмний/V
підпроцес/ef
підсторінка/ab
підсхема/ab
підтека/ab
підфорум/ef
піксельний/V
пікселювання/i
піксель/efg
піктограма/ab
пінгувати/ABGH
ПК
плазмоїд/ef
платформозалежність/l
платформонезалежність/l
плотер/efg
побайтовий/V
побітовий/VW
повноекранний/V
повнотекстовий/V
подкаст/e
портлет/ef
портований/VW
портування/ij
посимвольний/V
потактовий/V
препроцесор/efg
принтерний/V
принтер/efg
провайдер/efg
програматор/efg
програмносумісний/V
програмотехніка/a
програмотехнічний/V
проініціалізований/VW
проксі
проксі-сервер/efg
процесорний/V
процесор/efg
псевдоатрибут/efg
псевдографіка/a
псевдографічний/V
псевдоелемент/efg
псевдоклавіша/ab
псевдоклас/ef
псевдокод/e
псевдокоманда/ab
псевдопринтер/efg
псевдопристрій/ab
псевдопрозорий/V
псевдорегістр/efg
псевдотермінал/efg
псевдотип/efg
радіо-кнопка/ab
радіомодем/ef
радіоперешкоди/b
радіопристрій/ab
растеризація/a
рекурсія/ab
реляційний/V
рестарт/ef
РКД
родзинка/ab
розархівований/V
розархівовано
розархівовувати/ABGH
розархівувати/AB
розкоментувати/A
розпаралелити/AB
розпаралелювання/i
розпарелелювати/AB
розрядний/V
розрядність/lm
роумінг/e
русифікатор/efg
рядково-орієнтований/V
сайт/ef
свопінг/e
серверний/V
сервер-програма/ab
сервлет/ef
серіалізувати/AB
сигнатура/ab
синхродоріжка/ab
синхросигнал/ef
системозалежний/V
системоспецифічний/V
Сі
сканер/efg
скан-код/ef
СКБД
сконфігурований/VW
скриптовий/V
смайлик/efg
смайл/ef
смартфон/efg
сокет/efg
сопроцесор/efg
спам-повідомлення/i
спам/e
спецклавіша/ab
спецпроцесор/efg
спецсимвол/ef
співпроцесор/efg
сплайн/efg
спрайт/efg
стековий/V
стек/efgo
стример/efg
стрічкопротяжний/V
субпіксельний/V
субпіксель/efg
суматор/efg
суперблок/efg
супервізор/efg
суперкомп'ютерний/V
суперкомп'ютер/efg
суперкористувач/efg
супермодератор/efg
табуляція/ab
таймер/efg
Тб
Тбайт
тег/ef
теґ/ef
терабайтовий/V
терабайт/efg
термодрук/e
тернарний/V
Тетрис/eg
техпідтримка/a
тиристор/efg
транзакція/ab
транслятор/efg
трійковий/V
ультражирний/V
ультралегкий/V
фаєрвол/ef
файловий/V
файлообмінник/efg
файл-принтер/efg
файл-сервер/efg
файл/ef
факс-модем/efg
флеш-диск/efg
флопі
форматований/VZ
форматувати/AB
фортран/ef
фотопринтер/efg
фрейм/efg
хаб/efg
хакер/efg
хеш-таблиця/ab
хеш-функція/ab
хеш/e
хінтинг/e
хостинг/e
ЦП
ЧАП
чипсет/efg
шифратор/efg
шістнадцятирозрядний/V
шістнадцятковий/V
