Афанасьєв/eg<+-Чужбинський/i<+
Білгород/eg-Дністровський/i
Бульба/a<+m-Боровець/ac<+m
вежі/o-близнюки/b
Володимир/eg-Волинський/i
Галичанка/a-ЛНУ
Гвінея/a-Бісау
Жак/eg<-Анрі
Жан/egh<-Жак/eg<
Жан/egh<-Клод/egh<
Жан/egh<-Луї
Жан/egh<-Марі
Жан/egh<-Мішель/eg<
Жан/egh<-П'єр/egh<
Захер/eg<+-Мазох/eg<+
Зета/a<+-Джонс
ідея/ab-фікс
інфузорія/ab<>-туфелька/ab<>
камера/a-обскура/a
Карпенко/e<+-Карий/i<+
Квітка/a<+m-Основ'яненко/e<+m
коза/a<>-дереза/a<>
король/eg<-сонце/e
курка/ab<>-гриль
курочка/ab<>-гриль
макака/ab<>-резус
матінка/ad-природа/ad
Мустафа/a<m-ефенді
Наталка/a<-Полтавка/a<
Нафтовик/eg-Укрнафта/a
Немирович/eg<+m-Данченко/e<+m
Нечуй/eg<+-Левицький/i<+
Новгород/eg-Сіверський/i
Новоград/eg-Волинський/i
номер/efg-люкс
обіцянка/a-цяцянка/a
Одеса/a-мама/a
пан/egh<-брат/egh<
Переяслав/eg-Хмельницький/i
перший/V-ліпший/V
П'єр/egh<-Марі
Полонська/i<+-Василенко
Рава/a-Руська/V
риба/a<>-меч/eg
риба/ab<>-голка/ab<>
Римський/i<+-Корсаков/U<+m
сила/a-силенна/V
Склодовська/i<+-Кюрі
сумний/V-пресумний/V
тьма/a-тьмуща/V
фіглі/f-міглі/f
член/efg<-кореспондент/efg<
чудо/e<>-юдо/e<> ^noun:n
шапка/ab-невидимка/ab
шури/f-мури/f
