Австралія/a
австралійський/V
австралієць/abc<
австралійка/ab<
Австрія/a
австрійський/V
австрієць/abc<
австрійка/ab<
Азербайджан/e
азербайджанський/V
азербайджанець/abc<
азербайджанка/ab<
аландський/V
Албанія/a
албанський/V
албанець/abc<
албанка/ab<
Алжир/e
алжирський/V
алжирець/abc<
алжирка/ab<
Америка/a
американський/VZ
американець/abc<
американка/ab<
Ангілья/a
ангільський/V
Англія/a
англійський/V
англієць/abc<
англійка/ab<
Ангола/a
ангольський/V
анголець/abc<
анголка/ab<
Андорра/a
андоррський/V
андоррець/abc<
Анегада/a
анегадський/V
Антарктида/a
антарктидський/V
Антигуа
антильський/V
Аравія/a
аравійський/V
аравієць/abc<
аравійка/ab<
Аргентина/a
аргентинський/V
аргентинець/abc<
аргентинка/ab<
Аруба/a
арубський/V
Афганістан/e
афганський/V
Африка/a
африканський/V
африканець/abc<
африканка/ab<
Багами/f
багамський/V
багамець/abc<
багамка/ab<
Бангладеш
бангладеський/V
бангладешець/abc<
бангладешка/ab<
Барбадос/e
барбадоський/V
барбадосець/abc<
барбадоска/ab<
Барбуда/a
барбудський/V
Бахрейн/e
бахрейнський/V
Беліз/e
белізький/V
белізець/abc<
белізка/ab<
Бельгія/a
бельгійський/V
бельгієць/abc<
бельгійка/ab<
Бенін/e
бенінський/V
Бермуди
Бермудів
Бермудам
Бермудами
Бермудах
бермудський/V
Білорусь/i
білоруський/V
білорус/efg<
білоруска/ab<
Болгарія/a
болгарський/V
болгарин/ejg<
болгарка/ab<
боліварський/V
Болівія/a
болівійський/V
болівієць/abc<
болівійка/ab<
Боснія/a
боснійський/V
боснієць/abc<
боснійка/ab<
Ботсвана/a
ботсванський/V
ботсванець/abc<
ботсванка/ab<
Бразилія/a
бразилійський/V
бразильський/V
бразилець/abc<
бразилійка/ab<
Британія/a
британський/V
британець/abc<
британка/ab<
Бруней/e
брунейський/V
брунеєць/abc<
брунейка/ab<
Бруней-Даруссалам
Буве
Буркіна-Фасо
Бурунді
бурундійський/V
Бутан/e
бутанський/V
бутанець/abc<
бутанка/ab<
Вануату
Ватикан/e
ватиканський/V
ватиканець/abc<
ватиканка/ab<
Великобританія/a
великобританський/V
великобританець/abc<
великобританка/ab<
Венесуела/a
венесуельський/V
венесуелець/abc<
венесуелка/ab<
В'єтнам/e
в'єтнамський/V
в'єтнамець/abc<
в'єтнамка/ab<
віргінський/V
Вірменія/a
вірменський/V
вірмен/efg<
вірменка/ab<
Габон/e
габонський/V
Гаїті
гаїтянський/V
гаїтянин/ejg<
гаїтянка/ab<
Гайана/a
гайанський/V
гайанець/abc<
гайанка/ab<
Гамбія/a
гамбіський/V
гамбієць/abc<
гамбійка/ab<
Гана/a
ганський/V
ганець/abc<
ганка/ab<
гарсійський/V
гарсієць/abc<
гарсійка/ab<
Гваделупа/a
гваделупський/V
Гватемала/a
гватемальський/V
гватемалець/abc<
гватемалка/ab<
Гвіана/a
гвіанський/V
гвіанець/abc<
гвіанка/ab<
Папуа-Нова
Гвінея/a
гвінейський/V
гвінеєць/abc<
гвінейка/ab<
Гвінея-Бісау
Герцеговина/a
герцеговинський/V
герцеговинець/abc<
герцеговинка/ab<
гібралтарський/V
гібралтарець/abc<
гібралтарка/ab<
Гондурас/e
гондураський/V
гондурасець/abc<
гондураска/ab<
гонконзький/V
гонконгівський/V
Гренада/a
гренадський/V
гренадець/abc<
гренадка/ab<
Гренадіни/o
гренадінський/V
гренадінець/abc<
гренадінка/ab<
Гренландія/a
гренландський/V
гренландець/abc<
гренландка/ab<
Греція/a
грецький/V
грек/efg<
гречанка/ab<
грекиня/ab<
Грузія/a
грузинський/V
грузин/efg<
грузинка/ab<
Данія/a
данський/V
данець/abc<
данка/ab<
Даруссалам/e
даруссаламський/V
Дезирад
дезирадець/abc<
дезирадка/ab<
Джамахірія/a
джамахірійський/V
джамахірієць/abc<
джамахірійка/ab<
Джибуті
джибутський/V
Джорджія/a
джорджійський/V
Джост/e
джостський/V
Домініка/a
домініканський/V
домініканець/abc<
домініканка/ab<
Еквадор/e
еквадорський/V
еквадорець/abc<
еквадорка/ab<
Ель-Сальвадор
Емірати/f
еміратський/V
еміратець/abc<
еміратка/ab<
Еритрея/a
еритрейський/V
еритреєць/abc<
еритрейка/ab<
Еспіріту
Естонія/a
естонський/V
естонець/abc<
естонка/ab<
Ефат/e
ефатський/V
Ефіопія/a
ефіопський/V
ефіоп/efg<
ефіопка/ab<
Євразія/a
євразійський/V
євразієць/abc<
євразійка/ab<
Європа/a
європейський/V
європеєць/abc<
європейка/ab<
Єгипет/a
єгипетський/V
єгипетянин/ejg
єгипетянка/ab<
Ємен/e
єменський/V
єменець/abc<
єменка/ab<
Замбія/a
замбійський/V
замбієць/abc<
замбійка/ab<
Зеландія/a
зеландський/V
зеландець/abc<
зеландка/ab<
новозеландський/V
новозеландець/abc<
новозеландка/ab<
Зімбабве
зімбабвієць/abc<
зімбабвійка/ab<
Ізраїль/e
ізраїльтянин/ejg
ізраїльтянка/ab<
ізраїльський/V
Індія/a
індійський/V
індієць/abc<
індійка/ab<
Індонезія/a
індонезійський/V
індонезієць/abc<
індонезійка/ab<
Ірак/e
іракський/V
іракець/abc<
іракця/ab<
Іран/e
іранський/V
іранець/abc<
іранка/ab<
Ірландія/a
ірландський/V
ірландець/abc<
ірландка/ab<
Ісландія/a
ісландський/V
ісландець/abc<
ісландка/ab<
Іспанія/a
іспанський/V
іспанець/abc<
іспанка/ab<
Італія/a
італійський/V
італієць/abc<
італійка/ab<
Йорданія/a
йорданський/V
йорданець/abc<
йорданка/ab<
Кабо-Верде
Казахстан/e
казахстанський/V
казахстанець/abc<
казахстанка/ab<
казах/efg<
казашка/ab<
казахський/V
Кайкос/e
кайкоський/V
Кайман/e
кайманський/V
кайманець/abc<
кайманка/ab<
Каледонія/a
каледонський/V
каледонієць/abc<
каледонійка/ab<
Камбоджа/a
камбоджійський/V
камбоджієць/abc<
камбоджійка/ab<
Камерун/e
камерунський/V
камерунець/abc<
камерунка/ab<
Канада/a
канадський/V
канадець/abc<
канадка/ab<
Катар/e
катарський/V
катарець/abc<
катарка/ab<
Кенія/a
кенійський/V
кенієць/abc<
кенійка/ab<
Киргизстан/e
киргизстанський/V
киргизстанець/abc<
киргизстанка/ab<
киргизький/V
киргиз/efg<
киргизка/ab<
Китай/e
китайський/V
китаєць/abc<
китаянка/ab<
Кілінг/e
кілінзький/V
Кіпр/e
кіпрський/V
кіпрянин/ejg<
кіпрянка/ab<
Кірибаті
кірибатський/V
кірибатієць/abc<
кірибатійка/ab<
Кокосові
кокосовський/V
Колумбія/a
колумбійський/V
колумбієць/abc<
колумбійка/ab<
Комори/f
коморський/V
Конго
конголезець/abc<
конголезка/ab<
конголезький/V
Заїр/eg
заїрський/V
Корея/a
корейський/V
кореєць/abc<
кореянка/ab<
коста-риканський/V
Кот-д'Івуар
Куба/a
кубинський/V
кубинець/abc<
кубинка/ab<
Кувейт/e
кувейтський/V
кувейтець/abc<
кувейтка/ab<
Кука/a
куканський/V
Лаос/e
лаоський/V
лаосець/abc<
лаоска/ab<
Латвія/a
латвійський/V
латвієць/abc<
латвійка/ab<
латиш/efg<
латишка/ab<
латиський/V
Лесото
Литва/a
литовський/V
литовець/abc<
литовка/ab<
Ліберія/a
ліберійський/V
ліберієць/abc<
ліберійка/ab<
Ліван/e
ліванський/V
ліванець/abc<
ліванка/ab<
Лівія/a
лівійський/V
лівієць/abc<
лівійка/ab<
Ліхтенштейн/e
ліхтенштейнський/V
люксембурзький/V
люксембуржець/abc<
Маврикій/e
маврикійський/V
маврикієць/abc<
маврикійка/ab<
Мавританія/a
мавританський/V
мавританець/abc<
мавританка/ab<
Мадагаскар/e
мадагаскарський/V
Маєн/e
маєнський/V
Майотта/a
майоттський/V
Макао
Макдональд
Македонія/a
македонський/V
македонець/abc<
македонка/ab<
Малаві
малавський/V
малавіець/abc<
малавіка/ab<
Малайзія/a
малайзіський/V
малайзієць/abc<
малайзійка/ab<
малайзійський/V
малаєць/abc<
малайка/ab<
малайський/V
Малі
малійський/V
малієць/abc<
малійка/ab<
мальвінський/V
Мальдіви/f
мальдівський/V
мальдівець/abc<
Мальта/a
мальтійський/V
мальтієць/abc<
мальтійка/ab<
марианський/V
Марі-Галант
Марокко
марокканець/abc<
марокканка/ab<
марокканський/V
Мартим/e
мартимський/V
Мартиніка/a
мартиніканський/V
мартиніканець/abc<
мартиніканка/ab<
маршалловий/V
Мексика/a
мексиканський/V
мексиканець/abc<
мексиканка/ab<
Мікелон/e
мікелонський/V
мікелонець/abc<
мікелонка/ab<
Мікронезія/a
мікронезіський/V
мікронезієць/abc<
мікронезійка/ab<
Мозамбік/e
мозамбікський/V
мозамбікець/abc<
мозамбікця/ab<
Молдова/a
молдовський/V
молдованин/ejg<
молдованка/ab<
Монако
монакський/V
Монголія/a
монгольський/V
монгол/efg<
монголка/ab<
Монтсеррат/e
М'янма/a
м'янмський/V
Намібія/a
намібійський/V
намібієць/abc<
намібійка/ab<
Науру
Невіс
Непал/e
непальський/V
непалець/abc<
непалка/ab<
Нігер/e
нігерський/V
нігерець/abc<
нігерка/ab<
Нігерія/a
нігерійський/V
нігерієць/abc<
нігерійка/ab<
Нідерланди/f
нідерландський/V
нідерландець/abc<
нідерландка/ab<
Голландія/a
голландець/abc<
голландка/ab<
голландський/V
Нікарагуа
нікарагуанський/V
нікарагуанець/abc<
нікарагуанка/ab<
Німеччина/a
ФРН
НДР
німецький/V
німець/abc<
німка/ab<
німкеня/ab<
германський/V
Ніуе
Норвегія/a
норвезький/V
норвежець/abc<
норвежка/ab<
Норонья/a
нороньський/V
Норфолк/e
норфолкський/V
Оман/e
оманський/V
Пакистан/e
пакистанський/V
пакистанець/abc<
пакистанка/ab<
Палау
Палестина/a
палестинський/V
Панама/a
панамський/V
панамець/abc<
ПАР
Парагвай/e
парагвайський/V
парагваєць/abc<
парагвайка/ab<
Перу
перуанський/V
перуанець/abc<
перуанка/ab<
Піткерн/e
піткернський/V
Полінезія/a
полінезійський/V
полінезієць/abc<
полінезійка/ab<
Польща/a
польський/V
поляк/efg<
полячка/ab<
Португалія/a
португальський/V
португалець/abc<
португалка/ab<
Принсипі
принсипський/V
Пуерто-Рико
пуерто-риканський/V
пуерториканець/abc<
пуерториканка/ab<
Росія/a
російський/VZ
росіянин/ejg<
росіянка/ab<
РРФСР
РСР
Руанда/a
руандійський/V
руандієць/abc<
руандійка/ab<
Румунія/a
румунський/V
румун/efg<
румунка/ab<
Сальвадор/e
сальвадорський/V
сальвадорець/abc<
сальвадорка/ab<
Самоа
самоанець/abc<
самоанський/V
сандвічевий/V
Сан-Марино
сан-маринський/V
Санто
Сан-Томе
саудівський/V
Сахара/a
сахарський/V
Свазиленд
свазилендський/V
Свальбард
свальбардський/V
сванетія/a
сван/efg<
сванка/ab<
сванський/V
Сейшели/f
сейшельський/V
Сен-Бартельмі
Сенегал/e
сенегальський/V
сенегалець/abc<
сенегалка/ab<
Сен-П'єр
Сент-Вінсент
Сент-Джон
Сент-Кітс
Сент-Круа
Сент-Люсія
Сент-Мартин
Сент-Томас
Сербія/a
сербський/V
серб/efg<
сербин/eg<
сербка/ab<
сербинка/ab<
Сирія/a
сирійський/V
сирієць/abc<
сирійка/ab<
Сингапур/e
сингапурський/V
сингапурець/abc<
сингапурка/ab<
словацький/V
Словаччина/a
словак/efg<
словачка/ab<
Словенія/a
словенський/V
словенець/abc<
словенка/ab<
соломоновий/V
Сомалі
сомалійський/V
сомалієць/abc<
сомалійка/ab<
Судан/e
суданський/V
суданець/abc<
суданка/ab<
Суринам/e
суринамський/V
суринамець/abc<
суринамка/ab<
США
Сьєрра-Леоне
Таджикистан/e
таджикистанський/V
таджикистанець/abc<
таджикистанка/ab<
таджицький/V
таджик/efg<
таджичка/ab<
таїландський/V
таїландець/abc<
таїландка/ab<
тайський/V
тайванський/V
тайванець/abc<
тайванка/ab<
Танзанія/a
танзанійський/V
танзанієць/abc<
танзанійка/ab<
Теркс/e
теркський/V
Тимор-Лешті
Тобаго
тобазький
Того
тоголезький/V
тоголезець/abc<
тоголезка/ab<
Токелау
Тонга/a
тонзький/V
Тортола/a
тортольський/V
Тринідад/e
тринідадський/V
Тувалу
тувальський/V
Туніс/e
туніський/V
тунісець/abc<
туніска/ab<
Туреччина/a
турецький/V
туркеня/ab<
турок/abc<
турчанка/ab<
Туркменістан/e
туркменістанський/V
туркменістанець/abc<
туркменістанка/ab<
туркменський/V
туркмен/efg<
туркменка/ab<
Уганда/a
угандійський/V
угандієць/abc<
угандійка/ab<
Угорщина/a
угорський/V
угорець/abc<
угорка/ab<
мадяр/efg<
мадярка/ab<
мадярський/V
Уельс/e
уельський/V
уельсьці/f<
валлійський/V
валлієць/abc<
валлійка/ab<
Узбекистан/e
узбекистанський/V
узбекистанець/abc<
узбекистанка/ab<
узбек/efg<
узбечка/ab<
узбецький/V
Україна/ad
український/V
українець/abc<
українка/ab<
Уолліс/e
уоллійський/V
Уругвай/e
уругвайський/V
уругваєць/abc<
уругвайка/ab<
фарерський/V
Фернандо
Фіджі
фіджійський/V
фіджієць/abc<
фіджійка/ab<
Філіппіни/o
філіппінський/V
філіппінець/abc<
філіппінка/ab<
Фінляндія/a
фінляндський/V
фін/efg<
фінка/ab<
фінський/V
фолклендський/V
Франція/a
французький/V
француз/efg<
француженка/ab<
Футуна/a
футунський/V
Хагос/e
хагоський/V
хашимітський/V
Херд/e
хердський/V
Хорватія/a
хорватський/V
хорват/efg<
хорватка/ab<
центральноафриканський/V
Чад/e
чеський/V
Чехія/a
чех/efg<
чешка/ab<
Чилі
чилійський/V
чилієць/abc<
чилійка/ab<
Чорногорія/a
чорногорський/V
чорногорець/abc<
чорногорка/ab<
Швейцарія/a
швейцарський/V
швейцарець/abc<
швейцарка/ab<
Швеція/a
шведський/V
швед/efg<
шведка/ab<
Шотландія/a
шотландський/V
шотландець/abc<
шотландка/ab<
Шрі-Ланка/a
шрі-ланкійський/V
цейлонський/V
Югославія/a
югославський/V
югослав/efg<
югославка/ab<
Ямайка/a
ямайський/V
Ян-Маєн
Японія/a
японський/V
японець/abc<
японка/ab<
вірменин/ejg<
Таїланд/e
Люксембург/eo
Гвінеї-Бісау
Гібралтар/eg
Гонконг/eo
Коста-Рика/a
Тайвань/e
