абандон/e
аваліст/efg
авалювання/i
адміністративно-територіальний/V
ажіо
акцептант/efg
альпарі
амортвідрахування/ij
амортподаток/ab
антидемпінговий/V
антидемпінг/e
банківсько-кредитний/V
бартер/e
білінг/e
валютно-курсовий/V
варант/efg
вендорліз/e
венчурний/V
веремент/e
гонорант/efg
гонорат/efg
господарсько-правовий/V
Гр
грантовий/V
гудвіл/eg
декорт/e
демпінговий/V
демпінгувати/AG
демпінг/e
депозитно-кредитний/V
депорт/e
дериватив/ef
дискаунт/eg
дисконтний/V
дисконтований/V
дисконтування/ij
дисконтувати/A
дисконт/ef
диспонент/efg
диспонування/i
диспонувати/A
додемісія/a
економіко-правовий/V
емісійно-кредитний/V
жирант/efg
жират/efg
жиро
жиронаказ/ef
заставодавець/abc
золото-валютний/V
інвестиційно-кліринговий/V
кавер/eg
командитний/V
конто
контррахунок/ab
концесійний/V
кон'юнктуринг/e
котирувальний/V
котирування/ij
котирувати/AB
котируючи
кредитно-інвестиційний/V
лаж/e
лізинговий/V
лізингодавець/abc
лізинг/ef
маркетинговий/V
монетаризм/e
мультивалютний/V
оборотно-сальдовий/V
опціон/ef
офшорний/V
офшор/ef
підакцизний/V
позикодавець/abc
позикодержець/abc
пролонгований/VW
пролонгування/i
пролонгувати/AB
проплатити/ABEF
проплачувати/AB
пут/efg
роялті
секвестрований/VW
секвестрування/i
секвеструвати/AG
секвестр/ef
спот/e
суброзрахунковий/V
таргетування/i
фінансово-господарський/V
франчайзинг/e
франшиза/a
ф'ючерсний/V
ф'ючерс/ef
хеджування/i
юань/efg
