# Іменникі
# і - е
матір матері матір'ю матерях матерями матерям матерів
праматір праматері праматір'ю праматерях праматерями праматерям праматерів
Богоматір Богоматері Богоматір'ю
капіж капежу капежем капежеві капежі
купіль купелям купелей купелями купелях купіллю купелі
оберіг оберегів оберегу оберегом оберегам оберегами обереги оберегах оберега оберегові
папір паперу папером паперам папери паперами паперах паперові папері паперів
фотопапір фотопаперу фотопапером фотопаперові фотопапері
ящір ящері ящером ящерові ящеру ящерах ящерами ящерам ящерів ящери ящера ящере
постіль постелі постіллю постілі постілей постілям постілями постілях
біль болю болеві болем болі болів болям болями болях
іній інею інеєві інеєм інеї
жостір жостеру жостерові жостером жостері жостери жостерів жостерам жостерами жостерах

# о - і
ворота воріт воротам воротами ворітьми воротях воротах
виселок висілка висілку висілком висілкові висілків висілкам висілками висілки висілках
гонець гінця гінцю гінцем гінцеві гінці гінців гінцям гінцями гінцях
овес вівса вівсу вівсом вівсі вівси
Ігор Ігоря Ігорю Ігореві Ігорем Ігорі
Ігоревич Ігоревичі Ігоревича Ігоревичів Ігоревичу Ігоревичеві Ігоревичам Ігоревича Ігоревичів Ігоревичем Ігоревичами Ігоревичеві Ігоревичах

# і-о, а-я
якір якоря якорю якорем якореві якорі якорів якорям якорями якорях
грім грому громові громом громі
гріш гроша грошеві грошем
Тернопіль Тернополя Тернополю Тернополеві Тернополем Тернополі

# 0 - о
Великдень Великодню Великоднем Великодня
# 0 - е
вістря вістер вістрям вістрями вістрях вістрю вістрі
# о - 0
псалом псалмів псалму псалмом псалмам псалмами псалми псалмах псалма псалмові псалмі
# е - 0
соловей солов'їв солов'я солов'ям солов'єм солов'ями солов'ях солов'ю солов'ї солов'єві
# мн: а - я
чоботи чобітьми чоботами чоботями чоботах чоботях

тиждень тижні тижневі тижню тижнях тижнями тижнем тижням тижня тижнів
перстень перснів персня персням перснем перснями перснях персню персневі
четвер четверга четверга четвергові четвергом четверги четвергах четвергів четвергам

воша вошу вошам вошами вошах вошею воші вошей
миша мишу мишам мишами мишах мишею миші мишей
вісь осі віссю осей осям осях осями
піввісь півосі піввіссю півосей півосям півосях півосями


# відмінювання обох частин
цукор-сирець цукру-сирцю цукром-сирцем цукрі-сирцеві
частота-носій частоти-носія частоті-носію частотою-носієм

# закороткі (з чередуванням/випаданням)
ніс носа носу носом носі носи носів носам носами носах
дім дому домом домі доми домів домам домами домах
кіт кота коту котові котом коти котів котам котами котах
рів рову ровом рові рови ровів ровам ровах ровами
лід льоду льодом льодові льоді
сон сну сном сні
півсон півсну півснові півсном півсні півсни півснів півснам півснами півснах
шов шву швом шва шві

ниций ницого ницому ницим ницім ница ницої ницій нице ниці ницих ницими

# множина
рейтузи рейтуз рейтузів рейтузах рейтузами рейтузам
штани штанів штанам штаням штаньми штанами штанями штанях

сіни сіней сіням сіньми сінях
сани саней саням саньми санях
аеросани аеросаней аеросаням аеросаньми аеросанях
свині свиней свиням свинями свинях
гуси гусей гусям гусями гусях
діти дітей дітям дітьми дітях
очі очей очам очима очах вічі
плечі плечей пліч плечам плечима плечах
кури курей курям курми курях

чайові чайових чайовим чайовими
ігри ігор іграм іграми іграх
вівці овець вівцям вівцями вівцях
дошки дощок дошкам дошками дошках
тюрми тюрем тюрмам тюрмах тюрмами
роботи робіт роботам роботами роботах

слізьми
відьом
грішми

# власні (також додаткові)
Ігоря Ігорю
Майя Майї Майєю
Новгород-Сіверський
Новоград-Волинський
Переяслав-Хмельницький
Гімалаї Гімалаїв Гімалаям Гімалаях
Господь Господа Господові Господеві Господу Господом Господі Господи
Христа Христу Христом
Євангеліє Євангелії Євангелія
Бориспіль Борисполем Борисполі Борисполя Борисполю
Гаваї Гаваїв Гаваях Гаваям Гаваями

робом

годину-дві годину-другу місяць-другий тиждень-другий рік-другий
вдвічі-втричі
сам-самісінький
такий-сякий

двадцятеро
# двадцятьох двадцятьом двадцятьма двадцятьома
дванадцятеро
# дванадцятьох дванадцятьом дванадцятьма дванадцятьома


# --------------------------------------------------------------
# rulestocome - частина виключень, для яких непогано було б створити правила
# --------------------------------------------------------------

безвихідь безвиході безвихіддю безвиході
незаміжні незаміжніх незаміжнім незаміжніми
попіл попелі попелом попелу
ночви ночов ночвам ночвами ночвах
непотріб непотреба непотребові непотребу непотребом непотребі
кіш коша кошу кошеві кошем коші кошів кошам кошами кошах
неміч немочі неміччю
поміч помочі поміччю
зябра зябер зябрам зябрами зябрах
шворінь шворня шворню шворневі шворнем шворні шворнів шворням шворнями шворнях
кількасот кількохсот кількомстам кількомастами кількохстах
куліш кулешу кулешем кулешеві
паслін пасльону пасльонові пасльоном пасльоні
негідь негоді негіддю
гусінь гусені гусінню гусеней гусеням гусенями гусенях
ноші нош ношам ношами ношах

# додаткові форми
стіс
залім
хірт
кріль


відеоігри відеоігор відеоіграм відеоіграми відеоіграх
Перм Пермі Перм'ю
наднова наднової надновою надновій
супернова супернової суперновою суперновій

грабки грабків грабкам грабками грабках
померки померків померкам померками померках
сакви саков саквам саквами саквах
огребки огребків огребкам огребками огребках
дрівця дровець дрівець дрівцям дрівцями дрівцях
заїдки заїдків заїдкам заїдками заїдках
прелімінарії прелімінарій прелімінаріям прелімінаріями прелімінаріях

ятір ятера ятеру ятерові ятером ятери ятерів ятерам ятерами ятерах
хосен хісна хісну хіснові хісном хісні
однохідь одноході однохіддю
лев'я лев'яти лев'ятові лев'ям
корець кірця корця кірцю корцю кірцеві корцеві кірцем корцем
кірці корці кірців корців кірцям корцям кірцями корцями кірцях корцях
кукіль куколю куколеві кукіль куколем куколі

проклін прокльону прокльонові прокльоном прокльоні прокльони прокльонів прокльонам прокльонами прокльонах
пропоєць пропойця пропойцеві пропойцю пропойцем пропойці пропойців пропойцям пропойцями пропойцях
пригулень пригульня пригульню пригульневі пригульнем пригульні
провесінь провесені провесінню
прозелень прозелені прозеленню
просторінь простороні просторінню
протіс протесу протесові протесом протесі протеси протесів протесам протесами протесах
ночовки ночовок ночовкам ночовками ночовках
пачіски пачісок пачіскам пачісками пачісках
перемовки перемовок перемовкам перемовками перемовках
подвірне подвірного подвірному подвірним

льон-довгунець
камера-обскура
кіт-воркіт

#
# Дієслова
#

бути будьте будьмо будь будуть будете будемо буде будеш буду був були було була
жну жнеш жне жнемо жнете жнуть
зжати зіжну зіжнеш зіжне зіжнемо зіжнете зіжнуть зжав зжало зжала зжали
нажати нажну нажнеш нажне нажнемо нажнете нажнуть
ссати ссу ссеш ссе ссемо ссете ссуть ссав ссала ссало ссали
виникнути виникну виникнеш виникне виникнемо виникнете виникнуть виник виникла виникло виникли
віссати віссу віссеш віссе віссемо віссете віссуть віссав віссала віссало віссали
виссати виссу виссеш виссе виссемо виссете виссуть виссав виссала виссало виссали
увіссати увіссу увіссеш увіссе увіссемо увіссете увіссуть увіссав увіссала увіссало увіссали

ввібрати ввібрав ввібрала ввібрало ввібрали ввібратися ввібравсь ввібрався ввібралась ввібралася ввібралось ввібралося ввібрались ввібралися
ввігнати ввігнав ввігнала ввігнало ввігнали ввігнатися ввігнавсь ввігнався ввігналась ввігналася ввігналось ввігналося ввігнались ввігналися
увігнати увігнав увігнала увігнало увігнали увігнатися увігнавсь увігнався увігналась увігналася увігналось увігналося увігнались увігналися
відмерти відімру відімреш відімре відімремо відімрете відімруть
відперти відпертися відпертись відпер відперли відіпру відіпреш відіпре відіпремо відіпрете відіпруть відіпри відіпріть відіпрусь відіпруся відіпрешся відіпреться відіпремось відіпремося відіпруться відіпретесь відіпрись відіприся відіпріться
відтерти відтертися відтертись відтер відтерли відітру відітреш відітре відітремо відітрете відітруть відітри відітріть відітрусь відітруся відітрешся відітреться відітремось відітремося відітруться відітретесь відітрись відітрися відітріться

обтерти обтертися обтертись обітру обітреш обітре обітремо обітрете обітруть обітри обітрімо обітріть обітрусь обітруся обітрешся обітреться обітремось обітремося обітретесь обітретеся обітруться обітрись обітрися обітрімось обітрімося обітріться
обперти обпертися обпертись обіпру обіпреш обіпре обіпремо обіпрете обіпруть обіпри обіпріть обіпрімо обіпрусь обіпруся обіпрешся обіпреться обіпремось обіпремося обіпретесь обіпретеся обіпруться обіпрись обіприся обіпрімось обіпрімося обіпріться
підперти підпертися підпертись підпер підперла підперло підперли підіпру підіпреш підіпре підіпремо підіпрете підіпруть підіпри підіпріть підіпрімо підіпрусь підіпруся підіпрешся підіпреться підіпремось підіпремося підіпретесь підіпретеся підіпруться підіпрись підіприся підіпрімось підіпрімося підіпріться
підтерти підтертися підтертись підтер підтерла підтерло підтерли підітру підітреш підітре підітремо підітрете підітруть підітри підітріть підітрімо підітрусь підітруся підітрешся підітреться підітремось підітремося підітретесь підітретеся підітруться підітрись підітрися підітрімось підітрімося підітріться
розтерти розтертися розтертись розтер розтерла розтерли розтерло розітру розітреш розітре розітремо розітрете розітруть розітри розітріть розітрімо розітрусь розітруся розітрешся розітреться розітремось розітремося розітретесь розітретеся розітруться розітрись розітрися розітрімось розітрімося розітріться
сперти спертися спертись спер сперла сперли сперло зіпру зіпреш зіпре зіпремо зіпрете зіпруть зіпри зіпріть зіпрусь зіпруся зіпрешся зіпреться зіпремось зіпремося зіпретесь зіпретеся зіпруться зіпрись зіпріться
стерти стертися стертись стер стерла стерли стерло зітру зітреш зітре зітремо зітрете зітруть зітри зітріть зітрусь зітруся зітрешся зітреться зітремось зітремося зітретесь зітретеся зітруться зітрись зітріться

# наказна фома є зайвою - не має сенсу значно ускладнювати правила???
могти можеш можуть можу можемо могло могли міг може можете могла
змогти зможеш зможуть зможу зможемо змогло змогли зміг зможе зможете змогла
захотіти захочеш захочуть захотівсь захочусь захочемось захотілось захотілись захочетесь захотілась захотітись захотів захочу захочешся захочуться захочеться захотівся захочуся захочемося захотілося захотілися захочетеся захотілася захотітися захочемо захотіло захотіли захоче захочете захотіла
розхотіти розхочеш розхочуть розхотівсь розхочусь розхочемось розхотілось розхотілись розхочетесь розхотілась розхотітись розхотів розхочу розхочешся розхочуться розхочеться розхотівся розхочуся розхочемося розхотілося розхотілися розхочетеся розхотілася розхотітися розхочемо розхотіло розхотіли розхоче розхочете розхотіла
перехотіти перехочеш перехочуть перехотівсь перехочусь перехочемось перехотілось перехотілись перехочетесь перехотілась перехотітись перехотів перехочу перехочешся перехочуться перехочеться перехотівся перехочуся перехочемося перехотілося перехотілися перехочетеся перехотілася перехотітися перехочемо перехотіло перехотіли перехоче перехочете перехотіла
схотіти схочеш схочуть схотівсь схочусь схочемось схотілось схотілись схочетесь схотілась схотітись схотів схочу схочешся схочуться схочеться схотівся схочуся схочемося схотілося схотілися схочетеся схотілася схотітися схочемо схотіло схотіли схоче схочете схотіла
хотіти хочеш хотітимеш хочуть хотітимуть хотівсь хочусь хотітимусь хочемось хотітимемось хотілось хотілись хочетесь хотітиметесь хотілась хотітись хотів хочу хотітиму хочешся хотітимешся хочуться хотітимуться хочеться хотітиметься хотівся хочуся хотітимуся хочемося хотітимемося хотілося хотілися хочетеся хотітиметеся хотілася хотітися хочемо хотітимемо хотіло хотіли хоти хоче хочете хотітимете хотітиме хотіла

# мин. час - "сопеш" - виключення з /A
ревіти ревеш реве ревуть ревів ревіла ревіло ревіли
розревітися розревешся розреветься розревуться розревівся розревівсь розревілася розревілась розревілося розревілось розревілися розревілись
сопіти соплю сопеш сопе сопемо сопете соплять сопів сопіла сопіло

# не працюють правила при повній заміні слів (чергування з початку слова)
гнати гнала гнатиме жене гнатимете женете гнали жени гнало женімо гнатимемо женемо гнатися гналася гнатиметеся женетеся гналися женися гналося женімося гнатимемося женемося гнатимуся женуся гнався женіться гнатиметься женеться гнатимуться женуться гнатимешся женешся гнатиму жену гнав гнатись гналась гнатиметесь женетесь гнались женись гналось женімось гнатимемось женемось гнатимусь женусь гнавсь женіть гнатимуть женуть гнатимеш женеш
слати шлю слала шле шлете слали шли слало шлімо шлемо слав шліть шлють шлеш

# не всі форми боліти/A придатні (боліти-болію окремо в гр. /I)
болиш болить болять
загуло
відпочиньте відпочинь відпочиньмо

# обмежені форми
подейкувати подейкують
забракнути забракне забракло
стривати стривай стривайте стриваймо
фортунити фортунить фортунило
пофортунити пофортунить пофортунило
прощавайте прощавай
звечоріти звечоріє звечоріло
імжити імжить
закортіти закортить закортіло
таланити таланить таланило


# нові
буяти буяв буяла буяло буяли буяє буяєш буяють
вибуяти вибуяв вибуяла вибуяло вибуяли вибуяє вибуяєш вибуяють
діятися діятись діятиметься діятимуться діється діються діючись діялися діялись
діявся діявсь діялася діялась діялося діялось діявшись
вивапити
вилляти
виллятися
витяти
витятися
відвологти
довити
долляти
досохти
доссати
дотяти
забуяти
завесніти
завечоріти
загрузти
заквітнути
заклякти
залляти
замерзти
замокти
занизати
заревіти
заслабти
засопти
засохти
зассати
затяти затятися
зап'ясти
стерлася стерли стерлися стерлося стерся
тяти
утяти
підтяти
нап'ястися
гуде
віти
гнисти
млоїти млоїть
нагустися
наревітися
наростень
нашуміти
нашумітися
слатися
перегусти
побуяти
поссати
проревіти
дмуть
дму
дмеш
дме
дмете
дмемо
зідрати
льоту
накістень
напівпричіп
напівсон
обценьки
перепочинь
персні
пожнеш
похіть
причіп
ходім
чепець
яблуці
яловець
бітенг
викришки
властен
ворітця
вугіль
відвійки
відгулень
відгусти
вісімнадцятеро
відпрядки
коліньми
Соловки/b
спитися
розп'ясти
розп'ястися
прихвостень
втяти
убіч
нев'язь
розвидніти розвидніло розвиднітися розвиднілося розвиднілось
розіп'ясти розіп'ястися
свиньми
смеркнути смеркне смеркло
сніголід снігольоду снігольодові снігольодом
спитися
старче
судорги судорог судоргам судоргами судоргах
