Аахен/eg
Абакан/eg
абіджанський/V
Абіджан/eg
абіссінець/abc
абіссінка/ab
абіссінський/V
Абхазія/a
абхазький/V
абхазько-адигейський/V
аварець/abc
аварський/V
Авдіївка/a
авестійський/V
Авіньйон/eg
Австралазія/a
австріяк/efg
австріячка/ab
австро-дунайський/V
австронезійський/V
австро-німецький/V
австро-угорський/V
Австро-Угорщина/a
австрофільський/V
агарський/V
агарянин/ejgh
агарянка/ab
агарянський/V
агулка/ab
агульський/V
агул/efg
Аделаїда/a
Аден/eg
аджарець/abc
Аджарія/a
аджарка/ab
адигеєць/abc
адигейка/abd
адигейський/V
Адигея/a
адиги/b
Адлер/eg
адріатичний/V
Азавад/e
азанде
азійський/V
Азія/a
азово-керченський/V
азово-сиваський/V
азово-чорноморський/V
азовський/V
Азов/eg
Азорські/j
Айдахо
аймара
айни
айнський/V
Айова/a
Ай-Петрі
Акапулько
Аквітанія/a
аккерманський/V
Аккерман/eg
актюбінський/V
Актюбінськ/eg
Алабама/a
Аламеда/a
Аламогордо
Аламос/eg
алан/efg
Альбі
Альбукерке/eg
алгонкінський/V
Алдан/eg
Альє
Александрія/a
алеутський/V
Алмати
алматинський/V
Альпи/o
альпійський/V
альпійсько-гімалайський/V
алтайський/V
Алтай/e
Алупка/a
алупкинський/V
Алушта/a
алуштинський/V
алчевський/V
Алчевськ/eg
Аляска/a
амвросіївський/V
Ам'єн/eg
американістка/ab
американо-англійський/V
американо-китайський/V
американсько-китайський/V
американсько-російський/V
американсько-український/V
Амман/eg
амстердамський/V
Амстердам/eg
амудар'їнський/V
Амудар'я/a
амурський/V
амхара
амхарський/V
Анадир/eg
ананьївський/V
Анапа/a
анатолійський/V
Анахайм/eg
Ангара/a
Ангарськ/eg
англоканадець/ab
англосаксонець/ab
англофільський/V
англофільство/i
англофіл/efg
англофобський/V
англофобство/i
Ангулем/eg
Андалузія/a
андалузький/V
Андалусія/a
Андерлехт/eg
андижанський/V
Андижан/eg
Анди/o
андійський/V
Андріївка/a
Анкара/a
Анкона/a
Анталія/a
Антананаріву
Антарктика/a
антарктичний/V
Антверпен/eg
антиавстрійський/V
антигрузинський/V
антимадярський/V
антимосковський/V
антипольський/V
анти/b
антіохійський/V
антрацитівський/V
Аоморі
апачі
Апенніни/o
апеннінський/V
арабомовний/V
арабський/V
аравацький/V
арагонець/abc
арагонка/ab
арагонський/V
Арагон/eg
аральський/V
арамейський/V
арапахо
Арарат/e
аратський/V
Арденни
арзамасець/abc
арзамаський/V
Арзамас/eg
Аризона/a
Арканзас/e
Арктика/a
арктичний/V
Арлінгтон/eg
Армавір/e
Армянськ/eg
арнаутка/ab
арнаутський/V
арнаут/efg
Аррас/eg
артемівський/V
Артемівськ/eg
арумунський/V
архангельський/V
Архангельськ/eg
Асканія/a
Асмара/a
ассамський/V
ассирієць/abc
ассирійський/V
Астана/a
Асті
астраханський/V
Астрахань/i
астурійський/V
Астурія/a
Асуан/eg
Асунсьйон/eg
атапаський/V
Атлантида/a
Атлантика/a
Аустерліц/eg
афгано-пакистанський/V
Афіни/o
афінський/V
афінянин/efj
афінянка/ab
африканізація/a
африканістка/ab
африканс/e
афро-азійський/V
афроамериканець/abc
афроамериканський/V
ахеєць
ахейський/V
ахейці/b
Аяччо
Баварія/a
баварський/V
багдадський/V
Багдад/eg
Баден-Баден/eg
баденський/V
Баден/eg
базельський/V
Базель/eg
байкальський/V
Байкал/e
Байконур/e
Байонна/a
бакинець/abc
бакинський/V
Баккара/a
балаклавський/V
балаклійський/V
Балкани/o
балканський/V
балкарець/abc
балкарка/ab
Балтика/a
балтиморський/V
Балтимор/eg
балти/b
балтієць/abc
балтійський/V
балто-слов'янський/V
балтський/V
Балхаш/eg
Бангкок/eg
Бандери/o
Баранівка/a
баранівський/V
барвінківський/V
Баренців/U
Баришівка/a
баришівський/V
барнаулець/ab
барнаульський/V
Барнаул/eg
Барселона/a
барселонський/V
баскійський/V
баскський/V
Басра/a
Батумі
батумський/V
Батурин/eg
Баффало
бахмацький/V
бахчисарайський/V
Бахчисарай/eg
башкирець/abc
Башкирія/a
башкирський/V
башкортостан/e
баштанський/V
Безансон/eg
бейрутський/V
Бейрут/eg
бєлгородський/V
Бєлгород/eg
белградський/V
бєлградський/V
Белград/eg
Бєлорєцьк/eg
Белфаст/eg
Бельфор/eg
Бенгазі
бенгалець/abc
Бенгалія/a
бенгальський/V
Бендери/o
бенедиктинець/abc
берберський/V
бербер/efg
Бергамо
бердичівський/V
бердянський/V
Бердянськ/eg
Бережани/o
бережанський/V
березанський/V
березівський/V
березнівський/V
березовський/V
берестейський/V
Берестейщина/a
берестецький/V
Берестя/i
Берклі
берлінець/abc
берлінський/V
Берлін/eg
бернський/V
Берн/eg
бершадський/V
бесарабський/V
Бессарабія/a
бессарабський/V
биківнянський/V
Биківня/a
Бистриця/a
Бівертон/eg
Бійськ/eg
біколи
бікольський/V
Більбао
Білгород-Дністровський/V
білгородський/V
Білгород/eg
Біличі/b
біловезький/V
біловодський/V
білогірський/V
білозерський/V
біломорський/V
Білопілля/i
білопільський/V
білорусизація/a
Білорусія/a
білорусько-російський/V
Білосток/eg
білоцерківський/V
бірманець/abc
бірманський/V
Бірма/a
Бірмінгем/eg
біробіджанський/V
Біробіджан/eg
біхарець/abc
біхарі
Бішкек/e
Благовєщенськ/eg
бобринецький/V
бобровицький/V
бобруйський/V
Бобруйськ/eg
Богемія/a
богородчанський/V
Богота/a
Бодайбо
Бойківщина/a
болгаризм/e
болградський/V
болонський/V
Болонья/a
Больцано
бомбейський/V
Бомбей/eg
боннський/V
Бордертаун/eg
бордоський/V
Борзна/a
борзнянський/V
борзнянщина/a
бориславський/V
борисовський/V
бориспілець/abc
бориспільський/V
Борисфен/eg
Бородянка/a
бородянський/V
бороро
Бортничі/b
Борщагівка/a
борщагівський/V
бостонський/V
Бостон/eg
босфорський/V
Босфор/e
Боулдер/eg
Боярка/a
Браззавіль/eg
Брайан/eg
Брайтон/eg
бранденбурзький/V
братиславський/V
Братськ/eg
Брахмапутра/a
брацлавський/V
Брацлавщина/a
бременський/V
Бремен/eg
брестський/V
Брест/eg
Бретань/i
бретонець/ab
бретонський/V
Брешія/a
бристольський/V
Бристоль/eg
брит/efg
Брісбен/eg
Брно
Бровари/b
броварський/V
броварчанин/ejg
броварчанка/ab
Бродвей/eg
бродівський/V
Бруклін/eg
брюссельський/V
Брюссель/eg
Брюховичі/b
брянський/V
Брянськ/eg
Бугульма/a
Буг/e
будапештський/V
Будапешт/eg
буджацький/V
будьонівський/V
Буенос-Айрес/eg
бузький/V
букмол/e
Буковель/eg
Буковина/a
буковинець/abc
булонський/V
бундесверівський/V
Бургундія/a
буряти/b
бурятський/V
буський/V
Буськ/eg
бутирський/V
Бухара/a
бухарестський/V
Бухарест/eg
бухарець/abc
бухарський/V
бучацький/V
вавилонський/V
вавилонянка/ab
Вавилон/eg
вагри/b
Вайомінг/e
валахи/b
Валдай/e
валенсієць/abc
валенсійка/ab
валенсійський/V
Валлетта/a
валлонка/ab
валлонський/V
валлон/efg
Валуєв/eg
Ванкувер/eg
ваньямвезі
Варварівка/a
Варезе
Варна/a
варненський/V
Варшава/a
варшавський/V
Василівка/a
васильківський/V
васуахілі
Ватерлоо
ватутінський/V
вашингтонець/abc
вашингтонка/ab
вашингтонський/V
Вашингтон/eg
Везувій/e
веймарський/V
великобагачанський/V
великоолександрівський/V
Венето
венеціанець/abc
венеціанка/ab
венеціанський/V
венеційський/V
Венеція/a
вепси/b
вепський/V
Вербівка/a
Верден/eg
Вермонт/eg
Верона/a
веронський/V
версалець/abc
версальський/V
Версаль/eg
верхньодвінський/V
верхньодніпровський/V
верхньокамський/V
верхньолужицький/V
верхньонімецький/V
верхоянський/V
вестгот/efg
вест-індський/V
вестмінстерський/V
Вестмінстер/eg
вестфальський/V
вестфал/efg
Виборг/ego
виборзький/V
Видубицький/V
Вижниця/a
Винники/b
Винник/eg
вишгородський/V
Вишгород/eg
вишневецький/V
вишнівецький/V
віденський/V
Відень/ac
візантієць/abc
візантійський/V
Візантія/a
віленський/V
вільнюський/V
Вільнюс/eg
Віндзор/eg
вінницький/V
Вінниця/a
вінничанка/ab
Вінниччина/a
Вінніпег/eg
вінчестерський/V
Вірджинія/a
Вісла/a
вітебський/V
Вітебськ/eg
Віченца/a
Владивосток/ego
владивостоцький/V
Внуково
внуковський/V
вознесенський/V
Волга/a
волгоградський/V
Волгоград/eg
волгодонський/V
Волгодонськ/eg
волжанин/eg
волзький/V
волинський/V
волинянин/ejg
Волинь/i
Волнат-Крік/eo
волноваський/V
Волноваха/a
Воловець/ac
Вологда/a
вологодський/V
володарський/V
володарсько-волинський/V
Володимир-Волинський/i
володимирецький/V
Володимирівка/a
володимирівський/V
волох/efg
волочиський/V
Волочиськ/eg
Вольфсбург/eg
Воркута/a
воркутинський/V
Воронеж/eg
воронезький/V
воронізький/V
Ворскла/a
вроцлавський/V
Вроцлав/eg
вюртемберзький/V
вяземський/V
Вязьма/a
В'ятка/a
в'ятський/V
Гаага/a
гаазький/V
гаваєць/abc
гавайський/V
Гавана/a
гаванець/abc
гаванка/ab
гаванський/V
гагаузка/ab
гагауз/efg
гагринський/V
гадяцький/V
гаельський/V
Газа/a
Гайдарабад/eg
гайсинський/V
галапагоський/V
Галапагос/e
Галвестон/eg
галицький/V
галицько-волинський/V
галичанин/ejg
Галичина/a
Галілея/a
галісієць/abc
Галісія/a
гал/efg
Гамбург/ego
гамбуржець/abc
гамбурзький/V
Ганг/e
ганда/a
Ганновер/eg
гарвардський/V
Гарвард/eg
Гарлем/eg
Гаронна/a
Гатчина/a
Гвадалахара/a
гварані
гданський/V
Гданськ/eg
Геленджик/eg
Гельсінкі
гельсінський/V
генічеський/V
Генічеськ/eg
генуезець/abc
генуезький/V
Генуя/a
гереро
гессенський/V
Гетеборг/eg
гетеборзький/V
гети/b
Геттінген/eg
гжельський/V
гімалайський/V
гінді
гіндустанець/abc
Глазго
глазовський/V
глинський/V
Глинськ/eg
глухівський/V
Глухів/ac
Гобі
Говерла/a
голлівудський/V
Голлівуд/eg
голованівський/V
голопристанський/V
голосіївський/V
гомельський/V
Гомель/eg
гонконгський/V
Гонолулу
Горинь/i
Горький/i
горьківський/V
Горлівка/a
горлівський/V
городенківський/V
городнянський/V
городоцький/V
горохівський/V
гостомельський/V
готландський/V
грабовець/abc
Гранада/a
греко-латинський/V
греко-перський/V
греко-римський/V
греко-турецький/V
Гренобль/eg
гринвіцький/V
Гринвіч/eg
гродненський/V
Гродно
грозненський/V
Грозний/i
грузино-абхазький/V
грузино-осетинський/V
грузино-російський/V
грузинсько-осетинський/V
грузинсько-російський/V
ГУАМ
Гуантанамо
гуарані
гуджараті
гуджар/efg
гуляйпільський/V
гунський/V
гун/efg
гурзуфський/V
гурієць/abc
гурійка/ab
гурійський/V
гурмукхі
гусятинський/V
гуцулка/ab
давньоанглійський/V
давньоверхньонімецький/V
давньогерманський/V
давньогрецький/V
давньоєврейський/V
давньоєгипетський/V
давньоірландський/V
давньоіталійський/V
давньонорвезький/V
давньоперський/V
давньопровансальський/V
давньоримський/V
давньоруський/V
давньосаксонський/V
давньосирійський/V
давньоскандинавський/V
давньоугорський/V
давньоукраїнський/V
давньофранцузький/V
давоський/V
Давос/e
дагестанка/ab
дагестанський/V
Дагестан/e
дагомеєць/abc
дагомейка/ab
дагомейський/V
Дакар/eg
Дакка/a
Дакота/a
Даллас/eg
дамаський/V
Дамаск/eg
данаєць/abc
даоський/V
даргинець/abc
даргинка/ab
даргинський/V
Дарданелли/ob
дарданелльський/V
Дармштадт/eg
дарницький/V
Дарниця/a
Даугава/a
Дахау
Двіна/a
дворічанський/V
Девенпорт/eg
делаварський/V
делавар/eg
Делавер/e
Делі
делійський/V
Деміївський/V
Денвер/eg
деражнянський/V
дергачівський/V
деревлянин/ejg
Десна/a
деснянський/V
деснянсько-старогутський/V
детройтський/V
Детройт/eg
Джакарта/a
джанкойський/V
Джанкой/eg
Джезказган/eg
Джеймстаун/eg
Джейхан/eg
Джомолунгма/a
Джорджтаун/eg
Дзержинськ/eg
диканський/V
димерський/V
Діжон/eg
Дмитрівка/a
дніпровець/abc
дніпровський/V
дніпродзержинський/V
Дніпродзержинськ/eg
дніпропетровський/V
Дніпропетровськ/eg
Дніпропетровщина/a
Дніпро/ei
дніпрянський/V
Дністер/ac
дністровий/V
дністровський/V
дністрянський/V
добровеличківський/V
Добропілля/i
добропільський/V
доманівський/V
Домодєдово
донбасівець/abc
донбасівський/V
донбаський/V
Донбас/e
донецький/V
Донецьк/eg
Донець/abc
Донеччина/a
донський/V
дончак/efg
Дордонь/eg
доричний/V
дорієць/abc
дорогожицький/V
Дорогожичі/b
дортмундський/V
Дортмунд/eg
драбівський/V
дравідійський/V
древлянин/ejg
древлянський/V
дрезденський/V
Дрезден/eg
дрогобицький/V
дрогобичанин/ejg
дрогобиччанин/ejg
Дрогобич/eg
Дуала
Дубаї
дубайський/V
дублінський/V
Дублін/eg
Дубляни/b
Дубна/a
Дубно
дубровицький/V
Дубровиця/a
Дувр/eg
дунайський/V
Дунай/e
дунганка/ab
дунганський/V
Душанбе
душанбінський/V
Дюнкерк/eg
Дюссельдорф/eg
еве
евенк/efg
Еверест/eg
Евертон/eg
євпаторієць/abc
євпаторійський/V
Євпаторія/a
євроазійський/V
Євросоюз/e
Євфрат/e
егейський/V
Единбург/ego
единбуржець/abc
единбурзький/V
Едмонтон/eg
Єкатеринбург/eg
екс-львів'янин/ejg
екс-СРСР
єлабузький/V
еламський/V
єланецький/V
Ельба/a
Ельбрус/e
Єлець/a
ельзасець/abc
ельзаска/ab
ельзаський/V
ельзас-лотаринзький/V
Ельзас/e
єлісейський/V
Еліста/a
Еллада/a
Ель-Пасо
Єнакієве
єнакіївський/V
Енергодар/e
енецький/V
енець/abc
єнісейський/V
Єнісей/e
еолієць/abc
еолійка/ab
еолійський/V
єреванський/V
Єреван/eg
ерзянка/ab
ерзянський/V
ерзя/a
єрусалимський/V
Єрусалим/eg
Єсентуки/b
єсентуцький/V
ескімоска/ab
ест/efg
Етна/a
жашківський/V
желєзноводський/V
Женева/a
женевський/V
жигулівський/V
жидачівський/V
Жиліна/a
Жилянська/i
житомирець/abc
житомирський/V
Житомирщина/a
Житомир/eg
Жмеринка/a
жмеринський/V
Жовква/a
жовківський/V
жовтоводський/V
Жуляни/b
жулянський/V
заальпійський/V
забайкалець/abc
забайкальський/V
забалканський/V
забузький/V
загальнопалестинський/V
загальнопольський/V
загальнорумунський/V
загальносербський/V
загальнословенський/V
загальнофранцузький/V
загальночеченський/V
загальношвейцарський/V
загальноштатівський/V
загальноюгославський/V
Загорськ/eg
загребець/abc
загребський/V
Загреб/eg
задеснянський/V
задніпровський/V
задніпрянський/V
задунаєць/abc
Закавказзя/i
закарпатець/abc
закарпатський/V
Закарпаття/i
Зальцбург/eo
зальцбурзький/V
Замбезі
замоскворєцький/V
занде
заньківчанин/ejg
заньківчанський/V
Заполяр'я/i
запоріжанка/ab
Запоріжжя/i
запоріжці/b
запорізький/V
запорозький/V
зарічненський/V
західноавстралійський/V
західноамериканський/V
західнобалканський/V
західнонімецький/V
західносибірський/V
західноукраїнський/V
Збараж/eg
збаразький/V
збруцький/V
збручанський/V
Збруч/eg
Звенигородка/a
звенигородський/V
Звенигород/eg
здолбунівський/V
Зеленоград/eg
зімбабвійський/V
зміївський/V
Знам'янка/a
знам'янський/V
Золотоворітський/V
золотоніський/V
Золотоноша/a
золочівський/V
Золочів/eg
зулу
зулуський/V
іберієць/abc
іберійсько-кавказький/V
іваничівський/V
Іванівка/a
іванівський/V
іванківський/V
Іваново
іванофранківець/abc
Івано-Франківський/V
івано-франківський/V
Івано-Франківськ/eg
Івано-Франківщина/a
івуарієць/abc
ігбо
ідеологізація/a
іжевський/V
Іжевськ/eg
Ізер/e
Ізмаїл/eg
ізраїльсько-іранський/V
ізраїльсько-палестинський/V
ізюмський/V
ізяславський/V
Ізяслав/eg
Іль-де-Франс/e
іллінецький/V
Іллінойс/e
іллірійський/V
іллічівець/abc
Іллічівка/a
іллічівський/V
Іллічівськ/eg
Ільмень/e
інгулецький/V
інгуський/V
Індигірка/a
Індіанаполіс/eg
Індіана/a
індоєвропеєць/abc
індоєвропейський/V
індокитайський/V
Індокитай/e
Індостан/e
інкерманський/V
Інта/a
інуктитут
іркутський/V
Іркутськ/eg
ірпінський/V
Ірпінь/a
Іртиш/eg
іршавський/V
Ісламабад/eg
Істра/a
Ісфаган/eg
ічкерійський/V
Ічкерія/a
ічнянський/V
Ічня/a
Йоганнесбург/ego
Йокогама/a
Йордан/e
йоркширський/V
Йоркшир/efg
Йорк/eg
йоруба
Йосеміті
Йосипівка/a
Йошкар-Ола/a
кабардинець/abc
кабардинський/V
кабульський/V
Кабул/eg
Кавказ/e
кагарлицький/V
кагульський/V
казанківський/V
казанський/V
Казань/i
Казбек/e
Казерта/a
каїрський/V
Каїр/eg
каймановий/V
каланчацький/V
Калахарі
Калгарі
калинівський/V
Калімантан/eg
Калінінград/eg
каліфорнійський/V
Каліфорнія/a
Калькутта/a
калмик/efg
калмицький/V
калмичка/ab
Калуга/a
калузький/V
Калуш/eg
Кальярі
Кама/a
камба
Камінь-Каширський/i
Кампучія/a
камський/V
Камчатка/a
камчатський/V
кам'янецький/V
Кам'янець-Подільський
кам'янець-подільський/V
кам'янський/V
Канаверал
канадійський/V
канадсько-український/V
канарський/V
Канберра/a
Канев/eg
Канзас/eg
канівець/abc
канівський/V
Канкун/eg
Канни/o
каннський/V
канурі
Капрі
карабаський/V
карабахець/abc
Карабах/e
Караганда/a
карагандинський/V
карадазький/V
караїмський/V
караїм/efg
Каракас/eg
Каракуми/b
каракумський/V
карачаєво-балкарський/V
карачаївець/abc
Карелія/a
карельський/V
карел/efg
Карлівка/a
Карлсбад/eg
Кароліна/a
карпатець/abc
Карпати/o
карпатський/V
Карпилівка/a
карфагенський/V
каспійський/V
Каспій/e
кастильський/V
каталанський/V
каталонець/abc
Каталонія/a
Катандзаро
катаревус/e
Катеринівка/a
катеринопільський/V
катеринославський/V
Катеринослав/eg
катинський/V
Катинь/i
Катманду
Катовіце
каунаський/V
Каунас/eg
Кафа/a
кахетинський/V
Каховка/a
каховський/V
кашмірський/V
кашубський/V
кашуб/efg
квебекець/abc
квебекський/V
Квебек/eo
Кейптаун/eg
кельнський/V
Кельн/eg
кембриджський/V
Кембридж/eg
Кемерово
кемеровський/V
Кенігсберг/eg
кенігсберзький/V
Кентербері
Кентуккі
Кент/eg
керченець/abc
Керч/i
кечуа
Києво-Могилянська/i
Києво-Печерський/V
києво-печерський/V
києво-святошинський/V
Кизил/eg
Київ-пасажирський/V
київський/V
Київ-товарний/V
Київщина/a
Київ/acd
кипчак/efg
Киргизія/a
кирилівський/V
кисловодський/V
Кисловодськ/eg
китайсько-тибетський/V
Кишинів
кишинівський/V
ківерцівський/V
кікуйю
Кіліманджаро
кімбунду
кімерієць/abc
Кінешма/a
Кіншаса/a
Кіото
кіотський/V
кіровоградець/abc
кіровоградський/V
Кіровоградщина/a
Кіровоград/eg
кіровський/V
Кіров/eg
Кіто
кіцманський/V
Клайпеда/a
Клівленд/eg
кловський/V
Клязьма/a
Кобе
кобеляцький/V
ковельський/V
Ковель/eg
козелецький/V
козельщинський/V
козятинський/V
Колима/a
Коломбо
коломенський/V
Коломия/a
Коломна/a
Колорадо
Колумбус/eg
Комі
Комо
Коморські/j
комунарський/V
Коннектикут/e
конотопець/abc
конотопський/V
Конотоп/eg
Консепсьйон/eg
константинопольський/V
Константинополь/eg
Кончі-Заспі
копенгагенський/V
Копенгаген/eg
коптський/V
копт/efg
коринфський/V
Королівка/a
коростенський/V
Коростень/eg
коростишівський/V
Коррез/eg
корсиканець/abc
корсиканський/V
Корсика/a
корсунь-шевченківський/V
корюківський/V
косівський/V
Косів/ac
косовар/efg
Косово/i
костопільський/V
Кострома/a
костромський/V
Костянтинівка/a
костянтинівський/V
Котлас/eg
котовський/V
краківець/abc
краківський/V
Краків/ac
Краковець/ac
краматорський/V
Краматорськ/eg
Красилів
красилівський/V
красногорський/V
краснодарський/V
Краснодар/eg
краснодонський/V
красноперекопський/V
Краснопілля/i
краснопільський/V
красноярський/V
Красноярськ/eg
Кременець/ac
кременчужанин/ejg
Кременчук/ego
кременчуцький/V
креолка/ab
креольський/V
креол/efg
Кривбас/e
криворіжець/abc
Криворіжжя/i
криворізький/V
крижопільський/V
кримець/abc
кримський/V
кримськотатарський/V
кримчанка/ab
кримчацький/V
Крим/e
криничанський/V
критський/V
Крит/eg
кролевецький/V
кронштадтський/V
Кронштадт/eg
Крути/b
Куала-Лумпур
кубанський/V
Кубань/i
кузбасівський/V
Кузбас/e
кумицький/V
Кунашир/eg
Кунео
Кура/a
Курдистан/eg
курдський/V
курд/efg
куренівський/V
Курили/b
курильський/V
курський/V
Курськ/eg
кустанайський/V
Кустанай/eg
Кутаїсі
кутаїський/V
кушитський/V
кхароштхи
кхмерський/V
кхмер/efg
кхоса
Кюрасао
Кюсю
ладозький/V
Ла-Корунья/a
ланкастерський/V
лапландський/V
Лаптєвих
Ла-Ріоха/a
Лас-Вегас/eg
львівський/V
Львівщина/a
львів'янин/ejg
Львів/ac
леверкузенський/V
Леверкузен/eg
Льєж/eg
лезгинка/ab
лезгинський/V
лезгин/efg
лейденський/V
Лейден/eg
Лейпциг/ego
лелеги/b
лемки/b
лемко/i
ленінградець/abc
ленінградський/V
Ленінград/eg
Леон/eg
Лесбос/e
Липецьк/eg
липовецький/V
липоводолинський/V
лисичанський/V
лисянський/V
литовсько-руський/V
личаківський/V
Лівадія/a
лівансько-ізраїльський/V
ліверпулець/abc
ліверпульський/V
Ліверпуль/eg
Ліворно
Лідс/eg
лієпайський/V
Лієпая
Лілль/eg
Ліма/a
Лімож/eg
Лімпопо
лімський/V
Лімузен/e
ліонський/V
Ліон/eg
лісабонський/V
Лісабон/eg
літинський/V
лодзинський/V
Лодзь/eg
Лозанна/a
лозаннський/V
Лозер/e
Локарно
Ломбардія/a
лондонець/abc
лондонський/V
Лондон/eg
Лос-Анджелес/eg
Лось/eg
Лотарингія/a
лотаринзький/V
Луанда/a
Луара/a
Луаре
луганець/abc
луганський/V
Луганськ/eg
луганчанин/ejg
луганчанка/ab
Луганщина/a
лужицький/V
лужичанин/ejg
Луїзіана/a
Лук'янівка/a
лук'янівський/V
луцький/V
Луцьк/eg
Лхаса/a
любашівський/V
любешівський/V
люблінський/V
Люблін/eg
любомльський/V
Любомль/eg
магаданський/V
Магадан/eg
Магарач/eg
Магдебург/eg
магдебурзький/V
Магнітогорськ/eg
Мадейра/a
Мадрас/eg
мадридець/abc
мадридський/V
Мадрид/eg
мадурський/V
Мазатлан/eg
мазовецький/V
Мазовія/a
Майкоп/eg
Майнц/eg
Майорка/a
майя
макарівський/V
Макарів/ac
макасарський/V
Макіївка/a
макіївський/V
малагасійський/V
малаялам
малинський/V
маловисківський/V
Манагуа
маневицький/V
Маніла/a
манільський/V
маніпурі
Манітоба/a
мансі
Мантуя/a
манчестерський/V
Манчестер/eg
Маньчжурія/a
маньчжурський/V
маньчжур/efg
маорі
Мапуту
маратхі
Марбург/eg
маріїнський/V
маріуполець/abc
маріупольський/V
Маріуполь/eg
мар'їнський/V
Маркізькі/j
марсельський/V
Марсель/eg
Мар'янівка/a
масандрівський/V
Массачусетс/eg
Махачкала/a
Маямі
мегрел/efg
медсестринський/V
Мекка/a
Меконг/eg
мельбурнський/V
Мельбурн/eg
мелітопольський/V
Мелітополь/eg
Мемфіс/eg
Мен
менський/V
Меріленд/e
Мехіко
миколаївець/abc
Миколаївка/a
миколаївський/V
Миколаївщина/a
Миколаїв/acd
Миргород/eg
Миронівка/a
миронівський/V
Михайлівка/a
михайлівський/V
міланець/abc
міланський/V
Мілан/eg
Мілуокі
Міннеаполіс/eg
Міннесота/a
мінський/V
Мінськ/eg
Мінусінськ/eg
місько-сільський/V
Міссісіпі
Міссурі
Мічиган/e
Могилів
могилів-подільський/V
могилівський/V
Модена/a
Можайськ/eg
Мозель/e
мокша/a
Молдавія/a
молдавський/V
Монблан/e
монго
монголознавець/abc
монголоїдний/V
монголо-татарський/V
Монпельє
монреальський/V
Монреаль/eg
Монровія/a
Монтана/a
Монтевідео
Монте-Карло
Монтерей/eg
моравець/abc
Моравія/a
моравський/V
Морбіан/eg
мордовський/V
Морія/a
Москва/a
Московія/a
московський/V
мостиський/V
Мукачеве
мукачівський/V
мунда
мурманський/V
Мурманськ/eg
Муром/eg
мюнхенець/abc
мюнхенський/V
Мюнхен/eg
Наблус/eg
Наварра/a
навахо
Нагасакі
надвірнянський/V
наддніпрянський/V
Наддніпрянщина/a
наддністрянський/V
Назарій/eg
Назрань/i
Найробі
Нальчик/eg
Наманган/eg
Нансі
Нант/eg
Наполі
Нара/a
Нарва/a
наришкінський/V
Насау
науруанець/abc
ндонга
неаполітанець/abc
неаполітанський/V
неапольський/V
Неаполь/eg
Небраска/a
Невада/a
невари/b
Нева/a
Ньєвр/e
невський/V
недашківський/V
немирівський/V
Нерюнгрі
нижньогородський/V
нижньодніпровський/V
нижньодністровський/V
нижньолужицький/V
нижньонімецький/V
нижньосаксонський/V
Ніагара/a
ніагарський/V
нігеро-конголезький/V
нідерландомовний/V
нідерландсько-американський/V
нідерландсько-канадський/V
нідерландсько-український/V
ніжинець/abc
Ніжин/eg
нікопольський/V
ніло-сахарський/V
нільський/V
Ніл/eg
Німан/e
німецько-австрійський/V
німецько-нацистський/V
німецько-польський/V
німецько-російський/V
німецько-український/V
німецько-французький/V
Ніор/eg
Ніцца/a
новгородець/abc
новгородський/V
Новгород/eg
новоазовський/V
новоайдарський/V
новоархангельський/V
новобузький/V
Новогродівка/a
новокаховський/V
новокраматорський/V
новокриворізький/V
Новокузнецьк/eg
Новомиколаївка/a
новомиколаївський/V
новомиргородський/V
Новомиргород/eg
новомосковський/V
Новомосковськ/eg
новоодеський/V
Новоолександрівка/a
новоолександрівський/V
новоолексіївський/V
Новоросійськ/eg
Новоселиця/a
новосербський/V
новосибірський/V
Новосибірськ/eg
новотроїцький/V
Новоукраїнка/a
новоукраїнський/V
новоушицький/V
Новочеркаськ/eg
ногаєць/abc
Норильськ/eg
нормандець/abc
Нормандія/a
нормандський/V
норманський/V
норман/efg
нортумберлендський/V
носівський/V
нубієць/abc
Нукус/eg
нумідійський/V
Нью-Делі
Нью-Джерсі
нью-йоркський/V
Нью-Йорк/eg
Ньюкасл/eg
Нью-Мексико
нюношк/e
Ньюпорт/eg
Нюрнберг/eg
нюрнберзький/V
ньюфаундлендський/V
ньямвезі
ОАЕ
Об
Обнінськ/eg
оболонський/V
обухівський/V
овідіопольський/V
Овідіополь/eg
овруцький/V
Огайо
огамічний/V
огузи/b
Одер/e
Одеса/a
одеський/V
Одещина/a
Океанія/a
Окінава/a
Оклахома/a
Окленд/eg
оксфордський/V
Оксфорд/eg
Олбані
олевський/V
Олександрівка/a
олександрівський/V
олександрієць/abc
Олександрія/a
Олексіївка/a
омський/V
Омськ/eg
Онега/a
онезький/V
Онтаріо
Орджонікідзе
Орегон/e
Оренбург/ego
оренбурзький/V
орія/a
Орландо
Орлеан/eg
орловський/V
оромо
Орськ/eg
орхонський/V
Осака/a
Освего
осетинський/V
осетин/efg
Осетія/a
Осло
Останкіно
останкінський/V
остгот/efg
Остер/ac
острозький/V
отомі
Оттава/a
Охотське
Охтирка/a
охтирський/V
очаківський/V
Очаків/ac
Павія/a
Павлівка/a
Павловськ/eg
павлоградець/abc
павлоградський/V
Павлодар/eg
Па-де-Кале
Падуя/a
Палермо
палестинка/a
палестино-ізраїльський/V
палестинсько-ізраїльський/V
Памір
пампангани/b
пампанганський/V
Памплона/a
пангасинани/b
пангасинанський/V
панджабі
панджабський/V
Паньо
Папуа
Париж/eg
паризький/V
Парма/a
патагонський/V
пекінський/V
Пекін/eg
пеласги/b
П'ємонт/e
Пенза/a
Пенсакола/a
Пенсильванія/a
перекопський/V
перемиський/V
перемишльський/V
перемишлянський/V
Перемишль/eg
Періге
пермський/V
перси/b
персіянка/a
Персія/a
перс/eg
Перуджа/a
Петербург/ego
петербуржець/abc
петербурзький/V
Петроград/eg
Петрозаводськ/eg
петропавлівський/V
Петропавловськ/eg
печенізький/V
Печерський/V
печерський/V
Печерськ/eg
Печора/a
печорський/V
пирятинський/V
Писарівка/a
південноалтайський/V
південноамериканський/V
південноафриканець/abc
південноафриканський/V
південнобузький/V
південноєвропейський/V
південнокореєць/abc
південнокримський/V
південноосетинський/V
південноподільський/V
південноросійський/V
південносибірський/V
південноукраїнський/V
північноамериканський/V
північноафриканський/V
північноєвропейський/V
північнокореєць/abc
північнокорейський/V
північноморський/V
північноосетинський/V
північноросійський/V
північноукраїнський/V
підволочиський/V
підгаєцький/V
Підляшшя/i
підмосковний/V
Підмосков'я/i
Піза/a
Пікардія/a
піренеєць/abc
Піренеї/b
пітерець/abc
пітерський/V
Пітсбург/eg
Піцунда/a
Плімут/eg
Плоцьк/eg
Пномпень/eg
Побужжя/i
Поволжя/i
поволзький/V
погребищенський/V
подільський/V
Подніпров'я/i
Подольськ/eg
подоляк/efg
подолянин/ejgh
по-донецьки
познанський/V
Познань/i
по-китайськи
покровський/V
Поліський/V
поліщук/efg
полонський/V
полоцький/V
польсько-литовський/V
польсько-німецький/V
польсько-радянський/V
польсько-російський/V
польсько-словацький/V
польсько-татарський/V
польсько-турецький/V
польсько-український/V
польсько-шведський/V
польсько-шляхетський/V
Полтава/a
полтавка/a
полтавський/V
полтавчанка/ab
Полтавщина/a
помаки/b
португаломовний/V
Потсдам/eg
почаївський/V
Прага/a
пражанин/ejg
празький/V
пракритський/V
пракрит/e
преторіанський/V
Преторія/a
приазовський/V
Приазов'я/i
Прибалтика/a
прибалтійський/V
прибалт/efg
приволзький/V
придніпровський/V
Придніпров'я/i
придністровець/abc
придністровський/V
Придністров'я/i
придністрянець/abc
придністрянський/V
Придунав'я/i
придунайський/V
прикарпатець/abc
прикарпатський/V
Прикарпаття/i
прилуцький/V
Прип'ять/i
Приуралля/i
причорноморський/V
Причорномор'я/i
провансалець/abc
Прованс/e
Протасів/V
Пруссія/a
пряшівський/V
псковський/V
Псков/eg
Пуатьє
пунічний/V
Пусан/eg
пустомитівський/V
путивльський/V
пушту
пуштунський/V
пуштун/efg
Пущино
Пхеньян/eg
П'ятигорськ/eg
п'ятихатський/V
П'яченца/a
Рава
Рава-Руська
радехівський/V
раджастані
раджастанський/V
радивилівський/V
радомишльський/V
радянсько-польський/V
радянсько-японський/V
рапануєць/abc
ратнівський/V
Редвуд-Сіті
Редінг/eg
Рейк'явік/eg
Реймс/eg
рейнський/V
Рейн/e
рейхкомісаріат/eg
ренійський/V
Ренн/eg
решетилівський/V
ржищівський/V
Рибінськ/eg
Рига/a
ризький/V
римський/V
римсько-католицький/V
Рим/eg
Ричмонд/eg
рівенський/V
Рівенщина/a
рівненець/abc
рівненський/V
рівненчанин/ejg
Рівненщина/a
рівнянин/ejg
Ріно
Ріо-Гранде
Ріо-де-Жанейро
Ріо-Негро
рогатинський/V
родоський/V
Родос/eg
рожищенський/V
рокитнівський/V
романський/V
ромашкинський/V
Рома/a
роменський/V
ромський/V
Рона/a
російсько-американський/V
російсько-білоруський/V
російсько-британський/V
російсько-грузинський/V
російсько-китайський/V
російсько-німецький/V
російсько-український/V
російсько-шведський/V
російсько-японський/V
ростовець/abc
ростовський/V
Ростов/eg
роттердамський/V
Роттердам/eg
Руан/eg
ружинський/V
румеї/b
румейський/V
рунді
русинка/ab
Русь/i
рутенець/abc
рязанський/V
Рязань/i
саамський/V
саам/efg
Саарбрюккен/eg
сабінянка/ab
савойський/V
Савона/a
Сайгон/eg
Сакраменто
сакський/V
Саксонія/a
сакс/efg
Салерно
Салехард/eg
Салоніки/o
Самара/a
самаритянин/ejg
самаритянський/V
Самарканд/eg
самарський/V
самарянин/ejg
самбірець/abc
самбірський/V
самбірщина/a
Самбір/a
самоїд/efg
Сан-Антоніо
Сан-Вінсенте
Сан-Дієго
Санкт-Петербург/ego
санкт-петербурзький/V
Сан-Леандро
Сан-Лоренцо
Сан-Матео
Сан-Паулу
Санта-Крус/eg
Санто-Домінго
Сантьяго
Сан-Франциско
Сан-Хосе
сапотецький/V
Саппоро
Сарагоса/a
Сараєво
Саранськ/eg
сарапульський/V
саратовський/V
Саратов/eg
саргасовий/V
сардинець/abc
Сардинія/a
сардинський/V
Сарматія/a
сармат/efg
сарненський/V
сасаки/b
Саскачеван/e
саудівець/abc
сахалінський/V
Сахалінськ/eg
Сахалін/e
сахновщинський/V
свазі
свердловський/V
Свердловськ/eg
світловодський/V
Світловодськ/eg
Світязь/eg
святошинський/V
Севан/eg
севастополець/abc
севастопольський/V
Севастополь/eg
Сєвєродвінськ/eg
Сєвєродонецьк/eg
Сєвєроморськ/eg
севільський/V
Севілья/a
севрський/V
Сеговія/a
сельджук/efg
Селенга/a
селькупський/V
Семенівка/a
семенівський/V
Семипалатинськ/eg
Сена/a
Сен-Жермен/eg
Сент-Етьєн/eg
Сент-Луїс/eg
сенуфо
сербсько-український/V
сербсько-хорватський/V
Сергіївка/a
Середземний/V
Середземномор'я/i
середньоазійський/V
середньоанглійський/V
середньоверхньонімецький/V
середньогрецький/V
середньоірландський/V
середньонідерландський/V
середньоросійський/V
середньофранцузький/V
серер/eg
Серпухов/eg
сеульський/V
Сеул/eg
сибірський/V
Сибір/e
сиваський/V
Сиваш/eg
Сизрань/i
Сиктивкар/eg
Синайський/V
сингалезький/V
сингалез/eg
сингалець/abc
сингальський/V
синдхський/V
синдх/efg
Синевир/eg
синельниківський/V
Сиракузи/o
Сирдар'я/a
сихівський/V
Сихів/ac
сицилієць/abc
сицилійка/ab
сицилійський/V
Сицилія/a
Сичуань
сичуанський/V
сіамець/abc
сіамка/ab
Сіверський/V
Сіверщина/a
сіверянин/efj
сідамо
сіднейський/V
Сідней/eg
Сіетл/eg
сілезець/abc
Сілезія/a
сімферопольський/V
Сімферополь/eg
сінгапурець/abc
сінгапурський/V
Сінгапур/e
Сіракузи/o
сіу
скадовський/V
Скандинавія/a
скандинавський/V
сквирський/V
скіфо-сарматський/V
скнилівець/abc
скнилівський/V
сколівський/V
Скоп'є
Славія/a
славський/V
славутицький/V
Славутич/eg
славутський/V
слобожанин/ejg
слобожанський/V
Слобожанщина/a
словен/efg
слов'яносербський/V
Слов'янськ/eg
Случ/i
Сміла/a
смілянський/V
смоленський/V
Смоленськ/eg
СНД
снігурівський/V
снятинський/V
согдійський/V
сокальський/V
Сокаль/eg
соловецький/V
Соловки/b
солом'янський/V
солонянський/V
сомалі
сонгаї/b
сонінке
Сорочинський/V
Соснівка/a
сото
Софіївка/a
софіївський/V
софійський/V
Софія/a
сочинський/V
Сочі
Спарта/a
сполетський/V
Спрингфілд/eg
срібнянський/V
СРСР
ставропольський/V
Ставрополь/eg
Сталінград/eg
стамбульський/V
Стамбул/eg
староанглійський/V
старобешівський/V
старобільський/V
староболгарський/V
старовижівський/V
старокиївський/V
старокостянтинівський/V
староміський/V
старосаксонський/V
старосамбірський/V
старосинявський/V
старосирійський/V
староскандинавський/V
Стаффорд/eg
стенфордський/V
стокгольмський/V
Стокгольм/eg
Страсбург/ego
страсбурзький/V
стрийський/V
Стрий/e
стрияниин/ejg
стриянин/ejg
стриянка/ab
суахілі
суахілійський/V
субальпійський/V
судацький/V
суецький/V
Суец/eg
суздальський/V
Суздаль/eg
Суматра/a
сумський/V
сумчанка/ab
Сумщина/a
сунданський/V
сургутський/V
Сургут/eg
сусу
Сухумі
сухумський/V
східноєвропеєць/abc
східнонімецький/V
східносередземноморський/V
східноукраїнський/V
Таврія/a
тагальський/V
Таганрог/ego
Тагіл/e
таджицько-афганський/V
Таїті
таїтянський/V
таймирський/V
Таймир/e
талалаївський/V
талліннський/V
Таллінн/eg
тальнівський/V
тамашек/eg
тамбовський/V
Тамбов/eg
тамільський/V
Тампа/a
Тампере
Тампіко
Танганьїка/a
Танжер/eg
Тарасівка/a
таращанський/V
Тараща/a
тарутинський/V
тасманійський/V
Тасманія/a
татарбунарський/V
татарка/ab
татаро-монгольський/V
татарський/V
татарстанський/V
Татарстан/e
ташкентський/V
Ташкент/eg
тбілісець/abc
Тбілісі
тбіліський/V
Твер
тверський/V
тві
тегеранський/V
Тегеран/eg
Тель-Авів/eg
тельманівський/V
Телугу
Темза/a
Теміртау
Теннессі
теофіпольський/V
Теплодар/eg
теребовлянський/V
Теребовля/a
тернопілець/abc
Тернопілля/i
тернопільський/V
тернопільчанин/ejg
Тернопільщина/a
тернополянин/ejg
тернополянка/ab
тетерівський/V
техаський/V
Техас/eg
тибетець/abc
тибетський/V
Тибет/e
тигринья/a
Тирасполь/eg
тиролець/abc
тисменицький/V
тихоокеанський/V
Тіволі
тів/eg
Тіксі
Тітікака/a
Тіхуана/a
тлумацький/V
Тобольськ/eg
токайський/V
токійський/V
Токіо
токмацький/V
Толедо
тольтеки/b
Тольятті
томаківський/V
томський/V
Томськ/eg
тонга
тонганський/V
Торонто
тосканець/abc
тосканський/V
тофалари/b
Тренто
трипілець/abc
Триполі
Трієст/eg
Троєщина/a
Троїцьк/eg
тростянецький/V
Тростянець/ac
Троя/a
Труа
трускавецький/V
Трускавець/ac
тсвана
тсонга
Туапсе
тувинський/V
Тузла/a
Тула/a
Тулон/eg
тульський/V
Тулуза/a
тулузький/V
тульчинський/V
тунгуський/V
турецько-татарський/V
туринський/V
Турин/eg
турівський/V
турійський/V
турківський/V
Туркменбаші
тутсі
тюменський/V
Тюмень/i
тюркомовний/V
тюрк/efg
Тянь-Шань
тячівський/V
угарітський/V
углицький/V
Углич/eg
угорсько-український/V
угри/b
угро-фінський/V
удегеєць/abc
Удіне
Удмуртія/a
удмуртський/V
удмурт/efg
Уеска/a
ужгородець/abc
ужгородський/V
Ужгород/eg
уйгурський/V
україно-американський/V
україно-білоруський/V
україно-молдовський/V
україно-російський/V
україно-французький/V
українсько-австрійський/V
українсько-азербайджанський/V
українсько-американський/V
українсько-англійський/V
українсько-бельгійський/V
українсько-білоруський/V
українсько-бразильський/V
українсько-британський/V
українсько-вірменський/V
українсько-голландський/V
українсько-грецький/V
українсько-грузинський/V
українсько-єврейський/V
українсько-іспанський/V
українсько-італійський/V
українсько-канадський/V
українсько-китайський/V
українсько-литовський/V
українсько-ліванський/V
українсько-молдавський/V
українсько-молдовський/V
українсько-московський/V
українсько-натовський/V
українсько-нігерійський/V
українсько-німецький/V
українсько-німецько-голландський/V
українсько-польський/V
українсько-російський/V
українсько-російсько-німецький/V
українсько-румунський/V
українсько-руський/V
українсько-словацький/V
українсько-татарський/V
українсько-турецький/V
українсько-туркменський/V
українсько-угорський/V
українсько-французький/V
українсько-чеський/V
українсько-шведський/V
українсько-швейцарський/V
українсько-японський/V
Улан-Батор/e
ульчі/b
уманець/abc
уманський/V
Умань/i
умбри/b
уральський/V
Урал/e
урарти/b
урартський/V
Урбіно
Ургенч/eg
урду
Уренгой/eg
уруми/b
урумський/V
успенський/V
Утрехт/eg
Уфа/a
Ухта/a
Фастів/ac
Федорівка/a
феодосійський/V
Феодосія/a
Фергана/a
Фіви/b
Філадельфія/a
філістимлянин/ejg
фінікієць/abc
фінікійка/ab
фінікійський/V
фінікіянка/ab
Фінікс/eg
Фіністер/e
фінляндець/abc
фіно-угорський/V
фіно-угри/b
фіно-угрознавство/i
Фландрія/a
флорентієць/abc
флорентійський/V
Флоренція/a
Флорида/a
Фоджа/a
Фонтенбло
фракієць/abc
фракійський/V
франко-канадець/abc
франко-німецький/V
франкфуртський/V
Франкфурт/eg
Фредеріксбург/eg
Фресно
фризький/V
Фудзіяма/a
Фукусіма/a
фульбе
хабаровський/V
Хабаровськ/eg
Хайфа/a
хамітський/V
Ханой/eg
Ханти-Мансійськ/eg
ханти/b
Харбін/eg
харківський/V
Харківщина/a
харків'янин/ejg
Харків/ac
Хатанга/a
Хеврон/eg
Херсонес/eg
херсонець/abc
херсонський/V
Херсонщина/a
Херсон/eg
Хібіни/o
Хіросіма/a
хмельницький/V
хмельничанин/ejg
Хмельниччина/a
хмільницький/V
хозар/efg
Хоккайдо
Холмщина/a
Хонсю
хортицький/V
Хортиця/a
хотинський/V
Хотинь/i
Хрещатик/eg
Христинівка/a
хустський/V
Х'юстон/eg
царичанський/V
Цейлон/e
центральноазіатський/V
центральноєвропейський/V
Цинциннаті
Цусіма/a
Цхінвалі
Цюрих/eg
цюрупинський/V
чадський/V
Чарлстон/eg
Чатем
Чебоксари/o
челябінський/V
Челябінськ/eg
червоноградець/abc
червоноградка/ab
червоноградський/V
Черемушки/b
Череповець/a
черкаський/V
Черкащина/a
чернівецький/V
Чернівці/b
чернівчанин/ejg
чернігівець/abc
чернігівський/V
чернігівчанин/ejg
Чернігівщина/a
Чернігів/acd
черняхівський/V
черокі
чесько-російський/V
Честер/eg
чехословак/efg
чехословацький/V
Чехословаччина/a
чеченський/V
Чечня/a
Чешир/e
чжуан
Чигиринщина/a
Чигирин/eg
Чикаго
чиказький/V
Чимкент/eg
чинук/efg
Чита/a
чорнобаївський/V
чорнобилець/abc
чорнобильський/V
Чорнобиль/eg
чорноліський/V
чорноморець/abc
чорноморський/V
чортківський/V
Чортків/ac
чугуївський/V
Чугуїв/acd
чуднівський/V
чудь/i
Чукотка/a
чукотський/V
Шамбері
Шанхай/eg
Шаранта/a
шаргородський/V
шацький/V
Шебелинка/a
Шенген/e
Шепетівка/a
шепетівський/V
Шеффілд/eg
шиїтський/V
широківський/V
ширяївський/V
шишацький/V
шорець/abc
Шостка/a
шосткинський/V
Шпіцберген/eg
шполянський/V
штутгартський/V
Штутгарт/eg
шумери/b
шумеро-вавилонський/V
шумерський/V
Щецин/eg
Юкатан/e
юр'ївський/V
Юрмала/a
юрмальський/V
Юта/a
Ютландія/a
Яблунівка/a
яванець/abc
яванський/V
Ява/a
яворський/V
яготинський/V
Яйла/a
Якутія/a
якутський/V
Якутськ/eg
Ялта/a
ялтинець/abc
ялтинський/V
ямальський/V
ямпільський/V
Янцзи
японсько-китайський/V
Яремча/a
Ярославль/eg
ярославський/V
ярський/V
ясинуватський/V
Яуза/a
