Аахен/eg
Абакан/eg
абіджанський/V
Абіджан/eg
абіссінець/abc<
абіссінка/abd<
абіссінський/V
Абу-Грейб noun:f:nv
Абу-Дабі noun:n:nv
Абхазія/a
абхазький/V
абхазько-адигейський/V
аварець/abc<
аварський/V
Авдіївка/a
авестійський/V
Авіньйон/eg
Австралазія/a
австріяк/efgh<
австріячка/abd<
австро-дунайський/V
австронезійський/V
австро-німецький/V
австро-угорський/V
Австро-Угорщина/a
австрофільський/V
агарський/V
агарянин/ejgh<
агарянка/abd<
агарянський/V
агулка/abd<
агульський/V
Агул/e-
агул/efgh<
Адана/a
Аделаїда/a
Аден/eg
аджарець/abc<
Аджарія/a
аджарка/abd<
адигеєць/abc<
адигейка/abd<
адигейський/V
Адигея/a
адиги/f<
Адлер/eg
Адріатика/a
адріатичний/V
Азавад/e
азанде
азійський/V
Азія/a
азово-керченський/V
азово-сиваський/V
азово-чорноморський/V
азовський/V
Азов/eg
азорський/V
Айдахо noun:m:nv
Айдін/eg
аймара noun:m:nv
айни/f
айнський/V
Айова/a
Ай-Петрі noun:f:nv
Акапулько noun:n:nv
Аквітанія/a
аккерманський/V
Аккерман/eg
актюбінський/V
Актюбінськ/eg
Алабама/a
Аламеда/a
Аламогордо noun:n:nv
Аламос/eg
Аланія/a
Алан/e-
алан/efgh<
алгонкінський/V
Алдан/eg
Александрія/a
Александруполіс/eg
Алеппо noun:n:nv
алеутський/V
Аліканте noun:n:nv
Алкантара
алматинський/V
Алмати noun:n:nv
алтайський/V
Алтай/e
Алупка/a
алупкинський/V
алупкінський/V
Алушта/a
алуштинський/V
алчевський/V
Алчевськ/eg
Альбан/eg
Альберта/a
Альбі noun:n:nv
Альбукерке noun:n:nv
Альгамбра/a
Альєр/e
Альє noun:m:nv
Алькантара/a
Альпи/o
альпійський/V
альпійсько-гімалайський/V
Аляска/a
Амангельди noun:n:nv
Амбер/eg
амвросіївський/V
американістка/abd<
американо-англійський/V
американо-китайський/V
американсько-китайський/V
американсько-російський/V
американсько-український/V
Ам'єн/eg
Амман/eg
амстердамський/V
Амстердам/eg
амудар'їнський/V
Амудар'я/a
амурський/V
амхара noun:m:nv|noun:f:nv
амхарський/V
Анадир/eg
Ананурі noun:f:nv
ананьївський/V
Анапа/a
анатолійський/V
Анатолія/a
Анахайм/eg
Ангара/a
Ангарськ/eg
англоканадець/ab<
англосаксонець/abc<
англофільство/i
англофільський/V
англофіл/efgh<
англофобство/i
англофобський/V
Ангулем/eg
Андалузія/a
андалузький/V
Андалусія/a
Андерлехт/eg
андижанський/V
Андижан/eg
Анди/o
андійський/V
Андріївка/a
Анкара/a
Анкона/a
Анталія/a
Антананаріву noun:n:nv
Антарктика/a
антарктичний/V
Антверпен/eg
антиавстрійський/V
антигрузинський/V
антимадярський/V
антимосковський/V
антипольський/V
анти/f<
антіохійський/V
Антіохія/a
антрацитівський/V
Аоморі noun:n:nv
апачі/f
Апенніни/o
апеннінський/V
Арабатська/i
арабомовний/V
арабський/V
аравацький/V
Арагві noun:f:nv
арагонець/abc<
арагонка/abd<
арагонський/V
Арагон/eg
аральський/V
арамейський/V
арапахо noun:n:nv
Арарат/e
аратський/V
Арбат/e
Арденни/o
арзамасець/abc<
арзамаський/V
Арзамас/eg
Аризона/a
Арканзас/e
Арктика/a
арктичний/V
Арлінгтон/eg
Армавір/eg
Армянськ/eg
арнаутка/abd<
арнаутський/V
арнаут/efgh<
Аррас/eg
Артанія/a
артемівський/V
Артемівськ/eg
арумунський/V
архангельський/V
Архангельськ/eg
Арциз/eg
Асканія/a
Асмара/a
ассамський/V
ассирієць/abc<
ассирійський/V
Астана/a
Асті noun:n:nv
астраханський/V
Астрахань/i
астурійський/V
Астурія/a
Асуан/eg
Асунсьйон/eg
атапаський/V
Атланта/a
Атлантида/a
Атлантика/a
Аустерліц/eg
Аушвіц/eg
афгано-пакистанський/V
Афіни/o
афінський/V
афінянин/efj
афінянка/abd<
африканізація/a
африканістка/abd<
африканс/e
афро-азійський/V
афроамериканець/abc<
афроамериканський/V
Ахалкалакі noun:n:nv
ахеєць/abc<
ахейський/V
Ашгабат/eg
Ашхабад/eg
Аю-Даг/e
Аяччо noun:n:nv
Баварія/a
баварський/V
багдадський/V
Багдад/eg
Баден-Баден/eg
баденський/V
Баден/eg
базельський/V
Базель/eg
байкальський/V
Байкал/e
Байконур/e
Байонна/a
бакинець/abc<
бакинський/V
Баккара/a
Балаклава/a
балаклавський/V
балаклійський/V
Балкани/o
балканський/V
балкарець/abc<
балкарка/abd<
Балта/a
Балтика/a
балтиморський/V
Балтимор/eg
балти/f<
балтієць/abc<
балтійський/V
балто-слов'янський/V
балтський/V
Балхаш/eg
Бангалор/eg
Бангкок/eg
Бандери/o
Баня-Лука/a
Баранівка/a
баранівський/V
барвінківський/V
Баренців/U
Баришівка/a
баришівський/V
барнаулець/abc<
барнаульський/V
Барнаул/eg
Барселона/a
барселонський/V
баскійський/V
баскський/V
Басра/a
Батумі noun:n:nv
батумський/V
батуринський/V
Батурин/eg
Баффало noun:n:nv
бахмацький/V
Бахмач/eg
бахчисарайський/V
Бахчисарай/eg
башкирець/abc<
Башкирія/a
башкирський/V
башкортостан/e
баштанський/V
Безансон/eg
бейрутський/V
Бейрут/eg
белградський/V
Белград/eg
Белфаст/eg
Бельфор/eg
Бенгазі noun:n:nv
бенгалець/abc<
Бенгалія/a
бенгальський/V
Бендери/o
бенедиктинець/abc<
Бенілюкс/e
берберський/V
бербер/efgh<
Бергамо noun:n:nv
бердичівський/V
бердянський/V
Бердянськ/eg
Берегове/i
Бережани/o
бережанський/V
Бережанщина/a
березанський/V
Березань/i
березівський/V
березнівський/V
березовський/V
берестейський/V
Берестейщина/a
берестецький/V
Берестечко/i
Берестя/i
Берклі noun:n:nv
берлінець/abc<
берлінський/V
Берлін/eg
бернський/V
Берн/eg
бершадський/V
Бершадь/i
бесарабський/V
Беслан/eg
Бессарабія/a
бессарабський/V
бєлгородський/V
Бєлгород/eg
бєлградський/V
Бєлорєцьк/eg
биківнянський/V
Биківня/a
Бистриця/a
Бівертон/eg
Бійськ/eg
біколи/f
бікольський/V
Білгород-Дністровський/V
білгородський/V
Білгород/eg
Біличі/f
біловезький/V
біловодський/V
білогірський/V
Білогородка/a
білозерський/V
біломорський/V
Білопілля/i
білопільський/V
білорусизація/a
Білорусія/a
білорусько-російський/V
Білосток/eg
білоцерківський/V
Більбао noun:n:nv
Біркенау noun:m:nv
бірманець/abc<
бірманський/V
Бірма/a
Бірмінгемський/V
Бірмінгем/eg
біробіджанський/V
Біробіджан/eg
біхарець/abc<
біхарі
Бішкек/eg
Благовєщенськ/eg
бобринецький/V
бобровицький/V
бобруйський/V
Бобруйськ/eg
Богданівка/a
Богемія/a
Богородчани/o
богородчанський/V
Богота/a
Богуславка/a
Богуслав/eg
Бодайбо noun:n:nv
Бойківщина/a
бойко/ef<
болгаризм/e
болградський/V
Болград/eg
Болехів/ac
болонський/V
Болонья/a
Больцано noun:n:nv
бомбейський/V
Бомбей/eg
боннський/V
Бонн/eg
Бордертаун/eg
бордоський/V
Борзна/a
борзнянський/V
борзнянщина/a
бориславський/V
борисовський/V
бориспілець/abc<
бориспільський/V
Борисфен/eg
Бородино/e
Бородинський/V
Бородянка/a
бородянський/V
бороро noun:f:nv
Бортничі/f
Борщагівка/a
борщагівський/V
Боспорський/V
бостонський/V
Бостон/eg
босфорський/V
Босфор/e
Боулдер/eg
Боярка/a
Браззавіль/eg
Бразиліа noun:n:nv
Брайан/eg
Брайтон-Біч noun:m:nv
Брайтон/eg
Бранденбург/ego
бранденбурзький/V
братиславський/V
Братськ/eg
Брахмапутра/a
брацлавський/V
Брацлавщина/a
Брацлав/eg
бременський/V
Бремен/eg
Бреслау noun:n:nv
брестський/V
Брест/eg
Бретань/i
бретонець/abc<
бретонський/V
Брешія/a
Брижани/o
бристольський/V
Бристоль/eg
брит/efgh<
Бріоні noun:m:nv
Брісбен/eg
Брно noun:n:nv
Бровари/f
броварський/V
броварчанин/ejgh<
броварчанка/abd<
Бродвей/eg
бродівський/V
Бронкс/eg
бруклінський/V
Бруклін/eg
брюссельський/V
Брюссель/eg
Брюховичі/f
брянський/V
Брянськ/eg
Бугульма/a
Буг/e
будапештський/V
Будапешт/eg
буджацький/V
Будо-Рижани/o
будьонівський/V
Буенос-Айрес/eg
бузький/V
Букінгемський/V
букмол/e
Буковель/eg
Буковина/a
буковинець/abc<
булонський/V
бундесверівський/V
Бургас/eg
Бургундія/a
Бурштинський/V
Буряківка/a
Бурятія/a
бурятський/V
бурят/efgh<
буський/V
Буськ/eg
бутирський/V
Бухара/a
бухарестський/V
Бухарест/eg
бухарець/abc<
бухарський/V
Бухенвальд/eg
бучацький/V
Бушер/eg
вавилонський/V
вавилонянка/abd<
Вавилон/eg
вагри/f<
Вайомінг/e
Вайра/a
валахи/f<
Валдай/e
валенсієць/abc<
валенсійка/abd<
валенсійський/V
Валенсія/ad
Валлетта/a
валлонка/abd<
валлонський/V
валлон/efgh<
Валуєв/eg
Ванкувер/eg
ваньямвезі noun:n:nv
Варадеро noun:n:nv
Варварівка/a
Варезе noun:n:nv
Варна/a
варненський/V
Варшава/a
варшавський/V
Василівка/a
васильківський/V
Васильків/ac
васуахілі noun:p:nv
Ватерлоо noun:n:nv
ватутінський/V
вашингтонець/abc<
вашингтонка/abd<
вашингтонський/V
Вашингтон/eg
Везувій/e
веймарський/V
великобагачанський/V
великоолександрівський/V
Венето noun:f:nv
венеціанець/abc<
венеціанка/abd<
венеціанський/V
венеційський/V
Венеція/a
вепси/f<
вепський/V
Вербівка/a
Верден/eg
Вермонт/eg
Вернон/eg
Верона/a
веронський/V
версалець/abc<
версальський/V
Версаль/eg
Вертеба/a
верхньодвінський/V
верхньодніпровський/V
верхньокамський/V
верхньолужицький/V
верхньонімецький/V
верхоянський/V
вестгот/efgh<
вест-індський/V
вестмінстерський/V
Вестмінстер/eg
вестфальський/V
вестфал/efgh<
Виборг/ego
виборзький/V
Видубицький/V
Видубичі/f
Вижва/a
Вижниця/a
Винники/f
Винник/eg
Виноградівщина/a
Вирлиця/a
Вифлеємський/V
вишгородський/V
Вишгород/eg
Вишеградський/V
Вишеград/eg
вишневецький/V
вишнівецький/V
Віана/a
Віареджо noun:n:nv
віденський/V
Відень/ac
візантієць/abc<
візантійський/V
Візантія/a
Війтівці/f
віленський/V
вільнюський/V
Вільнюс/eg
Віндзор/eg
вінницький/V
Вінниця/a
вінничанка/abd<
Вінничина/a
Вінниччина/a
Вінніпег/ego
вінчестерський/V
Вірджинія/a
Вісбаден/eg
Вісконсин/e
Вісла/a
Вісмар/eg
вітебський/V
Вітебськ/eg
Віфлеєм/eg
Віченца/a
Вкраїна/a
Владивосток/ego
владивостоцький/V
Владикавказ/eg
Влтава/a
Внуково noun:m:nv
внуковський/V
вознесенський/V
Вознесенськ/eg
Волга/a
волгоградський/V
Волгоград/eg
волгодонський/V
Волгодонськ/eg
волжанин/eg
волзький/V
волинський/V
Волинь/i
волинянин/ejgh<
Волліс noun:m:nv
Волнат-Крік/eo
волноваський/V
Волноваха/a
Воловець/ac
Вологда/a
вологодський/V
володарський/V
володарсько-волинський/V
Володимир-Волинський
володимирецький/V
Володимирівка/a
володимирівський/V
волох/efg<
волочиський/V
Волочиськ/eg
Вольфсбург/eg
Ворзель/eg
Воркута/a
воркутинський/V
Воронежчина/a
Воронеж/eg
воронезький/V
воронізький/V
Ворошиловградський/V
Ворошиловград/eg
Ворошиловський/V
Ворскла/a
Воскресенськ/eg
вроцлавський/V
Вроцлав/eg
вюртемберзький/V
вяземський/V
Вязьма/a
В'ятка/a
в'ятський/V
Гаага/a
гаазький/V
Габала/a
гаваєць/abc<
гавайський/V
Гавана/a
гаванець/abc<
гаванка/abd<
гаванський/V
Гаврі noun:n:nv
Гагаузія/a
гагаузка/abd<
гагауз/efgh<
Гагра/a
гагринський/V
гадяцький/V
гаельський/V
Газа/a
Гайдарабад/eg
Гайдош/eg
гайсинський/V
Гайсин/eg
галапагоський/V
Галапагос/e
Галац/eg
Галвестон/eg
Гале noun:m:nv
галицький/V
Галицько-Волинський/V
галицько-волинський/V
галичанин/ejgh<
Галичина/a
Галілея/a
галісієць/abc<
Галісія/a
Галіція/a
Галлія/a
Галузія/a
гал/efgh<
Гамбург/ego
гамбуржець/abc<
гамбурзький/V
Ганг/e
ганда/a
Ганза/a
Ганновер/eg
Гаразджа/a
гарвардський/V
Гарвард/eg
Гарлем/eg
Гаронна/a
Гаспра/a
Гатчина/a
Гвадалахара/a
гварані noun:f:nv
гданський/V
Гданськ/eg
Геленджик/eg
Гельсінкі noun:n:nv
Гельсінкський/V
гельсінський/V
генічеський/V
Генічеськ/eg
генуезець/abc<
генуезький/V
Генуя/a
гереро noun:p:nv
Герцаївський/V
гессенський/V
Гетеборг/eg
гетеборзький/V
гети/f<
Геттінген/eg
гжельський/V
гімалайський/V
гінді noun:p:nv
гіндустанець/abc<
Глазго noun:n:nv
глазовський/V
Глеваха/a
глинський/V
Глинськ/eg
Глостершир/e
глухівський/V
Глухів/ac
Гобі noun:f:nv
Говерла/a
Голанські/j
Голан/e
голлівудський/V
Голлівуд/eg
голованівський/V
Голованівськ/eg
голопристанський/V
голосіївський/V
Гольфстрім/e
гомельський/V
Гомель/eg
гонконгський/V
Гонолулу noun:n:nv
Горинь/i
Горі noun:n:nv
Горлівка/a
горлівський/V
городенківський/V
городнянський/V
городоцький/V
горохівський/V
Горохів/ac
Горький/i
горьківський/V
гостомельський/V
Гостомель/eg
готландський/V
грабовець/abc<
Грабовець/ac
Градизьк/eg
Гранада/a
греко-латинський/V
греко-перський/V
греко-римський/V
греко-турецький/V
Гренадини/o
Гренобль/eg
гринвіцький/V
Гринвіч/eg
Гровер/eg
гродненський/V
Гродно noun:n:nv
грозненський/V
Грозний/i
Гронінген/eg
грузино-абхазький/V
грузино-осетинський/V
грузино-російський/V
грузинсько-осетинський/V
грузинсько-російський/V
Грюнвальдський/V
Грюнвальд/eg
ГУАМ noun:nv:abbr
Гуансі noun:n:nv
Гуантанамо noun:f:nv
гуарані noun:p:nv
Гудаурі noun:m:nv
гуджараті noun:f:nv
гуджар/efgh<
гуляйпільський/V
Гуляйполе/i
гунський/V
гун/efgh<
гурзуфський/V
Гурзуф/eg
гурієць/abc<
гурійка/abd<
гурійський/V
гурмукхі noun:f:nv
гусятинський/V
Гусятин/eg
Гутман/eg
Гуттенберг/eg
гуцулка/abd<
Гуцульщина/a
Ґале noun:m:nv
давньоанглійський/V
давньоверхньонімецький/V
давньогерманський/V
давньогрецький/V
давньоєврейський/V
давньоєгипетський/V
давньоірландський/V
давньоіталійський/V
давньонорвезький/V
давньоперський/V
давньопровансальський/V
давньоримський/V
давньоруський/V
давньосаксонський/V
давньосирійський/V
давньоскандинавський/V
давньоугорський/V
давньоукраїнський/V
давньофранцузький/V
давоський/V
Давос/eg
дагестанка/abd<
дагестанський/V
Дагестан/e
дагомеєць/abc<
дагомейка/abd<
дагомейський/V
Дадлі noun:nv
Дакар/eg
Дакка/a
Дакота/a
Даллас/eg
Далмація/a
Дамаск/eg
дамаський/V
данаєць/abc<
Данциг/eg
даоський/V
даргинець/abc<
даргинка/abd<
даргинський/V
Дарданелли/fo
дарданелльський/V
Дармштадт/eg
дарницький/V
Дарниця/a
Дарфур/e
Даугава/a
Дахау noun:m:nv
Двіна/a
дворічанський/V
Дебрецен/eg
Девенпорт/eg
делаварський/V
делавар/eg
Делавер/e
делійський/V
Делі noun:n:nv
Демерджі noun:m:nv
Деміївський/V
Демре noun:n:nv
Денвер/eg
деражнянський/V
Деражня/a
дергачівський/V
деревлянин/ejgh<
Дерибасівська/i
Десна/a
деснянський/V
деснянсько-старогутський/V
Дессау noun:n:nv
детройтський/V
Детройт/eg
Джакарта/a
джанкойський/V
Джанкой/eg
Джварі noun:m:nv
Джезказган/eg
Джеймстаун/eg
Джейхан/eg
Джелалабад/eg
Джомолунгма/a
Джорджтаунський/V
Джорджтаун/eg
Джурджулешти/o
дзержинський/V
Дзержинськ/eg
диканський/V
Диканька/a
димерський/V
Діжон/eg
Дмитрівка/a
Дмитровичі/f
дніпровець/abc<
дніпровський/V
дніпродзержинський/V
Дніпродзержинськ/eg
дніпропетровський/V
Дніпропетровськ/eg
Дніпропетровщина/a
Дніпро/ei
Дніпряни/o
дніпрянський/V
Дністер/ac
дністровий/V
дністровський/V
дністрянський/V
добровеличківський/V
Добромиль/eg
Добропілля/i
добропільський/V
доманівський/V
Домодєдово noun:m:nv
донбасівець/abc<
донбасівський/V
донбаський/V
Донбас/e
донецький/V
Донецьк/eg
Донеччина/a
донський/V
Донузлав/eg
дончак/efg<
Дон/e
Дордонь/eg
доричний/V
дорієць/abc<
дорогожицький/V
Дорогожичі/f
Дорогуськ/eg
дортмундський/V
Дортмунд/eg
драбівський/V
дравідійський/V
Драгобрат/e
древлянин/ejgh<
древлянський/V
дрезденський/V
Дрезден/eg
дрогобицький/V
дрогобичанин/ejgh<
дрогобичець/abc<
Дрогобич/eg
Дроздовичі/f
Дружківка/a
Дуала noun:n:nv
Дубаї noun:n:nv
дубайський/V
дублінський/V
Дублін/eg
Дубляни/o
Дубна/a
Дубненський/V
Дубно/e
Дубосєково noun:n:nv
дубровицький/V
Дубровиця/a
Дувр/eg
дунайський/V
Дунай/e
дунганка/abd<
дунганський/V
Дурбан/eg
Душанбе noun:n:nv
душанбінський/V
Дюнкерк/eg
Дюссельдорф/eg
евенк/efg<
Еверест/eg
Евертон/eg
еве noun:m:nv
егейський/V
Единбург/ego
единбуржець/abc<
единбурзький/V
Едмонтон/eg
екс-львів'янин/ejgh<
екс-СРСР
еламський/V
Еліста/a
Еллада/a
Ельба/a
Ельбрус/e
ельзасець/abc<
ельзаска/abd<
ельзас-лотаринзький/V
ельзаський/V
Ельзас/e
Ель-Пасо noun:n:nv
Ельсінор/eg
Енергодар/eg
енецький/V
енець/abc<
еолієць/abc<
еолійка/abd<
еолійський/V
Ерзерум/eg
ерзянка/abd<
ерзянський/V
ерзя/a
Ер-Ріяд/eg
Ерфурт/eg
ескімоска/abd<
Ессекс/e
ест/efgh<
Есхар/eg
Етна/a
Євлах/eg
євпаторієць/abc<
євпаторійський/V
Євпаторія/a
євроазійський/V
Євросоюз/e
Євфрат/e
Єкатеринбург/eg
єлабузький/V
єланецький/V
Єлець/a
Єлисаветград/eg
єлісейський/V
Єлловстоун/eg
Єнакієве/V
єнакієвський/V
єнакіївський/V
єнісейський/V
Єнісей/e
єреванський/V
Єреван/eg
єрусалимський/V
Єрусалим/eg
Єсентуки/f
єсентуцький/V
Жанаозен/eg
жашківський/V
Жашків/ac
жданівський/V
желєзноводський/V
Женева/a
женевський/V
Жешув/eg
жигулівський/V
жидачівський/V
Жиліна/a
Жилянська/i
житомирець/abc<
житомирський/V
Житомирщина/a
Житомир/eg
Жмеринка/a
жмеринський/V
Жовква/a
жовківський/V
жовтоводський/V
Жульєна/a
Жуляни/o
жулянський/V
заальпійський/V
забайкалець/abc<
Забайкалля/i
забайкальський/V
забалканський/V
Заболоття/i
забузький/V
загальнопалестинський/V
загальнопольський/V
загальнорумунський/V
загальносербський/V
загальнословенський/V
загальнофранцузький/V
загальночеченський/V
загальношвейцарський/V
загальноштатівський/V
загальноюгославський/V
Загірці/f
Загорськ/eg
загребець/abc<
загребський/V
Загреб/eg
задеснянський/V
задніпровський/V
задніпрянський/V
задунаєць/abc<
Закавказзя/i
закарпатець/abc<
закарпатський/V
Закарпаття/i
Закерзоння/i
Заксенгаузен/eg
Зальцбург/eo
зальцбурзький/V
Замбезі noun:f:nv
замоскворєцький/V
занде noun:nv
заньківчанин/ejgh<
заньківчанський/V
Заполяр'я/i
запоріжанка/abd<
Запоріжжя/i
запоріжці/f<
запорізький/V
запорозький/V
Зарваниця/a
зарічненський/V
західноавстралійський/V
західноамериканський/V
західноафриканський/V
західнобалканський/V
західнонімецький/V
західносибірський/V
західноукраїнський/V
Зашків/ac
Збараж/eg
збаразький/V
збруцький/V
збручанський/V
Збруч/eg
Звенигородка/a
звенигородський/V
Звенигород/eg
здолбунівський/V
Здолбунів/ac
Зеленоград/eg
Зеленопілля/i
зімбабвійський/V
зміївський/V
Знам'янка/a
знам'янський/V
Золотоворітський/V
золотоніський/V
Золотоноша/a
золочівський/V
Золочів/eg
Зугдіді noun:n:nv
зулуський/V
зулу noun:nv
іберієць/abc<
іберійсько-кавказький/V
іваничівський/V
Іванівка/a
іванівський/V
іванківський/V
Іванків/ac
Іваново noun:n:nv
іванофранківець/abc<
Івано-Франківський/V
івано-франківський/V
Івано-Франківськ/eg
Івано-Франківщина/a
івуарієць/abc<
ігбо noun:nv
ідеологізація/a
іжевський/V
Іжевськ/eg
Ізар/e
Ізварине/V
Ізер/e
Ізмаїл/eg
ізраїльсько-іранський/V
ізраїльсько-палестинський/V
ізюмський/V
ізяславський/V
Ізяслав/eg
іллінецький/V
Іллінойс/e
Іллінці/f
іллірійський/V
іллічівець/abc<
Іллічівка/a
іллічівський/V
Іллічівськ/eg
Іль-де-Франс/e
Ільмень/e
Імеретія/a
інгулецький/V
Інгулець/ac
Інгул/e
Інгурі noun:f:nv
інгуський/V
Інгушетія/a
Індигірка/a
Індіанаполіс/eg
Індіана/a
індоєвропеєць/abc<
індоєвропейський/V
індокитайський/V
Індокитай/e
Індостан/e
інкерманський/V
Інкерман/eg
Інсбрук/eg
Інта/a
інуктитут noun:nv
іркутський/V
Іркутськ/eg
ірпінський/V
Ірпінь/ac
Іртиш/eg
Іршава/a
іршавський/V
Ісламабад/eg
Істра/a
Ісфаган/eg
Ісфахан/eg
Ітака/a
ічкерійський/V
Ічкерія/a
ічнянський/V
Ічня/a
Йоганнесбург/ego
Йокогама/a
Йордан/e
йоркширський/V
Йоркшир/eg
Йорк/eg
йоруба noun:nv
Йосеміті noun:m:nv
Йосипівка/a
Йошкар-Ола/a
кабардинець/abc<
кабардинський/V
кабульський/V
Кабул/eg
Кавказ/e
Кагарлик/eg
кагарлицький/V
кагульський/V
Кадіс/eg
казанківський/V
казанський/V
Казань/i
Казбек/e
Казерта/a
каїрський/V
Каїр/eg
каймановий/V
каланчацький/V
Калахарі noun:f:nv
Калгарі noun:n:nv
калинівський/V
Калита/a
Калімантан/eg
Калінінградський/V
Калінінград/eg
Калінінський/V
каліфорнійський/V
Каліфорнія/a
Калмикія/a
калмик/efg<
калмицький/V
калмичка/abd<
Калуга/a
калузький/V
Калуський/V
Калуш/eg
Калькутта/a
Кальміус/eg
Кальярі noun:n:nv
Кама/a
камба/a
Камінь-Каширський/i
Кампучія/a
камський/V
Камчатка/a
камчатський/V
кам'янецький/V
Кам'янець-Подільський/i
кам'янський/V
Канаверал noun:m:nv
канадійський/V
канадсько-український/V
Канари/o
канарський/V
Канберра/a
Кандагар/eg
Канев/eg
Канзас/eg
канівець/abc<
канівський/V
Канкун/eg
Канни/o
каннський/V
канурі noun:nv
Капрі noun:m:nv
карабаський/V
карабахець/abc<
Карабах/e
Караганда/a
карагандинський/V
Кара-Даг/e
карадазький/V
караїмський/V
караїм/efgh<
Каракас/eg
Каракуми/f
каракумський/V
карачаєво-балкарський/V
карачаївець/abc<
Кардіфф/eg
Карелія/a
карельський/V
карел/efgh<
Кариби/f
Каринтія/a
Карлівка/a
Карлсбад/eg
Карлсруе noun:n:nv
Кароліна/a
карпатець/abc<
Карпати/o
карпатський/V
Карпилівка/a
карфагенський/V
Карфаген/eg
Касабланка/a
каспійський/V
Каспій/e
Кастилія/a
кастильський/V
каталанський/V
каталонець/abc<
Каталонія/a
Катандзаро noun:n:nv
катаревус/e
Катеринівка/a
катеринопільський/V
катеринославський/V
Катеринославщина/a
Катеринослав/eg
катинський/V
Катинь/i
Катманду noun:n:nv
Катовіце noun:n:nv
каунаський/V
Каунас/eg
Кафа/a
кахетинський/V
Кахетія/a
Каховка/a
каховський/V
кашмірський/V
кашубський/V
кашуб/efgh<
квебекець/abc<
квебекський/V
Квебек/eo
Кейптаун/eg
Келеберда/a
кельнський/V
Кельн/eg
кембриджський/V
Кембридж/eg
Кемерово noun:n:nv
кемеровський/V
Кенігсберг/eg
кенігсберзький/V
Кентербері noun:n:nv
Кентуккі noun:m:nv
Кент/eg
керченець/abc<
Керч-Єнікальський/V
Керч/i
кечуа noun:p:nv
Києво-Галицький/V
Києво-Печерський/V
Києво-Святошинський/V
Кизил/eg
Київ-Пасажирський/V
київський/V
Київ-Товарний/V
Київщина/a
Київ/acd
кипчак/efg<
Киргизія/a
Кирилівка/a
кирилівський/V
кисловодський/V
Кисловодськ/eg
Китаїв/ac
китайсько-тибетський/V
кишинівський/V
Кишинів noun:m:v_naz|noun:m:v_zna
ківерцівський/V
Ківерці/f
кікуйю noun:p:nv
Кілійський/V
Кіліманджаро noun:f:nv
Кілія/a
кімбунду noun:p:nv
кімерієць/abc<
Кінешма/a
Кіншаса/a
Кіото noun:n:nv
кіотський/V
кіровоградець/abc<
кіровоградський/V
Кіровоградщина/a
Кіровоград/eg
кіровський/V
Кіров/eg
Кіто noun:n:nv
кіцманський/V
Клайпеда/a
Клевань/i
Клівленд/eg
кловський/V
Клязьма/a
Коба/a
Кобеляки/f
кобеляцький/V
Кобе noun:n:nv
Кобулеті noun:n:nv
ковельський/V
Ковель/eg
Кодорський/V
Кожум'яки/o
козелецький/V
Козельський/V
козельщинський/V
Козівський/V
козятинський/V
Козятин/eg
Коктебельський/V
Коктебель/eg
Колима/a
Коломбо noun:n:nv
коломенський/V
Коломия/a
Коломна/a
Колорадо noun:m:nv
Колумбус/eg
Колхіда/a
Комі noun:f:nv
Комі noun:n:nv
Коморські/j
Комо noun:n:nv
Комсомольськ/eg
комунарський/V
Коннектикут/e
конотопець/abc<
конотопський/V
Конотоп/eg
Консепсьйон/eg
константинопольський/V
Константинополь/eg
Констанц/eg
Конча-Заспа/a
Копакабана/a
копенгагенський/V
Копенгаген/eg
коптський/V
копт/efgh<
коринфський/V
Королівка/a
коростенський/V
Коростень/eg
коростишівський/V
Коррез/eg
корсиканець/abc<
корсиканський/V
Корсика/a
Корсунь-Шевченківський/V
корсунь-шевченківський/V
Корсунь/eg
Корчмин/eg
корюківський/V
косівський/V
Косів/ac
Космач/eg
косовар/efgh<
Косово/i
костопільський/V
Кострома/a
костромський/V
Костянтинівка/a
костянтинівський/V
Котлас/eg
котовський/V
краківець/abc<
краківський/V
Краків/ac
Краковець/ac
краковський/V
краматорський/V
Краматорськ/eg
красилівський/V
Красилів/ac
Красноармійськ/eg
красногорський/V
краснодарський/V
Краснодар/eg
краснодонський/V
Краснодон/eg
Краснокутський/V
Краснолиманський/V
красноперекопський/V
Красноперекопськ/eg
Краснопілля/i
краснопільський/V
красноярський/V
Красноярськ/eg
Кременецько-Почаївський/V
Кременець/ac
кременчужанин/ejgh<
Кременчук/ego
кременчуцький/V
креолка/abd<
креольський/V
креол/efgh<
Кривбас/e
криворіжець/abc<
Криворіжжя/i
криворізький/V
крижопільський/V
кримець/abc<
кримський/V
кримськотатарський/V
кримчанка/abd<
кримчацький/V
Крим/e
криничанський/V
критський/V
Крит/e
кролевецький/V
Кролевець/ac
кронштадтський/V
Кронштадт/eg
Круазет noun:f:nv
Крути/o
Куала-Лумпур noun:n:nv
кубанський/V
Кубань/i
кузбасівський/V
Кузбас/e
Кузнецовськ/eg
Кульчиці/b
кумицький/V
Кунашир/eg
Кундуз/e
Кунео noun:n:nv
Кура/a
Курдистан/eg
курдський/V
курд/efgh<
Куренівка/a
куренівський/V
Курили/f
курильський/V
курський/V
Курськ/eg
кустанайський/V
Кустанай/eg
Кутаїсі noun:n:nv
кутаїський/V
кушитський/V
Куяльник/eg
кхароштхи noun:p:nv
кхмерський/V
кхмер/efgh<
кхоса noun:p:nv
Кюрасао noun:m:nv
Кюсю noun:m:nv
ладозький/V
Ла-Корунья/a
Ла-Манш/e
Лампедуза/a
ланкастерський/V
Лапландія/a
лапландський/V
Лаптєвих
Ла-Ріоха/a
Лас-Вегас/eg
Лас-Пальмас/eg
Латориця/a
леверкузенський/V
Леверкузен/eg
Левків/eg
лезгинка/abd<
лезгинський/V
лезгин/efgh<
лейденський/V
Лейден/eg
Лейпциг/ego
лейпцизький/V
лелеги/f<
лемки/f<
Лемківщина/a
лемко/ef<
Лена/a
ленінградець/abc<
ленінградський/V
Ленінград/eg
Леон/eg
Лесбос/e
Лета/a
Либідська/i
Липецьк/eg
липовецький/V
липоводолинський/V
лисичанський/V
Лисичанськ/eg
лисянський/V
литовсько-руський/V
личаківський/V
Лівадія/a
лівансько-ізраїльський/V
ліверпулець/abc<
ліверпульський/V
Ліверпуль/eg
Ліворно noun:n:nv
Лідо noun:p:nv
Лідс/eg
лієпайський/V
Лієпая/a
Ліллегаммер/eg
Лілль/eg
Ліма/a
Лімож/eg
Лімпопо noun:f:nv
лімський/V
Лімузен/e
Лінден/eg
Лінц/eg
ліонський/V
Ліон/eg
лісабонський/V
Лісабон/eg
літинський/V
Ліфляндія/a
Логвин/eg
лодзинський/V
Лодзь/i
Лозанна/a
лозаннський/V
Лозер/e
Локарно noun:n:nv
Ломбардія/a
лондонець/abc<
лондонський/V
Лондон/eg
Лос-Анджелес/eg
Лось/eg
Лотарингія/a
лотаринзький/V
Лох-Несс noun:m:nv
Луанда/a
Луара/a
Луаре noun:f:nv
Луб'янка/a
луганець/abc<
луганський/V
Луганськ/eg
луганчанин/ejgh<
луганчанка/abd<
Луганщина/a
Лужанка/a
лужицький/V
лужичанин/ejgh<
Лузанівка/a
Луїзіана/a
луїзіанський/V
Лук'янівка/a
лук'янівський/V
луцький/V
Луцьк/eg
Лхаса/a
львівський/V
Львівсько-Волинський/V
Львівщина/a
львів'янин/ejgh<
Львів/ac
Льєж/eg
Любарський/V
Любар/eg
любашівський/V
Любеч/eg
любешівський/V
люблінський/V
Люблінщина/a
Люблін/eg
любомльський/V
Любомль/eg
Люстдорф/eg
магаданський/V
Магадан/eg
Магарач/eg
Магдалена/a
Магдебург/eg
магдебурзький/V
Магнітогорськ/eg
Мадейра/a
Мадрас/eg
мадридець/abc<
мадридський/V
Мадрид/eg
мадурський/V
Мазатлан/eg
Мазепинці/f
мазовецький/V
Мазовія/a
Майданек/eg
Майкоп/eg
Майнц/eg
Майорка/a
майя noun:p:nv|noun:f:nv
макарівський/V
Макарів/ac
макасарський/V
Макіївка/a
макіївський/V
малагасійський/V
малаялам noun:f:nv
малинський/V
Малин/eg
Малібу noun:n:nv
маловисківський/V
Малоросія/a
Мальорка/a
Мамаїв
Мамаївці/f
Манагуа noun:n:nv
Мангеттен/eg
Мангуп-Кале noun:n:nv
Мангуп/eg
маневицький/V
Маніла/a
манільський/V
маніпурі noun:p:nv
Манітоба/a
мансі noun:p:nv
Мантуя/a
манхеттенський/V
Манхеттен/eg
манчестерський/V
Манчестер/eg
Маньчжурія/a
маньчжурський/V
маньчжур/efgh<
маорі noun:p:nv
Мапуту noun:n:nv
Мараморош noun:f:nv
маратхі noun:nv
Марбург/eg
Маріанський/V
маріїнський/V
маріуполець/abc<
маріупольський/V
Маріуполь/eg
мар'їнський/V
Маркізькі/j
Мармарис/eg
марсельський/V
Марсель/eg
Мар'янівка/a
Масандра/a
масандрівський/V
массачусетський/V
Массачусетс/eg
Махачкала/a
Маямі noun:n:nv
Меганом/e
мегрел/efgh<
Меджибіж/ac
Медіна/a
медсестринський/V
Мейн/e
Мекка/a
Мекленбург/e
Меконг/eg
мелітопольський/V
Мелітополь/eg
мельбурнський/V
Мельбурн/eg
Мемфіс/eg
менський/V
Мен/e
Меріленд/e
Месопотамія/a
Мессіні
Метохія/a
Мехіко noun:n:nv
миколаївець/abc<
Миколаївка/a
миколаївський/V
Миколаївщина/a
Миколаїв/acd
Микулинці/f
Микуличин/eg
Миргород/eg
Миронівка/a
миронівський/V
Михайлівка/a
михайлівський/V
міланець/abc<
міланський/V
Мілан/eg
Мілуокі noun:n:nv
міні-Давос/eg
Міннеаполіс/eg
Міннесота/a
мінський/V
Мінськ/eg
Мінусінськ/eg
Міссісіпі noun:m:nv|noun:f:nv
Міссурі noun:m:nv|noun:f:nv
місхорський/V
Місхор/e
місько-сільський/V
Мітровіца/a
Мітте noun:m:nv
Мічиган/e
Могилів
могилів-подільський/V
могилівський/V
Модена/a
Можайськ/eg
Мозель/e
мокша/a
молдаванський/V
Молдавія/a
молдавський/V
Монастирище/i
Монблан/e
монголознавець/abc<
монголоїдний/V
монголо-татарський/V
монго noun:n:nv
Монмартр/eg
Монпарнас/e
Монпельє noun:n:nv
монреальський/V
Монреаль/eg
Монровія/a
Монтана/a
Монтевідео noun:n:nv
Монте-Карло
Монтенегро noun:n:nv
Монтерей/eg
Монтрезор/e
Монтре noun:n:nv
моравець/abc<
Моравія/a
моравський/V
Морбіан/eg
Мордовія/a
мордовський/V
Моринці/f
Морія/a
моршинський/V
Моршин/eg
Москва/a
Московія/a
московський/V
Московщина/a
мостиський/V
Мотовилівка/a
Мткварі noun:f:nv
Мукачеве/V
мукачівський/V
Мукачівщина/a
Мумбай/eg
мунда noun:p:nv
мурманський/V
Мурманськ/eg
Муром/eg
мурсі noun:p:nv
Мцхета/a
Мюнстер/eg
мюнхенець/abc<
мюнхенський/V
Мюнхен/eg
Наблус/eg
Наварра/a
навахо noun:p:nv
Нагасакі noun:n:nv
Нагуєвичі/f
надвірнянський/V
наддніпрянський/V
Наддніпрянщина/a
наддністрянський/V
Надсяння/i
Назарет/eg
Назарій/eg
Назрань/i
Найробі noun:n:nv
Нальчик/eg
Наманган/eg
Нанкін/eg
Нансі noun:n:nv
Нант/eg
Наполі noun:n:nv
Нара/a
Нарва/a
наришкінський/V
Нарнія/a
Насау noun:n:nv
Наска/a
науруанець/abc<
ндонга noun:p:nv
неаполітанець/abc<
неаполітанський/V
неапольський/V
Неаполь/eg
Небраска/a
Невада/a
невари/f<
Нева/a
невський/V
недашківський/V
недригайлівський/V
Некрасівка/a
немирівський/V
Немирів/ac
Немирович/eg
Нерюнгрі noun:n:nv
Нетішин/eg
нижньогородський/V
нижньодніпровський/V
нижньодністровський/V
нижньолужицький/V
нижньонімецький/V
нижньосаксонський/V
Ніагара/a
ніагарський/V
нігеро-конголезький/V
нідерландомовний/V
нідерландсько-американський/V
нідерландсько-канадський/V
нідерландсько-український/V
ніжинець/abc<
Ніжин/eg
нікопольський/V
Нікополь/eg
Нікосія/a
ніло-сахарський/V
нільський/V
Ніл/eg
Німан/e
німецько-австрійський/V
німецько-нацистський/V
німецько-польський/V
німецько-російський/V
німецько-український/V
німецько-французький/V
Ніор/eg
Ніцца/a
Нічлава/a
Новгорода-Сіверського
новгородець/abc<
Новгороді-Сіверському
Новгород-Сіверського
новгородський/V
Новгород/eg
новоазовський/V
новоайдарський/V
новоархангельський/V
Новобогданівка/a
новобузький/V
нововолинський/V
Нововолинськ/eg
Новоград-Волинський
Новограді-Волинському
Новогродівка/a
новодністровський/V
Новодністровськ/eg
новокаховський/V
Новокозачин/eg
новокостянтинівський/V
новокраматорський/V
новокриворізький/V
Новокузнецьк/eg
Новомиколаївка/a
новомиколаївський/V
новомиргородський/V
Новомиргород/eg
новомосковський/V
Новомосковськ/eg
новоодеський/V
Новоолександрівка/a
новоолександрівський/V
новоолексіївський/V
Новопсков/eg
Новоросійськ/eg
новоселицький/V
Новоселиця/a
новосербський/V
новосибірський/V
Новосибірськ/eg
Новосілки/b
новотроїцький/V
Новоукраїнка/a
новоукраїнський/V
новоушицький/V
Новохатько/e
Новочеркаськ/eg
новояворівський/V
ногаєць/abc<
норильський/V
Норильськ/eg
нормандець/abc<
Нормандія/a
нормандський/V
норманський/V
норман/efgh<
нортумберлендський/V
носівський/V
Ноттінгем/eg
нубієць/abc<
Нукус/eg
нумідійський/V
Ньєвр/e
Нью-Гемпшир/e
Нью-Делі noun:n:nv
Нью-Джерсі noun:n:nv
Нью-Йоркський/V
нью-йоркський/V
Нью-Йорк/e-
Нью-Йорк/eg
Ньюкасл/eg
Нью-Мексико noun:m:nv
Ньюпорт/eg
ньюфаундлендський/V
ньямвезі noun:p:nv
нюношк/e
Нюрнберг/ego
нюрнберзький/V
ОАЕ noun:p:nv
Об
Обнінськ/eg
оболонський/V
обухівський/V
овідіопольський/V
Овідіополь/eg
овруцький/V
Овруч/eg
Огайо noun:m:nv
огамічний/V
огузи/f<
Одер/e
Одеса/a
одеський/V
Одещина/a
Одра/a
Ожидів/ac
Океанія/a
Окінава/a
Оклахома/a
Окленд/eg
оксфордський/V
Оксфорд/eg
Олбані noun:n:nv
олевський/V
Олександрівка/a
олександрівський/V
олександрієць/abc<
Олександрія/a
Олексіївка/a
Оленівка/a
олеський/V
Олесько/e
Олеша/a
Олімпія/a
Оломоуц/eg
Ольстер/e
Ольштин/eg
омський/V
Омськ/eg
Онега/a
онезький/V
Онтаріо noun:f:nv
онуфріївський/V
опішнянський/V
Опішня/a
Опук/e
Оранж/e
орджонікідзевський/V
Орджонікідзе noun:n:nv
Ореанда/a
Орегон/e
Оренбург/ego
оренбурзький/V
Оріноко noun:f:nv
орія/a
Орландо noun:n:nv
орлеанський/V
Орлеан/eg
Орлівка/a
Орловка/a
орловський/V
оромо noun:p:nv
Орськ/eg
орхонський/V
Орша/a
Осака/a
Освего noun:m:nv
Освеґо noun:m:nv
Освенцим/eg
осетинський/V
осетин/efgh<
Осетія/a
Осло noun:n:nv
Оснабрюк/eg
Останкіно noun:m:nv
останкінський/V
остгот/efgh<
Остен/e
Остер/ac
Остін/eg
Острава/a
острозький/V
отомі noun:p:nv
Оттава/a
О'Хара noun:m:nv
Охотське/i
Охтирка/a
охтирський/V
очаківський/V
Очаків/ac
Павія/a
Павлівка/a
Павловськ/eg
павлоградець/abc<
павлоградський/V
Павлоград/eg
Павлодар/eg
Па-де-Кале noun:f:nv
Падуя/a
Паланга/a
Палермо noun:n:nv
палестинка/a
палестино-ізраїльський/V
палестинсько-ізраїльський/V
Палм-Біч noun:n:nv
Памір/e
пампангани/f<
пампанганський/V
Памплона/a
Панасенко/e
Панасюк/eg
пангасинани/f<
пангасинанський/V
панджабі noun:f:nv
панджабський/V
Паньо noun:nv
Папуа noun:f:nv
Париж/eg
паризький/V
Парма/a
партенітський/V
Партеніт/eg
Патагонія/a
патагонський/V
Паттайя/a
пекінський/V
Пекін/eg
пеласги/f<
Пенза/a
Пенсакола/a
Пенсильванія/a
первомайський/V
Первомайськ/eg
Передєлкіно noun:n:nv
перекопський/V
перемиський/V
перемишльський/V
Перемишль/eg
перемишлянин/ejgh<
перемишлянський/V
пересопницький/V
Пересопниця/a
перечинський/V
Переяслав/eg
Пер'є noun:m:nv
Періге noun:n:nv
Перл-Харбор/e
пермський/V
персіянка/abd<
Персія/a
перс/efgh<
перс/eg
Перуджа/a
Петербург/ego
петербуржець/abc<
петербурзький/V
Петриківка/a
Петрицький/i
Петрівка/a
Петрівці/f
петровський/V
Петроград/eg
Петрозаводськ/eg
петропавлівський/V
петропавловський/V
Петропавловськ/eg
печенізький/V
Печерський/V
печерський/V
Печерськ/eg
Печора/a
печорський/V
Пешт/eg
П'ємонт/e
Пирогів/ac
пирятинський/V
Пирятин/eg
Писарівка/a
південноалтайський/V
південноамериканський/V
південноафриканець/abc<
Південно-Африканська/i
південноафриканський/V
південнобузький/V
південноєвропейський/V
південнокореєць/abc<
південнокримський/V
південноосетинський/V
південноподільський/V
південноросійський/V
південносибірський/V
південноукраїнський/V
північноамериканський/V
північноафриканський/V
північноєвропейський/V
північнокореєць/abc<
північнокорейський/V
північноморський/V
північноосетинський/V
північноросійський/V
північноукраїнський/V
підволочиський/V
підгаєцький/V
Підгайці/f
Підгірці/f
Підкамінь/ac
Підкарпаття/i
Підляшшя/i
підмосковний/V
Підмосков'я/i
пізанський/V
Піза/a
Пікаділлі noun:f:nv
Пікардія/a
Пінськ/eg
піренеєць/abc<
Піренеї/b
піренейський/V
пітерець/abc<
пітерський/V
Пітсбург/ego
Піцунда/a
Плімут/eg
Пловдив/eg
Плоцьк/eg
Пномпень/eg
Побужжя/i
Поволжя/i
поволзький/V
погребищенський/V
подільський/V
Подніпров'я/i
Подністров'я/i
Подольськ/eg
подоляк/efg<
подолянин/ejgh<
по-донецьки adv
познанський/V
Познань/i
Позняки/f
по-китайськи adv
покровський/V
Поліський/V
поліщук/efg<
полонський/V
полоцький/V
Полоцьк/eg
Полтава/a
Полтавка/a
полтавка/a
полтавський/V
полтавчанка/abd<
Полтавщина/a
Полтва/a
польсько-литовський/V
польсько-німецький/V
польсько-радянський/V
польсько-російський/V
польсько-словацький/V
польсько-татарський/V
польсько-турецький/V
польсько-український/V
польсько-шведський/V
польсько-шляхетський/V
помаки/f<
Померанія/a
Помпеї/f
попільнянський/V
Попрад/eg
португаломовний/V
потсдамський/V
Потсдам/eg
почаївський/V
Прага/a
пражанин/ejgh<
празький/V
пракритський/V
пракрит/e
преторіанський/V
Преторія/a
приазовський/V
Приазов'я/i
Прибалтика/a
прибалтійський/V
прибалт/efgh<
приволзький/V
придніпровський/V
Придніпров'я/i
придністровець/abc<
придністровський/V
Придністров'я/i
придністрянець/abc<
придністрянський/V
Придунав'я/i
придунайський/V
прикарпатець/abc<
прикарпатський/V
Прикарпаття/i
Прилуки/o
прилуцький/V
Приморськ/eg
Прип'ять/i
Приуралля/i
причорноморський/V
Причорномор'я/i
Приштина/a
провансалець/abc<
Прованс/e
Протасів/V
Прохорівка/a
Проців
Пруссія/a
пряшівський/V
Пряшівщина/a
псковський/V
Псков/eg
Пуатьє noun:n:nv
пунічний/V
Пусан/eg
пустомитівський/V
путивльський/V
Путивль/eg
путильський/V
Пушкіно noun:n:nv
пуштунський/V
пуштун/efgh<
пушту noun:f:nv
Пущино noun:n:nv
Пхеньян/eg
П'ятигорськ/eg
П'ятихатки/b
п'ятихатський/V
П'яченца/a
Рава-Руська
рава-руський/V
Равенна/a
Раві-Руській
Раві noun:f:nv
радехівський/V
Радехів/ac
раджастані noun:f:nv
раджастанський/V
раджастхані noun:f:nv
радивилівський/V
радомишльський/V
Радомишль/eg
радянсько-польський/V
радянсько-японський/V
Рамалла/a
Рапалло noun:n:nv
рапануєць/abc<
ратнівський/V
рахівський/V
Рахівщина/a
Рахів/ac
Редвуд-Сіті noun:n:nv
Редінг/eg
Рейк'явік/eg
Реймс/eg
рейнський/V
Рейн/e
рейхкомісаріат/eg
ренійський/V
Ренн/eg
Решетилівка/a
решетилівський/V
ржищівський/V
Рибінськ/eg
Рив'єра/a
Рига/a
ризький/V
римський/V
римсько-католицький/V
Рим/e-
Рим/eg
Ричмонд/eg
рівенський/V
Рівенщина/a
рівненець/abc<
рівненський/V
рівненчанин/ejgh<
Рівненщина/a
Рівне/V
рівнянин/ejgh<
Ріволі noun:m:nv
Рієка/a
Ріміні noun:n:nv
Ріно noun:n:nv
Ріо-Гранде noun:f:nv
Ріо-де-Жанейро noun:n:nv
Ріо-Негро noun:f:nv
Ріоні noun:f:nv
Річмонд/eg
Рогань/i
рогатинський/V
Рогатин/eg
Рогачов/eg
родоський/V
Родос/e
рожищенський/V
Рокитне/V
рокитнівський/V
рокитнянський/V
Романівка/a
романівський/V
романський/V
ромашкинський/V
Рома/a
роменський/V
ромський/V
Рона/a
Росава/a
російсько-американський/V
російсько-білоруський/V
російсько-британський/V
російсько-грузинський/V
російсько-китайський/V
російсько-німецький/V
російсько-український/V
російсько-французький/V
російсько-шведський/V
російсько-японський/V
ростовець/abc<
ростовський/V
Ростов/eg
Рось/i
роттердамський/V
Роттердам/eg
Рошаль/eg
Руан/eg
ружинський/V
румеї/b<
румейський/V
рунді noun:p:nv
Русанівка/a
русанівський/V
русинка/abd<
Руставі noun:n:nv
Русь/i
рутенець/abc<
рязанський/V
Рязань/i
саамський/V
саам/efgh<
Саарбрюккен/eg
сабінянка/abd<
савойський/V
Савона/a
Савчин/eg
Сайгон/eg
Сакраменто noun:n:nv
Саксонія/a
сакський/V
сакс/efgh<
Салерно noun:n:nv
Салехард/eg
Саліма/a
Салоніки/o
Самара/a
самаритянин/ejgh<
самаритянський/V
Самарканд/eg
самарський/V
самарянин/ejgh<
самбірець/abc<
самбірський/V
самбірщина/a
Самбір/ac
самоїд/efgh<
Сан-Антоніо noun:n:nv
Сан-Вінсенте noun:m:nv
Сандармох/eo
Сан-Дієго noun:n:nv
Санкт-Петербург/ego
санкт-петербурзький/V
Сан-Леандро noun:n:nv
Сан-Лоренцо noun:n:nv
Сан-Матео noun:n:nv
Сан-Мікеле
Сан-Паулу noun:n:nv
Санта-Крус/eg
Санта-Фе noun:n:nv
Санто-Домінго
Сантьяго noun:n:nv
Сан-Франциско noun:n:nv
Сан-Хосе noun:n:nv
сапотецький/V
Саппоро noun:n:nv
Сарагоса/a
Сараєво/i
Саранськ/eg
сарапульський/V
саратовський/V
Саратов/eg
саргасовий/V
сардинець/abc<
Сардинія/a
сардинський/V
Сарич/e
Сарматія/a
сармат/efgh<
сарненський/V
сасаки/f<
Саскачеван/e
саудівець/abc<
сахалінський/V
Сахалінськ/eg
Сахалін/e
сахновщинський/V
свазі noun:p:nv
Свалява/a
свалявський/V
свердловський/V
Свердловськ/eg
світловодський/V
Світловодськ/eg
Світязь/eg
святошинський/V
Святошин/eg
Сдерот/eg
Севан/eg
севастополець/abc<
севастопольський/V
Севастополь/eg
севільський/V
Севілья/a
севрський/V
Сегед/eg
Сеговія/a
Селенга/a
сельджук/efg<
селькупський/V
Семенівка/a
семенівський/V
Семипалатинськ/eg
Сенакі noun:n:nv
Сена/a
Сен-Готард/eg
Сен-Дені noun:nv
Сен-Жермен/eg
Сен-Мартен/e
Сент-Етьєн/eg
Сент-Луїс/eg
Сен-Тропе noun:m:nv
сенуфо noun:p:nv
сербсько-український/V
сербсько-хорватський/V
Сергіївка/a
Середземний/V
Середземномор'я/i
середньоазійський/V
середньоанглійський/V
середньоверхньонімецький/V
середньогрецький/V
середньоірландський/V
середньонідерландський/V
середньоросійський/V
середньофранцузький/V
серер/eg
Серет/eg
Серпухов/eg
сеульський/V
Сеул/eg
сєверодонецький/V
Сєверодонецьк/eg
Сєвєродвінськ/eg
Сєвєродонецьк/eg
Сєвєроморськ/eg
сибірський/V
Сибір/e
сиваський/V
Сиваш/eg
Сизрань/i
Сиктивкар/eg
Симеїз/eg
Синайський/V
сингаївський/V
сингалезький/V
сингалез/eg
сингалець/abc<
сингальський/V
синдхський/V
синдх/efgh<
Синевир/eg
синельниківський/V
Сиракузи/o
Сирдар'я/a
сирецький/V
Сирецько-Печерський/V
сихівський/V
Сихів/ac
сицилієць/abc<
сицилійка/abd<
сицилійський/V
Сицилія/a
сичуанський/V
Сичуань noun:f:nv
сіамець/abc<
сіамка/abd<
Сіверський/V
Сіверщина/a
сіверянин/efj
сідамо noun:p:nv
сіднейський/V
Сідней/eg
Сіетл/eg
сілезець/abc<
Сілезія/a
Сімеїз/eg
сімферополець/abc<
сімферопольський/V
Сімферополь/eg
сінгапурець/abc<
сінгапурський/V
Сінгапур/e
Сіракузи/o
сіу noun:p:nv
скадовський/V
Скадовськ/eg
Скалат/eg
Скандинавія/a
скандинавський/V
Скварява/a
Сквира/a
сквирський/V
Скіфія/a
скіфо-сарматський/V
скнилівець/abc<
скнилівський/V
Скнилів/ac
сколівський/V
Скоп'є noun:n:nv
Славія/a
славський/V
Славута/a
славутицький/V
Славутич/eg
славутський/V
слобожанин/ejgh<
слобожанський/V
Слобожанщина/a
словен/efgh<
слов'яносербський/V
Слов'янськ/eg
Случ/i
Сміла/a
смілянський/V
смоленський/V
Смоленськ/eg
Смоленщина/a
СНД noun:m:nv:abbr
снігурівський/V
снятинський/V
Снятин/eg
согдійський/V
сокальський/V
Сокальщина/a
Сокаль/eg
сокирянський/V
соловецький/V
Соловки/f
Солом'янка/a
солом'янський/V
солонянський/V
Солт-Лейк-Сіті noun:n:nv
сомалі noun:p:nv|noun:f:nv
сонгаї/b<
сонінке noun:p:nv
Сопот/eg
Сорбонна/a
Сорочинський/V
Сорренто noun:m:nv
Соснівка/a
соснівський/V
Софіївка/a
софіївський/V
софійський/V
Софія/ad<
Сохо noun:m:nv
сочинський/V
Сочі noun:n:nv
Спарта/a
сполетський/V
Спрингфілд/eg
срібнянський/V
СРСР noun:m:nv:abbr
Ставропілля/i
ставропольський/V
Ставрополь/eg
сталінградський/V
Сталінград/eg
стамбульський/V
Стамбул/eg
Станіславщина/a
староанглійський/V
старобешівський/V
старобільський/V
староболгарський/V
старовижівський/V
старокиївський/V
старокостянтинівський/V
староміський/V
старосаксонський/V
старосамбірський/V
старосинявський/V
старосирійський/V
староскандинавський/V
Стаффорд/eg
Стелла/a
Стемфорд/eg
стенфордський/V
Стенфорд/eg
Степанакерт/eg
стокгольмський/V
Стокгольм/eg
Стоктон/eg
сторожинецький/V
Сторожинець/ac
Стоунхендж/e
Страсбург/ego
страсбурзький/V
стрийський/V
Стрийщина/a
Стрий/e
Стрипа/a
стриянин/ejgh<
стриянка/abd<
Стрітенський/V
Стрітівка/a
стрітівський/V
Стугна/a
суахілійський/V
суахілі noun:p:nv|noun:f:nv
субальпійський/V
суботівський/V
Суботів/ac
Судак/eg
судацький/V
Судети/o
суецький/V
Суец/eg
суздальський/V
Суздаль/eg
Сулавесі noun:m:nv
Суматра/a
сумський/V
сумчанин/ejgh<
сумчанка/abd<
Сумщина/a
Сунгарі noun:f:nv
сунданський/V
сургутський/V
Сургут/eg
сусу noun:p:nv
Сухолуччя/i
Сухумі noun:n:nv
сухумський/V
Східниця/a
східноафриканський/V
східноєвропеєць/abc<
східнонімецький/V
східносередземноморський/V
східноукраїнський/V
Сян/e
Таврія/a
тагальський/V
Таганрог/ego
таганрозький/V
Тагіл/e
таджицько-афганський/V
Таїті noun:m:nv
таїтянський/V
Тайбей/eg
таймирський/V
Таймир/e
Такео noun:n:nv
талалаївський/V
талліннський/V
Таллінн/eg
тальнівський/V
таманський/V
Тамань/i
тамашек/eg
тамбовський/V
Тамбовщина/a
Тамбов/eg
тамільський/V
таміл/efgh<
Тампа/a
Тампере noun:n:nv
Тампіко noun:n:nv
Танганьїка/a
Танжер/eg
Танненберг/eg
Тарасівка/a
таращанський/V
Тараща/a
Тарнавці/f
Тартус/eg
тарутинський/V
тарханкутський/V
Тарханкут/e
тасманійський/V
Тасманія/a
татарбунарський/V
татарка/abd<
татаро-монгольський/V
татарстанський/V
Татарстан/e
татарський/V
Татри/o
Тахо noun:n:nv
ташкентський/V
Ташкент/eg
Ташлик/eg
ташлицький/V
тбілісець/abc<
Тбілісі noun:n:nv
тбіліський/V
Твер
тверський/V
тві noun:p:nv
тегеранський/V
Тегеран/eg
Телаві noun:n:nv
телугу noun:f:nv
Тель-Авів/eg
тельманівський/V
Темза/a
Теміртау noun:n:nv
Тенеріфе noun:m:nv
Теннессі noun:m:nv
теофіпольський/V
Теплодар/eg
Теребля/a
теребовлянський/V
Теребовля/a
Тереса/a
тернопілець/abc<
Тернопілля/i
тернопільський/V
тернопільчанин/ejgh<
Тернопільщина/a
тернополянин/ejgh<
тернополянка/abd<
тетерівський/V
Тетіс/e
техасець/abc<
техаський/V
Техас/e
тибетець/abc<
тибетський/V
Тибет/e
тигринья/a
Тигр/e
тираспольський/V
Тирасполь/eg
тиролець/abc<
Тиса/a
тисменицький/V
Тисмениця/a
Тисовець/ac
тисовський/V
Тифліс/eg
тихоокеанський/V
тібетський/V
Тіволі noun:n:nv
тів/eg
Тікріті noun:n:nv
Тіксі noun:n:nv
Тімбукту noun:n:nv
тіролець/abc<
Тіроль/e
Тітікака/a
Тіхуана/a
тлумацький/V
Тмутаракань/i
Тобольськ/eg
токайський/V
токійський/V
Токіо noun:n:nv
Токмак/eg
токмацький/V
Толедо noun:n:nv
тольтек/efg<
Тольятті noun:n:nv
томаківський/V
Томашов/eg
томашпільський/V
томський/V
Томськ/eg
тонганський/V
тонга noun:p:nv
Торез/eg
Торонто noun:n:nv
торонтський/V
Торунь/eg
Торчин/eg
Тоскана/a
тосканець/abc<
тосканський/V
тофалари/f<
Трабзон/eg
Трансільванія/a
транскаспійський/V
Трансністрія/a
Трафальгарський/V
Трахтемирів/ac
Требухів/ac
Трентон/eg
Тренто noun:n:nv
трипілець/abc<
Триполі noun:n:nv
Трієст/eg
Трнава/a
Троєщина/a
троєщинець/abc<
троєщинський/V
Троїцьк/eg
тростянецький/V
Тростянець/ac
Троя/a
Труа noun:n:nv
трускавецький/V
Трускавець/ac
тсвана noun:p:nv
тсонга noun:p:nv|noun:f:nv
Туапсе noun:n:nv
тувинський/V
Тузла/a
тузлинський/V
Тула/a
Тулон/eg
Тулуза/a
тулузький/V
тульський/V
тульчинський/V
Тульчин/eg
тунгуський/V
турецько-татарський/V
туринський/V
Турин/eg
турівський/V
турійський/V
Турія/a
Турка/a
турківський/V
Турківщина/a
Туркменбаші noun:n:nv|noun:m:nv
Тустань/i
тутсі noun:p:nv
тушинський/V
Тхімпху noun:n:nv
тюменський/V
Тюмень/i
тюркомовний/V
тюрк/efg<
Тяньаньмень noun:f:nv
Тянь-Шань/e
тячівський/V
угарітський/V
углицький/V
Углич/eg
угорсько-український/V
угри/f<
Угроїди/f
угро-фінський/V
удегеєць/abc<
Удіне noun:n:nv
Удмуртія/a
удмуртський/V
удмурт/efgh<
Уельва/a
Уеска/a
ужгородець/abc<
ужгородський/V
Ужгородщина/a
Ужгород/eg
Узин/eg
Узун-Сирт/e
уйгурський/V
україно-американський/V
україно-білоруський/V
україно-молдовський/V
україно-польський/V
україно-російський/V
україно-французький/V
українсько-австрійський/V
українсько-азербайджанський/V
українсько-американський/V
українсько-англійський/V
українсько-бельгійський/V
українсько-білоруський/V
українсько-бразильський/V
українсько-британський/V
українсько-вірменський/V
українсько-голландський/V
українсько-грецький/V
українсько-грузинський/V
українсько-єврейський/V
українсько-європейський/V
українсько-іспанський/V
українсько-італійський/V
українсько-канадський/V
українсько-китайський/V
українсько-литовський/V
українсько-ліванський/V
українсько-молдавський/V
українсько-молдовський/V
українсько-московський/V
українсько-натовський/V
українсько-нігерійський/V
українсько-німецький/V
українсько-німецько-голландський/V
українсько-польський/V
українсько-російський/V
українсько-російсько-німецький/V
українсько-румунський/V
українсько-руський/V
українсько-словацький/V
українсько-татарський/V
українсько-турецький/V
українсько-туркменський/V
українсько-угорський/V
українсько-французький/V
українсько-чеський/V
українсько-шведський/V
українсько-швейцарський/V
українсько-японський/V
Улан-Батор/eg
Улан-Уде noun:n:nv
ульчі/f<
Ульяновськ/eg
уманець/abc<
уманський/V
Уманщина/a
Умань/i
умбри/f<
Уплісцихе noun:n:nv
уральський/V
Урал/e
урарти/f<
урартський/V
Урбіно noun:n:nv
Ургенч/eg
урду noun:f:nv
Уренгой/eg
уруми/f<
урумський/V
успенський/V
уссурійський/V
Устечко/e
Устилуг/eg
Утрехт/eg
Уфа/a
Ухта/a
Фаллуджа/a
Фарери/o
Фарнборо noun:n:nv
Фастів/ac
Федорівка/a
Феодоро noun:n:nv
феодосієць/abc<
феодосійський/V
Феодосія/a
Фергана/a
Фіви/f
філадельфійський/V
Філадельфія/a
філістимлянин/ejgh<
фінікієць/abc<
фінікійка/abd<
фінікійський/V
фінікіянка/abd<
Фінікс/eg
Фіністер/e
фінляндець/abc<
фіно-угорський/V
фіно-угри/f<
фіно-угрознавство/i
Фіолент/e
Фландрія/a
флорентієць/abc<
флорентійка/abd<
флорентійський/V
Флоренція/a
Флорида/a
флоридський/V
Фоджа/a
Фольксбюне
Фонтанка/a
Фонтенбло noun:m:nv
фороський/V
Форос/e
Фрайбург/ego
фракієць/abc<
фракійський/V
Фракія/a
Франківщина/a
франко-канадець/abc<
франко-німецький/V
франкфуртський/V
Франкфурт/eg
французько-німецький/V
французько-український/V
Фредеріксбург/eg
Фресно noun:n:nv
фризький/V
Фріулі noun:f:nv
Фудзіяма/a
Фудзі noun:m:nv
Фукусіма/a
фульбе noun:p:nv
Фуншал/eg
Фюрстенберг/eg
Фюрт/eg
хабаровський/V
Хабаровськ/eg
Хабомаї noun:p:nv
Хабомай noun:p:nv
Хаджибей/eg
Хазарія/a
Хайфа/a
Хакасія/a
Халкідікі noun:m:nv
хамітський/V
Ханкалі noun:n:nv
Ханой/eg
Ханти-Мансійськ/eg
ханти/f<
Харбін/eg
харківський/V
Харківщина/a
харків'янин/ejgh<
Харків/ac
Хартум/eg
Харцизьк/eg
Хатанга/a
Хеврон/eg
херсонеський/V
Херсонес/eg
херсонець/abc<
херсонський/V
Херсонщина/a
Херсон/eg
Хібіни/o
хімкинський/V
Хімки/b
Хіросіма/a
Хітроу noun:m:nv
хмельницький/V
хмельничанин/ejgh<
хмельничанка/abd<
Хмельниччина/a
хмільницький/V
Хожув/eg
хозарський/V
хозар/efgh<
Хоккайдо noun:m:nv
Холмщина/a
Холм/eg
холодноярець/abc<
холодноярський/V
Хонсю noun:m:nv
Хорезм/e
Хорол/eg
хортицький/V
Хортиця/a
Хоружівка/a
хоружівський/V
хотинський/V
Хотинь/i
Хотин/eg
Хрещатик/eg
Христинівка/a
Християнія/a
Хуанхе noun:f:nv
Хургада/a
хустський/V
Хустщина/a
Хуст/eg
Х'юстон/eg
Царгород/eg
царичанський/V
Цвітоха/a
Цейлон/e
центральноазіатський/V
центральноамериканський/V
центральноєвропейський/V
центральноукраїнський/V
Цинциннаті noun:n:nv
Цусіма/a
Цхінвалі noun:n:nv
цхінвальський/V
Цюрих/eg
цюрупинський/V
чадський/V
Чанаккале noun:n:nv
Чапаївка/a
Чарлстон/eg
Чатем noun:m:nv
Чатир-Даг/e
Чауда noun:m:nv
Чебоксари/o
челябінський/V
Челябінськ/eg
Чемер/eg
Ченстохова noun:n:nv
ченстоховський/V
Червоногородський/V
червоноградець/abc<
червоноградка/abd<
червоноградський/V
Червоноград/eg
Черемош/e
Черемушки/f
Череповець/a
Черкаси/o
черкаський/V
Черкащина/a
чернівецький/V
Чернівеччина/a
Чернівці/f
чернівчанин/ejgh<
чернівчанка/abd<
чернігівець/abc<
чернігівський/V
чернігівчанин/ejgh<
Чернігівщина/a
Чернігів/acd
черновецький/V
черняхівський/V
черокі noun:p:nv
Честерфілд/e
Честер/eg
чесько-російський/V
Четем/e
чехословак/efgh<
чехословацький/V
Чехословаччина/a
чеченський/V
Чечня/a
Чешир/e
чжуан noun:p:nv
Чигиринщина/a
Чигирин/eg
Чикаго noun:n:nv
чиказький/V
Чимкент/eg
чинук/efg<
Чита/a
чорнобаївський/V
Чорнобай/eg
чорнобилець/abc<
чорнобильський/V
Чорнобиль/eg
чорноліський/V
чорноморець/abc<
чорноморський/V
чортківський/V
Чортків/ac
Чортомлицький/V
чугуївський/V
Чугуїв/acd
чуднівський/V
чудь/i
Чукотка/a
чукотський/V
Чуфут-Кале noun:n:nv
Шамбері noun:n:nv
Шампань/i
шанхайський/V
Шанхай/eg
Шаолінь noun:m:nv
Шаранта/a
шаргородський/V
Шаргород/eg
Шарджа/a
Шарлотт noun:n:nv
Шахтарськ/eg
шацький/V
Шацьк/eg
шваб/efgh<
Шварцвальд/eg
шведсько-український/V
Шебелинка/a
Шегині/f
Шелтон/eg
Шенген/e
Шеньчжень/eg
Шеньян/eg
Шепетівка/a
шепетівський/V
Шеффілд/eg
шиїтський/V
широківський/V
ширяївський/V
шишацький/V
шорець/abc<
Шостка/a
шосткинський/V
Шпіцберген/eg
шполянський/V
шріланкієць/abc<
штутгартський/V
Штутгарт/eg
шумеро-вавилонський/V
шумерський/V
шумер/efgh<
Шумськ/eg
Шяуляй/eg
Щецин/eg
Юзівка/a
юзівський/V
Юкатан/e
юр'ївський/V
Юрмала/a
юрмальський/V
Юта/a
Ютландія/a
Яблунівка/a
яванець/abc<
яванський/V
Ява/a
яворівський/V
Яворів/ac
яворський/V
Ягодин/eg
яготинський/V
Яготин/eg
Яйла/a
Якутія/a
якутський/V
Якутськ/eg
Ялта/a
ялтинець/abc<
ялтинський/V
Ямало-Ненецький/V
ямальський/V
ямпільський/V
Янгон/eg
Янцзи noun:f:nv
японсько-китайський/V
Яремча/a
Ярославль/eg
ярославський/V
Ярослав/eg
ярський/V
Ясинувата/i
ясинуватський/V
Яуза/a
