стрілочка/ab
пташечка/ab
красунчик/efg
автобусик/efg
автомобільчик/efg
анекдотець/e
аніскілечки
анічогісеньки
аркушик/ef
бабулька/a
базарчик/e
бінтик/e
боженька/a
браслетик/e
бутербродик/e
бутончик/e
бюстик/e
ваточка/a
висловлюваннячко/ij
вовчище/ij
вокзальчик/e
газончик/e
заводик/efg
киценька/ab
охайненький/VW
очиці/b
ямища/ab
клунька/ab
маячок/abc
алмазик/efg
амурчик/efg
ангеляточко/ij
бабусенька/abd
багатенький/VW
барильце/ij
пінгвинятко/ij
абажурчик/efg
ячмінець/ac
акаційка/ab
нулик/efg
ангелочок/abc
ангелятко/ij
лавочка/ab
альтаночка/ab
анекдотик/efg
апельсинка/ab
апельсинчик/efg
арканчик/efg
бабонька/a
багаттячко/i
бадиллячко/i
бджілонька/ab
бджілочка/ab
бджоленята/b
безталанночка/ab
безталаннячко/ij
барабанчик/efg
барвіночок/abc
барханчик/efg
бересточок/abc
берізонька/ab
бойовисько/e
везиковагінальний/V
везикоректальний/V
вірненький/V
вірнесенький/V
гарнісінький/V
гарнюсінький/V
густенький/V
густесенький/V
густісінький/V
ентерит/e
жабенятко/ij
жабище/i
жабка/ab
женчик/efg
жерстяночка/ab
бровенята/b
хробачок/abc
