# мови, за винятком присутніх в інших словниках

авадхі noun:f:nv
адангме noun:f:nv
акан noun:f:nv
аккадський/V
арауканський/V
астурський/V
афарський/V
африхілі noun:f:nv
#ачеський/V
ачолі noun:f:nv
балійський/V
балучі noun:f:nv
бамбара noun:f:nv
бамілеке noun:f:nv
батак noun:f:nv
беджа noun:f:nv
бемба noun:f:nv
біні noun:f:nv
біслама noun:f:nv
брадж noun:f:nv
бугійський/V
бходжпурі noun:f:nv
вакашський/V
валамо noun:f:nv
варай noun:f:nv
вашо noun:f:nv
венда noun:f:nv
водський/V
ваддялайсет noun:f:nv
волоф noun:f:nv
гайо noun:f:nv
гбайя noun:f:nv
гєез noun:f:nv
гонді noun:f:nv
горонтало noun:f:nv
гребо noun:f:nv
даяк noun:f:nv
дзонгха noun:f:nv
дівехі noun:f:nv
дінка noun:f:nv
діула noun:f:nv
догрі noun:f:nv
догрибський/V
евондо noun:f:nv
екаджук noun:f:nv
ефік noun:f:nv
зенага noun:f:nv
зуньї noun:f:nv
ібанський/V
іджо noun:f:nv
ілоканський/V
інуп'як noun:f:nv
іудео-арабський/V
іудео-перський/V
кабильський/V
каддо noun:f:nv
калааллісут noun:f:nv
каренський/V
качін noun:f:nv
кіньяруанда noun:f:nv
койсанський/V
конкані noun:f:nv
корнійський/V
косрае noun:f:nv
кпеллє noun:f:nv
крі noun:f:nv
крік noun:f:nv
кру noun:f:nv
кунама noun:f:nv
курукх noun:f:nv
кутенаї noun:f:nv
кучін noun:f:nv
кушітський/V
кхасі noun:f:nv
ладіно noun:f:nv
ламба noun:f:nv
лахнда noun:f:nv
лімбургійський/V
лінгала noun:f:nv
ложбан noun:f:nv
луба-катанга noun:f:nv
луба-лулуа noun:f:nv
луїсеньо noun:f:nv
лунда noun:f:nv
луо noun:f:nv
лушей noun:f:nv
магавк noun:f:nv
магадхі noun:f:nv
майтхілі noun:f:nv
мандарський/V
мандінго noun:f:nv
манобо noun:f:nv
марварі noun:f:nv
менде noun:f:nv
менкський/V
мікмак noun:f:nv
мінангкабау
мірандський/V
мон-кхмерський/V
моссі noun:f:nv
науру noun:f:nv
нахуатль noun:f:nv
ндебелє noun:f:nv
нзіма noun:f:nv
ніаська noun:f:nv
ніґеро-кордофанський/V
ніуе noun:f:nv
ньоро noun:f:nv
ньянджа noun:f:nv
ньянколе noun:f:nv
оджібва noun:f:nv
окситанський/V
осейдж noun:f:nv
палауанський/V
пампанга noun:f:nv
пап'яменто noun:f:nv
пехлеві noun:f:nv
понапе noun:f:nv
портуґальсько-креольський/V
рапануї noun:f:nv
раротонга noun:f:nv
інарі noun:f:nv
луле noun:f:nv
скольт noun:f:nv
салішський/V
санго noun:f:nv
сандаве noun:f:nv
сантальський/V
сасакський/V
себуанський/V
сіксіка noun:f:nv
слейв noun:f:nv
сонгай noun:f:nv
сукума noun:f:nv
терено noun:f:nv
тетум noun:f:nv
тлінгіт noun:f:nv
токелау noun:f:nv
ток-пісін noun:f:nv
тувалу noun:f:nv
тумбука noun:f:nv
умбунду noun:f:nv
фарсі noun:f:nv
фіджі noun:f:nv
фінікійсько-пунічний/V
франко-креольський/V
фріульський/V
фула noun:f:nv
хайда noun:f:nv
хауса noun:f:nv
хілігайнон noun:f:nv
хімачалі noun:f:nv
хірі-моту noun:f:nv
хітіті noun:f:nv
хмонг noun:f:nv
хотаносакський/V
хупа noun:f:nv
цимшиан noun:f:nv
чагатайський/V
чаморро noun:f:nv
чейєнн noun:f:nv
чібча noun:f:nv
чіпев'ян noun:f:nv
чокто noun:f:nv
чукський/V
шанський/V
шона noun:f:nv
юпік noun:f:nv

# скрипти

бопомофо noun:m:nv
буґійський/V
бухід noun:m:nv
ваї noun:m:nv
дезерет noun:m:nv
естрангело noun:m:nv
кая noun:m:nv
лі noun:m:nv
кирт noun:m:nv
кхутсурі noun:m:nv
асомтаврулі noun:m:nv
нускхурі noun:m:nv
лепча noun:m:nv
ронг noun:m:nv
лоло noun:m:nv
манде noun:m:nv
мандейський/V
мероїтський/V
пахау noun:m:nv
пхагс-па noun:m:nv
ронго-ронго noun:m:nv
сараті noun:m:nv
сілоті noun:m:nv
нагрі noun:m:nv
блісса noun:m:nv
таана noun:m:nv
тагбанва noun:m:nv
тай-лі noun:m:nv
тифінаг noun:m:nv
хангул noun:m:nv
хануну noun:m:nv
харапський/V
хінді noun:m:nv
шумеро-аккадський/V
іспаномовний/V
кокні noun:m:nv
гельський/V
койне noun:m:nv
ріксмол/e
себуано noun:m:nv
