Абвер/e
Абдула/a
Абдурахман/eghp
Абрам/eghp
Августин/eg
Август/eg
Авдій/eg
Авель/eg
Авило/ep
Авієтка/ad
Авогадро
Аврелій/eg
Агатангел/eg
Агафон/eghp
Агнеса/a
агрипинин/V
адамовий/V
Адам/eghp
Ада/ad
Адольф/egp
Адріан/eghp
Аеросвіт/e
Альберт/eghp
Альбіна/ad
Алі
Аліна/ad
Аліса/a
Алла/ad
Альма/ad
Альфред/eghp
Амелія/a
Анастасія/ad
Анатолій/egp
Ангеліна/ad
Андерсен/eg
Андреа
Андрійко/e
Андрій/egp
Андрухович/eg
Анжеліка/a
Антей/eg
Антип/eghp
Антоніо
Антонов/eg
Антон/eghp
Антося/a
Анубіс/eg
Аня/a
Аполлон/eghp
Аристарх/egp
Аристотель/eg
Аріадна/a
Аркадій/egp
арлекінський/V
Арнольд/eghp
Арсеній/egp
Арсен/eghp
Артек/e
Артеміда/a
Артемій/egp
Артем/eghp
Артур/eghp
Архип/eghp
Архімед/ehg
Аскольдовий/V
Афродита/a
Ахмадінежад/eg
Ахметов/eg
Ахмет/eg
Баал/eg
Байрон/eg
бальзаківський/V
Барбара/a
Бар'яхтар/egh
батиїв/V
Батий/eg
Беатріче
Беженар/egh
Бенджамін/egh
Бенедикт/eghp
Бенфіка/ad
Бен/eg
Берія/a
Берлусконі
Бернард/eg
Бернар/egh
Бессель/eg
Бетельгейзе
Бетховен/eg
Біллі
Бітлз
Боб/eg
Богдан/eghp
Богуслав/eghp
Боїнг/eg
Болівар/efg
Борислав/eg
Борис/eghp
Брамс/eg
Братислава/a
Брегович/eg
Бродський/i
Броніслав/eghp
Бруно
Брюс/eg
Будда/ad
булгаковський/V
Булгаков/eg
Буратіно
Бурджанадзе
Буцефал/ehg
Буш/eg
Ваал/eg
Вадим/eghp
вакхічний/V
Вакх/eg
Валенсія/ad
Валентина/a
Валентин/eghp
Валера/ad
Валеріан/eghp
Валерій/egp
Валерія/ad
валуєвський/V
Ваня/a
варфоломіївський/V
Варфоломій/egp
Варя/a
Василь/egp
Вася/a
Вацлав/eg
Велес/eg
Венедикт/eghp
Веніамін/eghp
Верді
Веремій/egp
Вероніка/ad
Веста/a
Виговський/i
Винниченко/e
Виноградар/l
Висоцький/i
Вишневський/i
Вівальді
Вікентій/egp
Віктор/eghp
Вільгельм/eghp
Вільям/eg
Вінні-Пух/eg
Вінсент/egh
Віссаріон/eghp
Віталій/egp
Віталіна/a
Вітовт/eg
Вітольд/eghp
Вітренко
Владислав/eghp
Владлен/eghp
Водохреще/i
Володимир/eghp
Володя/a
Воровський/V
Всеволод/eghp
В'ячеслав/eghp
Гаврило/ehp
гагарінський/V
Гагарін/eg
Гайдар/eghp
Гайзенберг/eg
Галактіон/eghp
Галина/ad
Галя/a
Гамалія/ad
Гамлет/eg
Ганжа/ad
Ганна/ad
Гаркуша/a
Гаррі
Гарсія/ad
Гварнері
гегелівський/V
Гедеон/egh
Геннадій/egp
Генрі
Генріх/eg
Георгій/egp
Герасим/eghp
Герман/eghp
Гертруда/a
Гіппократ/eg
Гітлер/ehg
Гліб/eghp
Гнатюк/eg
Гнат/eghp
Гоголь/eg
Головко/e
Гонгадзе
Горацій/eg
Гораціо
горбачовський/V
Горгона/a
гордієвий/V
Гордій/egp
Гордон/eg
Грег/eg
Грейс
Греммі
Грета/a
Гретхен
Грибоєдов/egh
Григір/acdp
григоріанський/V
Григорій/egp
Гризельда/ad
Грицько/e
Гриць/eg
Грінченко/e
Грушевський/i
Гюго
Гюльчатай
Давид/eghp
Данило/ehp
Данте
Дарвін/eg
Дарія/ad
д'Арк
Дафна/a
Даша/a
Дворак/eg
деетимологізований/V
Дездемона/a
Дейвід/egh
Дейв/egh
Дейзі
Декарт/eg
Дем'ян/eghp
Денис/eghp
денікінський/V
Деніс
Депардьє
Державтоінспекція/ad
Держмитслужба/ad
Джастін/egh
Джейк/eg
Джеймс/eg
Джейн
Джейсон/eg
Джекоб/egh
Джек/eg
Джен
Дженет
Дженіс
Джералд/egh
Джерард/egh
Джеремі
Джері
Джером/egh
Джеррі
Джессі
Джессіка/a
Джеф/egh
Джиммі
Джим/eg
Джо
Джованні
Джозеф/eg
Джоконда/a
Джон/eg
Джордан/egh
Джорджіна/a
Джордж/eg
Джоул/eg
Джуд/egh
Джузеппе
Джульєтта/a
Джуліан/eg
Джулія/a
дзержинський/V
диснеївський/V
Діана/a
Дідро/i
Дієго
Діма/ad
Діоген/eg
Дмитро/ehp
Добровольський/V
довженківський/V
Довженко/e
Долорес
Домінго
Домінік/eg
Дональд/eg
допплерівський/V
Дора/a
Доротея/a
Дороті
Дорошенко/e
Достоєвський/i
Драгоманов/eg
Дуглас/egh
Дуня/a
Єва/ad
Євгеній/egp
Євгенія/ad
Євген/eghp
Євграф/eghp
Євдоким/eghp
Євдокія/ad
Евелін
Евеліна/a
евклідовий/V
Евклід/eg
Єврокомісія/a
Євсей/egp
Євстафій/egp
Євстахій/egp
Євтушок/ac
Єгор/eghp
Едвард/egh
Едгар/eghp
Едик/eg
Едіта/a
Едмунд/egh
Едуард/eghp
Ейлер/egh
Ейнштейн/egh
Ельвіра/a
Елвіс/eg
Ельдар/eghp
Елеонора/a
Ельза/a
Єлизавета/ad
Єлисей/egp
Елізабет
Емі
Емілі
Емілія/ad
Еммануїл/eghp
Енгельс/eg
Енді
Ендрю
Енеїда/a
Еней/eg
Енергоатом/e
Ентоні
Еол/eg
Єпіфан/eghp
Ервін/egh
Єремія/ad
Еріка/ad
Ерл/egh
Єрмолай/egp
Ерні
Ернст/eg
Єрофій/egp
Естер
Єфрем/eghp
Жадан/eg
Жаклін
Жанна/ad
Жан/egh
Жванецький/i
Женя/a
Жерар/egh
Жигулі/b
Жозефіна/a
Жора/ad
Забужко
Захар/eghp
Зевс/ehg
Зінаїда/ad
Зіна/ad
Зіновій/egp
Златка/ad
Зореслав/eg
Зося/a
Зоя/ad
Ібрагім/egph
Іванка/a
Івановий/V
Іван/eghp
Ігнатій/egp
Ігнат/eghp
Ігор/eghp
Ізольда/a
Ікар/egh
Іларіон/eghp
Іліодор/eghp
Ілля/ap
Інна/ad
Інокентій/egp
Іполит/eghp
Іраклій/egp
Іра/ad
Ірен
Ірина/ad
Ісус/ehg
Йосип/eghp
Казимир/eghp
кантівський/V
Капітон/eghp
Карен
Карл/eghp
кармелітський/V
Карпо/ep
Кас'ян/eghp
Катерина/ad
Катря/a
Катя/a
Кевін/egh
Кейт
Кейті
Кетрін
Київенерго
Київміськрада/a
Київрада/a
Кирило/ehp
Кіквідзе
Кімберлі
Кіндзмараулі
Кіндратій/egp
Кіндрат/eghp
Клавдій/egp
Клавдія/ad
Клайд/egh
Клара/ad
Кларенс
Клаус/egh
Клеопатра/a
Клепаков/e
Клер
Клим/eghp
Кличко/i
Клінтон/egf
Клінт/eg
Клод/egh
Колумб/eg
Коля/a
Кондоліза/a
Конфуцій/eg
Коперник/eg
Копернік/eg
Коран/eh
Корній/egp
Костянтин/eghp
Костя/a
Котляревський/i
Коцюбинський/V
Ксенія/ad
Кузьма/adp
Купріян/eghp
Кучма/ad
Лаврентій/egp
Лагранж/e
Лада/a
Ладимир/eg
Лазар/eghp
Лайза/a
Лариса/ad
Лаура/a
Левко/i
Лев/eghp
Лена/ad
Ленін/egh
Леонардо
Леонід/eghp
Леонтій/egp
Леопольд/eghp
Леся/a
Лесь/eg
Либідь/i
Ліда/ad
Лідія/ad
Ліза/ad
Ліля/a
Лінус/eg
Лола/a
Лоліта/a
Луїза/a
Луїс/eg
Лукас/eg
Лука/adp
Лук'ян/eghp
Лусія/a
Любава/a
Любаня/a
Люба/ad
Любислава/a
Любляна/a
Любомир/eghp
Людмила/ad
Людовик/eg
Людовік/eg
Льюїс/eg
Люсі
Люсіль
Люсінда/a
Люсія/a
Мавка/a
Магдаліна/a
Магомет/ehg
Маделіна/a
Мадлен
Мазепа/ad
Майкл/eg
Майк/eg
Макар/eghp
Макензі
Максим/eghp
Максін
Макс/egh
Маланка/a
Малуша/a
Мамай/eg
Мандельброт/eg
Марат/eg
Марвін/egh
Маргарита/ad
Марго
Марина/ad
Маріанна/a
Марійка/ad
Марічка/ad
Марія/ad
Маркес/eg
Марко/ep
Маркс/ehg
Маркус/eg
Марк/eg
Марсельєза/ad
Марс/ehg
Марта/ad
Мартин/eghp
Маруся/a
Марфа/a
Мар'яна/ad
Мар'я/ad
Матвієнко/e
Матвій/egp
махновський/V
Махно/i
Маша/a
Мая/a
Мелашка/ad
Меркурій/egp
Мерседес
Мефодій/egp
Микита/adp
миколаїв/V
Миколай/egp
Микола/ad
Миколка/ad
Милослава/a
Милослав/egp
Мирон/eghp
Мирослава/ad
Мирослав/eghp
Митрофан/eghp
Михайло/ehp
Михась/eg
Міка/ad
Міллер/eg
Мілтон/egh
Міранда/a
Мітчел/eg
Млада/a
Младена/ad
Модест/eghp
Мойсей/egp
Мона/a
Моніка/ad
Монро
Монте-Крісто
Моргот/eg
Морзе
Мотря/a
Моцарт/eg
Мстислав/eghp
Мустафа/ad
Мухаммад/eg
Мьобіус/eg
Навахо
Надін
Надя/a
Назар/eghp
Наполеон/ehg
Настася/a
Настуся/a
Настя/a
Наталія/ad
Наталка/ad
Наталя/a
Натаніель/eg
Наташа/a
Наум/eghp
Нацбанк/e
Нельсон/egh
Нептун/ehg
Нестор/eghp
Никанор/eghp
Никифор/eghp
Никодим/eghp
Ничипір/acdp
Ніна/ad
Ноель/eg
Нортон/eg
Нострадамус/eg
Овен/abc
Овер'ян/eghp
Овсій/egp
Одарка/ad
Одрі
Оксана/ad
Октавія/a
Ольвія/ad
Ольга/ad
Олег/egp
Олександра/ad
Олександр/eghp
Олекса/adp
Олексій/egp
Олена/ad
Оленка/ad
Олеся/a
Олесь/eg
Олівер/egh
Олівія/a
Оля/a
Омелян/eghp
Онисим/eghp
Онопрій/egp
Опанас/eghp
Оранта/ad
Орися/a
Оришка/ad
Осип/eghp
Оскар/efghp
Остап/eghp
Отто
Охрім/eghp
Павло/ehp
Памела/a
Панас/eghp
Пандора/a
Панкрат/eghp
Пантелеймон/eghp
Парамон/eghp
Параска/ad
Патрік/eg
Паула/a
Паша/a
Пенелопа/a
Перегрін/eg
Перемисл/eg
Переяслав/eg
П'єро
Перун/eg
П'єр/eg
Петлюра/a
Петрівка/ad
Петро/ehp
Пилип/eghp
Пимін/acdp
Пікассо
Пілат/ehg
Пітер/eg
Платон/egh
Плутон/ehg
Полікарп/eghp
Поліна/ad
Пол/eg
Понтій/eg
Порфирій/egp
Потап/eghp
Потьомкін/eg
Потоцький/V
Пріська/ad
Прокіп/abp
Прохір/acdp
Путін/eg
Пушкін/egh
Радимира/a
Радислав/eg
Радован/eg
Радомира/a
Радомир/eg
Радомисл/eg
Радослава/a
Радослав/eg
Раїса/ad
Рассел/eg
Ратибор/eg
Ратимир/eg
Ратислав/eg
Рєпін/egh
Рильський/i
Рінат/eg
Роберт/eghp
Робін/eg
Роджер/egh
Родіон/eghp
Родні
Родольфо
Родослава/a
Родослав/eg
Родрік/eg
Розаліна/a
Розалінда/a
Роза/a
Розмарі
Рой/eg
Роксана/a
Роксі
Роксолана/ad
Роланд/eg
Роман/eghp
Ромео
Рональд/egh
Росаріо
Ростислав/eghp
Рубан/egh
Рубен/eghp
Рубік/eg
Рудольф/eghp
Руперт/eg
Руслан/eghp
Рута/a
Саакашвілі
Сабіна/a
Сава/adp
Савелій/egp
Саїд/egh
Саймон/egh
Саксаганський/V
Самсон/eghp
Самуїл/eg
Сандра/a
Санта/a
Сара/a
Саркозі
Сатурн/egh
Саша/a
Світлана/ad
Святогора/a
Святогор/eg
Святолюба/a
Святолюб/eg
Святополк/eg
Святослав/eghp
Селеста/a
Селестина/a
Селіна/a
Семен/eghp
Семіраміди
Сем/eg
Сенді
Серафима/ab
Сергіїв/V
Сергій/egp
Сесілія/a
Сигізмунд/eghp
Сидір/acdp
Силантій/egp
Симон/egh
Скоропадський/i
Сміяна/a
Сніжана/a
Сніжан/eg
Соломія/ad
Соломон/eghp
Солоха/ad
Спартак/eg
Спиридон/eghp
Сталін/egh
Станіслав/eghp
Стенлі
Степан/eghp
Стефан/egh
Стівен/eg
Стів/egh
Стоян/eg
Стюарт/egh
Сулейман/eg
Сухомлинський/i
Таїса/ad
Таїсія/ad
Талібан/e
Тамара/ad
Таня/a
тарасовий/V
Тарас/eghp
Твердислава/a
Твердислав/eg
Тедді
Тед/eg
Теліга/a
Теодор/eg
Тереза/a
Терентій/egp
Тетяна/ad
Тимофій/egp
Тимошенко/e
Тимур/eghp
Тихін/acdp
Тихон/eghp
Тіна/a
Томас/eg
Трент/eg
Трифон/eghp
Трохим/eghp
Укоопспілка/a
Украеронавігація/a
Укрзалізниця/a
Укрнафта/a
Укрпошта/a
Укрфармація/ad
Улас/eghp
Уляна/ad
Устин/eghp
Фадей/egp
Федір/acdp
Федот/eghp
Фелікс/eghp
Феміда/a
Феофан/eghp
Ферапонт/eghp
Фердинанд/egh
Филимон/eghp
Фібі
Філарет/eghp
Філіп/eg
Філ/eg
Флойд/eg
Флоренс
Фома/adp
Франклін/eg
Франко/e
Франсуа
Франц/eg
Франческа/a
Фредерік/eg
Фред/eg
Френк/eg
Френсіс
Фріда/a
Фрідріх/egp
Фройд/eg
Харитон/eghp
Хезболла/a
Хенк/eg
Хівря/a
Хіларі
Хілларі
Хома/adp
Христина/ad
Христіан/eg
Христовий/V
Христос/egh
Христя/a
Хуанхе
Х'ю
Х'юго
Цірцея/a
Чарлі
чеховський/V
Шевченко/e
Шекспір/eg
Шмідт/eg
Шульга/ad
Щек/eg
Юліан/eghp
Юлій/egp
Юлія/a
Юля/a
Юнона/a
Юра/ad
Юрій/egp
Юрко/e
Юстас/eg
Юхим/eghp
Ющенко/e
Явдоха/ad
Яким/eghp
Яків/acdp
Ян/eghp
Ярема/ap
Ярило/i
Ярина/a
Яромил/eg
Яромисл/eg
Ярополк/eg
ярославів/V
Ярославна/a
Ярослав/eghp
