а-ба-ба-га-ла-ма-га
абабагаламагівський/V
Абашидзе
Аббас/eg
Абвер/e
Абдула/a
Абдурахман/eghp
Абрамовіч/eg
Абрам/eghp
Аваков/eg
Августин/eg
Август/eg
Авдій/eg
Авель/eg
Авило/ep
Авієтка/ad
Авогадро
Аврелій/eg
Агатангел/eg
Агафон/eghp
Агнеса/a
агрипинин/V
адамовий/V
Адам/eghp
Ада/ad
Адольф/egp
Адріан/eghp
Аеросвіт/e
Азовсталь/i
Аїд/eg
Айнштайн/eg
Акімов/U
Алан/eg
Альберто
Альберт/eghp
Альбіна/ad
Альбіон/e
Альбрехт/eg
Алексєєв/eg
Алекс/eg
Ален/eg
Алі
Алієв/eg
Аліна/ad
Аліса/a
Аль-Каїда/a
аль-Кайда/a
Алла/ad
аль-Малікі
Альма/ad
Алонсо
Альфред/eghp
Амелія/a
Амосов/eg
Анастасія/ad
Анатолій/egp
Анатоль/eg
Ангеліна/ad
Андерсен/eg
Андерсон/eg
Андерс/eg
Анджей/eg
Андре
Андреа
Андреас/eg
Андрієвський/i
Андрійко/e
Андрій/egp
Андріян/eg
Андромеда/a
Андрон/eg
Андрухович/eg
Анжеліка/a
Аніщенко/e
Аннан/eg
Анна/a
Анрі
Антей/eg
Антип/eghp
Антоній/eg
Антоніна/a
Антоніо
Антонов/eg
Антон/eghp
Антося/a
Антуан/eg
Анубіс/eg
Аня/a
Аполлон/eghp
Ар'єв/eg
Аристарх/egp
Аристотель/eg
Аріадна/a
Аркадій/egp
арлекінський/V
Арні
Арнольд/eghp
Арсеній/egp
Арсен/eghp
Артек/e
Артеміда/a
Артемій/egp
Артем/eghp
Артур/eghp
Архип/eghp
Архімед/ehg
Асад/e
Аскольдовий/V
Ассанж/eg
Ататюрк/eg
Атена/a
Атлетіко
Афанасьєв/eg
Афанасій/eg
Афродита/a
Ахілл/eg
Ахмадінежад/eg
Ахмед/eg
Ахметов/U
Ахмет/eg
Аякс/eg
Баал/eg
Баганець/ac
Байрон/eg
Байру
бальзаківський/V
Балога/a
Бальцерович/eg
Бандера/a
Барамідзе
Барановський/i
Барбара/a
Барні
Баррозу
Бар'яхтар/egh
батиїв/V
Батий/eg
Бахус/eg
Бах/eg
Беатріче
Беженар/egh
Безьє
Безп'ятчук/eg
Белла/a
Беллона/a
Бенджамін/egh
Бенедикт/eghp
Бенуа
Бенфіка/ad
Бенюк/eg
Бен/eg
Березюк/eg
Бержерак/eg
Берія/a
Берлінале
Берлусконі
Бернард/eg
Бернар/egh
Бессель/eg
Бетельгейзе
Бетмен/eg
Бетховен/eg
бібулка/a
бігунчик/efg
бідка/a
бідняга/ab
бідняжечка/ab
бідняжка/ab
бідонька/a
Біллі
Білл/eg
білобрівка/a
білокрівці/b
Білоус/eg
білування/i
білуха/a
бісма
Бітлз
Блер
Блетчлі
Блохін/eg
Боб/eg
Богдан/eghp
Богуслав/eghp
Боїнг/eg
Болеслав/eg
Болівар/efg
Бонапарт/eg
Борислав/eg
Борисов/U
Борис/eghp
Боровець/ac
Бочковський/V
Брамс/eg
Братислава/a
Браун/eg
Браян/eg
Брегович/eg
Бредбері
брежнєвський/V
Брежнєв/eg
Брєжнєв/eg
Бригинець/ac
Бродський/i
Броніслав/eghp
Бронте
Бруно
Брюс/eg
Будда/ad
будник/efg
будячок/abc
бузимок/abc
буйволяка/ab
буйволя/lm
Булатецький/i
бульбисько/e
булгаковський/V
Булгаков/eg
булькотати/AG
буль/eg
бумкати/IG
бундз/e
Буратіно
Бурджанадзе
бурулечка/ab
бутин/ef
бутити/AG
буханчик/eg
Буцефал/ehg
буцівка/a
буша/a
Буш/eg
Ваал/eg
Вадим/eghp
Вакарчук/eg
вакхічний/V
Вакх/eg
Валенсія/ad
Валентина/a
Валентин/eghp
Валера/ad
Валеріан/eghp
Валерій/egp
Валерія/ad
Валер'ян/eg
валуєвський/V
Ваня/a
варфоломіївський/V
Варфоломій/egp
Варшаломідзе
Варя/a
Васадзе
Васильєв/eg
Василенко/e
Василь/egp
Вася/a
Вацлав/eg
Ващук/eg
Вега/a
Велес/eg
Венедикт/eghp
Веніамін/eghp
Вердер/eg
Верді
Веремій/egp
Вернадський/i
Вернер/eg
Вероніка/ad
Веста/a
Виговський/i
Винниченко/e
Винничук/eg
Виноградар/l
Висоцький/i
Вихристенко/e
Вишневський/i
Вівальді
Вікентій/egp
Віктор/eghp
Вільгельм/eghp
Вілен/eg
Вільногірський/i
Вільямс/eg
Вільям/eg
Вінні-Пух/eg
Вінсент/egh
Вінстон/eg
Віссаріон/eghp
Віталій/egp
Віталік/eg
Віталіна/a
Віталь/eg
Вітовт/eg
Вітольд/eghp
Вітренко
Вішну
Владислав/eghp
Владлен/eghp
Власенко/e
Власов/eg
Водохреще/i
Возницький/i
Волков/eg
Володимир/eghp
Володя/a
Волошин/eg
Волощук/eg
Вольфганг/eg
Вольф/eg
Воровський/V
Воропаєв/eg
Всеволод/eghp
В'ятрович/eg
В'ячеслав/eghp
Габріель/eg
Габсбург/efg
габсбурзький/V
Гавел/eg
Гаврилко/e
Гаврило/ehp
гагарінський/V
Гагарін/eg
Гадес/eg
газпромівський/V
Газпром/e
Гайдар/eghp
Гайзенберг/eg
Галактіон/eghp
Галатасарай/eg
Галина/ad
Галя/a
Гамалія/ad
Гамлет/eg
Ганжа/ad
Ганна/ad
Ганнуся/a
Ганс/eg
Гаркуша/a
Гарольд/eg
Гаррі
Гарсія/ad
Гварнері
Геба/a
гегелівський/V
Гегель/eg
Гедеон/egh
Гектор/eg
Геліос/eg
Геннадій/egp
Генрі
Генріх/eg
Георгій/egp
Георг/eg
Геракл/eg
Герасим'юк/eg
Герасим/eghp
Геращенко/e
Герберт/egh
Герман/efghp
Гермес/eg
Геродот/eg
Гертруда/a
Гершель/eg
Гете
Гефест/eg
Гіларі
Гілларі
Гіменей/eg
Гіппократ/eg
Гітлер/ehg
Гліб/eghp
Глузман/eg
Глущенко/e
Гнатюк/eg
Гнат/eghp
Говорухін/eg
Гоголь/eg
Головаха/a
Головко/e
Голоскевич/eg
Гомер/eg
Гомес/eg
Гонгадзе
Горацій/eg
Гораціо
Горбаль/eg
горбачовський/V
Горбачов/eg
гордієвий/V
Гордій/egp
Гордон/eg
Горін/eg
Гор/eg
Грегорі
Грег/eg
Грейс
Греммі
Грета/a
Гретер/eg
Гретхен
Грибоєдов/egh
Григір/acdp
Григоришин/eg
григоріанський/V
Григорій/egp
Гризельда/ad
Гримчак/eg
Гриневич/eg
Грицак/eg
Гриценко/e
Грицько/e
Гриць/eg
Грищенко/e
Грінченко/e
Грушевський/i
Губський/i
Гуго
Гузар/eg
Гуменюк/eg
Гурвіц/eg
Густав/eg
Гюго
Гюльчатай
Давиденко/e
Давидов/U
Давид/eghp
д'Аламбер/eg
Данило/ehp
Даніель/eg
Даніел/eg
Данте
Данченко/i
Дарвін/eg
Дарина/a
Даринка/a
Дарійка/a
Дарія/ad
д'Арк
д'Артаньян/eg
Даруня/a
Даруся/a
Дарця/a
Дафна/a
Даша/a
Дворак/eg
Девід/eg
деетимологізований/V
Дездемона/a
Дейвід/egh
Дейв/egh
Дейзі
Декарт/eg
Демуцький/i
Дем'янюк/eg
Дем'ян/eghp
Денисенко/i
Денис/eghp
денікінський/V
Деніс
Депардьє
Дерев'янко/i
Державтоінспекція/ad
Держгеонадра/b
Держземагентство/i
Держказначейство/e
Держкомзем/e
Держмитниця/a
Держмитслужба/ad
Держнацпроект/e
Держспоживінспекція/a
Держстат/e
Джастін/egh
Джейк/eg
Джеймз/eg
Джеймс/eg
Джейн
Джейсон/eg
Джекі
Джекоб/egh
Джексон/eg
Джек/eg
Джемілєв/eg
Джен
Дженет
Дженіс
Дженніфер
Джералд/egh
Джерард/egh
Джеремі
Джері
Джером/egh
Джеррі
Джессі
Джессіка/a
Джеф/egh
Джиммі
Джим/eg
Джо
Джованні
Джозеф/eg
Джоконда/a
Джолі
Джонні
Джонсон/eg
Джонс/eg
Джон/eg
Джордан/egh
Джорджіна/a
Джордж/eg
Джоул/eg
Джуд/egh
Джузеппе
Джульєтта/a
Джуліан/eg
Джулія/a
дзержинський/V
диснеївський/V
Діана/a
Дідро/i
Дієго
Діма/ad
Діоген/eg
Діонісій/eg
Дмитро/ehp
Дніпроенерго
Добкін/eg
Добровольський/V
довженківський/V
Довженко/e
Долорес
Домбровський/i
Домінго
Домінік/eg
Дональд/eg
Донбасенерго
Доній/eg
Донміськбанк/e
Донцов/eg
допплерівський/V
Дора/a
Доротея/a
Дороті
Дорошенко/e
Достоєвський/i
ДПЕК
Драгоманов/eg
Дубосєково
Дуглас/egh
Дуня/a
Єва/ad
Євгеній/egp
Євгенія/ad
Євген/eghp
Євграф/eghp
Євдоким/eghp
Євдокія/ad
Евелін
Евеліна/a
евклідовий/V
Евклід/eg
Єврокомісія/a
Євросуд/e
Євсей/egp
Євстафій/egp
Євстахій/egp
Євтушок/ac
Єгор/eghp
Едвард/egh
Едгар/eghp
Едді
Едик/eg
Едіта/a
Едмунд/egh
Едуард/eghp
Єжель
Єжов/eg
Ейлер/egh
Ейнштейн/eg
екс-бютівець/abc
Ельвіра/a
Елвіс/eg
Ельдар/eghp
Елеонора/a
Ельза/a
Єлизавета/ad
Єлисей/egp
Елізабет
Елла/a
Елліот/eg
Еллочка/a
Ельнара/a
Елоїза/a
єльцинський/V
Єльцин/eg
Ємець/ac
Емі
Емілі
Емілія/ad
Еміль/eg
Еммануїл/eghp
Емма/a
Енгельс/eg
Енді
Ендрю
Енеїда/a
Еней/eg
Енергоатом/e
Енріке
Ентоні
Еол/eg
Єпіфан/eghp
Ервін/egh
Ердоган/eg
Єремія/ad
Еріка/ad
Ерік/eg
Ерл/egh
Єрмолай/egp
Ернест/eg
Ерні
Ернст/eg
Єрофій/egp
есдек/efg
Естер
Єфремов/eg
Єфрем/eghp
Ештон/eg
Жаботинський/i
Жадан/eg
Жаклін
Жанна/ad
Жан/egh
Жванецький/i
Жванія/a
Жеваго
Женя/a
Жерар/egh
Жигулі/b
Жозе
Жозефіна/a
Жозеф/eg
Жора/ad
Жорж/eg
Жуан/eg
Журавський/i
Забзалюк/eg
Забужко
Заїкин/eg
Закарпатгаз/e
Закарпаттяобленерго
Запоріжсталь/i
Захарченко/e
Захар/eghp
Західенерго
Згуровський/i
Зевс/ehg
Зенон/eg
Зінаїда/ad
Зіна/ad
Зіновій/egp
Зінченко/e
Златка/ad
Зореслав/eg
Зося/a
Зоя/ad
Ібрагім/egph
Іванішвілі
Іванка/a
Івановий/V
Іванов/U
Іванющенко/e
Іван/eghp
Іващенко/e
Ігнатій/egp
Ігнат/eghp
Ігорівна/a
Ігорів/U
Ізіда/a
Ізольда/a
Ікарус/e
Ікар/egh
Іларіон/eghp
Іліодор/eghp
Ілля/ap
Інна/ad
Інокентій/egp
Інтернаціонале
Інтер/eg
Іполит/eghp
Іраклій/egp
Іра/ad
Ірен
Ірена/ad
Ірина/ad
Іринка/a
Ісус/ehg
Йозеф/eg
Йосип/eghp
Кавалерідзе
Кавсадзе
Казимир/eghp
Калинчук/eg
Калінін/eg
кантівський/V
Капітон/eghp
Капранов/U
Карен
Карло
Карлос/eg
Карл/eghp
Кармазін/eg
кармелітський/V
Карнегі
Карпачов/U
Карпо/ep
Каськів
Каськів/g
Кастанеда/a
Кастро
Кас'ян/eghp
Катерина/ad
Катеринчук/eg
Катря/a
Катя/a
Качинський/i
КДКА
Кевін/egh
Кейт
Кейті
Келлі
Кемерон/eg
Кеннеді
Керрі
Кетрін
Київенерго
Київміськрада/a
Київрада/a
Кириленко/e
Кирило/ehp
Кіквідзе
Кімберлі
Кінг/eg
Кіндзмараулі
Кіндратій/egp
Кіндрат/eghp
Кіра/a
Клавдій/egp
Клавдія/ad
Клайд/egh
Клара/ad
Кларенс
Кларк/eg
Клаус/egh
Клеопатра/a
Клепаков/e
Клер
Клименко/e
Климент/eg
Клим/eghp
Кличко/ef
Клінтон/egf
Клінт/eg
Клод/egh
КМІС
Княжицький/i
Кобилянська/i
Коваленко/e
Ковальчук/eg
Коельйо
Кожем'якін/eg
Колесниченко/e
Коліушко/e
Коллінз/eg
Колобов/eg
Коломойський/i
Колумб/eg
Колчак/eg
Коля/a
компартійний/V
Кондоліза/a
Кондратюк/eg
Коновалюк/eg
Кононенко/e
Конрад/eg
Конфуцій/eg
Копатько/e
Копелєв/eg
Коперник/eg
Копернік/eg
Коран/eh
Корнацький/i
Корнійчук/eg
Корній/egp
Корнілов/eg
Королевська/i
корупціонер/efg
Костас/eg
Костенко/e
Костянтин/eghp
Костя/a
Котляревський/i
Кофі
Коцюбинський/V
Кравченко/e
Кредобанк/e
Кремер/eg
Крименерго
Крістіан/eg
Крістофер/eg
Крістоф/eg
Крузо
Крюківський/i
Ксенія/ad
Кужель
Кузьма/adp
Кузнєцов/U
Кулиняк/eg
Куніцин/eg
Купріян/eghp
Курбас/eg
Куртуа
Курт/eg
Кутузов/eg
Кучма/ad
кучмізм/e
Кшиштоф/eg
Лаврентій/egp
Лавринович/eg
Лагранж/e
Лада/a
Ладимир/eg
Лазар/eghp
Лайза/a
Лана/a
Ландау
Лановий/i
Лариса/ad
Ларін/eg
Лаура/a
Лаціо
Львович/efg
Левко/i
Левченко/e
Лев/eghp
Лена/ad
Ленін/egh
Леннон/eg
Леонардо
Леонард/eg
Леонід/eghp
Леонтій/egp
Леопольд/eghp
Леслі
Леся/a
Лесь/eg
Лещинський/i
Либідь/i
Липинський/i
Лисенко/e
Ліда/ad
Лідія/ad
Ліза/ad
Ліля/a
Лінда/a
Лінус/eg
Лобановський/i
Лола/a
Лоліта/a
Лоренцо
Лубківський/i
Лувр/e
Луїджі
Луїза/a
Луїс/eg
Лукас/eg
Лукашенко/i
Лукашук/eg
Лукаш/eg
Лука/adp
Лук'яненко/e
Лук'янченко/e
Лук'ян/eghp
Лусія/a
Луценко/e
Любава/a
Любаня/a
Люба/ad
Любислава/a
Любляна/a
Любомир/eghp
Людвіг/eg
Людмила/ad
Людовик/eg
Людовік/eg
Льюїс/eg
Люсі
Люсіль
Люсінда/a
Люсія/a
Лютер/eg
Ляпін/eg
Мавка/a
Мавроді
Магдаліна/a
Магера/a
Магомет/ehg
Маделіна/a
Мадлен
Мазепа/ad
Мазур/eg
Майкл/eg
Майк/eg
Макар/eghp
Макензі
Маківчук/eg
Макіїввугілля/i
Маккартні
Максиміліан/eg
Максим/eghp
Максін
Макс/egh
Маланка/a
Маланюк/eg
Мальборо
Малишко/e
Малуша/a
Мамай/eg
Мандельброт/eg
Мандельштам/eg
Мануель/eg
Мануел/eg
Марат/eg
Марвін/egh
Маргарет
Маргарита/ad
Марго
Мардж
Марек/eg
Марина/ad
Маріанна/a
Марійка/ad
Маріо
Марічка/ad
Марія/ad
Маркес/eg
Маркіян/eg
Марко/ep
Маркс/ehg
Маркус/eg
Марк/eg
Марсельєза/ad
Марс/ehg
Марта/ad
Мартиненко/e
Мартинюк/eg
Мартин/eghp
Мартін/eg
Маруся/a
Марфа/a
Марченко/e
Марчук/eg
Мар'яна/ad
Мар'ян/eg
Мар'я/ad
Матвієнко/e
Матвійчук/eg
Матвій/egp
Матіос
Махмуд/eg
махновський/V
Махно/i
Мацієвич/eg
Маша/a
Маяковський/V
Мая/a
Медведєв/eg
медсестринство/i
Мелашка/ad
Мелетій/eg
Мельниченко/e
Мельничук/eg
Мердок/eg
Мерилін
Меркурій/egp
Мерседес
мерседес/ef
Мерфі
Метінвест/e
Метью
Мефодій/egp
Микита/adp
Микитенко/e
миколаїв/V
Миколайчук/eg
Миколай/egp
Микола/ad
Миколка/ad
Милослава/a
Милослав/egp
Миронов/U
Мирон/eghp
Мирослава/ad
Мирослав/eghp
Митрофан/eghp
Михайлина/a
Михайлов/U
Михайло/ehp
Михальчишин/eg
Михальчук/eg
Михась/eg
Міка/ad
Мікеланджело
Мікель/eg
Міллер/eg
Мілорад/eg
Мілошевич/eg
Мілош/eg
Мілтон/egh
Мінагрополітики
Міненерго
Мінкульт/e
Мінрегіонбуд/e
Мінсоцполітики
Мінфін/e
Міранда/a
Мірошниченко/e
мітингувальник/efg
Мітт/eg
Мітчел/eg
Міхаель/eg
Мішель/eg
Млада/a
Младена/ad
Могилянка/a
Модест/eghp
Мозолевський/i
Мойсей/egp
Мольєр/eg
Мона/a
Моніка/ad
Монро
Монтгомері
Монте-Крісто
Монтре
Морган/eg
Моргот/eg
Моретті
Морзе
Моріс
Моріссо
Москаленко/e
Мотря/a
Мохаммед/eg
Моцарт/eg
Мстислав/eghp
Муаммар/eg
Мубарак/eg
Муратов/U
Мустафа/ad
Мухаммад/eg
Мухаммед/eg
Мьобіус/eg
Набукко
Навахо
Надін
Надя/a
Назарбаєв/eg
Назар/eghp
Наливайко/e
Наливайченко/e
Наполеон/ehg
Настася/a
Настуся/a
Настя/a
Наталія/ad
Наталка/ad
Наталя/a
Натаніель/eg
Наташа/a
Наумов/U
Наум/eghp
Нахімов/eg
Нацбанк/e
нашоукраїнець/abc
Нельсон/egh
Неля/a
Нептун/ehg
Нестор/eghp
Нетаньягу
Нефтчі
Никанор/eghp
Никифор/eghp
Никодим/eghp
Ничипір/acdp
Ніко
Ніколай/eg
Ніколич/eg
Ніколіч/eg
Ніколя
Ніксон/eg
Ніна/ad
Новаківський/i
Ноель/eg
Нортон/eg
Нострадамус/eg
Нурі
Обама/a
Обухов/U
Овен/abc
Овер'ян/eghp
Овсій/egp
Огюст/eg
Одарка/ad
Одаронька/a
Одарочка/a
Одарченко/e
Одрі
ОЕСР
Оксана/ad
Оксанка/a
Октавія/a
Ольвія/ad
Ольга/ad
Ольгерд/eg
Олег/egp
Олександер/eg
Олександра/ad
Олександр/eghp
Олекса/adp
Олексієнко/e
Олексій/egp
Олена/ad
Оленка/ad
Олеся/a
Олесь/eg
Олівер/egh
Олівія/a
Олійник/eg
Олімпіакос/eg
Олімпік/eg
Оля/a
Омельченко/e
Омелян/eghp
Онисим/eghp
Онищенко/e
Онопрій/egp
Онуфрій/eg
Опанас/eghp
Оранта/ad
Орест/eghp
Оринька/a
Оринка/a
Ориська/a
Орися/a
Оришка/ad
Орлов/eg
Оробець/ac
Осип/eghp
Оскар/efghp
Остап/eghp
Отто
Охрім/eghp
Пабло
Павленко/e
Павловський/i
Павло/ehp
Павлюк/eg
Памела/a
Панас/eghp
Панатінаїкос/eg
Пандора/a
Панетта
Паніотто
Панкрат/eghp
Пантелеймон/eghp
Паоло
Параджанов/U
Парамон/eghp
Параска/ad
Паркінсон/eg
Патон/eg
Патрік/eg
Паула/a
Пауль/eg
Пахачук/eg
Пахтакор/e
Паша/a
Педро
Пенелопа/a
пепсі
Перегрін/eg
Перемисл/eg
Переяслав/eg
П'єро
Перрі
Перун/eg
П'єр/eg
Петлюра/a
Петрівка/ad
Петро/ehp
Пилипишин/eg
Пилипчук/eg
Пилип/eghp
Пимін/acdp
Пироженко/e
Південно-Західний/V
Пікассо
Пілат/ehg
Піскун/eg
Пітер/eg
Платіні
Платон/egh
Плутон/ehg
Повалій
Подерв'янський/i
Поклітару
Полікарп/eghp
Поліна/ad
Поліщук/eg
Поль/eg
Пол/eg
Пономарьов/eg
Понтій/eg
Попеску
Порошенко/e
Портнов/eg
Порфирій/egp
Потап/eghp
Потьомкін/eg
Потоцький/V
Поттер/eg
Преслі
Пригодський/i
Пріська/ad
Прокіп/abp
прокомуністичний/V
прокремлівський/V
Прометей/eg
промосковський/V
Прохір/acdp
Птолемей/eg
Пуанкаре
Пуаро
путінізація/a
путініст/efg
путінський/V
Путін/eg
Пушкін/egh
Радимира/a
Радислав/eg
Радован/eg
Радомира/a
Радомир/eg
Радомисл/eg
Радослава/a
Радослав/eg
Раїса/ad
Райс
Райффайзен
Ральф/eg
Рамон/eg
Рассел/eg
Ратибор/eg
Ратимир/eg
Ратислав/eg
Рауль/eg
Рафаель/eg
Ребекка/a
Рейнджерс
Рейчел
Ренат/eghp
Рене
Рені
Рєпін/egh
Рибаков/eg
Рибачук/eg
Рильський/i
Рідлі
Рікардо
Рінат/eg
Річі
Рішельє
Роберто
Роберт/eghp
Робін/eg
Рогозін/eg
Роджер/egh
Родіон/eghp
Родні
Родольфо
Родослава/a
Родослав/eg
Родрігес/eg
Родрік/eg
Розаліна/a
Розалінда/a
Роза/a
розкрутка/a
Розмарі
Рой/eg
Роксана/a
Роксі
Роксолана/ad
Роланд/eg
Романов/U
Романюк/eg
Роман/eghp
Ромео
Рональд/egh
Росаріо
Росатом/e
Ростислав/eghp
Рубан/egh
Рубен/eghp
Рубік/eg
Рубльов/eg
Рудольф/eghp
Рузвельт/eg
Руперт/eg
Руслан/eghp
Руссо
Рута/a
Рухлє
Рюрикович/efg
Рябченко/e
Саакашвілі
Сабіна/a
Сава/adp
Савелій/egp
Саддам/eg
Саїд/egh
Саймон/egh
Саксаганський/V
Самійло/ehp
Сампдорія/a
Самсон/eghp
Самуїл/eg
Сандра/a
Санніков/eg
Санта/a
Санчо
Сара/a
Саркозі
Сатурн/egh
Сахаров/eg
Саша/a
Сашко/e
Сверстюк/eg
Світлана/ad
свободовець/lm
Святогора/a
Святогор/eg
Святолюба/a
Святолюб/eg
Святополк/eg
Святослав/eghp
Себастьян/eg
Северин/efg
Селеста/a
Селестина/a
Селіванов/eg
Селіна/a
Семенюк/eg
Семен/eghp
Семіраміди
Семюел/eg
Сем/eg
Сенді
Сенека/a
Серафима/ab
Сервантес/eg
Сергіїв/V
Сергій/egp
Сесілія/a
Сибнефть/i
Сигізмунд/eghp
Сидір/acdp
Силантій/egp
Сильвестр/eg
Симеон/eg
Симон/egh
Сікорський/i
Сільвіо
Сіньков/eg
Скорик
Скоропадський/i
Сміт/eg
Сміяна/a
Смотрицький/i
Сніжана/a
Сніжан/eg
Собєський/i
Соболєв/eg
соборівець/abc
Сократ/eg
Соловйов/eg
Соломія/ad
Соломон/eghp
Солоха/ad
Сорокін/eg
Сорос/eg
Спартак/eg
Спиридон/eghp
Ставнійчук/eg
Сталін/egh
Станіслав/eghp
Стахів/eg
Стенлі
Степан/eghp
Стефан/egh
Стецьків/eg
Стівен/eg
Стів/egh
Столипін/eg
Стоян/eg
Стус/eg
Стюарт/egh
Суворов/eg
Сулейман/eg
Сулима/a
Сумихімпром/e
Супруненко/e
Суркіс/eg
Суслов/eg
Сухомлинський/i
Тадей/eg
Тадеуш/eg
Таїса/ad
Таїсія/ad
Талібан/e
Тамара/ad
Таня/a
Тарасенко/e
тарасовий/V
Тарасюк/eg
Тарас/eghp
Твердислава/a
Твердислав/eg
Тедді
Тед/eg
Тейлор/eg
Тейшейра
Теліга/a
Теодор/egp
Тереза/a
Терентій/egp
Терещенко/e
Терьохін/eg
Террі
Тесленко/e
Тетчер
Тетяна/ad
Тимофій/egp
тимошенківець/abc
Тимошенко/e
Тимур/eghp
Тимченко/e
Тихін/acdp
Тихон/eghp
Тищенко/e
Тіна/a
Тіто
Ткаченко/e
Ткачук/eg
Томас/eg
Томаш/eg
Томенко/e
Трегуб/eg
Трент/eg
Трифон/eghp
Трохим/eghp
Троцький/i
Труханів/V
Турчинов/U
Тютюнник/eg
ударівець/abc
Укоопспілка/a
Украеронавігація/a
Укргазвидобування
Укргідроенерго
Укрексімбанк/e
Укренерго
Укрзалізниця/a
Укрнафта/a
Укроборонпром/e
Укрпошта/a
Укрпрофоздоровниця/a
Укрсоцбанк/e
Укрспецекспорт/e
Укрспирт/e
Укртатнафта/a
Укртелеком/e
Укртрансгаз/e
Укртранснафта/a
Укрфармація/ad
Улас/eghp
Уляна/ad
Ульяненко/i
Умберто
Устин/eghp
Фадей/egp
Фалуньгун
Фаріон
Фауст/eg
Федір/acdp
Федот/eghp
Фейсбук/eo
Фелікс/eghp
Фелліні
Феміда/a
Фенербахче
Феофан/eghp
Ферапонт/eghp
Фердинанд/egh
Фернандес/eg
Фесенко/e
Филимон/eghp
Фібі
Філарет/eghp
Філіп/eg
Філ/eg
Фіорентина/a
Фірташ/eg
Флойд/eg
Флоренс
Фоліо
Фома/adp
Фоменко/e
Франклін/eg
Франко/e
Франсуа
Франсуаза/a
Франс/eg
Франтішек/eg
Франциск/eg
Франц/eg
Франческа/a
Фредді
Фредерік/eg
Фред/eg
Френк/eg
Френсіс
Фріда/a
Фрідріх/egp
Фройд/eg
Фрунзе
Хаменеї
Хаммер/eg
Ханеке
Харитон/eghp
Хармс/eg
Хасевич/eg
Хезболла/a
Хенк/eg
Хівря/a
Хіларі
Хілларі
Хірш/eg
Ходорковський/i
Холмс/eg
Хома/adp
Хомутинник/eg
Хонда/a
Хорошковський/i
Хосе
Хосні
Христина/ad
Христіан/eg
Христовий/V
Христос/egh
Христофор/eg
Христя/a
Хрущов/eg
Хуанхе
Хуан/eg
Хусейн/eg
Х'ю
Х'юго
Центрвиборчком/e
Центренерго
центробанк/ef
Цзіньпін/eg
Цзіньтао
Цзян
Цірцея/a
Чавес/eg
Чайковський/i
Чаплін/eg
Чарльз/eg
Чарлі
Чаушеску
Чебурашка/a
Челсі
Черновецький/i
чеховський/V
Чижевський/i
Чикаленко/e
Чорновіл/ac
Чорноморнафтогаз/e
Шалімов/eg
Шарль/eg
шевченковий/V
Шевченко/e
Шекспір/eg
Шепелєв/eg
Шептицький/i
Шерлок/eg
Шишкін/eg
Шкляр/eg
Шлемкевич/eg
Шмідт/eg
Шостакович/eg
Штефан/eg
Шульга/ad
Шульц/eg
Шумахер/eg
Шумський/V
Шустер/eg
Шуфрич/eg
Шухевич/eg
Щек/eg
Щербаков/eg
Щербань/eg
Ювентус/eg
Юзеф/eg
Юліан/eghp
Юлій/egp
Юлія/a
Юля/a
Юнайтед
Юнона/a
Юпітер/egh
Юра/ad
Юрій/egp
Юрко/e
Юстас/eg
Юхим/eghp
Юшко/e
Ющенко/e
Яблонська/i
Явдоха/ad
Яворівський/V
Яким/eghp
Яків/acdp
Яковенко/e
Яковченко/e
Янгель/eg
Януш/eg
Ян/eghp
Ярема/ap
Яремчук/eg
Ярило/i
Ярина/a
Яромил/eg
Яромир/eg
Яромисл/eg
Ярополк/eg
ярославів/V
Ярославна/a
Ярослав/eghp
Ярошенко/e
Яценко/e
Яценюк/eg
