А-Ба-Ба-Га-Ла-Ма-Га
а-ба-ба-га-ла-ма-га
абабагаламагівський/V
Абашидзе
Аббас/eg
Абвер/e
Абдалла/a
Абдула/a
Абдулін/eg
Абдулла/a
Абдулов/U
Абдурахман/eghp
Абрамовіч/eg
Абрамов/U
Абрам/eghp
Абрахам/eg
Абсурдистан/eg
Абуладзе
Аваков/U
Августин/eg
Августо
Август/eg
Авдєєв/U
Авдєєнко/e
Авдієнко/e
Авдій/eg
Авель/eg
Аверченко/e
Авило/ep
Авіант/e
Авігдор/eg
Авієтка/ad
Авіценна/a
Авогадро
Авраам/eg
Авраменко/e
Аврамов/U
Аврелій/eg
Автанділ/eg
АвтоЗАЗ/e
АвтоКрАЗ/e
Агамемнон/eg
Агассі
Агатангел/eg
Агафія/a
Агафон/eghp
Агахова/a
Агєєв/U
Агнес
Агнеса/a
агрипинин/V
Адальберт/eg
Адаменко/e
Адамкус/eg
адамовий/V
Адамс/eg
Адамчук/eg
Адам/eghp
Ада/ad
Аденауер/eg
Адідас
Адлінгтон/eg
Адольфо
Адольф/egp
Адріано
Адріан/eghp
Адріяна/a
Аеліта/a
АероСвіт/e
Аеросвіт/e
Азазелло
Азазель/eg
азаровський/V
азаровщина/a
Азаров/U
Азіза/a
Азімов/eg
Азнавур/eg
Азовмаш/e
Азовсталь/i
Аїда/a
Аїд/eg
Айболить
Айвазовська/i
Айвазовський/i
Айвенго
Айдан
Айдар/eg
Айдер/eg
Айзек/eg
Айман/eg
Айне
Айнтрахт/eg
айнштайновий/V
Айнштайн/eg
Айседора/a
Айтматов/U
Айше
Акаєв/U
Акакій/eg
Акбар/eg
Аквінський/i
Акименко/e
Акімов/U
Акіхіто
Акопян/eg
Аксаков/U
Аксельрод/eg
Аксель/eg
Аксентійчук/eg
Аль-Акса/a
Алан/eg
Аль-Арабія/a
Алатрісте
Альбан/eg
Альберто
Альберт/eghp
Альбер/eg
Альбіна/ad
Альбіноні
Альбіон/e
Альбрехт/eg
Альварес/eg
Альваро
Альгемайне
Альгірдас/eg
Аль-Джазіра/a
Альдо
Алейхем/eg
Алеко
Александер/eg
Алексєєв/U
Алексійчук/eg
Алексій/eg
Алексіс/eg
Алекс/eg
Алек/eg
Альєнде
Ален/eg
Алессандро
Алессіо
Алехандро
Алі
Алібек/eg
Алієв/U
Алізаде
Алік/eg
Аліна/ad
Аліса/a
Алісія/a
Алістер/eg
Алішер/eg
Аль-Каїда/a
аль-Кайда/a
Аль-Кудс/eg
Алла/ad
Альмавіва
аль-Малікі
Альма/ad
Альмодовар/eg
Альона/a
Алонсо
Альтман/eg
Альтомонте
Альфано
Алфєєв/U
Альфонсо
Альфредо
Альфред/eghp
Алфьоров/U
Алханов/U
Альцгеймер/eg
Амадей/eg
Амадео
Амадеус/eg
Аманда/a
Амарето
Амаркорд
Амбер/eg
Амвросій/eg
Амелі
Амелія/a
Аменабар/eg
Америко
Аміксин/e
Амір/eg
Амонашвілі
Аморі
Амосов/U
Амос/eg
Ананд/eg
Анастасія/ad
Анастас/eg
Анатолій/egp
Анатоль/eg
Ангеліна/ad
Андерсен/eg
Андерсон/eg
Андерс/eg
Анджей/eg
Анджеліна/a
Андре
Андреа
Андреас/eg
Андрєєв/U
Андреотті
Андрес/eg
Андріана/a
Андріанов/U
Андріан/eg
Андрієвський/V
Андрієнко/e
Андрійко/e
Андрійчук/eg
Андрій/egp
Андріс/eg
Андріян/eg
Андромеда/a
Андронікашвілі
Андрон/eg
Андропов/U
Андрощук/eg
Андрусенко/e
Андрусяк/eg
Андрухович/eg
Андрушко/e
Андрущенко/e
Андрюс/eg
Андрющенко/e
Анелька/a
Анетта/a
Анжела/a
Анжеліка/a
Анжеліна/a
Анжі
Анищенко/e
Анісімов/U
Аніщенко/e
Аннан/eg
Анна/ad
Анничка/a
Анрі
Ансельм/eg
Антадзе
Антахович/eg
Антей/eg
Антипенко/e
Антипов/U
Антип/eghp
антитимошенківський/V
Антігона/a
Антін/eg
Антоненко/e
Антонеску
Антонич/eg
Антоній/eg
Антоніна/a
Антоніо
Антоніс/eg
Антоніу
Антонов/U
Антонюк/eg
Антоняк/eg
Антон/eghp
Антося/a
Антуан/eg
Анубіс/eg
Анфіса/a
Анчелотті
Аньямке
Аня/a
Аполлінер/eg
Аполло
Аполлон/eghp
Арафат/eg
Арбузов/U
Арвідас/eg
Ар'єв/U
Ареф'єв/U
Аристарх/egp
Аристотель/eg
Аріадна/a
Аріель/eg
Аркадій/egp
Арлекіно
арлекінський/V
Армандо
Арман/eg
Армен/eg
Армстронг/eg
Арні
Арнольд/eghp
Арсеній/egp
Арсенюк/eg
Арсен/eghp
артеківець/abc
Артек/eo
Артемвугілля/i
Артем'єв/U
Артеменко/e
Артеміда/a
Артемій/egp
Артем/eghp
Арто
Артуро
Артур/eghp
Артюшенко/e
Арутюнян/eg
Архипенко/e
Архипов/U
Архипчук/eg
Архип/eghp
Архімед/ehg
Асад/e
Аскольдовий/V
Аскольд/eg
Аслан/eg
Аслунд/eg
Асман/eg
Ассанж/eg
Ассанте
Астаф'єв/U
Астахов/U
Астон/eg
Астрід
Аталанта/a
Атамбаєв/U
Атанасов/U
Ататюрк/eg
Атаян/eg
Атена/a
Аткінсон/eg
Атлант-М
Атлетико
Атлетіко
Атон/eg
Атос/eg
Аттіла/a
Аугусто
Ауді
Аудронюс/eg
Ауріка/a
Афанасьєв/U
Афанасій/egp
Афіна/a
Афоня/a
Афродита/a
Афродіта/a
Ахеджаков/U
Ахілл/eg
Ахмадінеджад/eg
Ахмадінежад/eg
Ахмад/eg
Ахматова/i
Ахмедов/U
Ахмед/eg
Ахметов/U
Ахмет/eg
Ахтісаарі
Ашан/e
Ашот/eg
Аякс/eg
Баал/eg
Баас
Бабаєв/U
Бабай/eg
Бабаков/U
Бабель/eg
Бабенко/e
Бабич/eg
Бабійчук/eg
Бабкін/U
Бабурін/U
Бабушкін/U
Бабчук/eg
Баганець/ac
Багапш/eg
Багіров/U
Баграмян/eg
Бадоєв/U
Бадрак/eg
Бадр/eg
Баєр/eg
Бажал/eg
Бажанов/U
Бажан/eg
Баженов/U
Базилевич/eg
Базилевський/V
Базилевс/eg
Базиліо
Байден/eg
Байєр/eg
Байрон/eg
Байру
Байсаров/U
Бакієв/U
Бакіров/U
Бакстер/eg
Бакулін/U
Бакуменко/e
Бакуріані
Бакштаєв/U
Балабанов/U
Балабуєв/U
Балаганов/U
Балакін/U
Балакірєв/U
Балашов/U
Балаш/eg
Балаян/eg
бальзаківський/V
Бальзак/eg
Балицький/V
Баллак/eg
Баллок
Балмер/eg
Балога/a
Балотеллі
Балтія/a
Бальцерович/eg
Балюк/eg
Баль/eg
Банах/eg
Бангура/a
Бандерас/eg
Бандера/a
Бандінеллі
Баніоніс/eg
Банников/U
Бано
Банчук/eg
Барабанов/U
Барабашов/U
Барабаш/eg
Барамідзе
Баранкевич/eg
Баранович/efg
Барановський/i
Баранов/U
Барбара/a
Барбаросса
Барбі
Барвіненко/e
Барвінський/V
Бардо
Барзані
Баркер/eg
Барлоу
Барнард/eg
Барні
Баррі
Баррозо
Баррозу
Барський/V
Бартенєв/U
Бартолі
Бартоломео
Барт/eg
Бар'яхтар/egh
Басаєв/U
Басараб/eg
Басенко/e
Баскервіль/efg
Басков/U
Басманний/V
Бастилія/a
батиїв/V
Батий/eg
Батраченко/e
Батуріна/a
Бауер/eg
Бауман/eg
Баффет/eg
Бахарєв/U
Бахман/eg
Бахматов/U
Бахматюк/eg
Бахус/eg
Бах/eg
Башар/eg
Башмет/eg
Беатрікс
Беатріс
Беатріче
Бебель/eg
Беверлі
Беженар/egh
Безьє
Безп'ятчук/eg
Безсонова/i
Безуглий/i
Безулик/eg
Бейкер/eg
Бекешкіна/i
Беккенбауер/eg
Беккер/eg
Беккет/eg
Бекмамбетов/U
Бекхем/eg
Белінський/V
Бєлінський/V
Белькевич/eg
Белла/a
Белліні
Беллона/a
Беллуччі
Бельмондо
Белтрансгаз/e
Беляєв/U
Бембі
Беназір
Бенвенуто
Бен-Гуріон/eg
Бенджамін/egh
Бенедикт/eghp
Бенжамін/eg
Беніта/a
Беніто
Бенкендорф/eg
Бенкс/eg
Беньо
Бенсон/eg
Бентлі
Бентон/eg
Бенуа
Бенфіка/ad
Бенюк/eg
Беньямін/eg
Беня/a
Бен/eg
Бергман/eg
Бердимухамедов/U
Бердимухаммедов/U
Бердяєв/U
Берд/eg
Берегівський/V
Березюк/eg
Бержерак/eg
Берінг/eg
Берія/a
Берлінале
Берліоз/eg
Берлусконі
Бернанке
Бернардо
Бернард/eg
Бернар/egh
Бернерс-Лі
Берніні
Бернстайн/eg
Бернс/eg
Беррі
Беррімор/eg
Берсані
Берта/a
Бертолуччі
Бертон/eg
Бертран/eg
Берт/eg
Бесараб/eg
Бесеску
Беспалий/i
Бессель/eg
Бессінджер/eg
Бессонов/U
Бессон/eg
Бетельгейзе
Бетмен/eg
Бетсі
Бетті
Бетховен/eg
Бехтерєв/U
Бешикташ/e
Бжезинський/i
Бжезінський/i
Биков/U
Бистрицький/V
Биструшкін/eg
Бистряков/U
Бі-Бі-Сі
Бі-бі-сі
бібулка/a
Бігелоу
бігунчик/efg
бідка/a
бідняга/ab
бідняжечка/ab
бідняжка/ab
бідонька/a
Білецький/V
Біллі
Білл/eg
Білоблоцький/V
білобрівка/a
Білодід/eg
білокрівці/b
Білосніжка/a
Білоус/eg
білування/i
білуха/a
Біньямін/eg
Бірюков/U
бісма
Бісмарк/eg
Бітлз
Бйорк
Бйорн/eg
Блаттер/eg
Блекберн/eg
Блер/eg
Блетчлі
Блохін/eg
Блумберг/eg
Блум/eg
Блюхер/eg
Боббі
Боб/eg
Боварі
Бовуа
Бовуар
Богарт/eg
Богатирьов/U
Богачевський/V
Богаченко/e
Богданов/U
Богдан/eghp
Богодар/eg
Боголюбов/U
Боголюбський/V
Богомазов/U
Богомолов/U
Богоявленський/V
Богуміл/eg
Богун/eg
Богуслав/eghp
Богуцький/i
Боделан/eg
Боднарчук/eg
Боднар/eg
Бодріяр/eg
Бодров/U
Бодянський/V
Божена/a
Боженко/e
Боїнг/egf
Бойл/eg
Бойченко/e
Бойчук/eg
Боккаччо
Боккеріні
Болдирєв/U
Болдрідж/eg
Болдуїн/eg
Болеслав/eg
Болівар/efg
Боллівуд/eg
Болтон/eg
Большаков/U
Бомарше
Бонапарт/eg
бондіана/a
Боннер
Боно
Борджіа
Борзенко/e
Борисенко/e
Борислав/eg
Борисов/U
Борисоглібський/V
Борисюк/eg
Борис/eghp
Борман/eg
Боровець/ac
Боровиковський/V
Боровський/V
Боровскі
Бородай/eg
Бородинський/V
Бородін/U
Бортко/o
Бортнянський/V
Боруссія/a
Борхес/eg
Борщевський/V
Борщенко/e
Борщівський/V
Босенко/e
Босх/eg
ботокс/e
Боттічеллі
Боуї
Бочкарьов/U
Бочковський/V
Боярчук/eg
Брагін/U
Бразаускас/eg
Брайант/eg
Брайз/eg
Брайчевський/V
Брамс/eg
Брандао
Брандо
Брандт/eg
Братислава/a
Братунь/eg
Брауде
Браунер/eg
Браун/eg
Браян/eg
Брегвадзе
Брегович/eg
Бредбері
Бредлі
брежнєвізм/e
брежнєвський/V
брежнєвщина/a
Брежнєв/U
Брєжнєв/U
Брендан/eg
Брендон/eg
Бренсон/eg
Брехт/eg
Брехуненко/e
Бригинець/ac
Бригінець/ac
Бризгалов/U
Брильська/i
Бріджит
Бровко/e
Бровченко/e
Бродський/i
Бромвіч
Брондуков/U
Броніслав/eghp
Бронников/U
Бронте
Бронштейн/eg
Броснан/eg
Брукс/eg
Бруні
Бруно
Брут/eg
Брюллов/U
Брюно
Брюс/eg
Брюховецька/i
Брюховецький/i
Буазізі
Бу-Ба-Бу
Бубнов/U
Бугаєв/U
Будда/ad
будник/efg
Будьонний/i
будячок/abc
Бузек/eg
бузимок/abc
буйволяка/ab
буйволя/lm
Букіккіо
Буковський/V
Буковскі
Булавін/U
Булатецький/i
бульбисько/e
булгаковський/V
Булгаков/U
Булганін/U
Булдаков/U
Булига/a
булькотати/AG
буль/eg
бумкати/IG
Бундесбанк/e
бундз/e
Бунін/U
Бунюель/eg
Буняк/eg
Буратіно
Бурджанадзе
Бурже
Бурмака/a
бурулечка/ab
Бурштейн/eg
Бусел/eg
Бусленко/e
Буслов/U
Бутейко/e
Бутенко/e
бутин/ef
бутити/AG
Буткевич/eg
Бутко
Буткявічюс/eg
Бутман/eg
Бутовський/V
Бутурлін/U
Бутусов/U
буханчик/eg
Буцефал/ehg
буцівка/a
Бучма/a
буша/a
Буше
Буш/eg
Бхутто
Бюлент/eg
бютівський/V
Ваал/eg
Вавілов/U
Ваганьковський/V
Вагіт/eg
вагнерівський/V
Вадим/eghp
Вайкуле
Вайльд/eg
Вайман/eg
Ваймарський/V
Вайнберг/eg
Вайнер/eg
Вайсберг/eg
Вакарчук/eg
Ваксман/eg
Вакула/a
Вакуленко/e
вакхічний/V
Вакх/eg
Вальбург/eg
Валдас/eg
Вальдемар/eg
Валдіс/eg
Валенберг/eg
Валенса/a
Валенсія/ad
Валентайн/eg
Валентина/a
Валентин/eghp
Валентіно
Валера/ad
Валеріан/eghp
Валерій/egp
Валерія/ad
Валер'ян/eg
Вальєхо
Вальзуані
валуєвський/V
Ванга/a
Ванда/a
Ванесса/a
Ванников/U
Вано
Ваня/a
Варгас/eg
Варга/a
Варлаам/eg
Варламов/U
Варлам/eg
варфоломіївський/V
Варфоломій/egp
Варцаба/a
Варшаломідзе
Варя/a
Васадзе
Василевський/V
Васильєв/U
Василенко/e
Василина/a
Василишин/eg
Василій/eg
Василіса/a
Васильченко/e
Василь/egp
Васнецов/U
Вассерман/eg
Васюник/eg
Васюта/a
Васянович/eg
Вася/a
Ватсон/eg
Ватуляк/eg
Ватутін/U
Ваффен-СС
Вахнянин/eg
Вахтангов/U
Вахтанг/eg
Вацлав/eg
Вашадзе
Ващенко/e
Ващук/eg
Вдовиченко/e
Веббер/eg
Вебстер/eg
Вега/a
Ведель/eg
Ведерникова/i
Ведернікова/i
Вейдер/eg
Вексельберг/eg
Векслер/eg
Веласкес/eg
Велес/eg
Величко/e
Веллінгтон/eg
Веллс/eg
Венглинський/V
Венедикт/eghp
Веніамін/eghp
Вербицький/V
Вергеліс/eg
Вергілій/eg
Вердер/eg
Верді
Вередюк/eg
Веремій/egp
Веремчук/eg
Верецький/V
Верещагін/U
Вєрка/a
Вернадський/i
Вернер/eg
Вернидубов/U
Верьовка/a
Вероніка/ad
Версаче
Верстюк/eg
Вертер/eg
Вертинський/V
Верхратський/V
Вершигора/a
Вершинін/U
Веселовський/V
Веслав/eg
Вєслав/eg
Веспасіан/eg
Веста/a
Вествуд
Вестервелле
Вестінгауз/eg
Вест-Пойнт/eg
Вестфалія/a
Ветвицький/V
Ветлицький/V
Виговський/i
Вижницький/V
Винниченко/e
Винничук/eg
Виноградар/l
Виноградівський/V
Виноградов/U
Винокуров/U
Вирипаєв/U
високозамківський/V
Висоцький/i
Витвицький/V
Вихристенко/e
Вишиванюк/eg
Вишинський/V
Вишневська/i
Вишневський/i
віагра/a
Віардо
Вівальді
Вів'єн
Вівіан/e
Вігго
Відоплясова
Візенталь/eg
Війтович/eg
Вікентій/egp
Віке-Фрейберга
Вікілікс
Вікторія/ad
Віктор/eghpf
Віктюк/eg
Вільгельм/eghp
Вільде
Вілен/eg
Вілкул/eg
Вілле
Вілліс/eg
Вільмонт
Вільнер/eg
Вільногірський/i
Вільпен/eg
Вільсон/eg
Вілсон/eg
Вільфрід/eg
Вільямс/eg
Вільям/eg
Вільяреал/eg
Вілья/a
Вінграновський/V
Вінер/eg
Вінклер/eg
Вінні
Вінні-Пух/eg
Вінокуров/U
Вінсент/egh
Вінський/i
Вінслет
Вінстон/eg
Вінтерберг/eg
Вінтерботтом/eg
Вінтер/eg
Вінтон/eg
Вінфрі
Вінченцо
Вінчі
Віолетта/a
Вірастюк/eg
Вірляна/a
Вірсаладзе
Вірський/i
Вірт/eg
Вісенте
Вісконті
Віслава/a
Вісмар/eg
Віссаріон/eghp
Віталик/eg
Віталій/egp
Віталік/eg
Віталіна/a
Віталь/eg
Вітаутас/eg
Віта/a
Вітвицький/V
Вітенко/e
Вітковський/V
Вітмен/eg
Вітні
Віто
Вітовський/V
Вітовт/eg
Вітольд/eghp
Віторган/eg
Вітренко
Вітторіо
Віцин/eg
Вішну
Владислав/eghp
Владлен/eghp
Власенко/e
Власов/U
Власта/a
Влодзімеж/eg
Влодко
Воверайт/eg
Вовкун/eg
Водохреще/i
Воєводін/U
Возницький/i
Возняк/eg
Воїслав/eg
Войнич/eg
Войнович/eg
Войтенко/e
Войтила/a
Войцек/eg
Войцех/eg
Вокер/eg
Воланд/eg
Вольвенд
Вольво
Вольдемар/eg
Волдеморт/eg
Волиньгаз/e
Волков/U
Волконський/V
Воллебек/eg
Воловецький/V
Володимирів/V
Володимир/eghp
Володислав/eg
Володін/U
Володя/a
Волокітін/U
Волосожар
Волосянка/a
Волочкова/i
Волошин/eg
Волошкевич/eg
Волощук/eg
Вольський/V
Вольтер/eg
Волтер/eg
Волт/eg
Вольфганг/eg
Вольф/egp
Вонг/eg
Воннегут/eg
Воплі
Воргол/eg
Воробйов/U
Воровський/V
Воронін/U
Воронцовський/V
Воронцов/U
Воропаєв/U
Ворошилов/U
Воррен/eg
Ворхол/eg
Воскресенський/V
Вотергейт/e
Воццек
Вронська/i
Врубель/eg
Врублевський/V
Врунгель/eg
Всеволод/eghp
Вуді
Вудро
Вудсток/e
Вудс/eg
Вудхауз/eg
Вужинський/V
Вулфовіц/eg
Вульф/eg
Вулф/eg
Вупі
Вучетич/eg
В'язівський/V
В'ятрович/eg
В'ячеслав/eghp
Габашвілі
Габен/eg
Габор/eg
Габріела/a
Габріеле
Габріель/eg
Габсбург/efg
габсбурзький/V
Гавел/eg
Гавранчич/eg
Гавриїл/eg
Гавриленко/e
Гаврилишин/eg
Гаврилко/e
Гаврилов/U
Гаврило/ehp
Гаврилюк/eg
Гавришкевич/eg
Гавриш/eg
Гаврош/eg
Гавчук/eg
гагарінський/V
Гагарін/U
Гадес/eg
Гадюкін/U
Гаєвський/V
Гаетано
Газекспорт/e
Газзаєв/U
Газманов/U
Газовик-Скала
Газпромбанк/e
Газпромзбут/e
газпромівський/V
Газпром/e
Гайворонський/V
Гайдабура/a
Гайдаєв/U
Гайдай/eg
Гайдар/eghp
Гайзенберг/eg
Гайзенберґ/eg
Гайнріх/eg
Гайнц/eg
Гайтана/a
Гайтнер/eg
Галайда/a
Галактіон/eghp
Галатасарай/eg
Галатенко/e
Галатея/a
Галина/ad
Галинський/i
Галкін/U
Галковська/i
Галустян/eg
Галушко/e
Гальченко/e
Гальчинський/i
Галя/a
Гамалія/ad
Гамзатов/U
Гамлет/eg
Гамсун/eg
Гандзюк/eg
Ганеке
Ганжа/ad
Ганза/a
Ганна/ad
Ганнібал/eg
Ганнуся/a
Ганс-Юрген/eg
Ганс/eg
Гантер/eg
Гапон/eg
Гапчинська/i
Гапчук/eg
Гаральд/eg
Гарбарчук/eg
Гарбо
Гаргантюа
Гардецький/V
Гарібальді
Гарік/eg
Гарін/U
Гаркавенко/e
Гаркуша/a
Гарольд/eg
Гаррі
Гаррісон/eg
Гарроне
Гаррос
Гарсіа
Гарсія/ad
Гартман/eg
Гасанов/U
Гаскойн/eg
Гаспарян/eg
Гаспар/eg
Гаташ
Гаудеамус/eg
Гауді
Гафійка/a
Гафія/a
Гафт/eg
Гачечіладзе
Гачкевич/eg
Гашек/eg
Гаяне
Гварнері
Гвен
Гвердцителі
Гвідо
Гвінет
Геба/a
Геббельс/eg
Гебріел/eg
Гевара/a
гегелівський/V
Гегель/eg
Гедеон/egh
Геєць/ac
Гейдар/eg
Гейлі
Гейтс/egf
Гекльберрі
Гектор/eg
Гельвецій/eg
Гелетей/eg
Геліос/eg
Гельман/eg
Гельмер/eg
Гельмут/eg
Гельфанд/eg
Генасамблея/a
Геннадій/egp
Генрик/eg
Генрі
Генріх/eg
Геншер/eg
Георгієвський/V
Георгієв/U
Георгій/egp
Георгіос/eg
Георгіу
Георг/eg
Геракліт/eg
Геракл/eg
Герасименко/e
Герасимець/ac
Герасимов/U
Герасимчук/eg
Герасим'юк/eg
Герасим/eghp
Геращенко/e
Герберт/egh
Гербурт/efg
Гергієв/U
Герич/eg
Гермайзе
Герман/efghp
Гермес/eg
Герміона/a
Геродот/eg
Геррі
Герта/a
Гертруда/a
Герцен/eg
Гершвін/U
Гершель/eg
Гершензон/eg
Гессе
Гете
Гетьманчук/eg
Гетсиманський/i
Гефест/eg
Гешко/e
Гжегож/eg
Гирич/eg
Гібсон/eg
Гіві
Гігі
Гігіадзе
Гідо
Гідон/eg
Гійом/eg
Гіларі
Гілевич/eg
Гіленко/e
Гілларі
Гіменей/eg
Гіммлер/eg
Гінзберг/eg
Гінзбург/eg
Гіннесс/eg
Гіоане
Гіппократ/eg
Гітлер/ehg
Гія/a
Гладій/eg
Гладкова/i
Гладченко/e
Глазьєв/U
Глазовий/i
Глазунов/U
Гленн/eg
Глибоцький/V
Глибочицька/i
Глібов/U
Глібчук/eg
Гліб/eghp
Глузман/eg
Глущенко/e
Гмиря/a
Гнатенко/e
Гнатишин/eg
Гнаткевич/eg
Гнатюк/eg
Гнат/eghp
Гнилицький/V
Гніздовський/V
Говард/eg
Говорухін/eg
Гогольфест/e
Гоголь/eg
Годар/eg
Годвін/eg
Годунко
Годунов/U
Гольдман/eg
Голенко/e
Голль/eg
Голобородько/e
Головайчук/eg
Голованов/U
Головатюк/eg
Головаха/a
Головацький/i
Головачов/U
Головащук/eg
Головін/U
Головкиївміськбуд/e
Головко/e
Головченко/e
Голомша/a
Голоскевич/eg
Голохвастов/U
Голубєв/U
Голубенко/e
Голубович/eg
Голубовський/i
Голубов/U
Голубченко/e
Гомбрович/eg
Гоменюк/eg
Гомер/eg
Гомес/eg
Гомеш/eg
Гомулка/a
Гонгадзе
Гонзалес/eg
Гонкурівська/i
Гонсалес/eg
Гонта/a
Гончарова/i
Гончарук/eg
Гопкінс/eg
Горак/eg
Горан/eg
Горацій/eg
Гораціо
Горбаль/eg
Горбатенко/e
Горбатов/U
Горбатюк/eg
Горбачевський/i
горбачовський/V
Горбачов/U
Горбенко/e
Горбовий/i
Горбулін/eg
Горбуненко/e
Горбунов/U
Гордєєв/U
Горделадзе
Гординський/V
гордієвий/V
Гордієнко/e
Гордійчук/eg
Гордій/egp
Гордон/eg
Горенко/e
Горенштейн/eg
Горецький/V
Горін/eg
Горобчук/eg
Горовенко/e
Горовець/ac
Горовиця/a
Горов/U
Городецький/V
Городиська/i
Горський/V
Горчинський/i
Горюнов/U
Горяїнов/U
Гор/eg
Гофман/eg
Гошовський/V
Грааль/eg
Грабал/eg
Грабович/eg
Грабовський/V
Градобанк/e
Грановський/i
Грачов/U
Гребенщиков/U
Гребенюк/eg
Гребешков/U
Грегорі
Грег/eg
Грейс
Греммі
Гресь/eg
Грета/a
Гретер/eg
Гретхен
Гречко/i
Грибанов/U
Грибаускайте
Грибовицький/V
Грибович/eg
Грибоєдов/U
Григір/acdp
Григор'єв/U
Григоренко/e
Григоришин/eg
григоріанський/V
Григорій/egp
Григорян/eg
Гризельда/ad
Гризлов/U
Гримчак/eg
Гриневецький/i
Гриневич/eg
Гринчук/eg
Гринюк/eg
Грицак/eg
Гриценко/e
Грицько/e
Грицюк/eg
Гриць/eg
Гришковець/ac
Гришко/e
Грищенко/e
Грищук/eg
Грімальді
Грінченко/e
Гройсман/eg
Громико
Громовенко/e
Гроссман/eg
Гросс/eg
Грушевський/i
Гуансі
Губаренко/e
Губенко/e
Губерман/eg
Губерський/i
Губерт/eg
Губіанурі
Губський/i
Гувер/eg
Гуго
Гудзяк/eg
Гудзь/eg
Гудима/a
Гудименко/e
Гудимов/U
Гудіні
Гузар/eg
Гулак-Артемовський
Гулієв/U
Гумберт/eg
Гумбольдт/eg
Гуменчук/eg
Гуменюк/eg
Гумільов/U
Гуморина/a
Гундяєв/U
Гурвіц/eg
Гурченко
Гусаров/U
Гусєв/U
Гусейнов/U
Гусинський/i
Гусін/eg
Гусман/eg
Густав/eg
Гуцол/eg
Гуччі
Гюго
Гюльчатай
Гюстав/eg
Ґалілей/eg
Ґалілео
Ґамп/eg
Давиденко/e
Давидов/U
Давидюк/eg
Давид/eghp
Дагаєв/U
Даглас/eg
Дажбог/eg
Даладьє
д'Аламбер/eg
Даль/eg
Даманський/V
Дамм/eg
Данелія/a
Даниїл/eg
Данилевський/V
Даниленко/e
Данилич/eg
Данилишин/V
Данилко/e
Даниловський/V
Данило/ehp
Данильчук/eg
Данилюк/eg
Даніель/eg
Даніел/eg
Данькевич/eg
Данте
Дантес/eg
Дантон/eg
Данченко/i
Дарвін/eg
Дарденн/efg
Дарина/a
Даринка/a
Дарійка/a
Дарій/eg
Даріо
Дарія/ad
д'Арк
д'Артаньян/eg
Даруня/a
Даруся/a
Дарця/a
Дар'я/a
Дассен/eg
Дастін/eg
Даун
Дауна/a
Даунінг-стріт/e
Дафна/a
Дахно/e
Даценко/e
Дацюк/eg
Даша/a
Дашкевич/eg
Даяна/a
Дворак/eg
Дебюссі
Деві
Девід/eg
Девіс/eg
Девіч/eg
Дегтярівська/i
Дегтярьов/U
деетимологізований/V
Дездемона/a
Дейвід/egh
Дейвіс/eg
Дейв/egh
Дейзі
Дейк/eg
Дейл/eg
Деймон/eg
Дейч/eg
Декамерон/eg
Декарт/eg
Делакруа
Делієв/U
Делон/eg
Дементьєв/U
Деметрадзе
Деметра/a
Демиденко/e
Демидович/eg
Демидов/U
Демі
Деміен/eg
Демієн/eg
Демішкан/eg
Демосфен/eg
Демпсі
Демуцький/i
Демчак/eg
Демченко/e
Демчук/eg
Дем'яненко/e
Дем'янюк/eg
Дем'ян/eghp
Денисенко/i
Денисов/U
Денисюк/eg
Денис/eghp
Дені
Деніел/eg
денікінський/V
Денікін/eg
Деніс
Денніс/eg
Депардьє
Депортиво
Депп/eg
Деражні
Дергаусов/U
Дергачов/U
Дергунов/U
Дьєрдь/eg
Дерев'янко/i
Дерек/eg
Дереш/eg
Державіаадміністрація/a
Державіаслужба/a
Державін/U
Державтоінспекція/ad
Держбуд/e
Держветфітослужба/a
Держводгосп/e
Держгеонадра/b
Держгідрографія/a
Держгірпромнагляд/e
Держземагентство/i
Держказначейство/e
Держкіно
Держкомархів/ef
Держкомветмедицини
Держкомзем/e
Держкомінформ/e
Держкомкордон/e
Держкомлісгосп/e
Держкомліс/e
Держкомпідприємництва
Держкомрезерв/e
Держкомрибгосп/e
Держкомспорт/e
Держкомтелерадіо
Держмитниця/a
Держмитслужба/ad
Держнацпроект/e
Держплан/e
Держприкордонслужба/a
Держпром/e
Держрада/a
Держрибгосп/e
Держспоживінспекція/a
Держспоживстандарт/e
Держстат/e
Держтелерадіо
Держфільмофонд/e
Держфінпослуг
Дерибасівська/i
Дериземля/a
Дерипаска/a
Десмонд/eg
д'Естен/eg
Дефо
Дехтярьова/i
Джавахарлал/eg
Джаггер/eg
Джакометті
Джакомо
Джаліль/eg
Джамаладінова/a
Джамала/a
Джаміль/eg
Джанет
Джанні
Джапарідзе
Джармуш/eg
Джарти
Джаспер/eg
Джастін/egh
Джафар/eg
Джварі
Джей
Джейд
Джейкобс/eg
Джейк/eg
Джейлан/eg
Джеймз/eg
Джеймс/eg
Джейн
Джейсон/eg
Джекі
Джекоб/egh
Джексона-Веніка
Джексон/eg
Джек/eg
Джемілєв/U
Джемільов/U
Джен
Дженерал
Дженет
Дженіс
Дженіфер
Дженкінс/eg
Дженні
Дженніфер
Джеральд/eg
Джералд/egh
Джерард/egh
Джеремі
Джері
Джером/egh
Джеррі
Джессі
Джессіка/a
Джефрі
Джефферсон/eg
Джеффрі
Джеф/egh
Джигарханян/eg
Джиммі
Джим/eg
Джо
Джоаккіно
Джоан
Джоанна/a
Джобс/eg
Джованні
Джоджик/eg
Джоді
Джоел/eg
Джозеф/eg
Джойс/eg
Джокович/eg
Джоконда/a
Джолі
Джонні
Джонсон/eg
Джонс/eg
Джон/eg
Джоплін
Джордано
Джордан/egh
Джорджадзе
Джорджіна/a
Джорджіо
Джорджо
Джорджоне
Джордж/eg
Джорж/eg
Джоул/eg
Джошуа
Джош/eg
Джугашвілі
Джудіт
Джуд/egh
Джузеппе
Джуканович/eg
Джульєтт
Джульєтта/a
Джульєтто
Джулі
Джуліано
Джуліан/eg
Джуліо
Джулія/a
Джуринський/V
Дзержинськвугілля/i
дзержинський/V
Дзиндра/a
Дзінтарі
Дзюбенко/e
Димитрій/eg
Димитров/U
Димінський/i
диснеївський/V
Діана/a
Дідьє
Діденко/e
Дідик/eg
Дідона/a
Дідро/i
Дієго
Діззі
Дізраелі
Дікінсон/eg
Діккенс/eg
Діксі
Діксон/eg
Ділан/eg
Дімаров/U
Діма/ad
Дімітріс/eg
Діна/a
Діно
Діоген/eg
Діон
Діонісій/eg
Діскавері
Діснейленд/e
Дісней/eg
Дітер/eg
Дітмар/eg
Дітріх/eg
Дмитренко/e
Дмитрик/eg
Дмитриченко/e
Дмитро/ehp
Дмитрук/eg
Дніпроавіа
Дніпроазот/e
Дніпрогаз/e
Дніпрогес/e
Дніпроенерго
Дніпрообленерго
Дніпроспецсталь/i
Добкін/eg
Добровольський/V
Добропіллявугілля/i
Добротвірська/i
Добрянський/i
Довбуш/eg
довженківець/abc
довженківський/V
Довженко/e
Довлатов/U
Дойл/eg
Дойчебанк/e
Докаленко/e
Долгополов/U
Долинський/V
Долорес
Доманський/V
Домбровський/i
Доменіко
Домінго
Домінік/eg
Дьомін/U
Домогаров/U
Домонтович/eg
Дональдсон/eg
Дональд/eg
Донбасаеро
Донбасантрацит/e
Донбасенерго
Донгорбанк/e
Донецьквугілля/i
Донецькміськтепломережа/a
Донецькобленерго
Донецьксталь/i
Доній/eg
Доніцетті
Донміськбанк/e
Донцов/U
допплерівський/V
Дора/a
Доренко/e
Доріан/eg
Дорота/a
Доротея/a
Дороті
Дорошенко/e
Дорошкевич/eg
Дорфман/eg
Достоєвський/ij
Доуель/eg
Доценко/e
ДПЕК
Драган/eg
Драго
Драгоманов/U
Драйзер/eg
Дракула/a
Дрейк/eg
Дрейпер/eg
Дрейфус/eg
Дріжчаний/i
Дровняк/eg
Дрогба/a
Дрозденко/e
Дроздовський/i
Дружбинський/i
Дружинін/U
Дуайт/eg
Дубенко/e
Дубенський/V
Дубик/eg
Дубинянська/i
Дубихвіст/ac
Дубосєково
Дубровський/V
Дубчек/eg
Дугін/U
Дуглас/egh
Дудаєв/U
Дулітл
Думанський/i
Дунаєвський/i
Дункан/eg
Дуня/a
Дурдинець/ac
Дуров/U
Духнович/eg
Душан/eg
Дювальє
Дюверже
Дюма
Дюранті
Дюре
Дюрер/eg
Дюрренматт/eg
Дюрчань/eg
Дюшан/eg
Дягілєв/U
Дядченко/e
Дядюра/a
Дяченко/ef
Дячук/eg
Еббі
Ебергард/eg
Еберт/eg
Еванс/eg
Еван/eg
Єва/ad
Євгеній/egp
Євгенія/ad
Євген/eghp
Євграф/eghp
Євдокименко/e
Євдокимов/U
Євдоким/eghp
Євдокія/ad
Евелін
Евеліна/a
евклідовий/V
Евклід/eg
Євпраксія/a
Євразхолдинг/e
Єврогазбанк/e
Єврокомісія/a
Єврокон/e
Європол/e
Євростат/e
Євросуд/e
Євсеєнко/e
Євсей/egp
Євстафій/egp
Євстахій/egp
Євстигнєєв/U
Євстратій/eg
Євтушенко/e
Євтушок/ac
Єгоров/U
Єгор/eghp
Едвардс/eg
Едвард/egh
Едвін/eg
Едгар/eghp
Едді
Едик/eg
Едіп/eg
Едісон/eg
Едіт
Едіта/a
Едмонд/eg
Едмунд/egh
Едуардо
Едуард/eghp
Едуар/eg
Єжель/eg
Ежен/eg
Єжов/U
Єзерський/V
Езоп/eg
Ейзенхауер/eg
Ейзенштейн/eg
Ейлер/egh
Ейлін
Ейнштейн/eg
Ейфелева/i
Ейфель/eg
Ейфман/eg
Ейхман/eg
Екзюпері
екс-бютівець/abc
Експоцентр/e
Екхард/eg
Елвін/eg
Ельвіра/a
Елвіс/eg
Елгар/eg
Ельдар/eghp
Електроважмаш/e
Елен
Єлена/a
Елеонор
Елеонора/a
Ельза/a
Єлизавета/ad
Єлисейський/V
Єлисей/egp
Еліа
Еліаде
Еліассон/eg
Еліас/eg
Елізабет
Єлізаров/U
Еліза/a
Еліна/a
Еліот/eg
Еліс/eg
Елла/a
Еллен
Елліотт/eg
Елліот/eg
Еллісон/eg
Еллочка/a
Ельмар/eg
Ельнара/a
Елоїза/a
Єльський/V
Елтон/eg
єльцинський/V
Єльцин/V
Єльцов/U
Єльченко/e
Емануель/eg
Емелі
Ємельянов/U
Емерсон/eg
Ємець/ac
Емі
Емілі
Еміліо
Емілія/ad
Еміль/eg
Еміл/eg
Еммануель/eg
Еммануїл/eghp
Емма/a
Емполі
Емський/V
Енгельгардт/eg
Енгельс/eg
Енді
Ендре
Ендрю
Ендрюс/eg
Енеїда/a
Еней/eg
Енергоатом/e
Енергоінвест/e
Енігма/a
Енніо
Енріке
Енріко
Ентоні
Еол/eg
Єпіфан/eghp
Епштейн/eg
Еразм/eg
Ераст/eg
Ервін/egh
Ергард/eg
Ерделі
Ердоган/eg
Єремеєв/U
Єременко/e
Єремія/ad
Еренбург/eg
Еріка/ad
Еріксон/eg
Ерік/eg
Ерін
Еріх/eg
Ерленд/eg
Ерліх/eg
Ерл/egh
Єрмаков/U
Єрмак/eg
Єрмілов/U
Єрмолаєв/U
Єрмолай/egp
Єрмоленко/e
Єрмолов/U
Ернесто
Ернест/eg
Ерні
Ернст/eg
Єрьоменко/e
Єрьомін/U
Єрофеєв/U
Єрофій/egp
Єрохін/U
Ерріо
Ерхард/eg
Єршов/U
Єсаулов/U
есдек/efg
Єсенін/U
Есмарх/eg
Есмеральда/a
Еспозіто
Естер
Естергазі
Есфір
Есхіл/eg
Етель
Етьєн/eg
Ето'О
Еттінгер/eg
Етуш/eg
Єфименко/e
Єфимович/eg
Єфимов/U
Єфіменко/e
Єфімов/U
єфремовський/V
Єфремов/U
Єфрем/eghp
Ефрон/eg
Єфросинія/a
Ефрос/eg
Єхануров/U
Ехуд/eg
Ешлі
Ештон/eg
Жаботинський/i
Жадан/eg
Жадсон/eg
Жаклін
Жакоб/eg
Жанетт
Жан-Жак/eg
Жан-Луї
Жанна/ad
Жан/egh
Жарков/U
Жванецький/i
Жванія/a
Жданкін/eg
Жданович/eg
Жданов/U
Жебрівський/V
Жебровський/V
Жеваго
Жевуський/V
Жеглов/U
Желєзняк/eg
Желябов/U
Желязни
Женя/a
Жерар/egh
Жердицький/V
Жеремі
Жеріко
Жером/eg
Живаго
Жигулі/b
Жижек/eg
Жизель
Жирардо
Жириновський/i
Жискар
Житомиробленерго
Жовніренко/e
Жозе
Жозефіна/a
Жозеф/eg
Жолдак/eg
Жолкевський/V
Жора/ad
Жорес/eg
Жорж/eg
Жуан/eg
Жукінський/i
Жуковський/V
Жуков/U
Жульєт
Жулинська/i
Жулинський/i
Жулі
Жунько/e
Журавльов/U
Журавський/i
Забзалюк/eg
Заболотний/i
Заборовський/V
Забужко
Завадський/V
Заваров/U
Завгородній/V
Загородній/V
Загоруйко/i
Задорнов/U
Задорожний/V
ЗАЗ/e
Заїкин/eg
Зайцева/i
Зайченко/e
Зайчук/eg
Закарпатгаз/e
Закарпаттяобленерго
Закревський/i
Заньковецька/i
Зануссі
Запоріжжяобленерго
Запоріжсталь/i
Заратустра/a
Зардарі
Заремба
Зарицький/V
Зарудний/V
Заславський/V
Засядько/e
Захаревич/eg
Захаренко/e
Захарій/eg
Захаров/U
Захарченко/e
Захарчишин/eg
Захарчук/eg
Захар/eghp
Захер-Мазох/eg
Західенерго
Західінкомбанк/e
Збанацький/V
Зборівський/V
Зборовський/V
Зварич/eg
Звягільський/i
Згуровський/i
Зденек/eg
Зевс/ehg
Зеленський/V
Зелінський/V
Зельман/eg
Землянський/V
Земфіра/a
Зеновій/eg
Зенон/eg
Зеров/U
Зиновій/eg
Зідан/eg
Зімбардо
Зінаїда/ad
Зіна/ad
Зінедін/eg
Зінкевич/eg
Зінов'єв/U
Зіновій/egp
Зінченко/e
Зіта/a
Златка/ad
Зленко/e
Зовнішекономбанк/e
Зойфер/eg
Золотарьов/U
Золотухін/U
Золтан/eg
Зоммер/eg
Зорге
Зореслав/eg
Зорро
Зоряна/a
Зорянка/a
Зосімов/U
Зоська/a
Зося/a
Зощенко/e
Зоя/ad
Зубанов/U
Зубков/U
Зубрицька/i
Зубченко/e
Зуєв/U
Зурабішвілі
Зурабов/U
Зураб/eg
Зюскінд/eg
Ібрагімов/U
Ібрагім/egph
Ібсен/eg
Іваненко/e
Іваницький/i
Іваничук/eg
Іванішвілі
Іванка/a
Іванко
Іванна/a
Івановий/V
Івановський/V
Іванов/U
Іванченко/e
Іванчук/eg
Іванюк/eg
Іванющенко/e
Іван/eghp
Івасик/eg
Івасюк/eg
Івашко/e
Іващенко/e
Іващук/eg
Івета/a
Івон
Івченко/e
Іглесіас/eg
Ігнатенко/e
Ігнатій/egp
Ігнаткін/eg
Ігнатов/U
Ігнат/eghp
Ігнащенко/e
Ігорівна/a
Ігорів/U
Ідахор/eg
Ієронім/eg
Ізабель
Іздрик/eg
Ізіда/a
Ізмаїльський/V
Ізмайлов/U
Ізольда/a
Ізотов/U
Ікарус/e
Ікар/egh
Іларіон/eghp
Іларія/a
Ілащук/eg
Ільєнко/e
Ілзе
Іліада/a
Ілієску
Іліодор/eghp
Іліч/eg
Ілько/ep
Іллєнко/e
Іллічівець/ac
Ілля/ap
Ілона/a
Ільф/eg
Ільхам/eg
Ільченко/e
Ільчишин/eg
Ільчук/eg
Ілюмжинов/U
Імексбанк/e
Іммануїл/eg
Імре
Інга/a
Інгмар/eg
Індзагі
Індіра/a
Інес
Інеса/a
Інна/ad
Інокентій/egp
Інтернаціонале
Інтернешнл
Інтерпайп/e
Інтерфакс-Україна
Інтерфакс/e
Інтер/eg
Інфантіно
Іньярріту
Іоанна/a
Іоан/eg
Іоланта/a
Іонеско
Іонеску
Іоселіані
Іпатіївський/V
Іпатій/eg
Іполит/eghp
Іраклій/egp
Іра/ad
Ірванець/ac
Ірвінг/eg
Ірвін/eg
Ірен
Ірена/ad
Ірина/ad
Іринка/a
Ірма/a
Ісаак/eg
Ісаєв/U
Ісакович/eg
Ісаков/U
Ісак/eg
Ісаченко/e
Ісидор/eg
Іскандер/eg
Іскаріот
Іскрицький/V
Ісмаїл/eg
Іствуд/eg
Ісус/ehg
ІТЕРА
Ітера/a
Іцхак/eg
Іштван/eg
Іщенко/e
Їжакевич/eg
Їржі
Йенс/eg
Йоахім/eg
Йоганнес/eg
Йоганн/eg
Йогансен/eg
Йоган/eg
Йожеф/eg
Йозеф/eg
Йоко
Йонас/eg
Йонеско
Йонсен/eg
Йорг/eg
Йоркський/V
Йосафат/eg
Йосеф/egd
Йосипчук/eg
Йосип/eghp
Йосиф/eg
Йоффе
Йоханссон/eg
Йохан/eg
Йошка/a
Кабачинська/i
Кавалерідзе
Кавсадзе
Каганович/eg
Каддафі
Кадиров/U
Казимир/eghp
Кайзерслаутерн/eg
Кака
Каладзе
Кальварія/a
Калиниченко/e
Калинчук/eg
Калитвинцев/eg
Калінін/eg
Камю
кантівський/V
Капелло
Капітон/eghp
Капранов/U
Капустін/eg
Каразін/eg
Карасьов/U
Карен
Карло
Карлові/j
Карлос/eg
Карл/eghp
Кармазін/eg
кармелітський/V
Кармен
Карнегі
Кароль
Карпачов/U
Карпа/a
Карпенка-Карого
Карпенко/e
Карпіловська/i
Карпо/ep
Карташов/U
Карякін/eg
Каськів
Каськів/g
Каспаров/U
Каспрук/eg
Кастанеда/a
Кастро
Касьянов/U
Кас'ян/eghp
Катамадзе
Катерина/ad
Катеринчук/eg
Катрін
Катря/a
Катя/a
Кауфман/eg
Качиньський/i
Качинський/i
Квасьнєвський/i
Кваснєвський/i
КДКА
Кевін/egh
К'єво
Кейт
Кейті
Келлі
Кемерон/eg
Кендзьор/eg
Кеннеді
Кеплер/eg
Керенський/i
Кернес/eg
Керрі
Кетрін
Київенерго
Київміськбуд/e
Київміськрада/a
Київмлин/e
Київрада/a
Київстар/e
Київтрактородеталь/i
Кириленко/e
Кирило/ehp
Кириченко/e
Киричук/eg
Кисельов/U
Ківалов/U
Кідман
Кіквідзе
Кімберлі
Кінах/eg
Кінг/eg
Кіндзмараулі
Кіндратій/egp
Кіндрат/eghp
Кінотавр/e
кіокушинкай
Кіпіані
Кіра/a
Кірєєв/U
Кіркоров/U
Кірпа/a
Кірш/eg
Кіхот/eg
Клавдій/egp
Клавдія/ad
Клайд/egh
Клара/ad
Кларенс
Кларк/eg
Клаудіо
Клаус/egh
Клеопатра/a
Клепаков/e
Клер
Клименко/e
Климент/eg
Клим/eghp
Кличко/ef
Клінтон/egf
Клінт/eg
Клод/egh
Клозе
Клочкова/i
Клюєв/U
Ключковський/V
КМІС
Княжицький/i
Князевич/eg
Кобзон/eg
Кобилянська/i
Коваленко/e
Ковалець/ac
Ковальчук/eg
Коельйо
Коельо
Кожем'якін/eg
Козаченко/e
Козловський/i
Кокойти
Колесниченко/e
Колесніков/U
Колесніченко/e
Коліушко/e
Коллінз/eg
Колобов/U
Коломієць/ac
Коломойський/i
Колумб/eg
Колчак/eg
Коляденко/e
Коля/a
Комісаренко/e
Коморовський/V
компартійний/V
Кондоліза/a
Кондратюк/eg
Коновалець/ac
Коновалюк/eg
Кононенко/e
Кононов/U
Конрад/eg
Конфуцій/eg
Копатько/e
Копелєв/U
Коперник/eg
Копернік/eg
Коран/eh
Корнацький/i
Корнеліус/eg
Корнієнко/e
Корнійчук/eg
Корній/egp
Корнілов/U
Королевська/i
Корольов/U
Королюк/eg
Короткова/i
Коррі
корупціонер/efg
Корчинський/i
Косигін/eg
Косирін/eg
Костас/eg
Костенко/e
Костусєв/U
Костюк/eg
Костянтин/eghp
Костя/a
Котельник/eg
Котляревський/i
Кофі
Коцюбинський/V
Кошулинський/V
Кравченко/e
КрАЗ
Крамник/eg
Кредобанк/e
Кремер/eg
Креспо
Кривенко/e
Криворіжсталь/i
Криворучко
Крименерго
Кримтеплиця/a
Крип'якевич/eg
Кричевський/i
Крістіан/eg
Крістофер/eg
Крістоф/eg
Кріштіану
Кронін/eg
Кропивницький/i
Крузо
Круз/eg
Крушельницька/i
Крюківський/i
Ксенія/ad
Кужель
Кужелюк/eg
Кузьма/adp
Кузьменко/e
Кузьмін/eg
Кузьмук/eg
Кузнєцов/U
Куйбіда/a
Кулиняк/eg
Куліш/eg
Кульчицький/i
Куніцин/eg
Купріян/eghp
курбасівець/abc
Курбас/eg
Курбатов/U
Курочкін/eg
Куртуа
Курт/eg
Кутузов/U
Куценко/e
Кучеренко/e
Кучма/ad
кучмівський/V
кучмізм/e
кучмістський/V
Кушнарьов/U
Кшиштоф/eg
Лаврентій/egp
Лавринович/eg
Лагранж/e
Лада/a
Ладен/eg
Ладимир/eg
Лазаренко/e
Лазар/eghp
Лайза/a
Лана/a
Ландау
Лановий/i
Лапласовий/V
Лаплас/eg
Лариса/ad
Ларін/eg
Лаура/a
Лаціо
Львівводоканал/e
Львіввугілля/i
Львівгаз/e
Львівелектротранс/e
Львівобленерго
Львівтеплоенерго
Львович/efg
Лебедєв/U
Левандовський/V
Левицький/i
Левко/i
Левченко/e
Лев/eghp
лексус/efg
Лена/ad
Лендау
Леніним
ленінсько-сталінський/V
Ленін/egh
Леннон/eg
Леонардо
Леонард/eg
Леонід/eghp
Леонтій/egp
Леопольд/eghp
Леополіс/eg
лермонтовський/V
Леслі
Леся/a
Лесь/eg
Лех/eg
Лещинський/i
Либідь/i
Лижичко
Липинський/i
лисенківщина/a
Лисенко/e
Литвиненко/e
Литвинова/i
Литовченко/e
Ліда/ad
Лідія/ad
Ліза/ad
Лікарчук/eg
Ліля/a
Лінда/a
Лінус/eg
Ліппі
Лісогор/eg
Лобановський/i
Льовочкін/eg
Логвиненко/e
Логінов/U
Лозинський/i
Лола/a
Лоліта/a
Ломаченко/e
Лопатин/eg
Лопес
Лорак
Лоренцо
Лоренц/eg
Лоуренс/eg
Лубківський/i
Лувр/e
Луганськобленерго
Луганськтепловоз/e
Лужков/U
Луїджі
Луїза/a
Луїс/eg
Лукас/eg
лукашенківський/V
Лукашенко/i
Лукашук/eg
Лукаш/eg
Лука/adp
Лукойл/e
Лук'яненко/e
Лук'янченко/e
Лук'ян/eghp
Лусія/a
Луценко/e
Луческу
Лучкевич/eg
Любава/a
Любаня/a
Люба/ad
Любислава/a
Любляна/a
Любомир/eghp
Людвіг/eg
Людкевич/eg
Людмила/ad
Людовик/eg
Людовік/eg
Льюїс/eg
Люсі
Люсіль
Люсінда/a
Люсія/a
Лютер/eg
Ляпін/eg
Лятошинський/i
Ляшко/e
Мавка/a
Мавроді
Магдаліна/a
Магера/a
Магомет/ehg
Маделіна/a
Мадлен
Маєвський/i
Мазепа/ad
мазепинець/abc
мазепинський/V
Мазур/eg
Майкельсон/eg
Майкл/eg
Майк/eg
Макаренко/e
Макар/eghp
Макбет
Макензі
Макіавеллі
Маківчук/eg
Макіїввугілля/i
Маккабі
Маккартні
Маккейн/eg
Максиміліан/eg
Максим/eghp
Максін
Макс/egh
Маланка/a
Маланюк/eg
Мальборо
Малевич/eg
Малишко/e
Малкович/eg
Малуша/a
Мамай/eg
Мандельброт/eg
Мандельштам/eg
Мандзюк/eg
маніловський/V
Мануель/eg
Мануел/eg
Марадона/a
Марат/eg
Марвін/egh
Маргарет
Маргарита/ad
Марго
Мардж
Марек/eg
Марина/ad
Мариненко/e
Маринович/eg
Маріанна/a
Марійка/ad
Маріо
Марічка/ad
Марія/ad
Маркевич/eg
Маркес/eg
Маркіян/eg
Маркос/eg
Марко/ep
марксистсько-ленінський/V
Маркс/ehg
Маркус/eg
Марк/eg
Марлен
Марсельєза/ad
Марс/ehg
Марта/ad
Мартиненко/e
Мартинюк/eg
Мартин/eghp
Мартищук/eg
Мартін/eg
Маруся/a
Марфа/a
Марчело
Марченко/e
Марчук/eg
Мар'яна/ad
Мар'ян/eg
Мар'я/ad
Масарик/eg
Маскалевич/eg
Матвієнко/e
Матвійчук/eg
Матвій/egp
Матіас/eg
Матіос
Матузалем/eg
Махмуд/eg
махновський/V
Махно/i
Махун/eg
Мацієвич/eg
Маша/a
Мащенко/e
Маяковський/V
Мая/a
медведєвський/V
Медведєв/U
Мєдвєдєв/U
Медведько/e
Медведчук/eg
медсестринство/i
Меладзе
Мелашка/ad
Мелащенко/e
Мелетій/eg
мельниківець/abc
Мельниченко/e
Мельничук/eg
Мердок/eg
Мерилін
Меркель
Меркурій/egp
Мерседес
мерседес/ef
Мерфі
Мессі
Метінвест/e
Метью
Мефодій/egp
Микита/adp
Микитенко/e
миколаїв/V
Миколайчук/eg
Миколай/egp
Микола/ad
Миколка/ad
Милослава/a
Милослав/egp
Миронов/U
Мирон/eghp
Мирослава/ad
Мирослав/eghp
Митрофан/eghp
Михайлина/a
Михайличенко/e
Михайлов/U
Михайло/ehp
Михалков/U
Михальчишин/eg
Михальчук/eg
Михась/eg
Мідлсбро
Мізін/eg
Міка/ad
Мікеланджело
Мікель/eg
Мілевський/i
Міллер/eg
Мілорад/eg
Мілошевич/eg
Мілош/eg
Мілтон/egh
Мінагрополітики
Мінвуглепром/e
Міненерго
Мінкульт/e
Мінприроди
Мінрегіонбуд/e
Мінсім'ї
Мінсоцполітики
Мінтрансзв'язку
Мінтранс/e
Мінфін/e
Міранда/a
Мірошниченко/e
мітингувальник/efg
Мітт/eg
Мітчел/eg
Міхаель/eg
Міцкевич/eg
мічурінський/V
Мішель/eg
Міщенко/e
Млада/a
Младена/ad
Могилевська/i
Могильов/U
могилянець/abc
Могилянка/a
могилянський/V
Модест/eghp
Мозолевський/i
Мойсей/egp
мольєрівський/V
Мольєр/eg
Мона/a
Моніка/ad
Монро
Монтгомері
Монте-Крісто
Монтре
Монтян
Морган/eg
Моргот/eg
Моретті
Морзе
Моріс
Моріссо
Морозов/U
Мортон/eg
Москаленко/e
Мотря/a
Моуріньо
Мохаммед/eg
Моцарт/eg
Мстислав/eghp
Муаммар/eg
Мубарак/eg
Мугабе
Музичук/eg
Мукачевому
Муракамі
Муратов/U
Мусіяка/a
Мусоргський/i
Мустафа/ad
Мустафін/eg
Мухаммад/eg
Мухаммед/eg
Мьобіус/eg
Мюллер/eg
Набукко
Навахо
Надаль/eg
Надін
Надя/a
Назарбаєв/U
Назаренко/e
Назар/eghp
Налєпа/a
Наливайко/e
Наливайченко/e
Наомі
наполеонів/V
Наполеон/ehg
Настася/a
Настуся/a
Настя/a
Наталія/ad
Наталка/ad
Наталя/a
Натаніель/eg
Наташа/a
Науменко/e
Наумов/U
Наум/eghp
Наутілус/eg
Нафтогазмережа/a
Нафтогаз/e
Нахімов/U
Нацбанк/e
Нацрада/a
нашоукраїнець/abc
нашоукраїнський/V
Некрасов/U
Неллі
Нельсон/egh
Неля/a
Немиря/a
Нємцов/U
Нептун/ehg
Нестеренко/e
Нестеров/U
Нестор/eghp
Нетаньягу
Нефтчі
Нечуєві-Левицькому
Нечуєм-Левицьким
Нечуй-Левицький
Нечую-Левицькому
Нечуя-Левицького
Никанор/eghp
Никифор/eghp
Никодим/eghp
Ничипір/acdp
Нікітенко/e
Нікітін/eg
Ніко
Ніколаєв/U
Ніколаєнко/e
Ніколай/eg
Ніколас/eg
Ніколич/eg
Ніколіч/eg
Ніколя
Ніконов/U
Ніксон/eg
Нільс/eg
Ніна/ad
Ністелрой/eg
Ніцше
Ніязов/U
Нобель/eg
Новаківський/i
новоогарьовський/V
Ноель/eg
Номис
Нортон/eg
Носарєва/i
Нострадамус/eg
но-шпа/a
нудистський/V
нунсівець/abc
Нурі
ньютоновий/V
Обама/a
облавтодор/e
Обухов/U
Овен/abc
Овер'ян/eghp
Овсій/egp
Огризко/e
Огюст/eg
Одарка/ad
Одаронька/a
Одарочка/a
Одарченко/e
Одесаобленерго
Одрі
ОЕСР
Окамовий/V
Окруашвілі
Оксана/ad
Оксанка/a
Оксенчук/eg
Октавія/a
Олбрайт
Ольвія/ad
Ольга/ad
Ольгерд/eg
Олег/egp
Олександер/eg
Олександра/ad
Олександр/eghp
Олекса/adp
Олексієнко/e
Олексій/egp
Олена/ad
Оленка/ad
Олеся/a
Олесь/eg
Олівер/egh
Олівія/a
Олійник/eg
Олімпіакос/eg
Олімпік/eg
Олланд/eg
Оля/a
Омельченко/e
Омелян/eghp
Онисим/eghp
Онищенко/e
Онищук/eg
Оніщук/eg
Онопенко/e
Онопрій/egp
Онуфрій/eg
Опанас/eghp
Оранта/ad
Орбакайте
Орест/eghp
Оринька/a
Оринка/a
Ориська/a
Орися/a
Оришка/ad
Орлов/U
Оробець/ac
Осама/a
Осасуна
Осер/eg
Осип/eghp
Оскар/efghp
Осмомисл/eg
Остапенко/e
Остапчук/eg
Остап/eghp
Островський/i
Отелло
Отто
Оуен/eg
оунівець/abc
оунівський/V
Охматдит/e
Охрім/eghp
Ощипко/e
Пабло
Паваротті
Павленко/e
Павличко/e
Павловський/i
Павлоградвугілля/i
Павло/ehp
Павлюк/eg
Памела/a
Панас/eghp
Панатінаїкос/eg
Пандора/a
Панетта
Паніотто
Панкрат/eghp
Пантелеймон/eghp
Панченко/e
Паоло
Папієв/U
Параджанов/U
Парамон/eghp
Параска/ad
Паркінсон/eg
Пархомчук/eg
Пасенюк/eg
Паскуаль/eg
Пасхавер/eg
Патон/eg
Патрік/eg
Паула/a
Пауль/eg
Пахачук/eg
Пахтакор/e
Паша/a
Педро
пежо
Пеле
Пенелопа/a
Пенроуз/e
пепсі
пергамський/V
Пергам/e
Перегрін/eg
Перемисл/eg
Перес/eg
Переяслав/eg
П'єро
Перрі
Перун/eg
П'єр/eg
Петер/eg
Петлюра/a
Петьовка/a
Петренко/e
Петриненко/e
Петрівка/ad
Петрівський/V
Петровський/i
Петро/ehp
Петрусенко/e
Петрушевич/eg
Пилипенко/e
Пилипишин/eg
Пилипчук/eg
Пилип'юк/eg
Пилип/eghp
Пимін/acdp
Пинзеник/eg
Пироженко/e
Писаренко/e
Писарчук/eg
Піаф
Південмаш/e
Південно-Західний/V
Підгорецький/i
Підлуцький/i
Підмогильний/i
Пікассо
Піккардійський/V
Пілат/ehg
Пілсудський/i
Пінзель/eg
Піночет/eg
Пінчук/eg
Піскун/eg
Пітер/eg
Планковий/V
Планк/eg
Платіні
Платонов/U
Платон/egh
Плутон/ehg
по-азаровськи
Повалій
Подерв'янський/i
Подкопаєва/i
Подлужна/i
Покальчук/eg
Поклітару
Поланськи
Поліграфтехніка/a
Полікарп/eghp
Поліна/ad
Поліщук/eg
Положинський/V
Поляченко/e
Поль/eg
Пол/eg
Помпея/a
Пономаренко/e
Пономарьов/U
Понтій/eg
Попеску
Поплавський/i
порошенківський/V
Порошенко/e
Портников/U
Портнов/U
Порфирій/egp
Потап/eghp
Потебенько/e
Потьомкін/eg
Потоцький/V
Поттер/eg
Преслі
Приватбанк/e
Пригодський/i
Приймаченко/e
Примаченко/e
Присяжнюк/eg
Притула/a
Приходько/e
Пріська/ad
Проданчук/eg
Проді
Прокіп/abp
прокомуністичний/V
Прокопенко/e
Прокопович/eg
Прокоф'єва/i
прокремлівський/V
прокучмівський/V
Прометей/eg
Промінвестбанк/e
промосковський/V
Протасов/U
Прохасько/e
Прохір/acdp
Процюк/eg
Птолемей/eg
Пуанкаре
Пуаро
Пугачова/i
Пукач/eg
Пукшин/eg
Пустовойтенко/e
Пустомити/o
Путіним
путінізація/a
путінізм/e
путініст/efg
путінський/V
Путін/eg
Пушкін/egh
Пшонка/a
П'ятов/U
Радбез/e
Радзієвський/V
Радимира/a
Радислав/eg
Радован/eg
Радомира/a
Радомир/eg
Радомисл/eg
Радослава/a
Радослав/eg
Радченко/e
Разумков/U
Раїса/ad
Райс
Райффайзен
Ральф/eg
Рамон/eg
Раневська/i
Рапопорт/eg
Раскіна/i
Рассел/eg
Ратибор/eg
Ратимир/eg
Ратислав/eg
Ратушняк/eg
Рауль/eg
Рафаель/eg
Рахманінов/U
Рахманін/eg
Ребекка/a
Ребров/U
Реджина/a
Рейган/eg
Рейнджерс
Рейчел
Рембо
Ремер/eg
Ренат/eghp
Рене
Рені
Рєпін/egh
Рибаков/U
Рибачук/eg
Рибчинський/i
Рикун/eg
Рильський/i
Ринат/eg
Рівалдо
Рідлі
Рікардо
Рінат/eg
Рінкон/eg
Річі
Рішельє
Роберто
Робертс
Роберт/eghp
Робін/eg
Роговцева/i
Рогозін/eg
Роджер/egh
Родіон/eghp
Родні
Роднянський/i
Родольфо
Родослава/a
Родослав/eg
Родрігес/eg
Родрік/eg
Розаліна/a
Розалінда/a
Роза/a
Роздобудько
розкрутка/a
Розмарі
Рой/eg
Роксана/a
Роксі
Роксолана/ad
Роланд/eg
Ролан/eg
Романенко/e
Романишин/eg
Романо
Романов/U
Романчук/eg
Романюк/eg
Роман/eghp
Ромео
Ромні
Роналдіньо
Роналдо
Роналду
Рональд/egh
Росаріо
Росатом/e
Ростислав/eghp
РосУкрЕнерго
Росукренерго
Ротань/eg
Ротару
Роулінг
Рубан/egh
Рубен/eghp
Рубік/eg
Рубльов/U
Руденко/e
Рудьковський/i
Рудницький/i
Рудольф/eghp
Рузвельт/eg
Руперт/eg
Руслана/a
Руслан/eghp
Русол/eg
Руссо
Руставелі
Рута/a
Рутковський/i
Рухлє
Рюрикович/efg
Рябченко/e
Рязанов/U
Саакашвілі
Сабіна/a
Сава/adp
Савелій/egp
Савка/a
Савченко/e
Савчук/eg
саддамівський/V
Саддам/eg
Саїд/egh
Саймон/egh
Саксаганський/V
Саламатін/eg
Сальєрі
Самбора/a
Самійло/ehp
Сампдорія/a
Самсон/eghp
Самуїл/eg
Самчук/eg
Сандерленд/eg
Сандра/a
Санін/eg
Санніков/U
Санта/a
Санчо
сапераві
Сара/a
Саркозі
Сатурн/egh
Сафін/eg
Сахаров/U
сациві
Сацюк/eg
Саша/a
Сашко/e
Сверстюк/eg
Світлана/ad
свободівський/V
Святненко/e
Святогора/a
Святогор/eg
Святолюба/a
Святолюб/eg
Святополк/eg
Святослав/eghp
Себастьян/eg
Северин/efg
Северінсен
Селезньов/U
Селеста/a
Селестина/a
Селіванов/U
Селіна/a
Селін/eg
Сельма/a
Семенюк/eg
Семен/eghp
Семеренко/e
Семиволос
Семиноженко/e
Семіраміди
Семюел/eg
Сем/eg
Сендак/eg
Сендега/a
Сенді
Сенека/a
Сененко/e
Сенченко/e
Серафима/ab
Сервантес/eg
Сергієнко/e
Сергіїв/V
Сергій/egp
Сердючка/a
сердючка/ab
Серена/a
Сесілія/a
Сибнефть/i
Сигізмунд/eghp
Сидір/acdp
Силантій/egp
Сильвестр/eg
Сильвіо
Силіна/i
Симеон/eg
симоненківець/abc
Симоненко/e
Симон/egh
Сівкович/eg
Сі-Ен-Ен
Сікорський/i
Сільвіо
Сіменс/e
Сіньков/U
Сіренко/e
Склодовська/a
Сколотяний/i
Скомаровський/i
Скорик
Скоропадський/i
Скорсезе
скрипниківка/a
Скрипник/eg
Скрябін/eg
Слабошпицький/V
Славко/e
Следзь/eg
Слободян/eg
Сміт/eg
Сміяна/a
Смотрицький/i
Сніжана/a
Сніжан/eg
снікерс/efg
Собєський/i
Соболєв/U
соборівець/abc
Соколовський/i
Сократ/eg
Солана/a
Солженіцин/eg
Соловйов/U
Соломія/ad
соломонів/V
Соломон/eghp
Солоха/ad
Сьомін/eg
Сорокін/eg
соросівський/V
Сорос/eg
Сосьєдад
Сосновський/i
сотівський/V
Софійка/a
Спартак/eg
Спиридон/eghp
Спілберг/eg
Спірс
Срна
Ставнійчук/eg
Сталіним
сталіністський/V
сталінсько-хрущовський/V
сталінщина/a
Сталін/egh
Станік
Станіславський/i
Станіслав/eghp
Станкович/eg
Старицький/i
Стахів/eg
Стаховський/V
Сташевський/i
Стенлі
Степаненко/e
Степан/eghp
Стефаник/eg
Стефанишин/eg
Стефан/egh
Стеценко/e
Стецьків/eg
Стецько/e
Стівен/eg
Стів/egh
Столипін/eg
Стоун
Стоян/eg
Стравінський/i
Стретович/eg
Стругацький/ij
Стуруа
Стус/eg
Стюарт/egh
Стяуа
суворовський/V
Суворов/U
Сулейман/eg
Сулима/a
Сумихімпром/e
Супруненко/e
Суркіс/eg
Суслов/U
Сухомлинський/i
Сушко/e
Східенерго
Табаков/U
Табачник/eg
таврія/a
Тадей/eg
Тадеуш/eg
Таїса/ad
Таїсія/ad
Тайсон/eg
Талібан/e
Тамара/ad
таміфлю
Танюк/eg
Таня/a
Тарантіно
Тарасенко/e
тарасовий/V
Тарасюк/eg
Тарас/eghp
Тарковський/i
Тарута/a
Твердислава/a
Твердислав/eg
Тедді
Тедеєв/U
Тед/eg
Тейлор/eg
Тейшейра
Теличенко/e
Теліга/a
Тельнюк/eg
Теодор/egp
Тереза/a
Терентій/egp
Терещенко/e
Терещук/eg
Терьохін/eg
Террі
Тесленко/e
Тетчер
Тетяна/ad
Тимонькін/eg
Тимофій/egp
тимошенківець/abc
тимошенківський/V
Тимошенко/e
Тимощук/eg
Тимур/eghp
Тимченко/e
Тимчишин/eg
Тихін/acdp
Тихонов/U
Тихон/eghp
Тищенко/e
тігіпківець/abc
тігіпківський/V
Тігіпко/e
Тіна/a
Тіто
Ткаченко/e
Ткачук/eg
ткемалі
Тлумак/eg
ТНК-Україна/a
Товстиженко/e
толкієніст/efg
Толочко/i
Томас/eg
Томаш/eg
Томенко/e
Томсон/eg
Торіно
Торрес/eg
Тоттенхем/eg
Трахтенберг/eg
Трегуб/eg
Трезеге
Трент/eg
Третьяков/U
Тримбач/eg
Трифон/eghp
Трохим/eghp
Троцький/i
Трумен/eg
Труханів/V
Турандот
Турбоатом/e
Турчинов/U
Туск/eg
Тютюнник/eg
тягнибоківський/V
Тягнибок/eg
ударівець/abc
Удінезе
Удовенко/e
Удовиченко/e
Ужвій/eg
Укоопспілка/a
Укравтодор/e
Украеронавігація/a
Укратомпром/e
Укргазбанк/e
Укргазвидобування
Укргаз-Енерго
Укргазмережа/a
Укргідроенерго
Укрексімбанк/e
Укренерго
Укрзалізниця/a
Укрінтеренерго
Укрнафта/a
Укрнафтогаз/e
Укроборонпром/e
Укрпошта/a
Укрпромбанк/e
Укрпрофоздоровниця/a
Укррічфлот/e
Укрсиббанк/e
Укрсоцбанк/e
Укрспецекспорт/e
Укрспирт/e
Укртатнафта/a
укртелекомівський/V
Укртелеком/e
Укртелефільм/e
Укртрансгаз/e
Укртрансконтейнер/e
Укртранснафта/a
Укрфармація/ad
Улас/eghp
Уляна/ad
Ульяненко/i
Ульянченко/e
Умберто
упівець/abc
упівський/V
Устин/eghp
Фаберже
Фабіо
Фадей/egp
Фаїна/a
Файнмен/eg
Фалуньгун
Фаріон
Фармак/e
Фауст/eg
Федак/eg
Федерер/eg
Федеріко
Федецький/i
Федишин/eg
Федір/acdp
Федоренко/e
Федоришин/eg
Федорова/i
Федорчук/eg
Федотенко/e
Федот/eghp
Федюк/eg
Фейсбук/eo
Фельдман/eg
Фелікс/eghp
Фелліні
Фелпс/eg
Фемен/e
Феміда/a
Фенербахче
Феофанія/a
Феофан/eghp
Ферапонт/eghp
Фердинанд/egh
Фернандес/eg
Фернандіньйо
Фесенко/e
Фещук/eg
Филимон/eghp
Фібі
Фігаро
Фідель/eg
Філарет/eghp
Філіппо
Філіп/eg
Філ/eg
Фіорентина/a
фірташівець/abc
фірташівський/V
Фірташ/eg
Фітч/eg
Фішер/eg
Флойд/eg
Флоренс
Фоліо
Фома/adp
Фоменко/e
Фомін/eg
Франклін/eg
Франко/e
Франсуа
Франсуаза/a
Франс/eg
Франтішек/eg
Франциск/eg
Франц/eg
Франческа/a
Франческо
Франчук/eg
Фредді
Фредерік/eg
Фред/eg
фрейдистський/V
Фрейндліх
Френк/eg
Френсіс
Фріда/a
Фрідріх/egp
Фройд/eg
Фрунзе
Фулбрайт/eg
Фулхем/eg
Хаббард/eg
Хав'єр/eg
Хамас/e
Хаменеї
Хаммер/eg
Ханеке
Харитон/eghp
Харлан
Хармс/eg
Харченко/e
Хасевич/eg
Хвостенко/e
Хезболла/a
Хенк/eg
Хівря/a
Хіларі
Хілларі
Хірш/eg
Хмелько/e
Ходжа/a
Ходорковський/i
Холмс/eg
Хома/adp
Хоменко/e
Хомутинник/eg
Хонда/a
Хорошковський/i
Хосе
Хосні
Хостікоєв/U
Хоткевич/eg
Христина/ad
Христіан/eg
Христовий/V
Христос/egh
Христофор/eg
Христя/a
Хрущов/U
Хуанхе
Хуан/eg
Худицький/i
Худоб'як/eg
Хуліо
Хусейн/eg
Х'ю
Х'юго
Центрвиборчком/e
Центренерго
центробанк/ef
Цзіньпін/eg
Цзіньтао
Цзян
Цимбалюк/eg
цитрамон/e
Цірцея/a
Цушко/e
Чавес/eg
Чайковський/i
Чандрасекар/eg
Чаплін/eg
Чарльз/eg
Чарлі
Чаушеску
Чебурашка/a
Чедвік/eg
Чейні
Челсі
Ченцов/U
Червоненко/e
Червоноград/eg
Чернівцігаз/e
Черновецький/i
Черномирдін/eg
чеховський/V
Чечетов/U
Чигринський/i
Чижевський/i
Чикаленко/e
Чміль/eg
Чопенко/e
Чорновіл/ac
Чорноморнафтогаз/e
Чубаров/U
Чубинський/i
Шалімов/U
Шальке
Шандор/eg
Шанель/i
Шапіро
Шаповалов/U
Шарль/eg
Шарон/eg
Шашкевич/eg
Швейк/eg
Шева
Шеварднадзе
Шевельов/U
шевченковий/V
Шевченко/e
Шеклі
Шекспір/eg
Шелаєв/U
Шелдон/eg
Шемчук/eg
Шемякін/eg
Шепелєв/U
Шептицький/i
Шерлок/eg
Шибалов/e
Шимон/eg
Ширак/eg
Шишкін/eg
Шкіль/eg
Шкляр/eg
Шлемкевич/eg
Шмідт/eg
Шнітке
Шовковський/i
Шостакович/eg
Шота
Шредінґер/eg
Шрьодер/eg
Штефан/eg
Шульга/ad
Шульженко/e
Шульц/eg
Шумахер/eg
Шумський/V
Шустер/eg
Шуфрич/eg
Шухевич/eg
Щек/eg
Щербаков/U
Щербань/eg
Щербицький/i
Щоголєв/U
Ювентус/eg
Юзеф/eg
Юліан/eghp
Юлій/egp
Юлія/a
Юля/a
Юнайтед
Юнона/a
Юпітер/egh
Юра/ad
Юрій/egp
Юрко/e
Юрченко/e
Юрчишин/eg
Юстас/eg
Юстиніан/eg
Юхим/eghp
Юхновський/i
Юшко/e
ющенківець/abc
ющенківський/V
Ющенко/e
Яблонська/i
Явдоха/ad
Яворівський/V
Якименко/e
Яким/eghp
Яків/acdp
Яковенко/e
Яковлєв/U
Яковченко/e
Якушенко/e
Янгель/eg
Янг/eg
Янковський/i
Янсен/eg
Янукович/eg
Януш/eg
Ян/eghp
Ярема/ap
Яременко/e
Яремчук/eg
Ярило/i
Ярина/a
Ярмоленко/e
Яромил/eg
Яромир/eg
Яромисл/eg
Ярополк/eg
ярославів/V
Ярославна/a
Ярослав/eghp
Ярошенко/e
Яценко/e
Яценюк/eg
