# Однолітерні слова
а а conj
а а part
б б part
є бути verb:pres:p/1/2/3
ж ж conj
ж ж part
і і conj
і і part
й й conj
й й part

# Займенники
я я pron:v_naz
мене я pron:v_rod/v_zna
мені я pron:v_dav/v_mis
мною я pron:v_oru

ти ти pron:v_naz
тебе ти pron:v_rod/v_zna
тобі ти pron:v_dav/v_mis
тобою ти pron:v_oru

він він pron:v_naz
його він pron:v_rod/v_zna
нього він pron:v_zna
йому він pron:v_dav
ньому він pron:v_mis
ним він pron:v_oru
нім він pron:v_mis

вона вона pron:v_naz
її вона pron:v_rod/v_zna
неї вона pron:v_zna
їй вона pron:v_dav
нею вона pron:v_oru
ній вона pron:v_mis

воно воно pron:v_naz

ми ми pron:p:v_naz
нас ми pron:p:v_rod/v_zna/v_mis
нам ми pron:p:v_dav
нами ми pron:p:v_oru

ви ви pron:p:v_naz
вас ви pron:p:v_rod/v_zna/v_mis
вам ви pron:p:v_dav
вами ви pron:p:v_oru

вони вони pron:p:v_naz
їх вони pron:p:v_rod/v_zna
них вони pron:p:v_mis
їм вони pron:p:v_dav
ними вони pron:p:v_oru

сам сам pron:m:v_naz
себе сам pron:m:v_rod/v_zna//n:v_rod/v_zna
собі сам pron:m:v_dav/v_mis//n:v_dav/v_mis
собою сам pron:m:v_oru//n:v_oru

сама сам pron:f:v_naz
саму сам pron:f:v_rod/v_zna
самій сам pron:f:v_dav/v_mis
самою сам pron:f:v_oru

саме сам pron:n:v_naz
само сам pron:n:v_naz

мій мій pron:m:v_naz
мого мій pron:m:v_rod/v_zna//n:v_rod/v_zna
моєму мій pron:m:v_dav/v_mis//n:v_dav/v_mis
моїм мій pron:m:v_oru//n:v_oru
моя мій pron:f:v_naz
моєї мій pron:f:v_rod
моєю мій pron:f:v_oru
моїй мій pron:f:v_dav/v_mis
мою мій pron:f:v_zna
моє мій pron:n:v_naz
мої мій pron:p:v_naz/v_zna
моїх мій pron:p:v_rod/v_zna/v_mis
моїми мій pron:p:v_oru

твій твій pron:m:v_naz
твого твій pron:m:v_rod/v_zna//n:v_rod/v_zna
твоєму твій pron:m:v_dav/v_mis//n:v_dav/v_mis
твоїм твій pron:m:v_oru//n:v_oru//p:v_dav
твоя твій pron:f:v_naz
твоєю твій pron:f:v_oru
твоєї твій pron:f:v_rod
твоїй твій pron:f:v_dav/v_mis
твою твій pron:f:v_zna
твоє твій pron:n:v_naz
твої твій pron:p:v_naz/v_zna
твоїх твій pron:p:v_rod/v_zna/v_mis
твоїми твій pron:p:v_oru

свій свій pron:m:v_naz
свого свій pron:m:v_rod/v_zna//n:v_rod/v_zna
своєму свій pron:m:v_dav/v_mis//n:v_dav/v_mis
своїм свій pron:m:v_oru//n:v_oru//p:v_dav
своя свій pron:f:v_naz
своєю свій pron:f:v_oru
своєї свій pron:f:v_rod
своїй свій pron:f:v_dav/v_mis
свою свій pron:f:v_zna
своє свій pron:n:v_naz
свої свій pron:p:v_naz/v_zna
своїх свій pron:p:v_rod/v_zna/v_mis
своїми свій pron:p:v_oru

наш наш pron:m:v_naz/v_zna
нашого наш pron:m:v_rod/v_zna//n:v_rod/v_zna
нашому наш pron:m:v_dav/v_mis//n:v_dav/v_mis
нашим наш pron:m:v_oru//n:v_oru//p:v_dav
нашім наш pron:m:v_mis//n:v_mis
наша наш pronf:v_naz
нашої наш pron:f:v_rod
нашій наш pron:f:v_dav/v_mis
нашою наш pron:f:v_oru
нашу наш pronf:v_zna
наше наш pronn:v_naz/v_zna
наші наш pronp:v_naz/v_zna
нашими наш pronp:v_oru
наших наш pronp:v_rod/v_zna/v_mis

ваш ваш pron:m:v_naz/v_zna
вашого ваш pron:m:v_rod/v_zna//n:v_rod/v_zna
вашому ваш pron:m:v_dav/v_mis//n:v_dav/v_mis
вашим ваш pron:m:v_oru//n:v_oru//p:v_dav
вашім ваш pron:m:v_mis//n:v_mis
ваша ваш pron:f:v_naz
вашої ваш pron:f:v_rod
вашій ваш pron:f:v_dav/v_mis
вашою ваш pron:f:v_oru
вашу ваш pron:f:v_zna
ваше ваш pron:n:v_naz/v_zna
ваші ваш pron:p:v_naz/v_zna
вашими ваш pron:p:v_oru
ваших ваш pron:p:v_rod/v_zna/v_mis

цей цей pron
цього цей pron
цьому цей pron
цим цей pron
цім цей pron
ця цей pron
цієї цей pron
цій цей pron
цю цей pron
цією цей pron
це цей pron
ці цей pron
цих цей pron
цими цей pron

оцей оцей pron
оцього оцей pron
оцьому оцей pron
оцим оцей pron
оця оцей pron
оцієї оцей pron
оцією оцей pron
оці оцей pron
оцих оцей pron

той той pron
того той pron
тому той pron
тим той pron
тім той pron
тої той pron
тієї той pron
тій той pron
ту той pron
тією той pron
те той pron
ті той pron
тих той pron
тими той pron

отой отой pron
отого отой pron
отому отой pron
отим отой pron
отім отой pron
отої отой pron
отієї отой pron
отій отой pron
оту отой pron
отією отой pron
оте отой pron
оті отой pron
отих отой pron
отими отой pron

хто хто pron
кого хто pron
кому хто pron
ким хто pron
кім хто pron
що що pron
чого що pron
чому що pron
чим що pron
чім що pron

чий чий pron
чийого чий pron
чийому чий pron
чиєму чий pron
чиїм чий pron
чия чий pron
чиєї чий pron
чиїй чий pron
чию чий pron
чиєю чий pron
чиє чий pron
чиї чий pron
чиїх чий pron
чиїми чий pron

нічий нічий pron
нічийого нічий pron
нічийому нічий pron
нічиєму нічий pron
нічиїм нічий pron
нічия нічий pron
нічиєї нічий pron
нічиїй нічий pron
нічию нічий pron
нічиєю нічий pron
нічиє нічий pron
нічиї нічий pron
нічиїх нічий pron
нічиїми нічий pron

весь весь pron:m:v_naz/v_zna
всього весь pron:m:v_rod/v_zna//n:v_rod/v_zna
всьому весь pron:m:v_dav/v_mis//n:v_dav/v_mis
вся весь pron:f:v_naz
всієї весь pron:f:v_rod
всій весь pron:f:v_dav/v_mis
всю весь pron:f:v_zna
всією весь pron:f:v_oru
все весь pron:n:v_naz/v_zna
всі весь pron:p:v_naz/v_zna
всіх весь pron:p:v_rod/v_zna/v_mis
всім весь pron:p:v_dav
всіма весь pron:p:v_oru

ввесь весь pron:m:v_naz/v_zna
увесь увесь pron:m:v_naz/v_zna
усе увесь pron:n:v_naz/v_zna
усього увесь pron
усьому увесь pron
уся увесь pron:f:v_naz
усієї увесь pron:f:v_rod/v_zna
усій увесь pron:f:v_dav
усією увесь pron:f:v_oru
усю увесь pron
усі увесь pron
усіх увесь pron
усім увесь pron
усіма увесь pron

таки таки part
тим-то тим-то conj
тому-то тому-то conj

абихто абихто pron
абикого абихто pron
абикому абихто pron
абиким абихто pron

абищо абищо pron
абичого абищо pron
абичому абищо pron
абичим абищо pron

абичий абичий pron
абичийого абичий pron
абичийому абичий pron
абичиїм абичий pron
абичия абичий pron
абичиєї абичий pron
абичиїй абичий pron
абичию абичий pron
абичиєю абичий pron
абичиї абичий pron
абичиїх абичий pron
абичиїми абичий pron

абиде абиде adv
абиколи абиколи adv
абикуди абикуди adv

аніхто аніхто pron
анікого аніхто pron
анікому аніхто pron
аніким аніхто pron

аніщо аніщо pron

аніде аніде adv
анізащо анізащо adv
аніколи аніколи adv
анікогісінько аніколи adv

небагато небагато adv
небагато небагато numr
небагатьох небагато numr
небагатьом небагато numr
небагатьма небагато numr

небагато-хто небагато-хто pron:v_naz
небагато-кого небагато-хто pron:v_rod/v_zna
небагато-кому небагато-хто pron:v_dav/v_mis
небагато-ким небагато-хто pron:v_oru
небагато-кім небагато-хто pron:v_mis

будь-хто будь-хто pron
будь-кого будь-хто pron
будь-кому будь-хто pron
будь-ким будь-хто pron
будь-кім будь-хто pron

будь-що будь-що pron
будь-чого будь-що pron
будь-чому будь-що pron
будь-чим будь-що pron
будь-чім будь-що pron

будь-де будь-де adv
будь-як будь-як adv
будь-коли будь-коли adv
будь-куди будь-куди adv
будь-звідки будь-звідки adv

бозна-хто бозна-хто pron
бозна-кого бозна-хто pron
бозна-кому бозна-хто pron
бозна-ким бозна-хто pron
бозна-кім бозна-хто pron

бозна-що бозна-що pron
бозна-чого бозна-що pron
бозна-чому бозна-що pron
бозна-чим бозна-що pron

бозна-де adv
бозна-як adv
бозна-коли adv
бозна-куди adv
бозна-звідки adv

чортзна-що чортзна-що pron
чортзна-чого чортзна-що pron
чортзна-чому чортзна-що pron
чортзна-чим чортзна-що pron
чортзна-де adv
чортзна-як adv
чортзна-коли adv
чортзна-куди adv
чортзна-звідки adv

хтозна-що хтозна-що pron
хтозна-чого хтозна-що pron
хтозна-чому хтозна-що pron
хтозна-чим хтозна-що pron
хтозна-де adv
хтозна-як adv
хтозна-коли adv
хтозна-куди adv
хтозна-звідки adv

казна-що казна-що pron
казна-чого казна-що pron
казна-чому казна-що pron
казна-чим казна-що pron
казна-де adv
казна-як adv
казна-коли adv
казна-куди adv
казна-звідки adv

будь-чий будь-чий pron:m:v_naz
будь-чийого будь-чий pron:v_rod
будь-чийому будь-чий pron:v_dav
будь-чиєму будь-чий pron:v_dav
будь-чиїм будь-чий pron:v_oru
будь-чия будь-чий pron:v_naz
будь-чиєї будь-чий pron:f:v_rod
будь-чиїй будь-чий pron:f:v_dav/v_mis
будь-чию будь-чий pron:f:v_zna
будь-чиєю будь-чий pron:f:v_oru
будь-чиє будь-чий pron:n:v_naz
будь-чиї будь-чий pron:p:v_naz
будь-чиїх будь-чий pron:p:v_rod/v_zna/v_mis
будь-чиїми будь-чий pron:p:v_oru

бозна-чий бозна-чий pron
бозна-чийого бозна-чий pron
бозна-чийому бозна-чий pron
бозна-чиєму бозна-чий pron
бозна-чиїм бозна-чий pron
бозна-чия бозна-чий pron
бозна-чиєї бозна-чий pron
бозна-чиїй бозна-чий pron
бозна-чию бозна-чий pron
бозна-чиєю бозна-чий pron
бозна-чиє бозна-чий pron
бозна-чиї бозна-чий pron
бозна-чиїх бозна-чий pron
бозна-чиїми бозна-чий pron

чортзна-чий чортзна-чий pron
чортзна-чийого чортзна-чий pron
чортзна-чийому чортзна-чий pron
чортзна-чиєму чортзна-чий pron
чортзна-чиїм чортзна-чий pron
чортзна-чия чортзна-чий pron
чортзна-чиєї чортзна-чий pron
чортзна-чиїй чортзна-чий pron
чортзна-чию чортзна-чий pron
чортзна-чиєю чортзна-чий pron
чортзна-чиє чортзна-чий pron
чортзна-чиї чортзна-чий pron
чортзна-чиїх чортзна-чий pron
чортзна-чиїми чортзна-чий pron

чийсь чийсь pron
чийогось чийсь pron
чийомусь чийсь pron
чиємусь чийсь pron
чиїмсь чийсь pron
чиїмось чийсь pron
чиясь чийсь pron
чиюсь чийсь pron
чиїйсь чийсь pron
чиєюсь чийсь pron
чиєїсь чийсь pron
чиєсь чийсь pron
чиїсь чийсь pron
чиїхсь чийсь pron
чиїхось чийсь pron
чиїмись чийсь pron

хтось хтось pron
когось хтось pron
комусь хтось pron
кимось хтось pron
кимсь хтось pron

щось щось pron
чогось щось pron
чомусь щось pron
чимось щось pron
чимсь щось pron

якийсь якийсь pron
якогось якийсь pron
якомусь якийсь pron
якимсь якийсь pron
якимось якийсь pron
якась якийсь pron
якоїсь якийсь pron
якійсь якийсь pron
якусь якийсь pron
якоюсь якийсь pron
якесь якийсь pron
якісь якийсь pron
якихсь якийсь pron
якихось якийсь pron
якимись якийсь pron

котрийсь котрийсь pron
котрогось котрийсь pron
котрась котрийсь pron
котромусь котрийсь pron
котрійсь котрийсь pron
котресь котрийсь pron

котрим-небудь

який-небудь який-небудь pron
якого-небудь який-небудь pron
якому-небудь який-небудь pron
яким-небудь який-небудь pron
яка-небудь який-небудь pron
якої-небудь який-небудь pron
яку-небудь який-небудь pron
якою-небудь який-небудь pron
якій-небудь який-небудь pron
яке-небудь який-небудь pron
які-небудь який-небудь pron
яких-небудь який-небудь pron
якими-небудь який-небудь pron
яким-небудь який-небудь pron

чий-небудь чий-небудь pron
чийого-небудь чий-небудь pron
чиєму-небудь чий-небудь pron
чийому-небудь чий-небудь pron
чия-небудь чий-небудь pron
чиє-небудь чий-небудь pron
чиї-небудь чий-небудь pron
чиїх-небудь чий-небудь pron
чиїм-небудь чий-небудь pron
чиїми-небудь чий-небудь pron

хто-небудь хто-небудь pron
кого-небудь хто-небудь pron
кому-небудь хто-небудь pron
ким-небудь хто-небудь pron

що-небудь що-небудь pron
чого-небудь що-небудь pron
чому-небудь що-небудь pron
чим-небудь що-небудь pron

той-таки той-таки pron
того-таки той-таки pron
тому-таки той-таки pron
тим-таки той-таки pron
тім-таки той-таки pron
та-таки той-таки pron
тієї-таки той-таки pron
тої-таки той-таки pron
тій-таки той-таки pron
тою-таки той-таки pron
тією-таки той-таки pron
те-таки той-таки pron
ті-таки той-таки pron
тих-таки той-таки pron

такий-то такий-то pron
такого-то такий-то pron
такому-то такий-то pron
таким-то такий-то pron
такім-то такий-то pron
така-то такий-то pron
такої-то такий-то pron
такій-то такий-то pron
такою-то такий-то pron
таке-то такий-то pron

ніхто ніхто pron
нікого ніхто pron
ніким ніхто pron
нікому ніхто pron

ніщо ніщо pron
нічого ніщо pron
нічому ніщо pron
нічим ніщо pron

дехто дехто pron
декого дехто pron
декому дехто pron
деким дехто pron

дещо дещо pron
дечого дещо pron
дечому дещо pron
дечим дещо pron

кудись кудись adv
звідкись звідкись adv

багатьох
багатьом
багатьма

декілька
декількох
декільком
декількома

кілька
кількох
кільком
кількома

скільки
скількох
скільком
скількома
стільки
стількох
стільком
стількома

скільки-небудь
скількох-небудь
скільком-небудь
скількома-небудь

бозна-скільки

чортзна-скільки

хтозна-скільки

один один numr:m:v_naz/v_zna
одного один numr:m:v_rod//n:v_rod
одному один numr:m:v_dav/v_mis//n:v_dav/v_mis
одним один numr:m:v_oru//n:v_oru
однім один numr:m:v_mis//n:v_mis
одна один numr:f:v_naz
одної один numr:f:v_rod
однієї один numr:f:v_rod
одній один numr:f:v_dav/v_mis
однією один numr:f:v_oru
одною один numr:f:v_oru
одну один numr:f:v_zna
одні один numr:p:v_naz/v_zna
одними один numr:p:v_oru
одних один numr:p:v_rod
одне один numr:n:v_naz/v_zna
одно один numr:n:v_naz

обоє обоє numr
обох обоє numr
обом обоє numr
обома обоє numr
обидва обоє numr
обидвох обоє numr
обидвом обоє numr
обидвома обоє numr
обидві обоє numr

годину-дві
годину-другу
місяць-другий
тиждень-другий
рік-другий
вдвічі-втричі
сам-самісінький
такий-сякий

# Числівники
сто сто numr:v_naz/v_zna
ста сто numr:v_rod
двоє два numr:v_naz/v_zna
двох двоє noun:v_rod/v_zna/v_mis
двом двоє noun:v_dav
двома двоє noun:v_oru
два два noun:m:v_naz/v_zna//n:v_naz/v_zna
дві два noun:f:v_naz
двох два noun:v_rod/v_zna/v_mis
двом два noun:v_dav
двома два noun:v_oru
двісті двісті numr:v_naz
двохсот двісті numr:v_rod/v_zna
двомстам двісті numr:v_dav
двохстах двісті numr:v_mis
троє троє numr:v_naz/v_zna
трьом троє numr:v_dav
трьох троє numr:v_rod/v_zna/v_mis
трьома троє numr:v_oru
три три numr:v_naz/v_zna
трьом три numr:v_dav
трьох три numr:v_rod/v_zna/v_mis
трьома три numr:v_oru
триста триста numr:v_naz/v_zna
трьохсот триста numr:v_rod/v_zna
трьомстам триста numr:v_dav
трьомастами триста numr:v_oru
трьохстах триста numr:v_mis
четверо четверо numr:v_naz/v_zna
чотирма четверо numr:v_oru
чотирьох четверо numr:v_oru/v_zna/v_mis
чотирьом четверо numr:v_dav
чотири чотири numr:v_naz/v_zna
чотирма чотири numr:v_oru
чотирьох чотири numr:v_oru/v_zna/v_mis
чотирьом чотири numr:v_dav
чотириста чотириста numr:v_naz/v_zna
чотирьохсот чотириста numr:v_rod/v_zna
чотирьомстам чотириста numr:v_dav
чотирмастами чотириста numr:v_oru
чотирьохстах чотириста numr:v_mis
п'ятеро п'ятеро numr:v_naz
п'ятсот п'ятсот numr:v_naz/v_zna
п'ятисот п'ятсот numr:v_rod
п'ятистам п'ятсот numr:v_naz
п'ятьмастами п'ятсот numr:v_oru
п'ятистах п'ятсот numr:v_mis
шестеро шість numr:v_naz/v_zna
шість шість numr:v_naz/v_zna
шести шість numr:v_rod/v_dav/v_mis
шістьом шість numr:v_dav
шістьох шість numr:v_rod/v_zna/v_mis
шістьма шість numr:v_oru
шістьома шість numr:v_oru
шістсот шістсот numr:v_naz/v_zna
шестисот шістсот numr:v_rod
шестистам шістсот numr:v_dav
шестистах шістсот numr:v_mis
шістьмастами шістсот numr:v_oru
сім сім numr:v_naz/v_zna
семи сім numr:v_rod/v_dav/v_mis
сімох сім numr:v_rod/v_zna/v_mis
сімом сім numr:v_dav
сьома сім numr:v_oru
сімома сім numr:v_oru
семеро сім numr:v_naz/v_zna
сімсот сімсот numr:v_naz/v_zna
семисот сімсот numr:v_rod
семистам сімсот numr:v_dav
семистах сімсот numr:v_mis
семистами сімсот numr:v_oru
сімомастами сімсот numr:v_oru
вісім вісім numr:v_naz/v_zna
восьми вісім numr:v_rod/v_dav/v_mis
вісьмох вісім numr:v_rod/v_zna/v_mis
вісьмом вісім numr:v_dav
вісьма вісім numr:v_oru
вісьмома вісім numr:v_oru
восьмеро вісім numr:v_naz/v_zna
вісімсот вісімсот numr:v_naz/v_zna
восьмисот вісімсот numr:v_rod
восьмистам вісімсот numr:v_dav
восьмистах вісімсот numr:v_mis
восьмистами вісімсот numr:v_oru
дев'ятеро дев'ять numr:v_naz/v_zna
дев'яносто дев'яносто numr:v_naz/v_zna
дев'яноста дев'яносто numr:v_rod/v_dav/v_oru/v_mis
дев'ятсот дев'ятсот numr:v_naz/v_zna
дев'ятисот дев'ятсот numr:v_rod
дев'ятистам дев'ятсот numr:v_dav
дев'ятьмастами дев'ятсот numr:v_oru
дев'ятьомастами дев'ятсот numr:v_oru
дев'ятистах дев'ятсот numr:v_mis

одинадцятеро одинадцять numr:v_naz/v_zna
п'ятнадцятеро п'ятнадцять numr:v_naz/v_zna
вісімнадцятеро вісімнадцятеро numr:v_naz/v_zna
двадцятеро двадцять numr:v_naz/v_zna
дванадцятеро дванадцять numr:v_naz/v_zna
кількасот кількасот numr:v_naz/v_zna
кількохсот кількасот numr:v_rod
кількомстам кількасот numr:v_dav
кількомастами кількасот numr:v_oru
кількохстах кількасот numr:v_mis

# Прислівники
вдвічі adv
втричі adv
вдвоє adv
втроє adv
вчетверо adv
вп'ятеро adv
вшестеро adv
всемеро adv
ввосьмеро adv
вдев'ятеро adv
вдесятеро adv
удвічі adv
утричі adv
удвоє adv
утроє adv
учетверо adv
уп'ятеро adv
ушестеро adv
усемеро adv
увосьмеро adv
удев'ятеро adv
удесятеро adv
вдвох adv
втрьох adv
вчотирьох adv
вп'ятьох adv
вшістьох adv
всімох adv
ввісьмох adv
вдев'ятьох adv
вдесятьох adv
удвох adv
утрьох adv
учотирьох adv
уп'ятьох adv
ушістьох adv
усімох adv
увісьмох adv
удев'ятьох adv
удесятьох adv

вдруге вдруге adv
втретє втретє adv
вчетверте вчетверте adv
вп'яте вп'яте adv
вшосте вшосте adv
всьоме всьоме adv
ввосьме ввосьме adv
вдев'яте вдев'яте adv
удруге удруге adv
утретє утретє adv
учетверте учетверте adv
уп'яте уп'яте adv
ушосте ушосте adv
усьоме усьоме adv
увосьме увосьме adv
удев'яте удев'яте adv

два-три
дві-три
двома-трьома
двох-трьох
три-чотири

один-два
один-єдиний
одна-єдина
одне-єдине

отут adv
отам adv
сяк сяк adv

без без pryim:rv_rod
в в pryim:rv_zna:rv_mis:rv_rod
у у pryim:rv_zna:rv_mis:rv_rod
відповідно відповідно pryim:rv_dav
внаслідок внаслідок pryim:rv_rod
унаслідок унаслідок pryim:rv_rod
вподовж вподовж pryim:rv_rod
уподовж уподовж pryim:rv_rod
впоперек впоперек pryim:rv_rod
упоперек упоперек pryim:rv_rod
вслід вслід pryim:rv_dav
услід услід pryim:rv_dav
всупереч всупереч pryim:rv_dav
усупереч усупереч pryim:rv_dav
для для pryim:rv_rod
до до pryim:rv_rod
довкола довкола pryim:rv_rod
з з pryim:rv_rod:rv_zna:rv_oru
за за pryim:rv_rod:rv_zna:rv_oru
із із pryim:rv_rod:rv_zna:rv_oru
зі зі pryim:rv_rod:rv_zna:rv_oru
залежно залежно pryim:rv_rod
заради заради pryim:rv_rod
згідно згідно pryim:rv_rod
з-за з-за pryim:rv_rod
із-за із-за pryim:rv_rod
з-перед з-перед pryim:rv_rod
з-під з-під pryim:rv_rod
з-поза з-поза pryim:rv_rod
з-поміж з-поміж pryim:rv_rod
з-понад з-понад pryim:rv_rod
з-поперед з-поперед pryim:rv_rod
з-посеред з-посеред pryim:rv_rod
з-проміж з-проміж pryim:rv_rod
з-серед з-серед pryim:rv_rod
зсередини зсередини pryim:rv_rod
ізсередини ізсередини pryim:rv_rod
коло коло pryim:rv_rod
крізь крізь pryim:rv_zna
крім крім pryim:rv_rod
на на pryim:rv_zna:rv_mis
навпаки навпаки pryim:rv_dav
навперейми навперейми pryim:rv_dav
над над pryim:rv_oru:rv_zna
наперед наперед pryim:rv_rod
напередодні напередодні pryim:rv_rod
наперекір наперекір pryim:rv_dav
напереріз напереріз pryim:rv_dav
наприкінці наприкінці pryim:rv_rod
напроти напроти pryim:rv_rod
навпроти навпроти pryim:rv_rod
насупроти насупроти pryim:rv_rod
невважаючи невважаючи pryim:rv_zna
нижче нижче pryim:rv_zna
о о pryim:rv_zna:rv_mis:rv_zna
об об pryim:rv_zna:rv_mis
обіч обіч pryim:rv_rod
окрай окрай pryim:rv_rod
окрім окрім pryim:rv_rod
округ округ pryim:rv_rod
округи округи pryim:rv_rod
опісля опісля pryim:rv_rod
під під pryim:rv_zna:rv_oru
після після pryim:rv_rod
по по pryim:rv_mis:rv_zna
побік побік pryim:rv_rod
побіч побіч pryim:rv_rod
поблизу поблизу pryim:rv_rod
поверх поверх pryim:rv_rod
повз повз pryim:rv_zna
повздовж повздовж pryim:rv_rod
поза поза pryim:rv_zna:rv_oru
поздовж поздовж pryim:rv_rod
покрай покрай pryim:rv_rod
понад понад pryim:rv_oru:rv_zna
понижче понижче pryim:rv_rod
поперек поперек pryim:rv_rod
попід попід pryim:rv_zna:rv_oru
попліч попліч pryim:rv_rod:rv_oru
попри попри pryim:rv_zna
поруч поруч pryim:rv_rod
поряд поряд pryim:rv_rod
посеред посеред pryim:rv_rod
посередині посередині pryim:rv_rod
при при pryim:rv_mis
про про pryim:rv_zna
просто просто pryim:rv_rod
раніше раніше pryim:rv_rod
серед серед pryim:rv_rod
спереду спереду pryim:rv_rod
уздовж уздовж pryim:rv_rod
вздовж вздовж pryim:rv_rod
через через pryim:rv_zna
шляхом шляхом pryim:rv_rod
щодо щодо pryim:rv_rod

# вставні слова
здається здається insert_sl
здавалося здається insert_sl
