# Однолітерні слова
а б в є ж з і й о у

# Займенники
я мене мені мною
ти тебе тобі тобою
він його нього йому ньому ним нім
вона її неї їй нею ній
воно
ми нас нам нами
ви вас вам вами вони
їх них їм ними
мій мого моєму моїм
моя моєї моєю моїй мою
моє
мої моїх моїми
твій твого твоєму твоїм
твоя твоєю твоєї твоїй твою
твоє
твої твоїх твоїми
сам себе собі собою
свій свого своєму своїм
своя своєї своїй свою своєю
своє
свої своїх своїми
наш нашого нашому нашим нашім
наша нашої нашою нашій нашу
наше
наші наших нашими
ваш вашого вашому вашим
ваша вашої вашій вашою вашу
ваше
ваші вашими ваших
цей цього цьому цим цім
ця цієї цій цю цією
це
ці цих цими
той того тому тим тім
тої тієї тій ту тією те
ті тих тими
хто кого кому ким кім
що чого чому чим чім

чий чийого чийому чиєму чиїм
чия чиєї чиїй чию чиєю
чиє
чиї чиїх чиїми

нічий нічийого нічийому нічиєму нічиїм
нічия нічиєї нічиїй нічию нічиєю
нічиє
нічиї нічиїх нічиїми

весь ввесь всього всьому
вся всієї всій всю всією
все
всі всіх всім всіма
увесь усе усього усьому
уся усієї усією усю
усі усіх усім усіма

таки тим-то тому-то

абихто абикого абикому абиким
абищо абичого абичому абичим
абичий абичийого абичийому абичиїм
абичия абичиєї абичиїй абичию абичиєю
абичиї абичиїх абичиїми
абиде абиколи абикуди

аніхто анікого анікому аніким
аніде
анізащо
аніколи
аніщо
анікогісінько

небагато небагатьох небагатьом небагатьма
небагато-хто

будь-хто будь-кого будь-кому будь-ким будь-кім
будь-що будь-чого будь-чому будь-чим будь-чім
будь-де будь-як будь-коли будь-куди будь-звідки

бозна-хто бозна-кого бозна-кому бозна-ким бозна-кім
бозна-що бозна-чого бозна-чому бозна-чим
бозна-де бозна-як бозна-коли бозна-куди бозна-звідки
чортзна-що чортзна-чого чортзна-чому чортзна-чим
чортзна-де чортзна-як чортзна-коли чортзна-куди чортзна-звідки
хтозна-що хтозна-чого хтозна-чому хтозна-чим
хтозна-де хтозна-як хтозна-коли хтозна-куди хтозна-звідки
казна-що казна-чого казна-чому казна-чим
казна-де казна-як казна-коли казна-куди казна-звідки

будь-чий будь-чийого будь-чийому будь-чиєму будь-чиїм
будь-чия будь-чиєї будь-чиїй будь-чию будь-чиєю
будь-чиє
будь-чиї будь-чиїх будь-чиїми
бозна-чий бозна-чийого бозна-чийому бозна-чиєму бозна-чиїм
бозна-чия бозна-чиєї бозна-чиїй бозна-чию бозна-чиєю
бозна-чиє
бозна-чиї бозна-чиїх бозна-чиїми
чортзна-чий чортзна-чийого чортзна-чийому чортзна-чиєму чортзна-чиїм
чортзна-чия чортзна-чиєї чортзна-чиїй чортзна-чию чортзна-чиєю
чортзна-чиє
чортзна-чиї чортзна-чиїх чортзна-чиїми

чийсь чийогось чийомусь чиємусь чиїмсь чиїмось
чиясь чиюсь чиїйсь чиєюсь чиєїсь
чиєсь
чиїсь чиїхсь чиїхось чиїмись
хтось когось комусь кимось кимсь
щось чогось чомусь чимось чимсь
якийсь якогось якомусь якимсь якимось
якась якоїсь якійсь якусь якоюсь
якесь
якісь якихсь якихось якимись
який-небудь якого-небудь якому-небудь яким-небудь
яка-небудь якої-небудь яку-небудь якою-небудь якій-небудь
яке-небудь
які-небудь яких-небудь
чий-небудь чийого-небудь чиєму-небудь чийому-небудь
чия-небудь
чиє-небудь
хто-небудь кого-небудь кому-небудь ким-небудь
що-небудь чого-небудь чому-небудь чим-небудь

той-таки того-таки тому-таки тим-таки тім-таки
та-таки тієї-таки тої-таки тій-таки тою-таки тією-таки
те-таки ті-таки тих-таки

такий-то такого-то такому-то таким-то такім-то
така-то такої-то такій-то такою-то
таке-то

ніхто нікого ніким нікому
ніщо нічого нічому нічим
дехто декого декому деким
дещо дечого дечому дечим

кудись звідкись

багатьох багатьом багатьма
декілька декількох декільком декількома
кілька кількох кільком кількома
скільки скількох скільком скількома
стільки стількох стільком стількома
скільки-небудь скількох-небудь скільком-небудь скількома-небудь
бозна-скільки чортзна-скільки хтозна-скільки

один одного одному одним однім
одна одної однієї одній однією одною одну
одні одними одних
одне одно
обоє обох обом обома
обидва обидвох обидвом обидвома
обидві


# Числівники
сто ста
двоє два дві двох двом двома
двісті двохсот двомстам двохстах
троє три трьом трьох трьома
триста трьохсот трьомстам трьомастами трьохстах
четверо чотири чотирма чотирьох чотирьом чотириста чотирьохсот чотирьомстам чотирмастами чотирьохстах
п'ятеро п'ятсот п'ятисот п'ятистам п'ятьмастами п'ятистах
шестеро шість шести шістьом шістьох шістьма
шістсот шестиста шестистам шестистах шістьомастами шістьмастами
сім семи сімох сімом сьома сімома семеро
сімсот семиста семистам семистах сьомастами сімомастами
вісім восьми вісьмох вісьмом вісьма вісьмома восьмеро
вісімсот восьмисот восьмистам восьмистах восьмистами
дев'ятеро
дев'яносто дев'яноста
дев'ятсот дев'ятисот дев'ятиста дев'ятистам дев'ятистах
п'ятнадцятеро

# Прийменники
вдвічі втричі вдвоє втроє вчетверо вп'ятеро вшестеро всемеро ввосьмеро вдев'ятеро вдесятеро
удвічі утричі удвоє утроє учетверо уп'ятеро ушестеро усемеро увосьмеро удев'ятеро удесятеро
вдвох втрьох вчотирьох вп'ятьох вшістьох всімох ввісьмох вдев'ятьох вдесятьох
удвох утрьох учотирьох уп'ятьох ушістьох усімох увісьмох удев'ятьох удесятьох
вдруге втретє вчетверте вп'яте вшосте всьоме ввосьме вдев'яте
удруге утретє учетверте уп'яте ушосте усьоме увосьме удев'яте

два-три дві-три двома-трьома двох-трьох
три-чотири
котрийсь котрогось котрась котромусь
один-два
один-єдиний одна-єдина одне-єдине

оцей оцього оцьому оцим оця оцієї оцією оці оцих
отут отам

сяк
з-перед
