# Однолітерні слова
а а conj
а а part
б б part
є бути verb:pres:p/1/2/3
ж ж conj
ж ж part
і і conj
і і part
й й conj
й й part

# Займенники
я я pron:v_naz
мене я pron:v_rod/v_zna
мені я pron:v_dav/v_mis
мною я pron:v_oru

ти ти pron:v_naz
тебе ти pron:v_rod/v_zna
тобі ти pron:v_dav/v_mis
тобою ти pron:v_oru

він він pron:m:v_naz
його він pron:m:v_rod/v_zna//n:v_rod/v_zna
нього він pron:m:v_rod/v_zna//n:v_rod/v_zna
йому він pron:m:v_dav//n:v_dav
ньому він pron:m:v_mis//n:v_mis
ним він pron:m:v_oru//n:v_oru
нім він pron:m:v_mis

# Присвійні займенники його, її є незмінними
його його pron:nv
її її pron:nv

вона вона pron:f:v_naz
її вона pron:f:v_rod/v_zna
неї вона pron:f:v_rod/v_zna
їй вона pron:f:v_dav
нею вона pron:f:v_oru
ній вона pron:f:v_mis

воно воно pron:n:v_naz

ми ми pron:p:v_naz
нас ми pron:p:v_rod/v_zna/v_mis
нам ми pron:p:v_dav
нами ми pron:p:v_oru

ви ви pron:p:v_naz
вас ви pron:p:v_rod/v_zna/v_mis
вам ви pron:p:v_dav
вами ви pron:p:v_oru

вони вони pron:p:v_naz
їх вони pron:p:v_rod/v_zna
них вони pron:p:v_rod/v_zna/v_mis
їм вони pron:p:v_dav
ними вони pron:p:v_oru

себе себе pron:m:v_rod/v_zna//n:v_rod/v_zna
собі себе pron:m:v_dav/v_mis//n:v_dav/v_mis
собою себе pron:m:v_oru//n:v_oru

сам сам pron:m:v_naz/v_zna
самого сам pron:m:v_rod/v_zna//n:v_rod
самому сам pron:m:v_dav/v_mis//n:v_dav/v_mis
самим сам pron:m:v_oru//n:v_oru//p:v_dav
самім сам pron:m:v_mis//n:v_mis
сама сам pron:f:v_naz
самої сам pron:f:v_rod
самій сам pron:f:v_dav/v_mis
саму сам pron:f:v_zna
самою сам pron:f:v_oru
саме сам pron:n:v_naz
само сам pron:n:v_naz
сами сам pron:p:v_naz
самі сам pron:p:v_naz
самих сам pron:p:v_rod/v_zna/v_mis
самими сам pron:p:v_oru

мій мій pron:m:v_naz/v_zna
мого мій pron:m:v_rod/v_zna//n:v_rod
моєму мій pron:m:v_dav/v_mis//n:v_dav/v_mis
моїм мій pron:m:v_oru/v_mis//n:v_oru/v_mis//p:v_dav
моя мій pron:f:v_naz
моєї мій pron:f:v_rod
моїй мій pron:f:v_dav/v_mis
мою мій pron:f:v_zna
моєю мій pron:f:v_oru
моє мій pron:n:v_naz/v_zna
мої мій pron:p:v_naz/v_zna
моїх мій pron:p:v_rod/v_zna/v_mis
моїми мій pron:p:v_oru

твій твій pron:m:v_naz/v_zna
твого твій pron:m:v_rod/v_zna//n:v_rod
твоєму твій pron:m:v_dav/v_mis//n:v_dav/v_mis
твоїм твій pron:m:v_oru/v_mis//n:v_oru/v_mis//p:v_dav
твоя твій pron:f:v_naz
твоєї твій pron:f:v_rod
твоїй твій pron:f:v_dav/v_mis
твою твій pron:f:v_zna
твоєю твій pron:f:v_oru
твоє твій pron:n:v_naz/v_zna
твої твій pron:p:v_naz/v_zna
твоїх твій pron:p:v_rod/v_zna/v_mis
твоїми твій pron:p:v_oru

свій свій pron:m:v_naz/v_zna
свого свій pron:m:v_rod/v_zna//n:v_rod
своєму свій pron:m:v_dav/v_mis//n:v_dav/v_mis
своїм свій pron:m:v_oru/v_mis//n:v_oru/v_mis//p:v_dav
своя свій pron:f:v_naz
своєї свій pron:f:v_rod
своїй свій pron:f:v_dav/v_mis
свою свій pron:f:v_zna
своєю свій pron:f:v_oru
своє свій pron:n:v_naz/v_zna
свої свій pron:p:v_naz/v_zna
своїх свій pron:p:v_rod/v_zna/v_mis
своїми свій pron:p:v_oru

наш наш pron:m:v_naz/v_zna
нашого наш pron:m:v_rod/v_zna//n:v_rod
нашому наш pron:m:v_dav/v_mis//n:v_dav/v_mis
нашим наш pron:m:v_oru//n:v_oru//p:v_dav
нашім наш pron:m:v_mis//n:v_mis
наша наш pron:f:v_naz
нашої наш pron:f:v_rod
нашій наш pron:f:v_dav/v_mis
нашу наш pron:f:v_zna
нашою наш pron:f:v_oru
наше наш pron:n:v_naz/v_zna
наші наш pron:p:v_naz/v_zna
нашими наш pron:p:v_oru
наших наш pron:p:v_rod/v_zna/v_mis

ваш ваш pron:m:v_naz/v_zna
вашого ваш pron:m:v_rod/v_zna//n:v_rod
вашому ваш pron:m:v_dav/v_mis//n:v_dav/v_mis
вашим ваш pron:m:v_oru//n:v_oru//p:v_dav
вашім ваш pron:m:v_mis//n:v_mis
ваша ваш pron:f:v_naz
вашої ваш pron:f:v_rod
вашій ваш pron:f:v_dav/v_mis
вашу ваш pron:f:v_zna
вашою ваш pron:f:v_oru
ваше ваш pron:n:v_naz/v_zna
ваші ваш pron:p:v_naz/v_zna
вашими ваш pron:p:v_oru
ваших ваш pron:p:v_rod/v_zna/v_mis

цей цей pron:m:v_naz/v_zna
цього цей pron:m:v_rod/v_zna//n:v_rod
цьому цей pron:m:v_dav/v_mis//n:v_dav/v_mis
цим цей pron:m:v_oru//n:v_oru//p:v_dav
цім цей pron:m:v_mis//n:v_mis
ця цей pron:f:v_naz
цієї цей pron:f:v_rod
цій цей pron:f:v_dav/v_mis
цю цей pron:f:v_zna
цією цей pron:f:v_oru
це цей pron:n:v_naz/v_zna
ці цей pron:p:v_naz/v_zna/v_mis
цих цей pron:p:v_rod/v_zna/v_mis
цими цей pron:p:v_oru

оцей оцей pron:m:v_naz/v_zna
оцього оцей pron:m:v_rod/v_zna//n:v_rod
оцьому оцей pron:m:v_dav/v_mis//n:v_dav/v_mis
оцим оцей pron:m:v_oru//n:v_oru//p:v_dav
оцім оцей pron:m:v_mis//n:v_mis
оця оцей pron:f:v_naz
оцієї оцей pron:f:v_rod
оцій оцей pron:f:v_dav/v_mis
оцю оцей pron:f:v_zna
оцією оцей pron:f:v_oru
оце оцей pron:n:v_zna
оці оцей pron:p:v_naz/v_zna/v_mis
оцих оцей pron:p:v_rod/v_zna/v_mis
оцими оцей pron:p:v_oru

той той pron:m:v_naz/v_zna
того той pron:m:v_rod/v_zna//n:v_rod
тому той pron:m:v_dav/v_mis//n:v_dav/v_mis
тим той pron:m:v_oru//n:v_oru//p:v_dav
тім той pron:m:v_mis//n:v_mis
та той pron:f:v_naz
тої той pron:f:v_rod
тієї той pron:f:v_rod
тій той pron:f:v_dav/v_mis
ту той pron:f:v_zna
тією той pron:f:v_oru
те той pron:n:v_naz/v_zna
ті той pron:p:v_naz/v_zna
тих той pron:p:v_rod/v_zna/v_mis
тими той pron:p:v_oru

отой отой pron:m:v_naz/v_zna
отого отой pron:m:v_rod/v_zna//n:v_rod
отому отой pron:m:v_dav/v_mis//n:v_dav/v_mis
отим отой pron:m:v_oru//n:v_oru//p:v_dav
отім отой pron:m:v_mis//n:v_mis
ота отой pron:f:v_naz
отої отой pron:f:v_rod
отієї отой pron:f:v_rod
отій отой pron:f:v_dav/v_mis
оту отой pron:f:v_zna
отією отой pron:f:v_oru
оте отой pron:n:v_naz/v_zna
оті отой pron:p:v_naz/v_zna
отих отой pron:p:v_rod/v_zna/v_mis
отими отой pron:p:v_oru

хто хто conj
хто хто pron:m:v_naz
кого хто pron:m:v_rod/v_zna
кому хто pron:m:v_dav
ким хто pron:m:v_oru
кім хто pron:m:v_mis

що що conj
що що pron:n:v_naz/v_zna
віщо що pron:n:v_zna
чого що pron:n:v_rod
чому що pron:n:v_dav/v_mis
чим що pron:n:v_oru
чім що pron:n:v_mis

чий чий pron:m:v_naz/v_zna
чийого чий pron:m:v_rod/v_zna//n:v_rod
чийому чий pron:m:v_dav/v_mis//n:v_dav/v_mis
чиєму чий pron:m:v_dav/v_mis//n:v_mis
чиїм чий pron:m:v_oru//n:v_oru/v_mis
чия чий pron:f:v_naz
чиєї чий pron:f:v_rod
чиїй чий pron:f:v_dav/v_mis
чию чий pron:f:v_zna
чиєю чий pron:f:v_oru
чиє чий pron:n:v_naz/v_zna
чиї чий pron:p:v_naz/v_zna
чиїх чий pron:p:v_rod/v_zna/v_mis
чиїми чий pron:p:v_oru

нічий нічий pron:m:v_naz/v_zna
нічийого нічий pron:m:v_rod/v_zna//n:v_rod
нічийому нічий pron:m:v_dav/v_mis//n:v_dav/v_mis
нічиєму нічий pron:m:v_dav/v_mis//n:v_mis
нічиїм нічий pron:m:v_oru//n:v_oru/v_mis
нічия нічий pron:f:v_naz
нічиєї нічий pron:f:v_rod
нічиїй нічий pron:f:v_dav/v_mis
нічию нічий pron:f:v_zna
нічиєю нічий pron:f:v_oru
нічиє нічий pron:n:v_naz/v_zna
нічиї нічий pron:p:v_naz/v_zna
нічиїх нічий pron:p:v_rod/v_zna/v_mis
нічиїми нічий pron:p:v_oru

весь весь pron:m:v_naz/v_zna
всього весь pron:m:v_rod/v_zna//n:v_rod
всьому весь pron:m:v_dav/v_mis//n:v_dav/v_mis
всім весь pron:n:v_oru/v_mis//n:v_oru/v_mis//p:v_dav
вся весь pron:f:v_naz
всієї весь pron:f:v_rod
всій весь pron:f:v_dav/v_mis
всю весь pron:f:v_zna
всією весь pron:f:v_oru
все весь pron:n:v_naz/v_zna
всі весь pron:p:v_naz/v_zna
всіх весь pron:p:v_rod/v_zna/v_mis
всіма весь pron:p:v_oru

все все adv
усюд
усюдів

ввесь увесь pron:m:v_naz/v_zna
увесь увесь pron:m:v_naz/v_zna
усього увесь pron:m:v_rod/v_zna//n:v_rod
усьому увесь pron:m:v_dav/v_mis//n:v_dav/v_mis
усім увесь pron:n:v_oru/v_mis//n:v_oru/v_mis//p:v_dav
уся увесь pron:f:v_naz
усієї увесь pron:f:v_rod
усій увесь pron:f:v_dav/v_zna
усією увесь pron:f:v_oru
усю увесь pron:f:v_zna
усе увесь pron:n:v_naz/v_zna
усі увесь pron:p:v_naz/v_zna
усіх увесь pron:p:v_rod/v_zna/v_mis
усіма увесь pron:p:v_oru

таки таки part
тим-то тим-то conj
тому-то тому-то conj

абихто абихто pron:v_naz
абикого абихто pron:v_rod/v_zna
абикому абихто pron:v_dav
абиким абихто pron:v_oru

абищо абищо pron:v_naz/v_zna
абичого абищо pron:v_rod
абичому абищо pron:v_dav
абичим абищо pron:v_oru

абичий абичий pron:m:v_naz/v_zna
абичийого абичий pron:m:v_rod/v_zna//n:v_rod
абичийому абичий pron:m:v_dav/v_mis//n:v_dav/v_mis
абичиєму абичий pron:m:v_dav/v_mis//n:v_dav/v_mis
абичиїм абичий pron:m:v_mis//n:v_oru//p:v_dav
абичия абичий pron:f:v_naz
абичиєї абичий pron:f:v_rod
абичиїй абичий pron:f:v_dav/v_mis
абичию абичий pron:f:v_zna
абичиєю абичий pron:f:v_oru
абичиї абичий pron:p:v_naz/v_zna
абичиїх абичий pron:p:v_rod/v_zna/v_mis
абичиїми абичий pron:p:v_oru

абиде абиде adv
абиколи абиколи adv
абикуди абикуди adv

аніхто аніхто pron:v_naz
анікого аніхто pron:v_rod/v_zna
анікому аніхто pron:v_dav
аніким аніхто pron:v_oru

аніщо аніщо pron:v_naz
анічого аніщо pron:v_rod/v_zna
анічому аніщо pron:v_dav
анічим аніщо pron:v_oru

аніде аніде adv
анізащо анізащо adv
аніколи аніколи adv
анікогісінько аніколи adv

небагато небагато adv
небагато небагато numr:v_naz/v_zna
небагатьох небагато numr:v_rod/v_zna/v_mis
небагатьом небагато numr:v_dav
небагатьма небагато numr:v_oru

небагато-хто небагато-хто pron:v_naz
небагато-кого небагато-хто pron:v_rod/v_zna
небагато-кому небагато-хто pron:v_dav/v_mis
небагато-ким небагато-хто pron:v_oru
небагато-кім небагато-хто pron:v_mis

будь-хто будь-хто pron:v_naz
будь-кого будь-хто pron:v_rod/v_zna
будь-кому будь-хто pron:v_dav/v_mis
будь-ким будь-хто pron:v_oru
будь-кім будь-хто pron:v_mis

будь-що будь-що adv
будь-що будь-що pron:v_naz/v_zna
будь-чого будь-що pron:v_rod
будь-чому будь-що pron:v_dav/v_mis
будь-чим будь-що pron:v_oru
будь-чім будь-що pron:v_mis

будь-де будь-де adv
будь-як будь-як adv
будь-коли будь-коли adv
будь-куди будь-куди adv
будь-звідки будь-звідки adv

бозна-хто бозна-хто pron:v_naz
бозна-кого бозна-хто pron:v_rod/v_zna
бозна-кому бозна-хто pron:v_dav/v_mis
бозна-ким бозна-хто pron:v_oru
бозна-кім бозна-хто pron:v_mis

бозна-що бозна-що pron:v_naz/v_zna
бозна-чого бозна-що pron:v_rod
бозна-чому бозна-що pron:v_dav/v_mis
бозна-чим бозна-що pron:v_oru
бозна-чім бозна-що pron:v_mis

бозна-де adv
бозна-як adv
бозна-коли adv
бозна-куди adv
бозна-звідки adv

чортзна-що чортзна-що pron:v_naz/v_zna
чортзна-чого чортзна-що pron:v_rod
чортзна-чому чортзна-що pron:v_dav/v_mis
чортзна-чим чортзна-що pron:v_oru
чортзна-чім чортзна-що pron:v_mis

чортзна-де adv
чортзна-як adv
чортзна-коли adv
чортзна-куди adv
чортзна-звідки adv

хтозна-що хтозна-що pron:v_naz/v_zna
хтозна-чого хтозна-що pron:v_rod
хтозна-чому хтозна-що pron:v_dav/v_mis
хтозна-чим хтозна-що pron:v_oru
хтозна-чім хтозна-що pron:v_mis

хтозна-хто

хтозна-де adv
хтозна-як adv
хтозна-коли adv
хтозна-куди adv
хтозна-звідки adv

казна-що казна-що pron:v_naz/v_zna
казна-чого казна-що pron:v_rod
казна-чому казна-що pron:v_dav/v_mis
казна-чим казна-що pron:v_oru
казна-чім казна-що pron:v_mis

казна-де adv
казна-як adv
казна-коли adv
казна-куди adv
казна-звідки adv

будь-чий будь-чий pron:m:v_naz
будь-чийого будь-чий pron:m:v_rod//n:v_rod
будь-чийому будь-чий pron:m:v_dav/v_mis//n:v_dav/v_mis
будь-чиєму будь-чий pron:m:v_dav/v_mis//n:v_dav/v_mis
будь-чиїм будь-чий pron:m:v_oru//n:v_oru
будь-чия будь-чий pron:f:v_naz
будь-чиєї будь-чий pron:f:v_rod
будь-чиїй будь-чий pron:f:v_dav/v_mis
будь-чию будь-чий pron:f:v_zna
будь-чиєю будь-чий pron:f:v_oru
будь-чиє будь-чий pron:n:v_naz/v_zna
будь-чиї будь-чий pron:p:v_naz/v_zna
будь-чиїх будь-чий pron:p:v_rod/v_zna/v_mis
будь-чиїми будь-чий pron:p:v_oru

бозна-чий бозна-чий pron:m:v_naz
бозна-чийого бозна-чий pron:m:v_rod//n:v_rod
бозна-чийому бозна-чий pron:m:v_dav/v_mis//n:v_dav/v_mis
бозна-чиєму бозна-чий pron:m:v_dav/v_mis//n:v_dav/v_mis
бозна-чиїм бозна-чий pron:m:v_oru//n:v_oru
бозна-чия бозна-чий pron:f:v_naz
бозна-чиєї бозна-чий pron:f:v_rod
бозна-чиїй бозна-чий pron:f:v_dav/v_mis
бозна-чию бозна-чий pron:f:v_zna
бозна-чиєю бозна-чий pron:f:v_oru
бозна-чиє бозна-чий pron:n:v_naz/v_zna
бозна-чиї бозна-чий pron:p:v_naz/v_zna
бозна-чиїх бозна-чий pron:p:v_rod/v_zna/v_mis
бозна-чиїми бозна-чий pron:p:v_oru

чортзна-чий чортзна-чий pron:m:v_naz
чортзна-чийого чортзна-чий pron:m:v_rod//n:v_rod
чортзна-чийому чортзна-чий pron:m:v_dav/v_mis//n:v_dav/v_mis
чортзна-чиєму чортзна-чий pron:m:v_dav/v_mis//n:v_dav/v_mis
чортзна-чиїм чортзна-чий pron:m:v_oru//n:v_oru
чортзна-чия чортзна-чий pron:f:v_naz
чортзна-чиєї чортзна-чий pron:f:v_rod
чортзна-чиїй чортзна-чий pron:f:v_dav/v_mis
чортзна-чию чортзна-чий pron:f:v_zna
чортзна-чиєю чортзна-чий pron:f:v_oru
чортзна-чиє чортзна-чий pron:n:v_naz/v_zna
чортзна-чиї чортзна-чий pron:p:v_naz/v_zna
чортзна-чиїх чортзна-чий pron:p:v_rod/v_zna/v_mis
чортзна-чиїми чортзна-чий pron:p:v_oru

чийсь чийсь pron:m:v_naz/v_zna
чийогось чийсь pron:m:v_rod//n:v_rod
чийомусь чийсь pron:m:v_dav/v_mis//n:v_dav/v_mis
чиємусь чийсь pron:m:v_dav/v_mis//n:v_dav/v_mis
чиїмсь чийсь pron:m:v_oru//n:v_oru
чиясь чийсь pron:f:v_naz
чиєїсь чийсь pron:v_rod
чиїйсь чийсь pron:f:v_dav/v_mis
чиюсь чийсь pron:f:v_zna
чиєюсь чийсь pron:f:v_oru
чиєсь чийсь pron:n:v_naz/v_zna
чиїсь чийсь pron:p:v_naz/v_zna
чиїхсь чийсь pron:p:v_rod/v_zna/v_mis
чиїмись чийсь pron:p:v_oru

хтось хтось pron:v_naz
когось хтось pron:v_rod/v_zna
комусь хтось pron:v_dav/v_mis
кимось хтось pron:v_oru
кимсь хтось pron:v_oru
кімсь хтось pron:v_mis

щось щось pron:n:v_zna
чогось щось pron:n:v_rod/v_zna
віщось щось pron:n:v_zna
чомусь щось pron:n:v_dav/v_mis
чимось щось pron:n:v_oru
чимсь щось pron:n:v_oru
чімсь щось pron:n:v_mis

неабищо неабищо pron:n:v_naz

якийсь якийсь pron:m:v_naz/v_zna
якогось якийсь pron:m:v_rod/v_zna//n:v_rod
якомусь якийсь pron:m:v_dav/v_mis//n:v_dav/v_mis
якимсь якийсь pron:m:v_oru
якимось якийсь pron:m:v_oru//n:v_oru//p:v_dav
якась якийсь pron:f:v_naz
якоїсь якийсь pron:f:v_rod
якійсь якийсь pron:f:v_dav/v_mis
якусь якийсь pron:f:v_zna
якоюсь якийсь pron:f:v_oru
якесь якийсь pron:n:v_naz/v_zna
якісь якийсь pron:p:v_naz/v_zna
якихось якийсь pron:p:v_rod/v_zna/v_mis
якимись якийсь pron:p:v_oru

котрийсь котрийсь pron:m:v_naz/v_zna
котрогось котрийсь pron:m:v_rod/v_zna//n:v_rod
котромусь котрийсь pron:m:v_dav/v_mis//n:v_dav/v_mis
котримсь котрийсь pron:m:v_oru//n:v_oru//p:v_dav
котрімсь котрийсь pron:m:v_mis//n:v_mis
котрась котрийсь pron:f:v_naz
котроїсь котрийсь pron:f:v_rod
котрійсь котрийсь pron:f:v_dav/v_mis
котрусь котрийсь pron:f:v_zna
котроюсь котрийсь pron:f:v_oru
котресь котрийсь pron:n:v_naz/v_zna
котрісь котрийсь pron:p:v_naz/v_zna
котрихсь котрийсь pron:p:v_rod/v_zna/v_mis
котримись котрийсь pron:p:v_oru

котрий-небудь котрий-небудь pron:m:v_naz/v_zna
котрого-небудь котрий-небудь pron:m:v_rod/v_zna//n:v_rod
котрому-небудь котрий-небудь pron:m:v_dav/v_mis//n:v_dav/v_mis
котрим-небудь котрий-небудь pron:m:v_oru//n:v_oru//p:v_dav
котрім-небудь котрий-небудь pron:m:v_mis//n:v_mis
котра-небудь котрий-небудь pron:f:v_naz
котрої-небудь котрий-небудь pron:f:v_rod
котрій-небудь котрий-небудь pron:f:v_dav/v_mis
котру-небудь котрий-небудь pron:f:v_zna
котрою-небудь котрий-небудь pron:f:v_oru
котре-небудь котрий-небудь pron:n:v_naz/v_zna
котрі-небудь котрий-небудь pron:p:v_naz/v_zna
котрих-небудь котрий-небудь pron:p:v_rod/v_zna/v_mis
котрими-небудь котрий-небудь pron:p:v_oru

котрий-будь котрий-будь pron:m:v_naz/v_zna
котрого-будь котрий-будь pron:m:v_rod/v_zna//n:v_rod
котрому-будь котрий-будь pron:m:v_dav/v_mis//n:v_dav/v_mis
котрим-будь котрий-будь pron:m:v_oru//n:v_oru//p:v_dav
котрім-будь котрий-будь pron:m:v_mis//n:v_mis
котра-будь котрий-будь pron:f:v_naz
котрої-будь котрий-будь pron:f:v_rod
котрій-будь котрий-будь pron:f:v_dav/v_mis
котру-будь котрий-будь pron:f:v_zna
котрою-будь котрий-будь pron:f:v_oru
котре-будь котрий-будь pron:n:v_naz/v_zna
котрі-будь котрий-будь pron:p:v_naz/v_zna
котрих-будь котрий-будь pron:p:v_rod/v_zna/v_mis
котрими-будь котрий-будь pron:p:v_oru

який-небудь який-небудь pron:m:v_naz/v_zna
якого-небудь який-небудь pron:m:v_rod/v_zna//n:v_rod
якому-небудь який-небудь pron:m:v_dav/v_mis//n:v_dav/v_mis
яким-небудь який-небудь pron:m:v_oru//p:v_dav
якимо-небудь який-небудь pron:m:v_oru//n:v_oru
яка-небудь який-небудь pron:f:v_naz
якої-небудь який-небудь pron:f:v_rod
якій-небудь який-небудь pron:f:v_dav/v_mis
яку-небудь який-небудь pron:f:v_zna
якою-небудь який-небудь pron:f:v_oru
яке-небудь який-небудь pron:n:v_naz/v_zna
які-небудь який-небудь pron:p:v_naz/v_zna
яких-небудь який-небудь pron:p:v_rod/v_zna/v_mis
якими-небудь який-небудь pron:p:v_oru

чий-небудь чий-небудь pron:m:v_naz/v_zna
чийого-небудь чий-небудь pron:m:v_rod//n:v_rod
чийому-небудь чий-небудь pron:m:v_dav/v_mis//n:v_dav/v_mis
чиєму-небудь чий-небудь pron:m:v_dav/v_mis//n:v_dav/v_mis
чиїм-небудь чий-небудь pron:m:v_oru//n:v_oru//p:v_dav
чия-небудь чий-небудь pron:f:v_naz
чиєї-небудь чий-небудь pron:v_rod
чиїй-небудь чий-небудь pron:f:v_dav/v_mis
чию-небудь чий-небудь pron:f:v_zna
чиєю-небудь чий-небудь pron:f:v_oru
чиє-небудь чий-небудь pron:n:v_naz/v_zna
чиї-небудь чий-небудь pron:p:v_naz/v_zna
чиїх-небудь чий-небудь pron:p:v_rod/v_zna/v_mis
чиїми-небудь чий-небудь pron:p:v_oru

хто-небудь хто-небудь pron:v_naz
кого-небудь хто-небудь pron:v_rod/v_zna
кому-небудь хто-небудь pron:v_dav/v_mis
кимо-небудь хто-небудь pron:v_oru
ким-небудь хто-небудь pron:v_oru
кім-небудь хто-небудь pron:v_mis

що-небудь що-небудь pron:n:v_zna
чого-небудь що-небудь pron:n:v_rod/v_zna
віщо-небудь що-небудь pron:n:v_zna
чому-небудь що-небудь pron:n:v_dav/v_mis
чимо-небудь що-небудь pron:n:v_oru
чим-небудь що-небудь pron:n:v_oru
чім-небудь що-небудь pron:n:v_mis

той-таки той-таки pron:m:v_naz/v_zna
того-таки той-таки pron:m:v_rod/v_zna//n:v_rod
тому-таки той-таки pron:m:v_dav/v_mis//n:v_dav/v_mis
тим-таки той-таки pron:m:v_oru//n:v_oru//p:v_dav
тім-таки той-таки pron:m:v_mis//n:v_mis
та-таки той-таки pron:f:v_naz
тої-таки той-таки pron:f:v_rod
тієї-таки той-таки pron:f:v_rod
тій-таки той-таки pron:f:v_dav/v_mis
ту-таки той-таки pron:f:v_zna
тією-таки той-таки pron:f:v_oru
те-таки той-таки pron:n:v_naz/v_zna
ті-таки той-таки pron:p:v_naz/v_zna
тих-таки той-таки pron:p:v_rod/v_zna/v_mis
тими-таки той-таки pron:p:v_oru

такий-то такий-то pron:m:v_naz/v_zna
такого-то такий-то pron:m:v_rod//n:v_rod
такому-то такий-то pron:m:v_dav/v_mis//n:v_dav/v_mis
таким-то такий-то pron:m:v_oru//n:v_oru//p:v_dav
такім-то такий-то pron:m:v_mis//n:v_mis
така-то такий-то pron:f:v_naz
такої-то такий-то pron:f:v_rod
такій-то такий-то pron:f:v_dav/v_mis
таку-то такий-то pron:f:v_zna
такою-то такий-то pron:f:v_oru
таке-то такий-то pron:n:v_naz/v_zna

сякий-такий сякий-такий pron:m:v_naz

ніхто ніхто pron:v_naz
нікого ніхто pron:v_rod/v_zna
нікому ніхто pron:v_dav
ніким ніхто pron:v_oru

нічого нічого prysudk_sl
нічого нічого adv

ніщо ніщо pron:v_naz/v_zna
нічого ніщо pron:v_rod
нічому ніщо pron:v_dav
нічим ніщо pron:v_oru

дехто дехто pron:v_naz
декого дехто pron:v_rod/v_zna
декому дехто pron:v_dav/v_mis
деким дехто pron:v_oru
декім дехто pron:v_mis

дещо дещо adv
дещо дещо pron:v_naz/v_zna
дечого дещо pron:v_rod
дечому дещо pron:v_dav/v_mis
дечим дещо pron:v_oru
дечім дещо pron:v_mis

кудись кудись adv
звідкись звідкись adv

багато багато numr:v_naz/v_zna
багатьох багато numr:v_rod/v_zna/v_mis
багатьом багато numr:v_dav
багатьма багато numr:v_oru

декілька numr:v_naz/v_zna
декількох numr:v_rod/v_zna/v_mis
декільком numr:v_dav
декількома numr:v_oru

кілька кілька numr:v_naz/v_zna
кількох кілька numr:v_rod/v_zna/v_mis
кільком кілька numr:v_dav
кількома кілька numr:v_oru

скільки numr:v_naz/v_zna
скількох numr:v_rod/v_zna/v_mis
скільком numr:v_dav
скількома numr:v_oru

стільки numr:v_naz/v_zna
стількох numr:v_rod/v_zna/v_mis
стільком numr:v_dav
стількома numr:v_oru

скільки-небудь numr:v_naz/v_zna
скількох-небудь numr:v_rod/v_zna/v_mis
скільком-небудь numr:v_dav
скількома-небудь numr:v_oru

бозна-скільки adv
чортзна-скільки adv
хтозна-скільки adv

один один numr:m:v_naz/v_zna
одного один numr:m:v_rod/v_zna//n:v_rod
одному один numr:m:v_dav/v_mis//n:v_dav/v_mis
одним один numr:m:v_oru//n:v_oru
однім один numr:m:v_mis//n:v_mis
одна один numr:f:v_naz
одної один numr:f:v_rod
однієї один numr:f:v_rod
одній один numr:f:v_dav/v_mis
однією один numr:f:v_oru
одною один numr:f:v_oru
одну один numr:f:v_zna
одні один numr:p:v_naz/v_zna
одними один numr:p:v_oru
одних один numr:p:v_rod/v_zna/v_mis
одне один numr:n:v_naz/v_zna
одно один numr:n:v_naz

обоє обоє numr:p:v_naz/v_zna
обох обоє numr:p:v_rod/v_zna/v_mis
обом обоє numr:p:v_dav
обома обоє numr:p:v_oru
обидва обидва numr:m:v_naz/v_zna
обидві обидва numr:f:v_naz/v_zna
обидвоє обидвоє numr:p:v_naz/v_zna
обидвох обидвоє numr:p:v_rod/v_zna/v_mis
обидвом обидвоє numr:p:v_dav
обидвома обидвоє numr:p:v_oru

годину-дві
годину-другу
місяць-другий
тиждень-другий
рік-другий
вдвічі-втричі
сам-самісінький
такий-сякий

# Числівники
обидвоє

сто сто numr:v_naz/v_zna
ста сто numr:v_rod
двоє два numr:v_naz/v_zna
двох двоє noun:v_rod/v_zna/v_mis
двом двоє noun:v_dav
двома двоє noun:v_oru
два два noun:m:v_naz/v_zna//n:v_naz/v_zna
дві два noun:f:v_naz/v_zna
двох два noun:v_rod/v_zna/v_mis
двом два noun:v_dav
двома два noun:v_oru
двісті двісті numr:v_naz
двохсот двісті numr:v_rod/v_zna
двомстам двісті numr:v_dav
двомастами двісті numr:v_oru
двохстах двісті numr:v_mis
троє троє numr:v_naz/v_zna
трьом троє numr:v_dav
трьох троє numr:v_rod/v_zna/v_mis
трьома троє numr:v_oru
три три numr:v_naz/v_zna
трьом три numr:v_dav
трьох три numr:v_rod/v_zna/v_mis
трьома три numr:v_oru
триста триста numr:v_naz/v_zna
тринадцятеро
тринадцяти
трьохсот триста numr:v_rod/v_zna
трьомстам триста numr:v_dav
трьомастами триста numr:v_oru
трьохстах триста numr:v_mis
четверо четверо numr:v_naz/v_zna
чотирма четверо numr:v_oru
чотирьох четверо numr:v_rod/v_zna/v_mis
чотирьом четверо numr:v_dav
чотири чотири numr:v_naz/v_zna
чотирма чотири numr:v_oru
чотирьох чотири numr:v_oru/v_zna/v_mis
чотирьом чотири numr:v_dav
сорок сорок numr:v_naz/v_zna
сорока сорок numr:v_rod/v_dav/v_zna/v_oru/v_mis
чотириста чотириста numr:v_naz/v_zna
чотирьохсот чотириста numr:v_rod/v_zna
чотирьомстам чотириста numr:v_dav
чотирмастами чотириста numr:v_oru
чотирьохстах чотириста numr:v_mis
п'ятеро п'ятеро numr:v_naz/v_zna
п'ятсот п'ятсот numr:v_naz/v_zna
п'ятисот п'ятсот numr:v_rod
п'ятистам п'ятсот numr:v_naz
п'ятьмастами п'ятсот numr:v_oru
п'ятистах п'ятсот numr:v_mis
шестеро шість numr:v_naz/v_zna
шість шість numr:v_naz/v_zna
шести шість numr:v_rod/v_dav/v_mis
шістьом шість numr:v_dav
шістьох шість numr:v_rod/v_zna/v_mis
шістьма шість numr:v_oru
шістьома шість numr:v_oru
шістсот шістсот numr:v_naz/v_zna
шестисот шістсот numr:v_rod
шестистам шістсот numr:v_dav
шестистах шістсот numr:v_mis
шістьмастами шістсот numr:v_oru
сім сім numr:v_naz/v_zna
семи сім numr:v_rod/v_dav/v_mis
сімох сім numr:v_rod/v_zna/v_mis
сімом сім numr:v_dav
сьома сім numr:v_oru
сімома сім numr:v_oru
семеро сім numr:v_naz/v_zna
сімсот сімсот numr:v_naz/v_zna
семисот сімсот numr:v_rod
семистам сімсот numr:v_dav
семистах сімсот numr:v_mis
семистами сімсот numr:v_oru
сімомастами сімсот numr:v_oru
вісім вісім numr:v_naz/v_zna
восьми вісім numr:v_rod/v_dav/v_mis
вісьмох вісім numr:v_rod/v_zna/v_mis
вісьмом вісім numr:v_dav
вісьма вісім numr:v_oru
вісьмома вісім numr:v_oru
восьмеро вісім numr:v_naz/v_zna
вісімсот вісімсот numr:v_naz/v_zna
восьмисот вісімсот numr:v_rod
восьмистам вісімсот numr:v_dav
восьмистах вісімсот numr:v_mis
восьмистами вісімсот numr:v_oru
дев'ятеро дев'ять numr:v_naz/v_zna
дев'яносто дев'яносто numr:v_naz/v_zna
дев'яноста дев'яносто numr:v_rod/v_dav/v_oru/v_mis
дев'ятсот дев'ятсот numr:v_naz/v_zna
дев'ятисот дев'ятсот numr:v_rod
дев'ятистам дев'ятсот numr:v_dav
дев'ятьмастами дев'ятсот numr:v_oru
дев'ятьомастами дев'ятсот numr:v_oru
дев'ятистах дев'ятсот numr:v_mis

одинадцятеро одинадцять numr:v_naz/v_zna
п'ятнадцятеро п'ятнадцять numr:v_naz/v_zna
вісімнадцятеро вісімнадцятеро numr:v_naz/v_zna
двадцятеро двадцять numr:v_naz/v_zna
дванадцятеро дванадцять numr:v_naz/v_zna
тридцятеро тридцятеро numr:v_naz/v_zna
шістнадцятеро шістнадцятеро numr:v_naz/v_zna
сімнадцятеро сімнадцятеро numr:v_naz/v_zna
чотирнадцятеро чотирнадцятеро numr:v_naz/v_zna

кількасот кількасот numr:v_naz/v_zna
кількохсот кількасот numr:v_rod
кількомстам кількасот numr:v_dav
кількомастами кількасот numr:v_oru
кількохстах кількасот numr:v_mis

# Прислівники
вдвічі adv
втричі adv
вдвоє adv
втроє adv
вчетверо adv
вп'ятеро adv
вшестеро adv
всемеро adv
ввосьмеро adv
вдев'ятеро adv
вдесятеро adv
удвічі adv
утричі adv
удвоє adv
утроє adv
учетверо adv
уп'ятеро adv
ушестеро adv
усемеро adv
увосьмеро adv
удев'ятеро adv
удесятеро adv
вдвох adv
втрьох adv
вчотирьох adv
вп'ятьох adv
вшістьох adv
всімох adv
ввісьмох adv
вдев'ятьох adv
вдесятьох adv
удвох adv
утрьох adv
учотирьох adv
уп'ятьох adv
ушістьох adv
усімох adv
увісьмох adv
удев'ятьох adv
удесятьох adv

вдруге вдруге adv
втретє втретє adv
вчетверте вчетверте adv
вп'яте вп'яте adv
вшосте вшосте adv
всьоме всьоме adv
ввосьме ввосьме adv
вдев'яте вдев'яте adv
удруге удруге adv
утретє утретє adv
учетверте учетверте adv
уп'яте уп'яте adv
ушосте ушосте adv
усьоме усьоме adv
увосьме увосьме adv
удев'яте удев'яте adv

щодесять adv

два-три
дві-три
двома-трьома
двох-трьох
три-чотири

один-два
один-єдиний
одна-єдина
одне-єдине

отут adv
отам adv
сяк сяк adv

# Прийменники
без без pryim:rv_rod
в в pryim:rv_zna:rv_mis:rv_rod
у у pryim:rv_zna:rv_mis:rv_rod
уві уві pryim:rv_zna:rv_mis:rv_rod
вві уві pryim:rv_zna:rv_mis:rv_rod
від від pryim:rv_rod
відповідно відповідно pryim:rv_dav
внаслідок внаслідок pryim:rv_rod
унаслідок унаслідок pryim:rv_rod
вподовж вподовж pryim:rv_rod
уподовж уподовж pryim:rv_rod
впоперек впоперек pryim:rv_rod
упоперек упоперек pryim:rv_rod
вслід вслід pryim:rv_dav
услід услід pryim:rv_dav
всупереч всупереч pryim:rv_dav
усупереч усупереч pryim:rv_dav
для для pryim:rv_rod
до до pryim:rv_rod
довкола довкола pryim:rv_rod
з з pryim:rv_rod:rv_zna:rv_oru
за за pryim:rv_rod:rv_zna:rv_oru
із із pryim:rv_rod:rv_zna:rv_oru
зі зі pryim:rv_rod:rv_zna:rv_oru
зо зо pryim:rv_rod:rv_zna:rv_oru
задля задля pryim:rv_rod
залежно залежно pryim:rv_rod
замість замість pryim:rv_rod:rv_naz
заради заради pryim:rv_rod
згідно згідно pryim:rv_rod
здовж здовж adv
здовж здовж pryim:rv_rod
з-за з-за pryim:rv_rod
із-за із-за pryim:rv_rod
з-над з-над pryim:rv_rod
з-перед з-перед pryim:rv_rod
з-під з-під pryim:rv_rod
із-під із-під pryim:rv_rod
з-поза з-поза pryim:rv_rod
з-поміж з-поміж pryim:rv_rod
з-понад з-понад pryim:rv_rod
з-поперед з-поперед pryim:rv_rod
з-посеред з-посеред pryim:rv_rod
з-проміж з-проміж pryim:rv_rod
з-серед з-серед pryim:rv_rod
ззаду ззаду pryim:rv_rod
зсередини зсередини pryim:rv_rod
ізсередини ізсередини pryim:rv_rod
коло коло pryim:rv_rod
край край pryim:rv_rod
крізь крізь pryim:rv_zna
крім крім pryim:rv_rod
між між pryim:rv_rod:rv_zna:rv_oru
проміж проміж pryim:rv_rod:rv_zna:rv_oru
поміж поміж pryim:rv_rod:rv_zna:rv_oru
на на pryim:rv_zna:rv_mis
навпаки навпаки pryim:rv_dav
навперейми навперейми pryim:rv_dav
над над pryim:rv_oru:rv_zna
наді наді pryim:rv_oru:rv_zna
надо надо pryim:rv_oru:rv_zna
наперед наперед pryim:rv_rod
напередодні напередодні pryim:rv_rod
наперекір наперекір pryim:rv_dav
напереріз напереріз pryim:rv_dav
наприкінці наприкінці pryim:rv_rod
напроти напроти pryim:rv_rod
навпроти навпроти pryim:rv_rod
насупроти насупроти pryim:rv_rod
невважаючи невважаючи pryim:rv_zna
нижче нижче pryim:rv_zna
о о pryim:rv_zna:rv_mis:rv_zna:rv_kly
об об pryim:rv_zna:rv_mis
обабіч обабіч pryim:rv_rod
обіч обіч pryim:rv_rod
обік обік adv
обік обік pryim:rv_rod
окрай окрай pryim:rv_rod
окрім окрім pryim:rv_rod
округ округ pryim:rv_rod
округи округи pryim:rv_rod
опісля опісля pryim:rv_rod
опріч опріч pryim:rv_rod
опріч опріч adv
під під pryim:rv_zna:rv_oru
після після pryim:rv_rod
по по pryim:rv_mis:rv_zna
побік побік pryim:rv_rod
побіч побіч pryim:rv_rod
поблизу поблизу pryim:rv_rod
поверх поверх pryim:rv_rod
повз повз pryim:rv_zna
повздовж повздовж pryim:rv_rod
подовж подовж adv
подовж подовж pryim:rv_rod
поза поза pryim:rv_zna:rv_oru
позад позад adv
позад позад pryim:rv_rod
позаду позаду adv
позаду позаду pryim:rv_rod
поздовж поздовж pryim:rv_rod
покрай покрай pryim:rv_rod
понад понад pryim:rv_oru:rv_zna
понижче понижче pryim:rv_rod
поперек поперек pryim:rv_rod
поперед поперед adv
поперед поперед pryim:rv_rod:rv_zna:rv_oru
попереду попереду adv
попереду попереду pryim:rv_rod
попід попід pryim:rv_zna:rv_oru
попліч попліч pryim:rv_rod:rv_oru
попри попри pryim:rv_zna
поруч поруч pryim:rv_rod
поряд поряд pryim:rv_rod
посеред посеред pryim:rv_rod
посередині посередині pryim:rv_rod
при при pryim:rv_mis
про про pryim:rv_zna
просто просто pryim:rv_rod
проти проти pryim:rv_rod
раніше раніше pryim:rv_rod
серед серед pryim:rv_rod
спереду спереду pryim:rv_rod
супроти супроти pryim:rv_rod
супротив супротив pryim:rv_rod
супротив adv
уздовж уздовж pryim:rv_rod
вздовж вздовж pryim:rv_rod
упродовж упродовж adv
упродовж упродовж pryim:rv_rod
через через pryim:rv_zna
шляхом шляхом pryim:rv_rod
щодо щодо pryim:rv_rod

# вставні слова
здається здається insert_sl
здавалося здається insert_sl
