баяти/I :imperf
бистрота/a
бісиця/ad<
благовіщення/i
босячка/abd<
бусі predic
бюрко/ij
ваганки/f
вазка/a
вигибти verb:inf:perf
вилочний/V
виміна/a
винаймити/A :perf
випендрюватися/BHP :imperf
вирощати/I :imperf
висказати/ABW :perf
висміватися/J :imperf
висмівати/I :imperf
вистреляти/I :perf
відіткати/I :perf
вколо вколо adv
воркотливий/V
вхорканий/VX ^adjp:pasv:past
головочка/a
дармовіс/efg
дармо adv
дворець/abc
дільчий/V
дрожка/ab
жалуватися/BHP :imperf
жемчужний/V
завідатель/eg<
зверх зверх adv
змирятися/JHR :imperf
змисл/e
з-позаду з-позаду adv
ке excl
намість намість adv
напуцований/V ^adjp:pasv:past
обікласти verb:inf:perf
одітий/V ^adjp:pasv:past
озутий/V ^adjp:pasv:past
опірений/V ^adjp:pasv:past
памка/a
печально adv
підсичувати/AGO :imperf
святешний/V
сей сей pron:m:v_naz/v_zna
се сей pron:n:v_naz/v_zna
силяти/IGQ :imperf
сими сей pron:p:v_oru
сим сей pron:m:v_oru//n:v_oru//p:v_dav
сих сей pron:p:v_rod/v_zna/v_mis
сієї сей pron:f:v_rod
сією сей pron:f:v_oru
сій сей pron:f:v_dav/v_mis
сім сей pron:m:v_mis//n:v_mis
сі сей pron:p:v_naz/v_zna/v_mis
стосувати/AGO :imperf
сього сей pron:m:v_rod/v_zna//n:v_rod
сьому сей pron:m:v_dav/v_mis//n:v_dav/v_mis
сю сей pron:f:v_zna
ся сей pron:f:v_naz
трепетати/AG :imperf
угощати/I :imperf
уздогін уздогін adv
уїхати/M :perf
уйматися/J :imperf
уконтентовувати/AB :imperf
уконтентувати/AB :perf
упоминати/IJ :imperf
упруг/eg
урадуваний/V ^adjp:pasv:past
уряджений/V ^adjp:pasv:past
успокоєний/V ^adjp:pasv:past
фашистівський/V
хватаний/V
чуткість/l
шияка/a
шушон/eg
мість prep
навперед prep:coll
окроме prep
опостін prep
опріче prep
опроче prep
півперек prep
подовш prep
посереду prep
почерез prep
пріч prep:coll
против prep:rare
споміж prep:coll
спосеред prep:coll
можний/VZ
