агітпроп/e
алаверди
алкаш/efg
амбал/efg
бабло/i
байк/e
бакай/efg
бакс/efg
балаболка/a
балдіти/I
бамбіна
бамбіно
барахлити/A
бацька/a
бацьки
бебі-бумери/b
безбатченко/ef
безмисний/VW
безмлив'я/i
безнапасний/V
безпалько/e
безпересталь
безпереч
безсплав'я/i
безтарка/ab
безхатько/ef
безхатник/efg
безхатченко/ef
безштанько/ef
бзик/e
біофак/e
бітли/b
бічувати/AG
блатняк/eg
близнити/A
близнуватий/V
бодун/e
бормотуха/a
брательник/e
бріджи/b
буржуїн/efg
бютівець/abc
варнякати/IG
вертухай/efg
вечірник/efg
вечірниця/ab
викарабкатися/J
викрутас/ef
відбувайло/e
відмазати/ABGH
відмазка/ab
відмазувати/AB
відморозок/abc
відфутболити/A
відфутболювати/A
вітренковець/lm
втарабанити/A
вуркаганський/V
вуркаган/efg
гламурний/V
гламур/e
глюк/ef
голеодор/efg
гудбай
даішник/efg
даївець/abc
дахування/i
дембель/eg
дерибан/e
джинса/a
євразійство/i
єесівський/V
емка/a
есемеска/ab
жданики/b
жек/ef
життя-буття
жлобський/V
жлобство/i
жлоб/efg
завмаг/efg
здрейфити/A
зубрити/AE
імплементувати/A
інфіз/e
кадебіст/efg
кайфовий/VW
кидалово/i
кіношний/V
клавішник/efg
кланцати/I
кнопкодав/efg
кобіта/ab
комуналка/ab
кравчучка/ab
лафа/a
литвинівець/abc
лохотрон/e
люксовий/V
майданівський/V
манатки/b
мандраж/ef
масліт/e
мейнстрим/e
мент/efg
мешти/b
міжсобойчик/ef
мінімалка/a
младореформатор/efg
мобілка/ab
мобільник/efg
молодіжка/ab
мундіаль/e
недобуд/e
нелегал/efg
неміряно
неформат
нострифікація/a
оборонка/a
общак/e
олігархономіка/a
оонівський/V
офшорка/ab
перформанс/ef
платіжка/ab
повкалувати/A
пожмаканий/V
попса/a
поттеріана/a
пофігізм/e
прибамбас/ef
прикид/e
пронатовський/V
путчист/efg
регіонал/efg
розрулювати/ABGH
самопальний/V
саунд/e
силовик/efg
совковість/lm
соціалка/a
спецназівець/abc
спрощенка/a
стьоб/e
стрілялка/ab
тирити/A
тіньовик/efg
топлес
унсовець/abc
фаєр/efg
фан/efg
феменка/ab
фірмочка/ab
фонтанувати/AG
фотожаба/ab
фраєр/efg
хавати/IG
хай-тек/eg
халявний/V
хіпувати/A
чистоган/e
членкор/efg
ширка/a
