алаверди
алкаш/efg<
амбал/efg<
аморалка/a
Афган/e
бабло/i
багатоходівка/ab
байк/e
бакай/efg
бакс/efg
балаболка/a
балдіти/IGQ :imperf
бамбіна
бамбіно
барахлити/AG :imperf
бацька/a
бебі-бумери/f
безмисний/VW
безмлив'я/i
безпересталь adv
безпереч adv
безсплав'я/i
безтарка/ab
бзик/e
білборд/efg
бітлз/f
бітли/f<
бічувати/AGO :imperf
блатняк/eg
близнити/A :imperf
близнуватий/V
бодігард/efg<
бодун/e
бомжатник/efg
бомжуватий/V
бормотуха/a
брательник/e
бриджі/f
буржуїн/efg<
бютівець/abc
варнякати/IGQ :imperf
вертухай/efg<
вечірник/efg<
вечірниця/ab<
викарабкатися/J :perf
викрутас/ef
відбувайло/e<
відмазати/ABW :perf
відмазка/ab
відмазувати/ABGHOP :imperf
відморозок/abc
відфутболити/A :perf
відфутболювати/AGO :imperf
вітренковець/lm<
втарабанити/A :perf
вуркаганський/V
вуркаган/efg<
газодолари/f
гебіст/efg<
геймер/efg<
гекачепіст/efg<
гламурний/VW
гламур/e
глушилка/ab
глюк/ef
глючити/AG :imperf
голеодор/efg<
гопник/efg<
гудбай excl
даішник/efg<
даївець/abc
дауншифтер/efg<
дауншифтинг/e
дахування/i
дахувати/ABGHOP :imperf
двохсотка/ab
дебілізм/e
дембельський/V
дембель/eg<
демсила/ab
депресняк/e
дерибан/e
деструктив/e
джинса/a
драйвовий/V
дурдом/e
емка/a
есбеушник/efg<
есдеківський/V
есемеска/ab
етніка/a
євразійство/i
єесівський/V
жданики/f
жеківський/V
жек/ef
житловик/efg<
життя-буття
жлобство/i
жлобський/V
жлоб/efg<
завмаг/efg<
замануха/a
здрейфити/A :perf
зомбоящик/efg
зубрити/AE :imperf
кадебіст/efg<
кайфовий/VW
кайфонути/A :perf
кафешка/ab
кидалово/i
кіношний/V
клавішник/efg<
кланцати/I :imperf
кнопкодав/efg<
кобіта/ab
ковбасити/ABGHOP :imperf
комуняка/ab
кравчучка/ab
крейзі
лабух/efg<
лафа/a
легпром/e
лейба/a
литвинівець/abc
лохотрон/ef
люксовий/V
мандраж/ef
масліт/e
мейнстрим/e
мент/efg<
мешти/o
міжсобойчик/ef
міліціянт/efg<
мінімалка/a
младореформатор/efg<
мобілка/ab
мобільник/efg
молодіжка/ab
мундіаль/e
наркота/a
нахімічити/A :perf
недобуд/e
неміряно
неформат
нобелівка/a
оборонка/a
олігархономіка/a
оонівський/V
офшорка/ab
перформанс/ef
петеушник/efg<
платіжка/ab
повкалувати/A :perf
попса/a
пофігізм/e
прибамбас/ef
прикид/e
пронатовський/V
путчист/efg<
регіонал/efg<
розрулювати/ABGHOP :imperf
садо-мазо
самопальний/V
саунд/e
силовик/efg<
совдепівський/V
совдепія/a
совєтизація/a
совєтікус/eg
совітський/V
совковість/lm
соціалка/a
спецназівець/abc
стрілялка/ab
стьоб/e
супер-пупер
тату
телепузик/efg<
тирити/AGO :imperf
тіньовик/efg<
тітушка/ab
фаєр/efg
фан/efg<
феменка/ab
фірмочка/ab
фонтанувати/AGO :imperf
фотожаба/ab
фраєр/efg<
хавати/IGQ :imperf
хай-тек/eg
халявний/V
хіпувати/AGO :imperf
чистоган/e
ширка/a
