барлогу барліг noun:m:v_mis
барлогу барліг noun:m:v_rod
бен бен unknown
білячий/V ^adjp:actv:pres:bad
бісячий/V ^adjp:actv:pres:bad
болюче adv
боляче adv
болячий/V ^adjp:actv:pres:bad
бродячий/V ^adjp:actv:pres:bad
будинкові будинок noun:m:v_mis
варіанту варіант noun:m:v_rod
везучий/V ^adjp:actv:pres:bad
висячий/V ^adjp:actv:pres:bad
вражаючий/V ^adjp:actv:pres:bad
говорили-балакали говорити-балакати verb:past:p:imperf
двору двір noun:m:v_mis
дзвенячий/V ^adjp:actv:pres:bad
дрижачий/V ^adjp:actv:pres:bad
їдучий/V ^adjp:actv:pres:bad
киплячий/V ^adjp:actv:pres:bad
лежачий/V ^adjp:actv:pres:bad
люблячий/V ^adjp:actv:pres:bad
максимум adv
мати мати noun:f:v_naz/v_kly:anim
мінімум adv
мосту міст noun:m:v_mis
мосту міст noun:m:v_rod
нев'янучий/V ^adjp:actv:pres:bad
немеркнучий/V ^adjp:actv:pres:bad
паркану паркан noun:m:v_rod
пливучий/V ^adjp:actv:pres:bad
плоту пліт noun:m:v_mis
плоту пліт noun:m:v_rod
помосту поміст noun:m:v_mis
роду рід noun:m:v_mis
свистячий/V ^adjp:actv:pres:bad
сидячий/V ^adjp:actv:pres:bad
скажімо insert
скриплячий/V ^adjp:actv:pres:bad
славлячий/V ^adjp:actv:pres:bad
смердячий/V ^adjp:actv:pres:bad
сміло сміло adv
сплячий/V ^adjp:actv:pres:bad
столу стіл noun:m:v_mis
столу стіл noun:m:v_rod
стоячий/V ^adjp:actv:pres:bad
таранячий/V ^adjp:actv:pres:bad
телемосту телеміст noun:m:v_mis
телемосту телеміст noun:m:v_rod
тремтячий/V ^adjp:actv:pres:bad
тролеєві тролей noun:m:v_mis
ходячий/V ^adjp:actv:pres:bad
шинку шинок noun:m:v_rod
шиплячий/V ^adjp:actv:pres:bad
шлунку шлунок noun:m:v_rod
щемлячий/V ^adjp:actv:pres:bad
