абсорбуючий/V поглинальний|вбиральний|усмоктувальний|абсорбівний|що абсорбує|що всотує|що всмоктує|що поглинає|що вбирає
абстрагуючий/V що абстрагує|абстракційний
авансуючий/V що авансує|авансодавець
авіапаливо/i авіапальне
автозак/efg
автоматизуючий/V що автоматизує|автоматизаційний
автомийка/ab автомийня
агітуючий/V що агітує|зайнятий агітацією|агітатор
агонізуючий/V що агонізує|охоплений агонією|в агонії|присмерті|напівживий
адаптуючий/V що адаптує|адаптаційний|пристосувальний
адресуючий/V що адресує|адресант|відправник
#азарт/e запал|газард
акаунт/efg обліковий запис|рахунок
акаючий/V що акає|аакуватий
акліматизуючий/V
акомпануючий/V
акредитуючий/V
активізуючий/V що активує|активатор|активаційний
активуючий/V що активує|активатор|активаційний
акумулюючий/V що акумулює|призбирувач|акумулятор|акумуляційний
алегретто
альпага/a
альпаговий/V
альтернуючий/V
аміаковий/V
аналгезуючий/V
аналізуючий/V що аналізує|здатний проаналізувати|зайнятий аналізом|аналітик|аналізатор|аналітичний
анестезуючий/V
апгрейд/ef
арапник/efg
арочний/V арковий|луковий
асимілюючий/V
атакуючий/V атакувальний|нападний
багатократний/V багаторазовий
багатократно багаторазово
багатообіцяючий/V багатонадійний|багатообіцяльний
багаточисельний/V численний|рясний
бажаючий/V охочий
балочний/V балковий|трямовий|сволоковий
банкротство/i
банкротувати/A
банкрот/efg
баннер/efg
банщик/efg лазник|лазнюк|мильник
банщиця/ab лазниця
баранка/ab бублик|обарінок
барелей
барочний/V барковий|бароковий
бархатний/V оскамитовий|бархатовий
бархатність/l оксамитовість
бахромчастий/V
башмак/efg черевик|шкарбан
башмачний/V черевичний
башмачник/efg черевичник|швець
беззавітний/V безоглядний|щиросердий
беззавітність/l безоглядність|щиросердя
беззавітно безоглядно|щиросердо
безпересадочний/V безпересадний
безпідкладочний/V безпідкладковий
безпорядок/ab безлад|безладдя|безладнява|нелагода|нелад|розгардіяш|непорядок|безуряддя
безпосадочний/V безперервний
безстержневий/V безстрижневий
безстержневість/l безстрижневість
безстержньовий/V безстержневий
безчинство/ij бешкет
безчинствувати/AG бешкетувати|бешкети справляти|галабурдити|сваволити|скандалити
бєспрєдєл/e
беспредел/e сваволя|безкрай|безгрань|безмір|безмеж
битком напхом|набгом|натоптом|повно-повнісінько
біга перегони|гони|біговисько|втіки|мандри
бігаючий/V верткий|бігучий|обіжний
біги/b перегони|гони|біговисько|втіки|мандри
благаючий/V
благовонний/V запашний|запашистий|пахучий
благоговійно побожно|святобожно
благоговіння/i побожність|побожна покора|святобожність|святобливість
благоговіти/I побожно схилятися|побожно (святобожно) шанувати|з побожною (святобожною) пошаною ставитися|побожно коритися
благоденствіє щасливе життя|благоденство|гаразд
благозвучний/V доброзвучний|легкозвучний|милозвучний|доброгласний
благополучний/V щасливий|безнапасний
благополучність/l
благополуччя/i добробут
благотворний/V цілющий|добровпливовий|доброчинний|спасенний
благоустрій/a доброустрій|порядок|добрий лад
благочиння/i добродійство|добродіяння|благодійство|благодіяння|доброчинність|добродійництво
блочний/V блоковий|блочоковий
блукаючий/V блуденний|блудний|бродячий|мандрівний
болільник/efg вболівальник
будь-ласка будь ласка
будучність/l майбутність|майбутнє|прийдешність|прийшлість|прийдість|будучина|будущина
буйок/abc поплавище|кітва
булижник буковий камінь|кругляк|бурківка
ваграночний/V вагранковий
валютно-обмінний/V
вважаючий/V
веб-сайта
вепр вепер
взаємопорозуміння/i
взамін замість|на заміну
виборщик/efg виборець
вибухаючий/V
вигасаючий/V
видворення/i
видворити/A виселити|виперти|виставити
видворяти/A виселяти|випирати|виставляти
видресируваний/V видресуваний
видресируваність/l видресуваність
видресирувати/AB видресувати
видужуючий/V що видужує|підлікований|майже здоровий|відхворілий
виздоровлення/i одужання
визиватися/J викликатися
визивати/I викликати
викладка/ab
викликаючий/V що викликає|визивний|зухвалий|задирливий|задерикуватий|зачіпний|зачіпливий
вимисел/ab вигадка|вигад|вигади|небилиця
виносливий/V витривалий
випереджаючий/V що випереджає|випереджальний|випереджувальний|випередник|для випередження|з випередженням
виписка/a витяг|випис|виписування
виплигуючий/V
виручений/V вторгований
висміваючий/V
висміюючий/V
виснажуючий/V виснажливий|знесилювальний|зморювальний
високомарочний/V високомарковий
високопарність/l високомовність|пишномовність
виставочний/V виставковий
виступаючий/V що виступає|виступач|промовець|доповідач|випнутий|випнений|висунутий|виткнутий|виступлений|витичний|виступний
витвережуючий/V що тверезить|що витвережує|витверезний|тверезущий|витверезливий
витоки/b джерела
витребування/i
витребувати/A
вихідець виходець
вичікуючий/V що очікує|очікувальний|очікувач
вібруючий/V що вібрує|вібратор|вібраційний|вібрувальний
віддрукувати/AB0 видрукувати
відеозйомка/ab відеознімання|фільмування
відзив/ef відкликання|відклик|думка|відгук|відповідь|відпис|обзив
відкаточний/V відкотний|вивізний
відкат/ef
відключання/i
відключати/IJQR відмикати|роз'єднувати
відключений/V відімкнений|роз'єднаний
відключення/ij
відключити/ABEF відімкнути|роз'єднати
відкоригований/VW
відлагоджений/V налагоджений
відлагодження/i налагодження|зневадження
відлагоджено налагоджено
відлагоджувальний/V налагоджувальний|зневаджувальний
відлагоджувати/AB налагоджувати|зневаджуати
відлагодити/AB налагодити|зневадити
відмашка/a відмахування|відмах
відображати/IJGH показувати|зображати|відбивати
відображений/VW показаний|зображений|відбитий
відображення/i показ|зображення|відбиття
відобразити/AB показати|зобразити|відбити
відправка/a виряджання|відряджання|виправляння|посилання|вирушення
відсидка/a висидка
відслідковування/i слідкування|стеження|простежування
відслідкувати/A прослідкувати|простежити
відчислення/ij відрахування
відчитатися/J прозвітувати
відщепенець/abc відступник|відступця|єретик|невірний
заворожуюче заворожливо|чарівливо
вірнопідданство/i вірпопідданість
віруючий/V що вірить|вірянин
власть/i власть|влада|сила|право|воля|верх
вмираючий/V що помирає|вмирає|конає|вмирущий|присмертний|смертельний
вмішуватися/B втручатися
вникання/i вдавання|вглядання
вникати/I вдаватися|вглядатися
вникаючи вдаючись
вникнути/AE вдатися
войлок/e повсть
волаючий/V кричущий|що волає
волокита/a тяганина
ворогуючий/V що (який) ворогує|розсварений|розбратаний|ворожий|неприязний|супротивний|ворог
восторжествувати/A затриюмфувати|взяти гору|взяти верх
вотчина/a батьківщина|дідивщина
воюючий/V войовий|що воює|супротивний
вперьод
впливаючий/V що впливає|дійовий
впорювати/AB
вражаючий/V разючий|дивовижний|винятковий
врізка/a врізування
врукопашну врукопаш
всеобіймаючий/V всеосяжний|всеохопний|всебічний
всеохоплюючий/V всеосяжний|всеохопний|всебічний|універсальний|поголовний|панорамний
всеперемагаючий/V всепереможний|звитяжний|здатний здолати все
всепоглинаючий/V всепоглинальний|всепоглинущий
всерйоз серйозно|навсправжки
всеціло цілком|цілковито|зовсім|до краю
всліпу/X наосліп|осліп|на темні очі
втемну/X навмання|наосліп|осліп|на темні очі
вторгатися/J вдиратися|впиратися
вторгнення/ij
вторгнутися/L вдертися|впертися
вхолосту нечинно|марно|даремно
вчителевий/V вчителів|вчительський|учительський
вчительша/a
гавкаючий/V
газда/ab
газопоставка/ab газопостачання
газоутворюючий/V
галопуючий/V що галопує|скачущий|нестримний|невпинний|обвальний
галстук/efg краватка
гатунок/ab
гвалтування/i
гинучий/V
гідроочистка/a
гірчинка/a гіркуватість
глиба/a брила|груда|грудомаха
глинистий/V глинястий|глинкуватий|глеюватий
голівудський/V
голуб'ятня/ab голубник|голубничок
гоночний/V перегоновий
горбушка/a окраєць|цілушка
горець/abc верховинець|гірняк|горянин
горілочний/V горілчаний
горнична/a покоївка
грасирувати/A гаркавити
гратами
граючий/V що грає|зайнятий грою|звиклий грати|гравець|гравчиня|грайливий
грохочення/i гуркотання|туркотання|бухання
грунтований/VZ
грунтовий/V
грунтовний/VW
грунтовність/l
грунтовніший/VY
грунтувати/ABGHOPW
грунт/ef
грядущий/V що йде|прийдешній|майбутній|наступний
грясти/M іти|наставати|наближатися
гудзик/efg
гукаючий/V
гусеничний/V плазуновий
даїшник/efg
дайош
датський/V
даючий/V що дає|давач
двірцевий/V палацовий
двоствольний/V двохцівковий|двохрульний
дебош/ef бешкет|галабурда|дешпет|буча|гармидерування
девелоперський/V розробницький
девелопер/efg розробник
дед-лайн/e граничний термін
дедлайн/ef граничний термін
дезамінуючий/V
дезертирувати/A дезертувати|тікати
дезинфекція/a
державнодумаючий/V
держакт/efg
держчиновник/efg держслужбовець|урядовець
дестабілізуючий/V що дестабілізує|дестабілізаційний|дестабілізатор
деформуючий/V що деформує|що спотворює|що перекручує|деформувальний|спотворювальний|перекручувальний
дзиглик/efg
дислокуючий/V
диференціюючий/V диференціювальний|відрізнялиний
дишло/e дишель|війя
дійствительно дійсно|насправді
діючий/V що діє|чинний|діяльний|дієвий|дійовий|активний
днесь
довгограючий/V що довго грає|довгогральний|довгограйний|довгограй|тривалий|затяжний|довгочасний|протяжний|тривкий
довузівський/V довишівський
догоряючий/V
доказати/A довести
доказувати/A доводити
доколє
долів
домінуючий/V панівний|домінантний|переважний|головний|основний|найпоширеніший
домочадець/abc сем'янин|домівник
доперва
дороговартісний/V коштовний|який дорого коштує|дорогий
доростаючий/V
досвіта
достовірний/VWZ вірогідний|певний|правдивий|достометний|перевірений
достовірність/lmZ вірогідність|певність|правдивість
достовірніший/V вірогідніший|певніший|правдивіший
достоїнство/ij гідність|достойність
дресирований/V дресований
дресирувальник/efg дресувальник
дресирувальниця/ab дресувальниця
дресирування/i дресування|муштрування|муштра
дресирувати/AB дресувати
дрімаючий/V дрімотний|дрімучий
духовенство/ij духівництво
екс-глава/a
експедирований/V
експедируватися/B
експедирувати/A
експлуатуючий/V
екстрагуючий/V екстрагувальний|екстрактивний
екшн/e
енергозбереження/i енергоощадження
енергозберігання/i енергоощадження
енергозберігаючий/i енергоощадний
енергопоставка/ab енергопостачання
жадаючий/V
жарознижуючий/V
живописний/V мальовничий|мальований|малюнковий|малярський
життєстверджуючий/V життєствердний
жовторотик/efg жовтодзьоб|жовтодзьобик|жовтодзюб|пуцьверінок|голопуцьок
журналізм/e журналістика
жуючий/V що жує
жюрі
забракнуло забракло
завалочний/V завалювальний
завідомо свідомо|звідома|знаючи наперед
завідуючий/V завідувач
завітний/V заповітний|щиросердий|таємний|святотаємний
загальнозначимий/V загальнозначущий
загальнозначимість/l загальнозначущість
загасаючий/V
загибаючий/V
заглушуючий/V
загниваючий/V
заготовщик/efg заготівник|готувальник
заготовщиця/a заготівниця|готувальниця
заділ/e
задіювати/A залучати|пускати в дію|уводити в експлуатацію
задіяний/VW залучений|пущений в дію|уведений в експлуатацію
задіяння/i залучення|пускання в дію|уведення в експлуатацію
задіяти/I залучити|пустити в дію|увести в експлуатацію
задрапірувати/AB задраповувати|задрапувати|запинати|запнути|зап'ясти
заказний/V замовний
заказуха/a
заки
закипаючий/V що закипає|кип'ячий
закликаючий/V що закликає|закликач|закличний|зазивний
заключний/V прикінцевий|кінцевий|остаточний
заколисуючий/V
закріплюючий/V закріпний
закупорений/V заткнутий|заткнений|затканий|закоркований|зачопований|затушкований|запакований
закупорити/AB затикати|заткнути|закорковувати|зачоповувати|чопувати
закупорювання/i затикання|закорковування|зачоповування|затушковування|запаковування
закусочний/V закусковий
заломлюючий/V заломлювальний|рефрактивний
залягаючий/V
занепокоюючий/V
запам'ятовуючий/V запам'ятовувальний
запевняючий/V що запевнює|запевнювальний|переконливий
заперечуючий/V що заперечує|заперечник|заперечувач|заперечливий|заперечний
записуючий/V що записує|записувальний|записний|самописний|записувач
засинаючий/V що засинає|засипущий|сонний
заскорузлий/V зашкарублий|закоржавілий
застигаючий/V
застінок/abc катівня
застрашуючий/V
засуджуючий/V що засуджує|що осуджує|осудливий|огудливий|пересудливий|осудник|огудник
затихаючий/V що затихає|послаблий
затія/a вигадка|витівка|замір
затребуваний/V зажаданий|запрошений|викликаний
затребуваність/l жаданість|потрібність
затребування/i зажадання|вимога
затребувати/A зажадати|запросити|викликати
захникати/I заскімлити|зарюмсати|запхикати
захоплюючий/V що захоплює|забирає|захватний|забирущий|захопливий
захоронений/V похований|похоронений
захоронювати/AB ховати|хоронити
заявочний/V заявковий|заявний
заядлий/V запеклий|заїлий|завзятий|завзятущий|запінений|забісований
збаламучуючий/V
зберігти/AB
збираючий/V що збирає|збиральний
зборка/ab збирання|складання|монтаж|брижа|зборини|зморшки|збори|рями|пухлики
збурюючий/V збурний|збурювальний
зварганити/A скапарити|спартолити|зляпати|склепати|спартачити|стулити|стелепати
звершитися/B ставатися|статися
звершити/A докінчати|докінчити|вивершувати
зв'язуючий/V що зв'язує|сполучає|поєднує|зв'язувальний|в'язальний|в'яжучий|сполучний|єднальний|поєднавчий|поєднальний|розігрувач
згасаючий/V що гасне|згасний|згасальний|згасавий|погасальний
згвалтування/ij
згвалтувати/A
зговірливий/VZ згідливий|згодливий|лагодливий|схильчивий|умовний
землеробство/i хліборобство|рільництво|ратайство
зимуючий/V що зимує|зимівник|зимовик|зимушній|зимувальний
зісковзнути/A ізслизнути|зринути|спорснути
злачний/V зелений затишок|вертеп|кубло|травнистий|порослий
злив/e збіжник|зливання
злиттів
злітно-посадочний/V злітно-посадковий
злучка/a парування|припуск|спуск
змичка/a з'єднування|з'єднання|стик|звязок|єднання
знать/i
значимий/VW значущий|важливий|вагомий|ваговитий|змістовний|промовистий
значимість/lm значущість|важливість|вагомість|ваговитість|змістовність
знаючий/V
знеболюючий/V знеболювальний|протибольовий
знешкоджуючий/V що знешкоджує|знешкоджувальний|знешкодний|для знешкодження
зникаючий/V що зникає|зникомий|вимирущий|загрожений|приречений|на межі зникнення|майже зниклий
знищуючий/V що нищить|винищувач|нищитель|викорінювач|губитель|вигубник|нищівний|знищувальний|вигубчий|вибавчий|вигубливий
зобов'язуючий/V що зобов'язує|зобов'язувач|зобов'язчий|зобов'язальний
зростаючий/V що росте (зростає)|наростальний|зростальний|чимраз (все, дедалі) більший (вищий тощо)|ростучий
зупиночний/V зупинний|припинний|перебивний
зустрічаючий/V що зустрічає|зустрічальник
ігрища/b
імуномодулюючий/V
інтегруючий/V інтегрувальний|об'єднавчий
інтригуючий/V що інтригує|цікавий|гостроцікавий|загадковий|таємничий
інформуючий/V інформувальний|інформаційний|повідомчий
існуючий/V що існує|чинний|теперішній|наявний|реальний|заведений
йо-майо
кагебіст/efg кадебіст
казенник/efg магазин|задок
каптьорка/ab каптерка
караючий/V що карає|каратель|карник|каральний
керуючий/V що керує|керівник|управитель|адміністратор|провідник|лідер|керманич|стерновий|керівний|провідний|адміністративний|кермовий
кишківник/efg
кліпаючий/V що моргає|розморганий|моргун|кліпко|моргучий|миготливий|мерехтливий|блимкий
кльово
клянчити/A канючити|циганити|лабзюкати|лабзюкувати|жебрати|миркати
колючоріжучий/V
конаючий/V що конає|що помирає|що вмирає|вмирущий|мирущий|мрущий|присмертний|смертельний
конкуруючий/V
консолідуючий/V що консолідує|консолідаційний|гуртувальний|об'єднавчий|консолідатор|об'єднувач
консулят/e
контемпорарі сучасник|сучасний|одночасний
контрамарочний/V контрамарковий
контролюючий/V що контролює|контрольний|перевірчий
конфронтуючий/V
координуючий/V що координує|координатор|координаційний|узгоджувальний
корегувати/ABGH коректувати|правити|коригувати
корзина/ab кошик|кіш|кошіль|кошелина|кошар|кошівка|козуб|сапет|солом'яник|стуга
корзиновий/V кошиковий
кривдячий/V що кривдить|кривдник|образливий|прикрий|дошкульний
кришування/i
кришувати/AB
крупний/V великий|немалий|чималий|грубий|буйний|дорідний|дорідливий|буйний|краплистий|краплястий|крапчастий|ядерний|значний|важливий|видатний|визначний|славний|славетний|знаний
крупніший/VY більший|грубший|буйніший|значніший|важливіший|видатніший
крупно буйно
крутизна/a крутість|круча
кумарці
курирувати/ABGH опікати|опікувати|опікуватися|наглядати|курувати
кучкуватися/B купчитися|скупчуватися|кублитися|гуртуватися
лазутчик/efg вивідувач|вивідач|шпиг|шпигун|пластун
ланч/e
лейбл/efg
лишній/V зайвий
ліберальствуючий/V
лідируючий/V що лідерує|лідер|передовий|провідний|головний|авангардний|перший
літаючий/V летючий|льотовий|літний
лопасть/ij
лубочний/V лубовий|лубковий|луб'яний
лузер/efg
ляльковод/efg ляльковик
ляп/ef
малокартиння/i
малочисельний/V нечисленний
малюючий/V що малює
маневреність/l маневровість
марочний/V марковий
маршуючий/V що маршує|маршовик|маршувальник|маршувальний|на марші
мати-одиночка мати-одиначка
медвежий/V
мерс/efg
меседж/efg
месидж/efg
месідж/efg
мешкаючий/V що проживає|жилець|житець|мешканець
минулорічний/V торішній|тогорічний
мислячий/V мислездатний|мисленний|миследумний|розумний|вдумливий
миючий/V мийний
міжвузівський/V міжвишівський
мізок/a
міліючий/V що міліє|щораз плиткіший|майже обмілілий|напівзмілілий
мінімалізація/a мінімізація
міроприємство/i захід
містоутворюючий/V містотвірний|містотворчий|містоформувальний
місцеблюститель/efg намісник|заступник|екзарх|вікарій
місцезнаходження/ij місце|становище|географічне місце|географічне становище|позиція|ситуація|розташування
мітингуючий/V що мітингує|мітингувальник|мітингар
моніторити/AG
монтировка/ab монтування|змонтування|монтажка|монтувалка
моргаючий/V що моргає|моргун|кліпко|моргучий|миготливий|мерехтливий|блимкий
морковний/V мокрв'яний
мужчина/ab чоловік
м'якоть/i м'якуш|м'якота|мизка|молот|гамуз
набавочний/V наддатковий|набавний|накидний|надданий
наверстати/I надолужити|навернути|нагнати|натягти
навик/ef вправність|уміння|звичка|навичка
навчаючий/V що навчає|навчальний|вишкільний
нагрянути/A наскочити|набігти|насунути|налетіти
надихаючий/V що надихає|що запалює|що окриляє|що наснажує|надихущий|запалющий|наснажливий
надурочний/V позанормовий|наднормовий|позачерговий|надробочий
надурочно позанормово|наднормово|позачергово
надходячий/V
надцять/a
назавше навіки|назавсігди|назавжди
найсокровенніший/V найпотаємніший
накарачках рачки
накінець нарешті
налом готівкою
нападаючий/V нападник|нападальний|нападний
наперевіс напереваги
наперсточник/efg наперсткар
напівгусеничний/V напівплазуновий
напочатку на початку|спочатку|попереду|спершу|перше
направляючий/V напрямний|направний|чоловий
нарід
наркоугруповання/ij
наростаючий/V що наростає|наростальний|зростальний|нарощуваний|нестримний
нарочний/ij посланець|гінець|навмисний|умисний
наружка/a
насморк/e нежить
наступаючий/V що настає|що надходить|надхожий|прийдешній|наступний|майбутній
наукоємний/V наукомісткий
нафтоперевалочний/V нафтоперевалковий|нафтоперевальний|нафтоперевантажний
нафтопоставка/ab нафтопостачання
начотницький/V
начотництво/ij
начотчиця/ab
неблагополучність/l
неблагополучно
неблагополуччя/i недобра доля|нещастя|негаразд
неблагопристойно
невгаваючий/V
невгасаючий/V
невилягаючий/V
невисихаючий/V що не сохне|що не висихає|що не пересихає|несхнучий
невідповідаючий/V що не відповідає|невідповідний
незадіяний/V незалучений|не пущений в дію
незатребуваний/V незапитаний|незапрошений|невзятий
незатребуваність/l незапитаність|незапрошеність
незмовкаючий/V немовчущий
неіснуючий/V що не існує|відсутній|нереальний|вигаданий|уявний
нелітаючий/V нелетючий|нельотовий|нелітний
немислячий/V нездатний мислити|безголовий|бездумний|безмисленний
ненавидячий/V повний ненависті|сповнений ненависті|ненависник
необгрунтованість/l
неправомочний/V неправосильний
непрацюючий/V незайнятий|нерухомий|неробочий
непроточний/V нетекучий|небігучий|непливучий
неспівпадіння/i незбіг|незбіжність|розбіжність|суперечність
нестиковка/ab нестикування
нестихаючий/V нестишний|непритишний|невтишний|невтишимий|неугавний
несучий/V що несе|тримальний|опорний|носійний|несний
неув'язка/ab непогодженість|непогодження|непоєднаність|непоєднання|нев'язь|нестикування|нестикуваннячко|нестик
неув'язочка/ab непогодженість|непогодження|непоєднаність|непоєднання|нев'язь|нестикування|нестикуваннячко|нестик
нечистоплотність/l неохайність
новинарний/V новинний|журналістський|газетярський
нововиявлений/V
нон-грата
носоглотка/a носопролиг
ностальгуючий/V що ностальгує|стужений
нуртуючий/V
обготівковування/i переведення в готівку|інкасування
обгрунтований/VZW
обгрунтованість/l
обгрунтовувати/ABGH
обгрунтовуючи
обгрунтування/ij
обгрунтувати/A
об'єднуючий/V що об'єднує (єднає)|об'єднавчий|єднальний|об'єднувач
обезглавити/A стяти голову|зітнути голову|відтяти голову
обеззброюючий/V що знезброює|роззброює|знезброювальний|знезбройний|роззброювальний|роззбройний|знезброювач|роззброювач
обезземелення/i збезземелення
обезземелити/A збезземелити
обезземелювати/A збезземелювати
обзаведення/i заведення|справляння|придбання
обзавестися/N завестися
обзаводитися/B заводитися|заводити|справляти|придбати
обзаводитися/N заводитися
обзаводячись
обитель/i житло|господа|оселя|домівка|мешкання|помешкання
обідаючий/V що обідає
обіцяючий/V що обіцяє|обіцяльний|повен надій (сподівань)|обіцяльник
об'їждчик/efg об'їзник|об'їзний
обласкати/I милувати|обмилувати|приголублювати|приголубити
облачення/i церковний одяг|убір|одежа|одягання|убирання
обледеніння/i обмерзлість
обледеніти/I обмерзнути (узятися|вкритися) льодом|кригою
облюбований/V уподобаний|обмилований|вибраний|улюблений
обмежуючий/V що обмежує|здатний обмежити|обмежувач|обмежувальний|межовий
обмундирований/V
обмундировувати/A умундировувати|припоряджати
обмундирувальний/V
обмундирування/ij
обмундирувати/AB умундирувати|припорядити
обнадіювати/A запевняти|подавати надію
обнадіяти/I запевнити|дати надію
обнулення/i занулення|занулювання
обнуління/i занулення|занулювання
обов'язуючий/V що (який) зобов'язує|зобов'язувач|зобов'язчий|зобов'язальний
ображаючий/V що кривдить|кривдник|образливий|прикрий|дошкульний
оброчний/V чиншовий
обслуговуючий/V що обслуговує|обслуговчий|обслуговий|обслужний|обслужувальний
обширний/V широкий|просторий|розлогий|широкополий|широкопросторий|ширококраїй
оглупляючий/V
оготівковування/i переведення в готівку|інкасування
огризок/abc недогризок
одиночка/a одинець|одиниця|одинак|одиначка|безпарий
одиночний/V одиничний|поодинчий|поодинокий|індивідуальний
одиночниця/ab одинак|одиначка|самітник|самітниця
одіяло/ej ліжник|укривало|ковдра|рядно|ряденце
одноканальний/V одноканаловий
односільчанин/efj односелець
одобрямс/e
оживляючий/V живлющий|живущий|животворний
о'кей
окислений/V окиснений
окорок/efg окіст|плічко|лопатка|стегно|шинка|вудженина
опорочити/A заплямити|зганьбувати|зганьбити|зґанджувати|ославити|збезчестити
опорочувати/A заплямлювати|ганьбувати|ганьбити|ґанджувати|ославлювати|безчестити
оп'яняючий/V п'яний|п'янкий|п'янкуватий
організуючий/V
ореол/ef авреоля|сяйво
освідомлюючий/V
освіжающий/V що відсвіжує|відсвіжувач|свіжистий|відсвіжущий|відсвіжливий|відсвіжний
осилити/A перемагати|перемогти|подужати|здоліти|подолати
осінити/A отінити|окрити|покрити|огорнути|благословити|знаменати|оклонити
осіняти/I отіняти|отінювати|окривати|покривати|огортати|охоплювати|спалахувати|осявати|з'являтися|благословляти|знаменати|оклоняти
основанья
оспорити/A заперечити|не визнати
оспорювати/AGBGH заперечувати|змагатися|сперечатися|не визнавати|поборюватися
оточуючий/V навколишній|обвідний|окружний
оціночний/V оцінний|цінувальний
пагубний/V згубний|згубливий
палаючий/V у вогні|у полум'ї|що палає|палкий|пекучий|пломінкий|палючий|палахкотючий|палахтючий|палахкотливий|палахкий
пануючий/V панівний|керівний|переважний
парик/efg перука
партнерша/ab< партнерка
первіснообщинний/V первісногромадський
переважаючий/V переважний|переважливий|найпоширеніший|панівний
перевалочний/V перевалковий|перевальний|перевантаж
перевірочний/V перевірковий|перевірчий|вивірчий
перевіряючий/V що перевіряє|контролер|перевірник|перевіряльник|контрольний|перевірчий
переводи/b перекази|переклади
перев'язочний/V перев'язувальний|перев'язний|завивний|в'язальний
переговірний/V розмовний|перемовний
переговірник/efg перемовник|розмовник
переговорник/efg перемовник|розмовник
передаточний/V передавальний|передатковий|передатний|уступний
передвижник/efg
передоплачений/V
передуючий/V попередній|передніший|передущий
переіменований/V
перекличка/a перекликання|переклик|переліка
переключання/i
переключати/IJ перемикати
переключений/VW
переключення/ij
переключити/IJ перемикнути
переконуючий/V
переустрій/a перебудова|перебудовування|перебудування|реорганізація
перешкоджаючий/V що перешкоджає|що заваджає|перешкодний|перепинний|перешкодник
перила/b бильця|поруччя|поручата|поручні|баляси
персидський/V перський
перформенс/ef
перцівочний/V перцівковий
першопрохідник/efg першопроходець
печіночний/V печінковий
пиловідсмоктуючий/V
пиловсмоктуючий/V
пилосос/efg
питтєвий/V питний
піврозпад/ef напіврозпад
підбадьорюючий/V що бадьорить|що збадьорує|бадьорливий|збадьорливий
підбурюючий/V
підворітня/a підворіття|підворітниця
підгрунтя/i
підключивши увімнувши|під'єднавши|приєднавши
підключити/ABEF увімкнути|під'єднати|приєднати
підкорегувати/AB
підодіяльник/efg підковдра
підростаючий/V що підростає
підсвічник/efg свічник|свічничок|посвітач|ставник|світоч|світич|світач
підсихаючий/V що підсихає
підслуховуючий/V що підслуховує|що підслухує|підслуховий|підслухач|підслухувач
підспудний/VW прихований|захований|підкилимний
підтримуючий/V підтримний
підходящий/V підхожий|підхідний|прикладний|відповідний|слушний|нагідний|догідний|пригідний
підчас під час
післясмак/e посмак
плаваючий/V що плаває|плавець|пливучий|плавучий|плавний|водоплавний|хиткий|нестійкий|рухомий|мінливий|незакріплений
плагін/efg додаток|модуль|втулок
пломеніючий/V що пломеніє
побільшуючий/V що збільшує|збільшувач|збільшувальний
поблажка/ab потур|потурання|попуск|попуст
поближче ближче|ближченько
повальний/V пошесний|загальний|поголовний|вселюдний
повертаючий/V що повертає|вертальний
повідок/abc повідець
погреб льох|погріб|погребище|пивниця|склеп
пожиттєвий/V довічний|доживотний|досмертний
пожиттєво довічно|повік|до смерті
позашляховик/efg
позиціонування/i позиціювання
позиціонувати/ABGH позиціювати
покладистий/V покладливий
покровителька/ab заступниця|ласкавиця|опікунка|меценатка
покровитель/efg заступник|ласкавець|опікун|патрон|протектор|меценат
поліцейський/V поліційний|поліціянт|поліцай
половіючий/V що половіє|що мерхне
полоса/ab смуга|пасмуга|попруга|пасман|басаман
поменше менше|меншенько|трохи менше
помираючий/V що помирає|вмирає|конає|вмирущий|мирущий|мрущий|присмертний|смертельний
помісність/l
понти/b
понятія/b
понятний/V зрозумілий
поправочний/V поправковий|виправний|корекційний
поприще/i кар'єра|поле|театр|арена|терен
пориваючий/V що пориває|поривний|захватний
посадочний/V посадковий|висадковий
посилочний/V посилковий|пакунковий
посил/e посилання|надсилання
посланіє
поставка/ab постачання|постача
поставщик/efg постачальник
постановочний/V поставний|постановчий
посткризовий/V післякризовий
потопаючий/V що потопає|потопельник|утопленик|тонучий
потрясаючий/V що вражає|приголомшливий|разючий|запридушний
похожий/V схожий
початкуючий/V що починає|зачинатель|ініціатор|початківець|дебютант|започатковувач|новачок
пошкоджуючий/V що псує|ушкодливий|ушкідний|шкідний
пошукувач/efg здобувач
#появитися/B з'явитися|виявитися|виникати
#появляти/I
поясниця/a поперек
правлячий/V керівний|керівничий|владущий
правомочний/V правоможний|правосильний|судоправний|правочинний|уповноважений
правомочність/l
празник/efg свято
працюючий/V що працює|працівний|робітний|працівник|робітник
предостатньо задосить
представляючий/V що презентує|презентант|презентаційний|що відрекомендовує|зазнайомлювач|рекомендаційний|що розігрує|актор|артист|що зображує|що репрезентує|представник|речник|репрезентант|що являє|що уявляє|що становить
предстоятель/efg настоятель|настоятелька|голова
преміум
преславутий/V горезвісний
престарілий/V престарий|старезний|похилий
прибавочний/V додатковий
привичка/a звичка|навичка|призвичайка|призвичаєння|звичай|манера|традиція
привідкрити/A прочиняти|прохиляти|відчиняти|відхиляти|відтуляти|відгорнути
пригасаючий/V що пригасає|пригаслий
пригноблюючий/V що притискає|гнобитель|гонитель|пригноблювач|утискувач
пригодитися/BD знадобитися|придатися|здатися|стати у пригоді
приголомшуючий/V приголомшливий|запаморочливий|ошелешливий|запридушний|могутній
придушуючий/V що придушує
приєднуючий/V що приєднує|сполучальний|з'єднувальний|злучальний|зв'язувальний|єднальний
прийомний/V приймальний|вступний|вітальний|порційний|названий
прийом/ef приймання|прийняття|вітання|зустріч|напад|захід|раз|спосіб|удаль|вдача
прилягаючий/V прилеглий|суміжний|сусідній|прилепистий|облиплий
примірний/V зразковий|взірцевий|приблизний|орієнтовний|прикидний
приналежність/lm належність
принудительний/V примусовий|роблений з примусу (примусом)|приневільний
припадочний/V припадковий|нападний|причинний|причинуватий
присоромлюючий/V що присоромлює
притік/a приплив|доплив|наплив|притока|гілка
притому до того ж|до того ж таки|ще
прихватизатор/efg
прихватизація/a
прихватизувати/AB
пробігаючий/V що перебігає|перебіжний|мимобіжний|проминущий
провокуючий/V що провокує|провокатор|провокаційний|провокативний|провокаторський
прогресуючий/V що прогресує|поступний|поступальний|прогресивний
продавщиця/ab продавчиня|продавниця
продовгуватий/V довгастий|довгуватий|подовгий
проживаючий/V що проживає|мешканець
проминаючий/V що минає|минущий
промоушен/e реклама|просування|стимулювання|популяризація|підтримка|допомога
промоушн/e реклама|просування|стимулювання|популяризація|підтримка|допомога
проникаючий/V що проходить|що промикується|що просмикується|проникливий
пропадаючий/V що пропадає|напівзниклий|зникомий|запропасливий|пропащий
прописочний/V прописковий
проплата/ab оплата
проробка/a пророблення|опрацювання|опрацьовування
просвітність/l
прославляючий/V що славить|прославитель|хвалитель|хвалій|величальник|величальний|славословний|панегіричний
просперуючий/V
#простой/e простоювання|вистоювання|перестоювання
просто-напросто просто|просто-таки|попросту
просторний/V просторий|простірний|повільний|розлогий|розложистий|розлеглий
протестуючий/V що протестує|протестант|протестаційний
противсіх/efg
#проточний/V текучий|бігучий|пливучий
проффесор/efg
процвітаючий/V що процвітає|квітний|квітистий|квітучий|успішний
прямоточний/V прямопотоковий|прямотічний|прямотечійний|прямоструминний|прямоструменевий
прямуючий/V що прямує|по дорозі до|на шляху до|подорожній
пустушка/ab дурниця|марниця|дрібниця|абищиця|пусте|байка|порожняк|соска|пипка|мізюк|смочок|дурник|шелихвіст|пустоб'яка|пустоб'яха
п'яніна/a
п'янка/ab пиятика|гульня|дудліж
радіючий/V радий|зраділий|охоплений радістю|сповнений радощів
распрі/b чвари|сварка|незгода|колотнеча
реагуючий/V що реагує|здатний зареагувати|реагівний|реагент
регулюючий/V що регулює|регулювальний|регулятор|регулювальний|регуляційний
резинка/ab гумка
рейдуючий/V що рейдує|змушений рейдувати|зайнятий рейдом|рейдовик|рейдовий
реліз/ef випуск
ресторатор/efg
реструктуризований/V реструктурований
ретируватися/B відступати
рикаючий/V що реве|сповнений рику|рикало|ревун|рикун|ревучий
риночний/V ринковий
різнобій/a різнобіжність|брак згоди|незлагода
рішаючий/V вирішальний|вирішний|головний|основний|провідний|стрижневий|розв'язувальний|ухвальний
розбірка/ab розбирання|сортування|розкидання|демонтаж
розбурюючий/V
роздруківка/ab роздрук
роззброюючий/V що знезброює|роззброює|знезброювальний|знезбройний|роззброювальний|роззбройний|знезброювач|роззброювач
розкладаючий/V
розкошелитися/B брязнути гаманцем|розв'язати калитку|розкопотитися
рознощик/efg розносник
розписний/V мальований|розмальований|писаний|мережаний
розрихлити/AB підпушувати|розпушувати
розрихляти/ABGH підпушувати|розпушувати
розрулити/A
розрулювання/i
розтерзання/ij роздертя|потала
розуміючий/V що тямить|знавець|тямущий|тямовитий|кмітливий|компетентний
роз'ятрюючий/V
ротаріанець/abc
руйнуючий/V що руйнує|руйнівник|плюндрій|спустошувач|руйнівний|руїнницький|спустошливий
рукоятка/ab держак|держално|ручка|руків'я|стебло|хрест
рукоять/ij держак|держално|ручка|руків'я|стебло|хрест
рульовий/V кермовий|стерновий|стерничий|стерник|керманич
салфетка/ab серветка
самашедший/V
самовибухаючий/V
самодовліючий/V самодостатній|самоцінний|незалежний
сарай/efg
свобідний/V вільний
свобідно вільно
своєвільство/i сваволя|свавілля|свавільство|самовільство|самовільність|самочинство
святкуючий/V що святкує|учасник свята|празничанин|святковий
священичий/V священицький
серйоз/e
сищик/efg
сіятельний/V ясновельможний
сіяючий/V що сяє|осяйний|сяйний|сяйливий
скімлячий/V що верещить|вискун|верескун|верещака|верескливий|вискливий|вискотливий
склочний/V чварний
склочник/efg кляузник|інтриган
скоєння/i вчинення|заподіяння
скорегувати/AB скоректувати|виправити|скоригувати
слабнучий/V
славлячий/V
слідуючий/V наступний|черговий|дальший|подальший|другий|такий
сміхотворний/V сміховинний
сміхотворність/lm сміховинність
сміхотворно сміховинно
совєти/b
совєцький/V
совіти/b
сього
сьогохвилинний/V миттєвий|негайний|на цю хвилину|мить
сортир/efg нужник
состав/efg склад|сполука|речовина|суміш|валка|поїзд
сохнучий/V що сохне|сушений|висушуваний|схнучий
спадаючий/V що спадає|спадний
спасатися/J рятуватися
спасати/I рятувати
спитуючий/V
співаючий/V о співає|співець|співак|співун|співучий
співзвучний/VZ суголосний
співзвуччя/i суголосся
співіснувати/AG
співпадати/IG збігатися|сходитися
співпасти/M збігтися|зійтися
співпрацюючий/V
співпричетність/l
співставити/AB зіставити
співставляти/IJ зіставляти
співтовариство/ij
співчуваючий/V що співчуває|сповнений співчуття|прихильник|симпатик|співчутливець
співшукач/efg шукач|пошукач|конкурсант|учасник конкурсу
сплиття/i випливання|виплиття|виринання|зринання
спостерігаючий/V що спостерігає|зайнятий спостереженням|спостерігач|споглядач|дозорець
спрямовуючий/V що спрямовує|напрямний|направний|чоловий|направник
ссуда/a позика
стабілізуючий/V стабілізаційний|стабілізувальний|усталювальний
стажер/efg стажист
старина/a старовина|давнина
ствол/efg стовбур|стебло|стеблина|дуда|цівка|рура|жерло
стервозний/V стервезний|стервенний|стервенський
стервозність/l стервезність|стервенськість
стержень/abc стрижень|шворінь|серце|основа
стержневий/V стрижневий|швореневий|основний
стиковка/ab стикування
стимулюючий/V що стимулює|заохочує|збуджує|заохочувальний|збуджувальний|стимуляційний|заохочувач|збуджувач|стимулятор
стравити/AB нацькувати|вивести|випасти
стравлювати/ABGH цькувати|нацьковувати|виводити|випасати
страждаючий/V що страждає|сповнений муки|мученик|страдник|страдний|страдницький|довготерпеливий
страйкуючий/V що страйкує|страйкар|учасник страйку|охоплений страйком
страусиний/V страусовий
стремління/i потяг|поривання|жага|прямування
стримуючий/V що стримує|здержує|стримувальний|стримчий|стримувач|здержувальний|здержувач|тамувальний|тамувач|гальмівний
стрілочний/V стрілковий|виличний
стріляючий/V що стріляє|що штрикає|стрілючий|штрикучий|стрілець
строгіший/VY суворіший|гостріший
строчка/ab рядок
структуризувати/ABGH структурувати
сутеніючий/V що меркне|напівзгаслий|напівпомерклий|загасущий|вгасущий|гаснучий
суціль
сягаючий/V що сягає|простертий|простягнутий|простягнений|розпросторений|простелений|розлеглий|простяжний
сяючий/V що сяє|опромінений|осяяний|сяйнистий|блискучий|сяйливий|осяйний|сяйний|пишно блискучий|променистий
танцюючий/V що танцює|розтанцьований|закружений у танці|танцюрист|танцівник|танцювальник|танцюра|танцювальний|танцівливий
терзання/ij муки|мордування|шматування|шарпання|роздирання
терзати/I дерти|роздирати|шарпати|мордувати|мучити
типізуючий/V
толковий/V тямкий|тямучий|тямущий
тонізуючий/V що тонізує|тонізувальний|тонізаційний|збадьорливий|збудний|збудливий|збуджувальний
торгівельний/V
торжествувати/A (урочисто, бучно) святкувати|тріумфувати
трафіка
триваючий/V що триває|не припинюваний|тяглий|безперервний
тріумфуючий/V що тріумфує|тріумфальний|переможний|урочистий
трудолюбивий/V працьовитий|роботящий
туземний/V тубільний|місцевий
турбуючий/V що докучає|що турбує|неспокійний|тривожний|докучливий|настирлиний|дошкульний
тусівка/ab збіганка|збіговисько|тусня|тусняк|тусман|тусування
тяп-ляп сяк-так|абияк|нашвидку|нашвидкуруч|на галай-балай
удушливий/V задушливий|задушний
узагальнюючий/V що узагальнює|узагальнювальний|узагальнений|сумарний|підсумковий
умираючий/V що помирає|вмирає|конає|вмирущий|присмертний|смертельний
управляючий/V що керує|керівник|управитель|адміністратор|керівний|адміністративний|кермовий
урозріз всупереч
уряджаючий/V що уряджає| організатор|організаційний|організаторський
усерйоз серйозно|навсправжки
усмирити/A втихомирити|приборкати|угамувати|притишити
усмиряти/I втихомирювати|приборкувати|притишувати|вгамовувати|приструнювати
успіти/I устигнути|поспіти
устій/ab стоян|підпора|підвалина
утворюючий/V що утворює|утворювальний|твірний
утікаючий/V
уточнюючий/V що уточнює|уточнювальний|уточнювач
учбовий/V навчальний
ущільнюючий/V що ущільнює|ущільний|ущільнювальний|ущільнювач
уяснити/A з'ясувати|усвідомити|зрозуміти
фест/e
фортеп'яна/ab
функціонуючий/V що функціонує|функціонер|дійовий|активний|чинний|функціональний
хвилюючий/V що хвилює|хвильний; бентежний|бентежливий|зворушливий
хникати/I скигляти|скімлити|скавуліти|рюмсати|пхикати
хранителька/ab хоронителька|охоронниця|берегиня
худосочний/V щуплий|щуплявий|хирлявий|худорлявий
царапатися/JR дряпатися|шкрябатися|дертися|скромадитися
царапати/IQ дряпати|шкрябати|дерти|скромадити
централізуючий/V що централізує|покликаний централізувати|для централізації|зайнятий централізацією|централізаційний
центробіжний/V відцентровий
цьоця/a
чеканити/AB карбувати|бити|рубати
чекаючий/V що очікує|очікувальний|очікувач
червоточний/V червотокий|червивий
числений/V
числитися/B бути|бути зазначеним|бути вписаним
читаючий/V що читає|читальний|читач|читальник|читець|читайло
чіпи
чокатися/J цокатися|здоровкатися|з'їхати з глузду|збожеволіти|здуріти|стукнутися|тюкнутися
чолобитна/i супліка
шарикопідшипниковий/V кульковальничний
шарик/efg кулька|бульбашка|балабушка|галка|галочка|болюс
шатер/abc намет|шатро|таш|таша
шиповник/efg шипшина
шкло/i
шокуючий/V що шокує|шокувальний|разючий|приголомшливий|неймовірний|нечуваний|моторошний
шорт-лист/ef
шоу-біз/e
шукаючий/V хто шукає|шукач|шукальник|шукайло|запобігач
щедрота/ab щедрість|гойність|щедриня
щитовидий/V щитуватий
щитовидка/a
щитовидний/V щитуватий
явочний/V
яйник/efg
