абсорбуючий/V ^adjp:actv:pres поглинальний|вбиральний|усмоктувальний|абсорбівний|що абсорбує|що всотує|що всмоктує|що поглинає|що вбирає
абстрагуючий/V ^adjp:actv:pres що абстрагує|абстракційний
авансуючий/V ^adjp:actv:pres що авансує|авансодавець
авіапаливо/i авіапальне
авось part ачей|чей|(а)чень|може|може чи не|може-таки
автогоночний/V
автоматизуючий/V ^adjp:actv:pres що автоматизує|автоматизаційний
автомийка/ab автомийня
агітуючий/V ^adjp:actv:pres що агітує|зайнятий агітацією|агітатор
агонізуючий/V ^adjp:actv:pres що агонізує|охоплений агонією|в агонії|присмерті|напівживий
адаптуючий/V ^adjp:actv:pres що адаптує|адаптаційний|пристосувальний
адресуючий/V ^adjp:actv:pres що адресує|адресант|відправник
адсорбуючий/V ^adjp:actv:pres
аерофотозйомка/a аерофотознімання|аерофотографування
#азарт/e запал|газард
азбостальний/V
акаунт/efg обліковий запис|рахунок
акаючий/V ^adjp:actv:pres що акає|аакуватий
акліматизуючий/V
акомпануючий/V
акредитуючий/V
активізуючий/V ^adjp:actv:pres що активує|активатор|активаційний
активнодіючий/V ^adjp:actv:imperf
активуючий/V ^adjp:actv:pres що активує|активатор|активаційний
акумулюючий/V ^adjp:actv:pres що акумулює|призбирувач|акумулятор|акумуляційний
акцелератор/e акселератор
алегретто adv
алітуючий/V ^adjp:actv:pres
альпага/a
альпаговий/V
альтернуючий/V
амвросія/a амброзія
аміаковий/V
амонізуючий/V ^adjp:actv:pres
амортизуючий/V ^adjp:actv:pres
аналгезуючий/V
аналізуючий/V ^adjp:actv:pres що аналізує|здатний проаналізувати|зайнятий аналізом|аналітик|аналізатор|аналітичний
анестезуючий/V ^adjp:actv:pres 
анігілюючий/V
антикризисний/V антикризовий
анулюючий/V ^adjp:actv:pres
апгрейд/ef
апретуючий/V ^adjp:actv:pres
апроксимуючий/V ^adjp:actv:pres
арапник/efg
ароматизуючий/V ^adjp:actv:pres
арочний/V арковий|луковий
артикулюючий/V ^adjp:actv:imperf
асимілюючий/V ^adjp:actv:pres 
атакуючий/V ^adjp:actv:pres атакувальний|нападний
багатократний/V багаторазовий
багатократно adv багаторазово
багатонаправлений/V
багатообіцяючий/V ^adjp:actv:pres багатонадійний|багатообіцяльний
багаточисельний/V численний|рясний
багаточисленний/V численний
бажаючий/V ^adjp:actv:pres охочий|який бажає (хоче)
байдикуючий/V ^adjp:actv:imperf
балансуючий/V ^adjp:actv:pres
балдьожний/V
балочний/V балковий|трямовий|сволоковий
банкротство/i
банкротувати/A
банкрот/efgh<
баннер/efg
баночний/V
банщик/efg< лазник|лазнюк|мильник
банщиця/abd< лазниця
баранка/ab бублик|обарінок
барелей noun:p:v_rod барелів
барочний/V барковий|бароковий
бархатистий/V
бархатний/V оскамитовий|бархатовий
бархатність/l оксамитовість
бахромчастий/V
бахромчатий/V
башмак/efg черевик|шкарбан
башмачний/V черевичний
башмачник/efg< черевичник|швець
безалаберний/V
безвивірочний/V
беззавітний/V безоглядний|щиросердий
беззавітність/l безоглядність|щиросердя
беззавітно adv безоглядно|щиросердо
безоружний/V
безпересадочний/V безпересадний
безпідкладочний/V безпідкладковий
безпорядок/ab безлад|безладдя|безладнява|нелагода|нелад|розгардіяш|непорядок|безуряддя
безпосадочний/V безперервний
безпричасний/V
безсонниця/a безсоння|нічниці|несплячки
безстержневий/V безстрижневий
безстержневість/l безстрижневість
безстержньовий/V безстержневий
безчинство/ij бешкет
безчинствувати/AG бешкетувати|бешкети справляти|галабурдити|сваволити|скандалити
бережливий/V ощадливий|ощадний|щадний|дбайливий
бережливість/lm ощадливість|ощадність|дбайливість
бережливо adv ощадливо|ощадно|дбайливо
беспредел/e сваволя|безкрай|безгрань|безмір|безмеж
бєспрєдєл/e
битком adv напхом|набгом|натоптом|повно-повнісінько
бігаючий/V ^adjp:actv:pres верткий|бігучий|обіжний
біга noun:p:v_naz/v_zna перегони|гони|біговисько|втіки|мандри
біги/f перегони|гони|біговисько|втіки|мандри
бідуючий/V ^adjp:actv:pres
біметалічний/V біметалевий
благаючий/V ^adjp:actv:pres 
благовонний/V запашний|запашистий|пахучий
благоговійно adv побожно|святобожно
благоговіння/i побожність|побожна покора|святобожність|святобливість
благоговіти/I побожно схилятися|побожно (святобожно) шанувати|з побожною (святобожною) пошаною ставитися|побожно коритися
благоденствіє noun:n:v_naz/v_zna щасливе життя|благоденство|гаразд
благозвучний/V доброзвучний|легкозвучний|милозвучний|доброгласний
благополучний/V щасливий|безнапасний
благополучність/l
благополуччя/i добробут
благословляючий/V ^adjp:actv:pres
благотворний/V цілющий|добровпливовий|доброчинний|спасенний
благоустрій/a доброустрій|порядок|добрий лад
благоустроєний/V ^adjp:pasv:past
благочиння/i добродійство|добродіяння|благодійство|благодіяння|доброчинність|добродійництво
блимаючий/V ^adjp:actv:pres
блідніючий/V ^adjp:actv:imperf
блокіраторний/V
блокуючий/V ^adjp:actv:pres
блочний/V блоковий|блочоковий
блукаючий/V ^adjp:actv:pres блуденний|блудний|бродячий|мандрівний
болільник/efg< вболівальник
бринячий/V ^adjp:actv:imperf
бритвений/V
брюзклий/V
брязклий/V
бувший/V ^adjp:actv:past колишній|булий|давніший
будучи adjp:actv:past бувши
будучність/l майбутність|майбутнє|прийдешність|прийшлість|прийдість|будучина|будущина
будь-ласка insert будь ласка
буйок/abc поплавище|кітва
букводрукуючий/V ^adjp:actv:pres
булижник/efg буковий камінь|кругляк|бурківка
булькаючий/V ^adjp:actv:imperf
бунтуючий/V ^adjp:actv:imperf
бутильований/V ^adjp:pasv:past
ваблячий/V ^adjp:actv:pres
ваграночний/V вагранковий
валютно-обмінний/V
вбиваючий/V ^adjp:actv:pres
вбираючий/V ^adjp:actv:pres
вважаючий/V
вверчений/V ^adjp:pasv:past
ввірчений/VX ^adjp:pasv:past
вдостоєний/V ^adjp:pasv:past відзначений|ушанований|нагороджений
вдостоєність/lX відзначеність|вшанованість|нагородженість
вдостоїти/ABCD0X :perf відзначити|вшанувати|нагородити
вдостоювання/iX відзначання|вшановування|нагороджування
вдостоювати/ABGHOPX :imperf відзначати|вшановувати|нагороджати
вебсайта noun:m:v_rod
веб-сайта noun:m:v_rod
вепр noun:m:v_naz:anim вепер
верчений/V ^adjp:pasv:past
взаємообумовлений/V ^adjp:pasv:past
взаємопорозуміння/i
взамін adv замість|на заміну
взаперті/X ^adv в зачині|під замком|за руками
вибілюючий/V ^adjp:actv:pres
виборщик/efg< виборець
вибуваючий/V ^adjp:actv:pres
вибухаючий/V
виверчений/V ^adjp:pasv:past
вивчаючий/V ^adjp:actv:pres
вигасаючий/V ^adjp:actv:pres 
вигораючий/V ^adjp:actv:pres
вигоряючий/V ^adjp:actv:pres
видаляючий/V ^adjp:actv:pres
видворення/i
видворити/A виселити|виперти|виставити
видворяти/A виселяти|випирати|виставляти
видресируваний/V видресуваний
видресируваність/l видресуваність
видресирувати/AB видресувати
видужуючий/V ^adjp:actv:pres що видужує|підлікований|майже здоровий|відхворілий
виздоровлення/i одужання
визиватися/J викликатися
визивати/I викликати
визначаючий/V ^adjp:actv:pres
викладка/ab
викликаючий/V ^adjp:actv:pres що викликає|визивний|зухвалий|задирливий|задерикуватий|зачіпний|зачіпливий
виконуючий/V ^adjp:actv:pres
викрашений/V ^adjp:pasv:past
вилічений/V ^adjp:pasv:past
вимикаючий/V ^adjp:actv:pres
вимираючий/V ^adjp:actv:pres
вимисел/ab вигадка|вигад|вигади|небилиця
виникаючий/V ^adjp:actv:pres
виносливий/V витривалий
випереджаючий/V ^adjp:actv:pres що випереджає|випереджальний|випереджувальний|випередник|для випередження|з випередженням
випереджуючий/V ^adjp:actv:pres
виплавлений/V ^adjp:pasv:past
виплигуючий/V
виповнюючий/V ^adjp:actv:pres
випромінюючий/V ^adjp:actv:pres
випростовуючий/V ^adjp:actv:pres
випускаючий/V ^adjp:actv:pres
виражаючий/V ^adjp:actv:pres
вирівнюючий/V ^adjp:actv:pres
виробляючий/V ^adjp:actv:pres
виручений/V вторгований
вируючий/V ^adjp:actv:pres
висихаючий/V ^adjp:actv:pres
висловлюючий/V ^adjp:actv:pres
висміваючий/V
висміюючий/V
виснажуючий/V ^adjp:actv:pres виснажливий|знесилювальний|зморювальний
високомарочний/V високомарковий
високомірний/VW зарозумілий|бундючний|пихатий
високомірність/l зарозумілість|бундючність|пихатість
високопарність/l високомовність|пишномовність
високопревосходительство/ij ясновельможність
висолюючий/V ^adjp:actv:pres
виставочний/V виставковий
виступаючий/V ^adjp:actv:pres що виступає|виступач|промовець|доповідач|випнутий|випнений|висунутий|виткнутий|виступлений|витичний|виступний
витаращаний/V
витвережуючий/V ^adjp:actv:pres що тверезить|що витвережує|витверезний|тверезущий|витверезливий
витоки/f джерела
витребування/i
витребувати/A
виуджений/V ^adjp:pasv:past
вихідець noun:m:v_naz:anim виходець
виховуючий/V ^adjp:actv:pres
вичікуючий/V ^adjp:actv:pres що очікує|очікувальний|очікувач
вищестоячий/V вищий|зверхній|надрядний
вищестоящий/V вищий|зверхній|надрядний
виючий/V ^adjp:actv:pres що виє|скиглявий|ревучий
вібруючий/V ^adjp:actv:pres що вібрує|вібратор|вібраційний|вібрувальний
відбиваючий/V ^adjp:actv:pres
віддрукувати/AB0 видрукувати
відеозйомка/ab відеознімання|фільмування
відживаючий/V ^adjp:actv:pres
відзив/ef відкликання|відклик|думка|відгук|відповідь|відпис|обзив
відізваний/V ^adjp:pasv:past відкликаний
від'їжджаючий/V ^adjp:actv:pres
відкаточний/V відкотний|вивізний
відкат/ef
відключання/i
відключати/IJQR відмикати|роз'єднувати
відключений/V відімкнений|роз'єднаний
відключення/ij
відключити/ABEF відімкнути|роз'єднати
відкоригований/VW
відкупорений/V ^adjp:pasv:past
відлагоджений/V налагоджений
відлагодження/i налагодження|зневадження
відлагоджено verb:impers:perf налагоджено
відлагоджувальний/V налагоджувальний|зневаджувальний
відлагоджувати/AB налагоджувати|зневаджуати
відлагодити/AB налагодити|зневадити
відмашка/a відмахування|відмах
відновлюючий/V ^adjp:actv:pres
відображати/IJGH показувати|зображати|відбивати
відображаючий/V ^adjp:actv:pres
відображений/VW показаний|зображений|відбитий
#відображення/i показ|зображення|відбиття
відображуючий/V ^adjp:actv:pres
відобразити/AB показати|зобразити|відбити
відокремлюючий/V ^adjp:actv:pres
відпарируваний/V ^adjp:pasv:past
відпечатаний/V ^adjp:pasv:past відбитий|видрукований|надрукований
відпираючий/V ^adjp:actv:pres
відпочиваючий/V ^adjp:actv:pres
відправка/a виряджання|відряджання|виправляння|посилання|вирушення
відражаючий/V ^adjp:actv:pres
відриваючий/V ^adjp:actv:pres
відрощений/V ^adjp:pasv:past вирощений|запущений
відсвіжуючий/V ^adjp:actv:pres
відсидка/a висидка
відсікаючий/V ^adjp:actv:pres
відслідковування/i слідкування|стеження|простежування
відслідкувати/A прослідкувати|простежити
відсмоктуючий/V ^adjp:actv:pres
відстаючий/V ^adjp:actv:pres
відступаючий/V ^adjp:actv:pres
відтворюючий/V ^adjp:actv:pres
відтинаючий/V ^adjp:actv:pres
відтінюючий/V ^adjp:actv:pres
відтіняючий/V ^adjp:actv:pres
відхиляючий/V ^adjp:actv:pres
відчислення/ij відрахування
відчитатися/J прозвітувати
відштовхуючий/V ^adjp:actv:pres
відщепенець/abc< відступник|відступця|єретик|невірний
вікаруючий/V ^adjp:actv:pres
вірнопідданство/i вірпопідданість
віруючий/V ^adjp:actv:pres що вірить|вірянин
вказуючий/V ^adjp:actv:pres
власть/i власть|влада|сила|право|воля|верх
вмикаючий/V ^adjp:actv:pres
вмираючий/V ^adjp:actv:pres що помирає|вмирає|конає|вмирущий|присмертний|смертельний
вмішуватися/B втручатися
вникання/i вдавання|вглядання
вникати/IGQ вдаватися|вглядатися
вникнути/AE вдатися
внучатий/V
войлок/e повсть
волаючий/V ^adjp:actv:pres кричущий|що волає
волокита/a тяганина
ворогуючий/V ^adjp:actv:pres що (який) ворогує|розсварений|розбратаний|ворожий|неприязний|супротивний|ворог
восторжествувати/A затриюмфувати|взяти гору|взяти верх
вотчина/ab батьківщина|дідивщина
воцерковлення/i уводини|вивід|уцерковлення
воюючий/V ^adjp:actv:pres войовий|що воює|супротивний
впаюваний/VX ^adjp:pasv:pres
впаяний/VX ^adjp:pasv:past
вперьод adv
впливаючий/V ^adjp:actv:pres що впливає|дійовий
впорювати/AB
впроголодь adv надголодь|обголодь
вражаючий/V разючий|дивовижний|винятковий
врізка/a врізування
врозумляти/IGQX :imperf напоумляти|напучувати|на (добрий) розум наставляти|клепку вставляти
врукопашну adv врукопаш
всезнаючий/V ^adjp:actv:pres
всезростаючий/V ^adjp:actv:pres
всеобіймаючий/V ^adjp:actv:pres всеосяжний|всеохопний|всебічний
всеохоплюючий/V ^adjp:actv:pres всеосяжний|всеохопний|всебічний|універсальний|поголовний|панорамний
всеперемагаючий/V ^adjp:actv:pres всепереможний|звитяжний|здатний здолати все
всепоглинаючий/V ^adjp:actv:pres всепоглинальний|всепоглинущий
всерйоз adv серйозно|навсправжки
всеціло adv цілком|цілковито|зовсім|до краю
всліпу/X наосліп|осліп|на темні очі
всмоктуючий/V ^adjp:actv:pres
втемну/X навмання|наосліп|осліп|на темні очі
втопаючий/V ^adjp:actv:pres
вторгатися/J вдиратися|впиратися
вторгнення/ij
вторгнутися/L вдертися|впертися
вуалюючий/V ^adjp:actv:pres
вугол/abc кут|ріг|куток|закуток
вужчаючий/V ^adjp:actv:pres
вузьконаправлений/V
вуз/e виш
вулканізуючий/V ^adjp:actv:pres
вхолосту adv нечинно|марно|даремно
вчителевий/V вчителів|вчительський|учительський
вчительша/a<
в'янучий/V ^adjp:actv:pres
гавкаючий/V
газда/abd<
газопоставка/ab газопостачання
газоутворюючий/V
галопуючий/V ^adjp:actv:pres що галопує|скачущий|нестримний|невпинний|обвальний
галстук/efg краватка
гальмуючий/V ^adjp:actv:pres
гарцюючий/V ^adjp:actv:pres
гаснучий/V ^adjp:actv:pres який гасне (згасає, погасає, тухне, потухає, чахне)|згасний|згасальний|погасальний
гатунок/ab
гвалтування/i
генералізуючий/V ^adjp:actv:pres
генеруючий/V ^adjp:actv:pres
герметизуючий/V ^adjp:actv:pres
гинучий/V
гідроочистка/a
гірчинка/a гіркуватість
глиба/a брила|груда|грудомаха
глісандуючий/V ^adjp:actv:pres
гниючий/V ^adjp:actv:pres що гниє|загниваний|напівзогнилий|пойнятий гниттям|майже зогнилий|гнилявий|гнилущий
гноблячий/V ^adjp:actv:pres
голівудський/V
головнокомандуючий/V ^adjp:actv:pres
головокружіння/i головокруття|запаморока
головуючий/V ^adjp:actv:pres
голодуючий/V ^adjp:actv:pres
голосуючий/V ^adjp:actv:pres
голуб'ятня/ab голубник|голубничок
гонка/ab перегони|гонитва|гоніння
гоночний/V перегоновий
горбушка/a окраєць|цілушка
горець/abc< верховинець|гірняк|горянин
горілочний/V горілчаний
горнична/i< покоївка
гостроатакуючий/V ^adjp:actv:pres
гранулюючий/V ^adjp:actv:pres
грасирувати/A гаркавити
гратами noun:p:v_oru
граючий/V ^adjp:actv:pres що грає|зайнятий грою|звиклий грати|гравець|гравчиня|грайливий
грохочення/i гуркотання|туркотання|бухання
грунтований/VZ ^adjp:pasv:past
грунтовий/V
грунтовний/VW
грунтовність/l
грунтовніший/VY
грунтувати/ABGHOPW
грунт/ef
грядущий/V що йде|прийдешній|майбутній|наступний
грязнуля/ab< задрипа|затьопа|замурзанка|замазура|нетіпаха|захвойданка|нечупара
грясти/M іти|наставати|наближатися
гудзик/efg
гукаючий/V
гусеничний/V плазуновий
даїшник/efg<
дайош excl
даленіючий/V ^adjp:actv:pres 
даючий/V ^adjp:actv:pres що дає|давач
двірцевий/V палацовий
двонаправлений/V
#двоствольний/V двохцівковий|двохрульний
двохбуквений/V
дебош/ef бешкет|галабурда|дешпет|буча|гармидерування
девелоперський/V розробницький
девелопер/efgd< розробник
девелопмент/e розвиток|розвій|перебіг|розробляння|розроблення|розгортання
деградуючий/V ^adjp:actv:pres
дед-лайн/e граничний термін
дедлайн/ef граничний термін
дежа-вю noun:n:nv дежавю|дежав'ю
дезамінуючий/V
дезертирувати/A дезертувати|тікати
дезинфекція/a
дезінфікуючий/V ^adjp:actv:pres
дезінформуючий/V ^adjp:actv:pres
дезодоруючий/V ^adjp:actv:pres
дезорієнтуючий/V ^adjp:actv:pres
декодуючий/V ^adjp:actv:pres
демієлінізуючий/V ^adjp:actv:pres
демодулюючий/V ^adjp:actv:pres
деморалізуючий/V ^adjp:actv:pres
денатуруючий/V ^adjp:actv:pres
державнодумаючий/V
держакт/efg
держчиновник/efg< держслужбовець|урядовець
дерзайте verb:impr:p:2:imperf відважуйтесь|насмілюйтесь|зважтесь|наважтесь
десакралізуючий/V ^adjp:actv:pres
десенсибілізуючий/V ^adjp:actv:pres
дестабілізуючий/V ^adjp:actv:pres що дестабілізує|дестабілізаційний|дестабілізатор
детектуючий/V ^adjp:actv:pres
детонуючий/V ^adjp:actv:pres
деформуючий/V ^adjp:actv:pres що деформує|що спотворює|що перекручує|деформувальний|спотворювальний|перекручувальний
дзиглик/efg
димоутворюючий/V ^adjp:actv:pres
дисгармонуючий/V ^adjp:actv:pres
дислокуючий/V
дисонуючий/V ^adjp:actv:pres
диспергуючий/V ^adjp:actv:pres
диференціюючий/V ^adjp:actv:pres диференціювальний|відрізнялиний
дихаючий/V ^adjp:actv:pres
дишло/e дишель|війя
діагоналізуючий/V ^adjp:actv:pres
дійствительно adv дійсно|насправді
взаємодіючий/VZ ^adjp:actv:imperf що взаємодіє|скоординований|співзалежний|взаємної дії
діючий/V ^adjp:actv:pres що діє|чинний|діяльний|дієвий|дійовий|активний
недіючий/V ^adjp:actv:pres що не діє|нечинний|недіяльний|недієвий|недійовий|неактивний
довгограючий/V ^adjp:actv:pres що довго грає|довгогральний|довгограйний|довгограй|тривалий|затяжний|довгочасний|протяжний|тривкий
довгоіснуючий/V ^adjp:actv:pres
довузівський/V довишівський
догораючий/V ^adjp:actv:pres
догоряючий/V ^adjp:actv:pres 
дожарений/V ^adjp:pasv:past досмажений|усмажений|допряжений|допечений
дозріваючий/V ^adjp:actv:pres
дозуючий/V ^adjp:actv:pres
доказати/A довести
доказувати/A доводити
доколє excl
докрашений/V ^adjp:pasv:past
домінуючий/V ^adjp:actv:pres панівний|домінантний|переважний|головний|основний|найпоширеніший
домосідство/i домування|домонтарювання|домонтарство|домарство|сидіння вдома to twisters.lst
домочадець/abc< сем'янин|домівник
допаяний/V ^adjp:pasv:past
доповнюючий/V ^adjp:actv:pres
допускаючий/V ^adjp:actv:pres
доречі adv до речі
дороговартісний/V коштовний|який дорого коштує|дорогий
доростаючий/V
досвіта adv
досліджуючий/V ^adjp:actv:pres
достигаючий/V ^adjp:actv:pres
достовірний/VWZ вірогідний|певний|правдивий|достометний|перевірений
достовірність/lmZ вірогідність|певність|правдивість
достовірніший/VY вірогідніший|певніший|правдивіший
достоїнство/ij гідність|достойність
дотліваючий/V ^adjp:actv:pres
дратуючий/V ^adjp:actv:pres
дрейфуючий/V ^adjp:actv:pres
дренуючий/V ^adjp:actv:pres
дресирований/V дресований
дресирувальник/efg< дресувальник
дресирувальниця/abd< дресувальниця
дресирування/i дресування|муштрування|муштра
дресирувати/AB дресувати
дрімаючий/V ^adjp:actv:pres дрімотний|дрімучий
друкуючий/V ^adjp:actv:pres
дряхліючий/V ^adjp:actv:pres
дублюючий/V ^adjp:actv:pres
думаючий/V ^adjp:actv:pres
еволюціонуючий/V ^adjp:actv:pres
ежектуючий/V ^adjp:actv:pres
економічніший/VY економніший
екрануючий/V ^adjp:actv:pres
екс-глава/ad<
експедирований/V ^adjp:pasv:past
експедируватися/B
експедирувати/A
експлуатуючий/V ^adjp:actv:pres 
екстрагуючий/V ^adjp:actv:pres екстрагувальний|екстрактивний
екстраполюючий/V ^adjp:actv:pres
екшн/e
електризуючий/V ^adjp:actv:pres
електроізолюючий/V ^adjp:actv:pres
елімінуючий/V ^adjp:actv:pres
емітуючий/V ^adjp:actv:pres
енергозбереження/i енергоощадження
енергозберігання/i енергоощадження
енергозберігаючий/V енергоощадний
енергопоставка/ab енергопостачання
еталонуючий/V ^adjp:actv:pres
етнодиференціюючий/V ^adjp:actv:pres
єдинодушний/V однодушний|одностаний|односердний|односердий
єдинодушність/l однодушність|одностайність|односердність
єдинодушно adv однодушно|в одну душу|одностайно|односердно|односердо|як одно серце
жадаючий/V ^adjp:actv:pres 
жарознижуючий/V
жвачка/ab жуйка
жевріючий/V ^adjp:actv:pres що жевріє|охоплений жевривом (червінню)|палахкотливий|розчервонілий|розжеврілий|розжеврений
желатинізуючий/V ^adjp:actv:pres
желеутворюючий/V ^adjp:actv:pres
желюючий/V ^adjp:actv:pres
живописний/V мальовничий|мальований|малюнковий|малярський
життєстверджуючий/V ^adjp:actv:pres життєствердний
жовтіючий/V ^adjp:actv:pres що жовтіє|чимраз жовтіший
жовторотик/efg жовтодзьоб|жовтодзьобик|жовтодзюб|пуцьверінок|голопуцьок
журналізм/e журналістика
жуючий/V ^adjp:actv:pres що жує
жюрі noun:n:nv
забарвлюючий/V ^adjp:actv:pres
забастовка/ab страйк|страйкування
забастувати/A страйкувати|бастувати|застрайкувати|забастувати
забракнуло verb:past:s:3:perf забракло
забруднюючий/V ^adjp:actv:pres
завалочний/V завалювальний
заввідділенням noun:m:nv:anim|noun:f:nv:anim заввідділу|заввідділення
заввідділом noun:m:nv:anim|noun:f:nv:anim заввідділу
завершуючий/V ^adjp:actv:pres
завихрений/V ^adjp:pasv:past
завідомо adv свідомо|звідома|знаючи наперед
завідуючий/V ^adjp:actv:pres завідувач
завітний/V заповітний|щиросердий|таємний|святотаємний
завкадрами noun:m:nv:anim|noun:f:nv:anim завкадрів
завкафедрою noun:m:nv:anim|noun:f:nv:anim завкафеди
завклубом noun:m:nv:anim|noun:f:nv:anim завклубу
завлабораторією noun:m:nv:anim|noun:f:nv:anim завлабораторії
завмираючий/V ^adjp:actv:pres
заворожуюче adv заворожливо|чарівливо
завсектором noun:m:nv:anim|noun:f:nv:anim завсектора
завскладом noun:m:nv:anim|noun:f:nv:anim завскладу
завюрвідділом noun:m:nv:anim|noun:f:nv:anim завюрвідділу
загальнозначимий/V загальнозначущий
загальнозначимість/l загальнозначущість
загасаючий/V ^adjp:actv:pres 
загибаючий/V
заглушуючий/V
загниваючий/V ^adjp:actv:pres 
загороджуючий/V ^adjp:actv:pres
заготовщик/efg< заготівник|готувальник
заготовщиця/ab< заготівниця|готувальниця
задаючий/V ^adjp:actv:pres
задержуючий/V ^adjp:actv:pres
заділ/e
задіювати/A залучати|пускати в дію|уводити в експлуатацію
задіяний/VW ^adjp:pasv:past залучений|пущений в дію|уведений в експлуатацію
задіяння/i залучення|пускання в дію|уведення в експлуатацію
задіяти/I залучити|пустити в дію|увести в експлуатацію
задрапірувати/AB задраповувати|задрапувати|запинати|запнути|зап'ясти
задувка/a задування|задуття|роздмухування|роздмухання
заземлюючий/V ^adjp:actv:pres
заказний/V замовний
заказуха/a
закалятися/J гартуватися|загартовуватися
закаляти/I гартувати|загартовувати
закипаючий/V ^adjp:actv:pres що закипає|кип'ячий
заки conj
закликаючий/V ^adjp:actv:pres що закликає|закликач|закличний|зазивний
заключати/A ув'язнювати|зачиняти|замикати|закидати|засаджувати|містити|вміщати|мати в собі|виводити|робити висновок|висновувати|кінчати|закінчати|складати|укладати|підписувати
заключити/A ув'язнити|зачинити|замкнути|закинути|засадити|вмістити|вивести|зробити висновок|виснувати|скінчити|закінчити|скласти|укласти|підписати
заключний/V прикінцевий|кінцевий|остаточний
заколисуючий/V ^adjp:actv:pres 
закононароджений/V ^adjp:pasv:past
закорочуючий/V ^adjp:actv:pres
закрашений/V ^adjp:pasv:past
закріплюючий/V ^adjp:actv:pres закріпний
закріпляючий/V ^adjp:actv:pres
закупорений/V заткнутий|заткнений|затканий|закоркований|зачопований|затушкований|запакований
закупорений/V ^adjp:pasv:past заткнутий|заткнений|затканий|закоркований|зачопований|затушкований|запакований
закупорити/AB затикати|заткнути|закорковувати|зачоповувати|чопувати
закупорювання/i затикання|закорковування|зачоповування|затушковування|запаковування
закусочний/V закусковий
заломлюючий/V ^adjp:actv:pres заломлювальний|рефрактивний
залягаючий/V
замараний/V
замерзаючий/V ^adjp:actv:pres
замикаючий/V ^adjp:actv:pres
замираючий/V ^adjp:actv:pres
заморожуючий/V ^adjp:actv:pres
занепокоюючий/V
заникаючий/V ^adjp:actv:pres
запалюючий/V ^adjp:actv:pres
запам'ятовуючий/V ^adjp:actv:pres запам'ятовувальний
запевняючий/V ^adjp:actv:pres що запевнює|запевнювальний|переконливий
заперечуючий/V ^adjp:actv:pres що заперечує|заперечник|заперечувач|заперечливий|заперечний
записуючий/V ^adjp:actv:pres що записує|записувальний|записний|самописний|записувач
запливаючий/V ^adjp:actv:pres
запліднюючий/V ^adjp:actv:pres
заповнюючий/V ^adjp:actv:pres
запресовуючий/V ^adjp:actv:pres
зарубіжжя/i закордон
зарубіжка/a закордон|закордоння
зарубіжний/V закордонний
заряджаючий/V ^adjp:actv:pres
засахарений/V ^adjp:pasv:past зацукрований|зцукруватілий
засинаючий/V ^adjp:actv:pres що засинає|засипущий|сонний
заскорузлий/V ^adjp:actv:past зашкарублий|закоржавілий
засліплюючий/V ^adjp:actv:pres
засмоктуючий/V ^adjp:actv:pres
заспокоюючий/V ^adjp:actv:pres
застигаючий/V
застінок/abc катівня
застрашуючий/V
засуджуючий/V ^adjp:actv:pres що засуджує|що осуджує|осудливий|огудливий|пересудливий|осудник|огудник
затемнюючий/V ^adjp:actv:pres
затихаючий/V ^adjp:actv:pres що затихає|послаблий
затія/a вигадка|витівка|замір
затребуваний/V ^adjp:pasv:past потрібний|популярний|зажаданий|запрошений|викликаний
затребуваність/l жаданість|потрібність
затребування/i зажадання|вимога
затребувати/A зажадати|запросити|викликати
затримуючий/V ^adjp:actv:pres
затухаючий/V ^adjp:actv:pres
затягуючий/V ^adjp:actv:pres
захникати/I заскімлити|зарюмсати|запхикати
заходячий/V ^adjp:actv:pres
захоплюючий/V ^adjp:actv:pres що захоплює|забирає|захватний|забирущий|захопливий
захоронений/V похований|похоронений
захоронювати/AB ховати|хоронити
заявочний/V заявковий|заявний
заядлий/V запеклий|заїлий|завзятий|завзятущий|запінений|забісований
збаламучуючий/V
збалуваний/V ^adjp:pasv:past розпещений|розпущений|розпонаджений|мазаний|пещений|розпусний|запаньканий|заласканий|жирований
збезводнюваний/V ^adjp:pasv:past
збезводнюючий/V ^adjp:actv:pres
збезсилілий/V ^adjp:actv:past збезсилений
зберігаючий/V ^adjp:actv:pres
зберігти/AB
збираючий/V ^adjp:actv:pres що збирає|збиральний
збіднюючий/V ^adjp:actv:pres
збільшуючий/V ^adjp:actv:pres
зборка/ab збирання|складання|монтаж|брижа|зборини|зморшки|збори|рями|пухлики
збуджуючий/V ^adjp:actv:pres
збурюючий/V ^adjp:actv:pres збурний|збурювальний
зварганити/A скапарити|спартолити|зляпати|склепати|спартачити|стулити|стелепати
звершитися/B ставатися|статися
звеселяючий/V ^adjp:actv:pres
звинений/V ^adjp:pasv:past:rare
звинутий/V ^adjp:pasv:past:rare
звисаючий/V ^adjp:actv:pres
звільняючий/V ^adjp:actv:pres
звогчений/V ^adjp:pasv:past
зволожуючий/V ^adjp:actv:pres
звужуючий/V ^adjp:actv:pres
звуковідтворюючий/V ^adjp:actv:pres
звуковловлюючий/V ^adjp:actv:pres
звукозаписуючий/V ^adjp:actv:pres
звукоізолюючий/V ^adjp:actv:pres
звукопідсилюючий/V ^adjp:actv:pres
звукопоглинаючий/V ^adjp:actv:pres
звукоуловлюючий/V ^adjp:actv:pres
зв'язуючий/V ^adjp:actv:pres що зв'язує|що сполучає|що поєднує|зв'язкий|зв'язувальний|в'язальний|сполучний|єднальний|поєднавчий|поєднальний|розігрувач
згасаючий/V ^adjp:actv:pres що гасне|згасний|згасальний|згасавий|погасальний
згвалтування/ij
згвалтувати/A
згинаючий/V ^adjp:actv:pres
згладжуючий/V ^adjp:actv:pres
зговірливий/VZ згідливий|згодливий|лагодливий|схильчивий|умовний
згораючий/V ^adjp:actv:pres
згоряючий/V ^adjp:actv:pres
згружений/V ^adjp:pasv:past
згущонка/a згущене молоко
здвигнений/V ^adjp:pasv:past зсунутий
здержаний/V ^adjp:pasv:past
здихаючий/V ^adjp:actv:pres
здіяний/V ^adjp:pasv:past
землеробство/i хліборобство|рільництво|ратайство
з'єднуючий/V ^adjp:actv:pres
зжмаканий/V ^adjp:pasv:past
зжмакати/I
зимуючий/V ^adjp:actv:pres що зимує|зимівник|зимовик|зимушній|зимувальний
зісковзнути/A ізслизнути|зринути|спорснути
зітертий/V ^adjp:pasv:past
зіяючий/V ^adjp:actv:pres
злачний/V зелений затишок|вертеп|кубло|травнистий|порослий
злітно-посадочний/V злітно-посадковий
злучка/a парування|припуск|спуск
змикаючий/V ^adjp:actv:pres
змичка/a з'єднування|з'єднання|стик|звязок|єднання
змінюючий/V ^adjp:actv:pres
змочуючий/V ^adjp:actv:pres
зм'якшуючий/V ^adjp:actv:pres
знать/i
значимий/VW значущий|важливий|вагомий|ваговитий|змістовний|промовистий
значимість/lm значущість|важливість|вагомість|ваговитість|змістовність
знаючий/V ^adjp:actv:pres 
знебарвлюючий/V ^adjp:actv:pres
знеболюючий/V ^adjp:actv:pres знеболювальний|протибольовий
зневоднюючий/V ^adjp:actv:pres
знежирюючий/V ^adjp:actv:pres
знезаражуючий/V ^adjp:actv:pres
знепилюючий/V ^adjp:actv:pres
знешкоджуючий/V ^adjp:actv:pres що знешкоджує|знешкоджувальний|знешкодний|для знешкодження
зникаючий/V ^adjp:actv:pres що зникає|зникомий|вимирущий|загрожений|приречений|на межі зникнення|майже зниклий
знищуючий/V ^adjp:actv:pres що нищить|винищувач|нищитель|викорінювач|губитель|вигубник|нищівний|знищувальний|вигубчий|вибавчий|вигубливий
зноска/a виноска|посилання|покликання
зобиджений/V ^adjp:pasv:past ображений|скривджений|покривджений|уражений
зобижений/V ^adjp:pasv:past ображений|скривджений|покривджений|уражений
зобов'язуючий/V ^adjp:actv:pres що зобов'язує|зобов'язувач|зобов'язчий|зобов'язальний
зогнутий/V ^adjp:pasv:past
зогрітий/V ^adjp:pasv:past
зондуючий/V ^adjp:actv:pres
зонуючий/V ^adjp:actv:pres
зрабований/V ^adjp:pasv:past:rare
зрівноважуючий/V ^adjp:actv:pres
зрівнюючий/V ^adjp:actv:pres
зрізуючий/V ^adjp:actv:pres
зростаючий/V ^adjp:actv:pres що росте (зростає)|наростальний|зростальний|чимраз (все, дедалі) більший (вищий тощо)|ростучий
зстрижений/V ^adjp:pasv:past
зсуваючий/V ^adjp:actv:pres
зупиночний/V зупинний|припинний|перебивний
зустрічаючий/V ^adjp:actv:pres що зустрічає|зустрічальник
зчитуючий/V ^adjp:actv:pres
зяючий/V ^adjp:actv:pres
іго/e ярмо
ігрища/b
ідеалізуючий/V ^adjp:actv:pres
ідентифікуючий/V ^adjp:actv:pres
ізолюючий/V ^adjp:actv:pres
ізсушений/V ^adjp:pasv:past
імпонуючий/V ^adjp:actv:pres
імуномодулюючий/V
інгібуючий/V ^adjp:actv:pres
індексуючий/V ^adjp:actv:pres
інжектуючий/V ^adjp:actv:pres
ініціюючий/V ^adjp:actv:pres
інкорпоруючий/V ^adjp:actv:pres
інтегруючий/V ^adjp:actv:pres інтегрувальний|об'єднавчий
інтермітуючий/V ^adjp:actv:pres
інтерполюючий/V ^adjp:actv:pres
інтерпретуючий/V ^adjp:actv:pres
інтерферуючий/V ^adjp:actv:pres
інтригуючий/V ^adjp:actv:pres що інтригує|цікавий|гостроцікавий|загадковий|таємничий
інфільтруючий/V ^adjp:actv:pres
інформуючий/V ^adjp:actv:pres інформувальний|інформаційний|повідомчий
іонізуючий/V ^adjp:actv:pres іонізувальний|іонізівний|іонізаційний
існуючий/V ^adjp:actv:pres що існує|чинний|теперішній|наявний|присутній|реальний|заведений
йодуючий/V ^adjp:actv:pres
йо-майо excl
йонізуючий/V ^adjp:actv:pres
кагебіст/efgd< кадебіст
кадансуючий/V ^adjp:actv:pres
казенник/efg магазин|задок
каптьорка/ab каптерка
караючий/V ^adjp:actv:pres що карає|каратель|карник|каральний
квантуючий/V ^adjp:actv:pres
квитуючий/V ^adjp:actv:pres
керсправами noun:m:nv керівник справ
керуючий/V ^adjp:actv:pres що керує|керівник|управитель|адміністратор|провідник|лідер|керманич|стерновий|керівний|провідний|адміністративний|кермовий
кишечник/efg кишківник
класифікуючий/V ^adjp:actv:pres
клацаючий/V ^adjp:actv:pres
кліпаючий/V ^adjp:actv:pres що моргає|розморганий|моргун|кліпко|моргучий|миготливий|мерехтливий|блимкий
кльово excl|adv
клянчити/A канючити|циганити|лабзюкати|лабзюкувати|жебрати|миркати
ковзаючий/V ^adjp:actv:pres
кодифікуючий/V ^adjp:actv:pres
кодуючий/V ^adjp:actv:pres
колючоріжучий/V
командуючий/V ^adjp:actv:pres
компаундуючий/V ^adjp:actv:pres
компенсуючий/V ^adjp:actv:pres
компілюючий/V ^adjp:actv:pres
комплектуючий/V ^adjp:actv:pres
компонуючий/V ^adjp:actv:pres
компрометуючий/V ^adjp:actv:pres
компромітуючий/V ^adjp:actv:pres
комунікабельний/V товариський|привітний
комутуючий/V ^adjp:actv:pres
конаючий/V ^adjp:actv:pres що конає|що помирає|що вмирає|вмирущий|мирущий|мрущий|присмертний|смертельний
конкуруючий/V ^adjp:actv:pres 
консервуючий/V ^adjp:actv:pres
консолідуючий/V ^adjp:actv:pres що консолідує|консолідаційний|гуртувальний|об'єднавчий|консолідатор|об'єднувач
консонуючий/V ^adjp:actv:pres
консулят/e
контрамарочний/V контрамарковий
контрастуючий/V ^adjp:actv:pres
контролюючий/V ^adjp:actv:pres що контролює|контрольний|перевірчий
конфліктуючий/V ^adjp:actv:pres
конфлюючий/V ^adjp:actv:pres
конфронтуючий/V
концертуючий/V ^adjp:actv:pres
координуючий/V ^adjp:actv:pres що координує|координатор|координаційний|узгоджувальний
корегуючий/V ^adjp:actv:pres
коректуючий/V ^adjp:actv:pres
кореспондуючий/V ^adjp:actv:pres
корзина/ab кошик|кіш|кошіль|кошелина|кошар|кошівка|козуб|сапет|солом'яник|стуга
корзиновий/V кошиковий
коригуючий/V ^adjp:actv:pres
кородуючий/V ^adjp:actv:pres
короткоіснуючий/V ^adjp:actv:pres
косичка/ab кіска|косиця
кривдячий/V ^adjp:actv:pres що кривдить|кривдник|образливий|прикрий|дошкульний
кризисний/V кризовий
кришування/i
кришувати/AB
крокуючий/V ^adjp:actv:pres
кромка/ab крайка|окрайка|окравка|ребро|пруг|пружок
крон-принцеса/ab< кронпринцеса
крон-принц/efg< кронпринц
крупний/V великий|немалий|чималий|грубий|буйний|дорідний|дорідливий|буйний|краплистий|краплястий|крапчастий|ядерний|значний|важливий|видатний|визначний|славний|славетний|знаний
крупніший/VY більший|грубший|буйніший|значніший|важливіший|видатніший
крупнозернистий/V крупнистий|крупкий|(про сіль) дрібкова, дрібковата, дрібчаста, цупка|(про пісок) шорсткий|жорсткий|(про злаки) ядренистий, ядерний, ядрений|(про камні) грубозернястий, крупкий
крупно adv значно|добряче|чимало|буйно
крутизна/a крутість|круча
кульмінуючий/V ^adjp:actv:pres
курирувати/ABGH опікати|опікувати|опікуватися|наглядати|курувати
кучкуватися/B купчитися|скупчуватися|кублитися|гуртуватися
кушетка/ab канапка|канапа
лазутчик/efg< вивідувач|вивідач|шпиг|шпигун|пластун
лазячий/V ^adjp:actv:pres
лактуючий/V ^adjp:actv:pres
ланч/e
лапша/a локшина
лаючий/V ^adjp:actv:pres
легкозастигаючий/V ^adjp:actv:pres
легуючий/V ^adjp:actv:pres
лейбл/efg
лижучий/V ^adjp:actv:pres
лишній/V зайвий
ліберальствуючий/V
лідируючий/V ^adjp:actv:pres що лідерує|лідер|передовий|провідний|головний|авангардний|перший
лікуючий/V ^adjp:actv:pres
лімітуючий/V ^adjp:actv:pres
лінеаризуючий/V ^adjp:actv:pres
літаючий/V ^adjp:actv:pres летючий|льотовий|літний
локалізуючий/V ^adjp:actv:pres
лопасть/ij
лубочний/V лубовий|лубковий|луб'яний
лузер/efgd<
лютеїнізуючий/V ^adjp:actv:pres
ляльковод/efgd< ляльковик
ляп/ef
максимізуючий/V ^adjp:actv:pres
малокартиння/i
малочисельний/V нечисленний
малюючий/V ^adjp:actv:pres що малює
маневреність/l маневровість
маркірований/V ^adjp:pasv:past
маркірувальний/V
маркірування/ij
маркірувати/ABGHOP :imperf:perf
маркуючий/V ^adjp:actv:pres
марочний/V марковий
маршуючий/V ^adjp:actv:pres що маршує|маршовик|маршувальник|маршувальний|на марші
маслина/ab оливка
маслинка/a оливка
маслинковий/V оливковий
маслиновий/V оливковий
мати-одиночка noun:f:v_naz мати-одиначка
маючий/V ^adjp:actv:pres
медвежий/V
мерс/efg
меседж/efg
месидж/efg
месідж/efg
металобрухт/e брухт|металолом
метастазуючий/V ^adjp:actv:pres
мешкаючий/V ^adjp:actv:pres що проживає|жилець|житець|мешканець
мигаючий/V ^adjp:actv:pres
минаючий/V ^adjp:actv:pres
минулорічний/V торішній|тогорічний
мислячий/V ^adjp:actv:pres мислездатний|мисленний|миследумний|розумний|вдумливий
миючий/V ^adjp:actv:pres мийний
мігруючий/V ^adjp:actv:pres
міжвузівський/V міжвишівський
мізок/a
міліючий/V ^adjp:actv:pres що міліє|щораз плиткіший|майже обмілілий|напівзмілілий
мінімалізація/a мінімізація
мінімізуючий/V ^adjp:actv:pres
міроприємство/i захід
містоутворюючий/V ^adjp:actv:pres містотвірний|містотворчий|містоформувальний
місцеблюститель/efg< намісник|заступник|екзарх|вікарій
місцевоанестезуючий/V ^adjp:actv:pres
місцезнаходження/ij місце|місцеперебування|становище|географічне місце|географічне становище|позиція|ситуація|розташування
мітингуючий/V ^adjp:actv:pres що мітингує|мітингувальник|мітингар
міцніючий/V ^adjp:actv:pres що міцніє|щораз міцніший
мобілізуючий/V ^adjp:actv:pres
моделюючий/V ^adjp:actv:pres
модулюючий/V ^adjp:actv:pres
моніторити/AG
монометалічний/V монометалевий
монтировка/ab монтування|змонтування|монтажка|монтувалка
моргаючий/V ^adjp:actv:pres що моргає|моргун|кліпко|моргучий|миготливий|мерехтливий|блимкий
морковний/V мокрв'яний
мужчина/abd< чоловік
мусолити/AB ялозити|мастити|мурзати|замурзувати|слинити|заслинювати|масльонити|рюмсати|жвакати
м'якоть/i м'якуш|м'якота|мизка|молот|гамуз
набавочний/V наддатковий|набавний|накидний|надданий
наверстати/I надолужити|навернути|нагнати|натягти
навик/ef вправність|уміння|звичка|навичка
нависаючий/V ^adjp:actv:pres
навчаючий/V ^adjp:actv:pres що навчає|навчальний|вишкільний
нагнітаючий/V ^adjp:actv:pres
награвірований/V ^adjp:pasv:past
нагромаджуючий/V ^adjp:actv:pres
нагрянути/A наскочити|набігти|насунути|налетіти
надихаючий/V ^adjp:actv:pres що надихає|що запалює|що окриляє|що наснажує|надихущий|запалющий|наснажливий
над'їжджаючий/V ^adjp:actv:pres
надурочний/V позанормовий|наднормовий|позачерговий|надробочий
надурочно adv позанормово|наднормово|позачергово
надходячий/V ^adjp:actv:pres
надцять/a
нажаль insert на жаль
назріваючий/V ^adjp:actv:pres
найсокровенніший/V найпотаємніший
наказуючий/V ^adjp:actv:pres
накарачках adv рачки
накінець-то adv нарешті
накінець adv нарешті
накладаючий/V ^adjp:actv:pres
накоплений/V ^adjp:pasv:past
наладжений/V ^adjp:pasv:past
налом adv готівкою
нападаючий/V ^adjp:actv:pres нападник|нападальний|нападний
наперевіс adv напереваги
наперсточник/efg< наперсткар
напівгусеничний/V напівплазуновий
напливаючий/V ^adjp:actv:pres
напочатку adv на початку|спочатку|попереду|спершу|перше
направляючий/V ^adjp:actv:pres напрямний|направний|чоловий
напружуючий/V ^adjp:actv:pres
нарід noun:m:v_naz/v_zna народ
наркоугруповання/ij
наростаючий/V ^adjp:actv:pres що наростає|наростальний|зростальний|нарощуваний|нестримний
нарочний/ij посланець|гінець|навмисний|умисний
наружка/a
насичуючий/V ^adjp:actv:pres
насищений/V
насморк/e нежить
настроюючий/V ^adjp:actv:pres
наступаючий/V ^adjp:actv:pres що настає|що надходить|надхожий|прийдешній|наступний|майбутній
натощак adv натще|натщесерце|не поївши|на порожній шлунок
наукоємний/V наукомісткий
научаючий/V ^adjp:actv:pres
нафтоперевалочний/V нафтоперевалковий|нафтоперевальний|нафтоперевантажний
нафтопоставка/ab нафтопостачання
нахиляючий/V ^adjp:actv:pres
націоінтегруючий/V ^adjp:actv:pres
начотництво/ij
начотницький/V
начотчиця/abd<
неблагонамірений/VW
неблагополучність/l
неблагополучно adv
неблагополуччя/i недобра доля|нещастя|негаразд
невгаваючий/V
невгасаючий/V
невилягаючий/V
невипромінюючий/V ^adjp:actv:pres
невисихаючий/V ^adjp:actv:pres що не сохне|що не висихає|що не пересихає|несхнучий
невідбиваючий/V ^adjp:actv:pres
невідпираючий/V ^adjp:actv:pres
невідповідаючий/V ^adjp:actv:pres що не відповідає|невідповідний
невідхиляючий/V ^adjp:actv:pres
невіруючий/V ^adjp:actv:pres
невмовкаючий/V ^adjp:actv:pres
невоюючий/V ^adjp:actv:pres
невстигаючий/V ^adjp:actv:pres
невтихаючий/V ^adjp:actv:pres
невщухаючий/V ^adjp:actv:pres
нев'янучий/V невідцвітний|неоцвітний|нев'янущий|нев'янущий|невмирущий|непропащий|неминущий
прогульщик/efg< прогульник
прогульщица/abd< прогульниця
негаснучий/V ^adjp:actv:pres який не гасне (згасає, погасає, тухне, потухає, чахне)|незгасний
недетонуючий/V ^adjp:actv:pres
недозволяючий/V ^adjp:actv:pres
недомогання/i нездужання|недугування|легка недуга|легка неміч
недопаяний/V ^adjp:pasv:past
незагасаючий/V ^adjp:actv:pres
незадіяний/V незалучений|не пущений в дію
незамерзаючий/V ^adjp:actv:pres
незатребуваний/V незапитаний|незапрошений|невзятий
незатребуваність/l незапитаність|незапрошеність
незатухаючий/V ^adjp:actv:pres
#незважаючи adv не зважаючи|не вважаючи|всупереч|наперекір|попри|дарма|хоч|без огляду
незгасаючий/V ^adjp:actv:pres
незмовкаючий/V ^adjp:actv:pres немовчущий
незнаючий/V ^adjp:actv:pres
незникаючий/V ^adjp:actv:pres
незростаючий/V ^adjp:actv:pres
неіонізуючий/V ^adjp:actv:pres
неіснуючий/V ^adjp:actv:pres що не існує|відсутній|нереальний|вигаданий|уявний
нейтралізуючий/V ^adjp:actv:pres
некліпаючий/V ^adjp:actv:pres
некоагулюючий/V ^adjp:actv:pres
некодуючий/V ^adjp:actv:pres
нелітаючий/V ^adjp:actv:pres нелетючий|нельотовий|нелітний
немаючий/V ^adjp:actv:pres
немигаючий/V ^adjp:actv:pres
немислячий/V ^adjp:actv:pres нездатний мислити|безголовий|бездумний|безмисленний
ненавидячий/V повний ненависті|сповнений ненависті|ненависник
необгрунтованість/l
необнародуваний/V ^adjp:pasv:past неоголошений|неоповіщений|неознаймований
неперекриваючий/V ^adjp:actv:pres
неправомочний/V неправосильний
непрацюючий/V ^adjp:actv:pres незайнятий|нерухомий|неробочий
неприглядний/V непоказний|нечепурний|мізерний|жалюгідний
непроникаючий/V ^adjp:actv:pres
непроточний/V нетекучий|небігучий|непливучий
нервуючий/V ^adjp:actv:pres
нерезонуючий/V ^adjp:actv:pres
нерозплавлений/V ^adjp:pasv:past
неспівпадіння/i незбіг|незбіжність|розбіжність|суперечність
несповільнюючий/V ^adjp:actv:pres
неспотворюючий/V ^adjp:actv:pres
неспроста adv недурно|недарма|недаром
нестаріющий/V вічномолодий|вічноюний|вічносвіжий
нестиковка/ab нестикування
нестихаючий/V ^adjp:actv:pres нестишний|непритишний|невтишний|невтишимий|неугавний
несучий/V що несе|тримальний|опорний|носійний|несний
неув'язка/ab непогодженість|непогодження|непоєднаність|непоєднання|нев'язь|нестикування|нестикуваннячко|нестик
неув'язочка/ab непогодженість|непогодження|непоєднаність|непоєднання|нев'язь|нестикування|нестикуваннячко|нестик
нехтуючий/V ^adjp:actv:pres
нечистоплотність/l неохайність
нижчестоячий/V нижчий|підрядний|підпорядкований
нижчестоящий/V нижчий|підрядний|підпорядкований
ниючий/V ^adjp:actv:pres що ниє|скимний|тупий|терпкий|щемлячий
нітрифікуючий/V ^adjp:actv:pres
новинарний/V новинний|журналістський|газетярський
нововиявлений/V
нокаутуючий/V ^adjp:actv:pres
нон-грата
нормуючий/V ^adjp:actv:pres
носоглотка/a носопролиг
ностальгуючий/V ^adjp:actv:pres що ностальгує|стужений
нудьгуючий/V ^adjp:actv:pres
нуртуючий/V ^adjp:actv:pres 
нюшкуючий/V ^adjp:actv:pres
обволікаючий/V ^adjp:actv:pres
обгинаючий/V ^adjp:actv:pres
обготівковування/i переведення в готівку|інкасування
обготівковувати/ABGHOP :imperf переводити в готівку|інкасувати
обготівкувати/AB0 :perf перевести в готівку|інкасувати
обгрунтований/VZW ^adjp:pasv:past
обгрунтованість/l
обгрунтовувати/ABGHOP :imperf
обгрунтування/ij
обгрунтувати/AB0 :perf
обезбарвлений/V ^adjp:pasv:past
обезболений/V ^adjp:pasv:past
обезболюючий/V ^adjp:actv:pres знеболювальний|протибольовий|аналгетик|анестетичний
обезвладнюючий/V ^adjp:actv:pres
обезводнений/V ^adjp:pasv:past
обезглавити/A стяти голову|зітнути голову|відтяти голову
обезглавлений/V ^adjp:pasv:past
обезголовлений/V ^adjp:pasv:past
обездушений/V ^adjp:pasv:past
обезжирений/V ^adjp:pasv:past
обеззаражений/V ^adjp:pasv:past
обеззаражуваний/V ^adjp:pasv:pres:past
обеззаражуючий/V ^adjp:actv:pres
обеззброєний/V ^adjp:pasv:past
обеззброюючий/V ^adjp:actv:pres що знезброює|роззброює|знезброювальний|знезбройний|роззброювальний|роззбройний|знезброювач|роззброювач
обезземелення/i збезземелення
обезземелити/A збезземелити
обезземелювання/i збезземелювання
обезземелювати/A збезземелювати
обезкрилений/V ^adjp:pasv:past
обезкровлений/V ^adjp:pasv:past
обезнадієний/V ^adjp:pasv:past
обезпліднений/V ^adjp:pasv:past
обезсилений/V ^adjp:pasv:past
обезславлений/V ^adjp:pasv:past
обезсмертити/A зробити безсмертним|унесмертельнити|знесмертити|збезсмертити
обезсмерчений/V ^adjp:pasv:past
обезталанений/V ^adjp:pasv:past
обезчещений/V ^adjp:pasv:past
обертаючий/V ^adjp:actv:pres
об'єднуючий/V ^adjp:actv:pres що об'єднує (єднає)|об'єднавчий|єднальний|об'єднувач
обзаведення/i заведення|справляння|придбання
обзавестися/N завестися
обзаводитися/BHP заводитися|заводити|справляти|придбати
обивательщина/a обивательство
обитель/i житло|господа|оселя|домівка|мешкання|помешкання
обігріваючий/V ^adjp:actv:pres
обідаючий/V ^adjp:actv:pres що обідає|за обідом
обілити/A оббілити|вибілити
обілювати/A оббілювати|вибілювати
обіцяючий/V ^adjp:actv:pres що обіцяє|обіцяльний|повен надій (сподівань)|обіцяльник
обіщаний/V ^adjp:pasv:past обіцяний
об'їждчик/efg< об'їзник|об'їзний
обкипаючий/V ^adjp:actv:pres
облагороджуючий/V ^adjp:actv:pres
обласкати/I милувати|обмилувати|приголублювати|приголубити
облачення/i церковний одяг|убір|одежа|одягання|убирання
обледеніння/i обмерзлість
обледеніти/I обмерзнути (узятися|вкритися) льодом|кригою
облітеруючий/V ^adjp:actv:pres
облюбований/V уподобаний|обмилований|вибраний|улюблений
облюбований/V ^adjp:pasv:past уподобаний|обмилований|улюблений
обмацуючий/V ^adjp:actv:pres
обмежуючий/V ^adjp:actv:pres що обмежує|здатний обмежити|обмежувач|обмежувальний|межовий
обмиваючий/V ^adjp:actv:pres
обмундирований/V умундирований|припоряджений
обмундирований/V ^adjp:pasv:past
обмундировувати/A умундировувати|припоряджати|справляти одяг
обмундирувальний/V
обмундирування/ij обмундировання|умундирування|припорядження|спорядження|виряд
обмундирувати/AB умундирувати|припорядити|справити одяг
обнадіювати/A запевняти|подавати надію
обнадіяти/I запевнити|дати надію
обнулення/i занулення|занулювання
обнуління/i занулення|занулювання
обов'язуючий/V ^adjp:actv:pres що (який) зобов'язує|зобов'язувач|зобов'язчий|зобов'язальний
обпалюючий/V ^adjp:actv:pres
обпікаючий/V ^adjp:actv:pres
ображаючий/V ^adjp:actv:pres що кривдить|кривдник|образливий|прикрий|дошкульний
обробляючий/V ^adjp:actv:pres
обростаючий/V ^adjp:actv:pres
оброчний/V чиншовий
обслуговуючий/V ^adjp:actv:pres що обслуговує|обслуговчий|обслуговий|обслужний|обслужувальний
обслужуваний/V ^adjp:pasv:pres:past
обслужуючий/V ^adjp:actv:pres
обсмолюючий/V ^adjp:actv:pres
обтікаючий/V ^adjp:actv:pres
обтяжуючий/V ^adjp:actv:pres
обхоплюючий/V ^adjp:actv:pres
обширний/V широкий|просторий|розлогий|широкополий|широкопросторий|ширококраїй
обштукатурений/V ^adjp:pasv:past
обюрокрачений/V ^adjp:pasv:past
оглупляючий/V
оготівковування/i переведення в готівку|інкасування
огризок/abc недогризок
одживаючий/V ^adjp:actv:pres
одиночка/a одинець|одиниця|одинак|одиначка|безпарий
одиночний/V одиничний|поодинчий|поодинокий|індивідуальний
одиночниця/abd< одинак|одиначка|самітник|самітниця
одіяло/ej ліжник|укривало|ковдра|рядно|ряденце
одноканальний/V одноканаловий
однонаправлений/V ^adjp:pasv:past
односільчанин/ejgh< односелець
одобрямс/e
одужуючий/V ^adjp:actv:pres
одурманюючий/V ^adjp:actv:pres
одуряючий/V ^adjp:actv:pres
оживаючий/V ^adjp:actv:pres
оживляючий/V ^adjp:actv:pres живлющий|живущий|животворний
озаглавити/A дати назву|дати заголовок|назвати|затитулувати
озаглавлювати/A давати назву|давати заголовок|називати|затитуловувати
оздоровлюючий/V ^adjp:actv:pres
оздоровляючий/V ^adjp:actv:pres
означаючий/V ^adjp:actv:pres
оказуваний/V ^adjp:pasv:pres:past
окалічений/V ^adjp:pasv:past
окам'янілий/V ^adjp:actv:past скам'янілий|закам'янілий|покам'янілий|скаменілий|закаменілий|покаменілий
окам'янілість/l скаменілість|скам'янілість|кам'янина
окатоличений/V ^adjp:pasv:past
окаючий/V ^adjp:actv:pres
о'кей adv|excl
окислений/V ^adjp:pasv:past окиснений
окільцьований/V ^adjp:pasv:past закільцьований|обкільцьований|обкручений|загнузданий|захомутаний|обложений|оточений
окольцьований/V ^adjp:pasv:past закільцьований|обкільцьований|обложений|оточений|закільцьований|обкручений|загнузданий|захомутаний
окорок/efg окіст|плічко|лопатка|стегно|шинка|вудженина
окрашений/V ^adjp:pasv:past
окрилюючий/V ^adjp:actv:pres
окриляючий/V ^adjp:actv:pres
окріплий/V ^adjp:actv:past зміцнілий|скріплий|уматерілий|уматернілий|поздоровілий|стверділий|стужавілий
октроїруваний/V ^adjp:pasv:past
олениха/ab<> олениця
омебльований/V ^adjp:pasv:past
омежований/V ^adjp:pasv:past
омертвлений/V ^adjp:pasv:past
омліваючий/V ^adjp:actv:pres
омочений/V ^adjp:pasv:past
онімечений/V ^adjp:pasv:past
оновлюючий/V ^adjp:actv:pres
опадаючий/V ^adjp:actv:pres
опалесціюючий/V ^adjp:actv:pres
оперізуючий/V ^adjp:actv:pres
опечалений/V ^adjp:pasv:past
опікаючий/V ^adjp:actv:pres
опікуючий/V ^adjp:actv:pres
оплодотворений/V ^adjp:pasv:past
ополісканий/V ^adjp:pasv:past
ополосканий/V ^adjp:pasv:past
ополощений/V ^adjp:pasv:past
опорожнений/V ^adjp:pasv:past спорожнений|випорожнений
опорочений/V ^adjp:pasv:past заплямлений|зганьбований|зганьблений|зґанджований|ославлений|збезчещений
опорочити/A заплямити|зганьбувати|зганьбити|зґанджувати|ославити|збезчестити
опорочувати/A заплямлювати|ганьбувати|ганьбити|ґанджувати|ославлювати|безчестити
опосередковуючий/V ^adjp:actv:pres
опошлений/V ^adjp:pasv:past
опоясаний/V ^adjp:pasv:past підперізаний|підперезаний|заперезаний|оперезаний|опасаний
оправдуючий/V ^adjp:actv:pres
опредметнений/V ^adjp:pasv:past
опресований/V ^adjp:pasv:past обгнічений|обтиснений
опромінюючий/V ^adjp:actv:pres
оптимізуючий/V ^adjp:actv:pres
оп'янілий/V ^adjp:actv:past сп'янілий|підпилий
оп'яняючий/V ^adjp:actv:pres п'яний|п'янкий|п'янкуватий
організовуючий/V ^adjp:actv:pres
організуючий/V ^adjp:actv:pres 
ореол/ef авреоля|сяйво
орієнтуючий/V ^adjp:actv:pres
орошений/V ^adjp:pasv:past зрошений|политий
осаджуючий/V ^adjp:actv:pres
освистаний/V ^adjp:pasv:past обсвистаний|висвистаний
освідомлюючий/V
освіжаючий/V ^adjp:actv:pres
освіжающий/V що відсвіжує|відсвіжувач|свіжистий|відсвіжущий|відсвіжливий|відсвіжний
освіжуючий/V ^adjp:actv:pres
осилити/A перемагати|перемогти|подужати|здоліти|подолати
осиплий/V ^adjp:actv:past охриплий|хриплий|хрипкий
осифікуючий/V ^adjp:actv:pres
осідаючий/V ^adjp:actv:pres
осінити/A отінити|окрити|покрити|огорнути|благословити|знаменати|оклонити
осіняти/I отіняти|отінювати|окривати|покривати|огортати|охоплювати|спалахувати|осявати|з'являтися|благословляти|знаменати|оклоняти
оскалений/V ^adjp:pasv:past вискалений|вищирений|оскирений|повискалюваний|повищирюваний
оскуділий/V ^adjp:actv:past зубожілий|зматчілий|ослаблий
ослаблюючий/V ^adjp:actv:pres
осліплюючий/V ^adjp:actv:pres
осліпляючий/V ^adjp:actv:pres
осмолюючий/V ^adjp:actv:pres
осмутнілий/V ^adjp:actv:past
осмучений/V ^adjp:pasv:past
оснастка/a опорядження|наряджання|пристроювання|наряддя|пристрій
осніжений/V ^adjp:pasv:past
основанья noun:n:v_rod
основоутворюючий/V ^adjp:actv:pres
осолонцьований/V ^adjp:pasv:past
оспорити/A заперечити|не визнати
оспорювати/AGBGH заперечувати|змагатися|сперечатися|не визнавати|поборюватися
осріблений/V ^adjp:pasv:past
остережений/V ^adjp:pasv:past
остерігаючий/V ^adjp:actv:pres
остигаючий/V ^adjp:actv:pres
острижений/V ^adjp:pasv:past
оструктурений/V ^adjp:pasv:past
осцилюючий/V ^adjp:actv:pres
отемнений/V ^adjp:pasv:past
отеплений/V ^adjp:pasv:past
отесаний/V ^adjp:pasv:past
оточуючий/V ^adjp:actv:pres навколишній|обвідний|окружний
отрушений/V ^adjp:pasv:past
отуплений/V ^adjp:pasv:past
отупляючий/V ^adjp:actv:pres
отяжений/V ^adjp:pasv:past
офарблений/V ^adjp:pasv:past
офранцужений/V ^adjp:pasv:past
охвачений/V ^adjp:pasv:past обхоплений|обнятий|пойнятий|понятий
охолоджуючий/V ^adjp:actv:pres
охоплюючий/V ^adjp:actv:pres
оціночний/V оцінний|цінувальний
оцінюючий/V ^adjp:actv:pres
оцукрений/V ^adjp:pasv:past
оцукрюючий/V ^adjp:actv:pres
очепурений/V ^adjp:pasv:past
очищаючий/V ^adjp:actv:pres
очікуючий/V ^adjp:actv:pres
очорнений/V ^adjp:pasv:past почорнений|обчорнений|обмовлений
очумілий/V ^adjp:actv:past очманілий|очамрілий
ощаснений/V ^adjp:pasv:past
пагубний/V згубний|згубливий
падаючий/V ^adjp:actv:pres
пакетоформуючий/V ^adjp:actv:pres
палаючий/V ^adjp:actv:pres у вогні|у полум'ї|що палає|палкий|пекучий|пломінкий|палючий|палахкотючий|палахтючий|палахкотливий|палахкий
пануючий/V ^adjp:actv:pres панівний|керівний|переважний
папка/ab тека|обгортка|картон|палітурка
паразитуючий/V ^adjp:actv:pres
паралізуючий/V ^adjp:actv:pres
парик/efg перука
парируваний/V ^adjp:pasv:past
пародіюючий/V ^adjp:actv:pres
партнерша/abd< партнерка
паруючий/V ^adjp:actv:pres
патокоутворюючий/V ^adjp:actv:pres
пахати/AGO :imperf орати|плужити|ралити|ішачити|гарувати|не покладати рук|важко працювати
пенетруючий/V ^adjp:actv:pres
первіснообщинний/V первісногромадський
первонароджений/V
перебуваючий/V ^adjp:actv:pres
переважаючий/V ^adjp:actv:pres переважний|переважливий|найпоширеніший|панівний
перевалочний/V перевалковий|перевальний|перевантаж
перевірочний/V перевірковий|перевірчий|вивірчий
перевіряючий/V ^adjp:actv:pres що перевіряє|контролер|перевірник|перевіряльник|контрольний|перевірчий
переводи/f перекази|переклади
перев'язочний/V перев'язувальний|перев'язний|завивний|в'язальний
переговірний/V розмовний|перемовний
переговірник/efg< перемовник|розмовник
переговорник/efg< перемовник|розмовник
передаточний/V передавальний|передатковий|передатний|уступний
передвзятість/l упередженість
передвижник/efg<
передоплачений/V
передуючий/V ^adjp:actv:pres попередній|передніший|передущий
переживаючий/V ^adjp:actv:pres
переіменований/V ^adjp:pasv:past
переіначений/V ^adjp:pasv:past
перекличка/a перекликання|переклик|переліка
переключання/i
переключати/IJGHOP перемикати
переключений/V ^adjp:pasv:past перемкнутий
переключення/ij перемикання
переключити/IJ0 перемикнути
переконуючий/V ^adjp:actv:pres 
перекрашений/V ^adjp:pasv:past
перекриваючий/V ^adjp:actv:pres
перемішуючий/V ^adjp:actv:pres
перемножуючий/V ^adjp:actv:pres
переобмундирований/V ^adjp:pasv:past
переодітий/V ^adjp:pasv:past передягнений|передягнутий|перебраний
перепахати/A :imperf переорати|переплужити|переішачити|перегарувати
перепрошуючий/V ^adjp:actv:pres
переражаючий/V ^adjp:actv:pres
перериваючий/V ^adjp:actv:pres
перерізуючий/V ^adjp:actv:pres
пересахарений/V ^adjp:pasv:past
пересихаючий/V ^adjp:actv:pres
перетворюючий/V ^adjp:actv:pres
перетинаючий/V ^adjp:actv:pres
перетягуючий/V ^adjp:actv:pres
переустрій/a перебудова|перебудовування|перебудування|реорганізація
перечислити/AB перерахувати|переписати|перелічити
перечисляти/IJ перераховувати|переписувати|перелічувати
перешкоджаючий/V ^adjp:actv:pres що перешкоджає|що заваджає|перешкодний|перепинний|перешкодник
перила/b бильця|поруччя|поручата|поручні|баляси
персидський/V перський
персистуючий/V ^adjp:actv:pres
перформенс/ef
перфоруючий/V ^adjp:actv:pres
перцівочний/V перцівковий
першопрохідник/efg< першопроходець
печіночний/V печінковий
пиловідсмоктуючий/V
пиловсмоктуючий/V
пилосос/efg
питаючий/V ^adjp:actv:pres
питтєвий/V питний
піврозпад/ef напіврозпад
підбадьорюючий/V ^adjp:actv:pres що бадьорить|що збадьорує|бадьорливий|збадьорливий
підбурюючий/V
підворітня/a підворіття|підворітниця
підгризаючий/V ^adjp:actv:pres
підгримуючий/V ^adjp:actv:pres
підгрунтя/i
піджарений/V ^adjp:pasv:past підсмажений|засмажений|спражений
підзабутий/V призабутий
підключивши advp увімкнувши|під'єднавши|приєднавши
підключити/ABEF увімкнути|під'єднати|приєднати
#підкорегувати/AB
підкоряючий/V ^adjp:actv:pres
підкрашений/V ^adjp:pasv:past
підлавлювати/ABGHOP підхоплювати|переймати|заловлювати
підладжений/V ^adjp:pasv:past
підловити/AB підхопити|перейняти|заловити
піднімаючий/V ^adjp:actv:pres
підодіяльник/efg підковдра
підозріваючий/V ^adjp:actv:pres
підпадаючий/V ^adjp:actv:pres
підпираючий/V ^adjp:actv:pres
підпорядковуючий/V ^adjp:actv:pres
підрисований/V ^adjp:pasv:past підмальований
підростаючий/V ^adjp:actv:pres що підростає|молодий|новий
підсвічник/efg свічник|свічничок|посвітач|ставник|світоч|світич|світач
підсилюючий/V ^adjp:actv:pres
підсихаючий/V ^adjp:actv:pres що підсихає
підслуховуючий/V ^adjp:actv:pres що підслуховує|що підслухує|підслуховий|підслухач|підслухувач
підспудний/VW прихований|захований|підкилимний
підстеляючий/V ^adjp:actv:pres
підсумовуючий/V ^adjp:actv:pres
підтверджуючий/V ^adjp:actv:pres
підтримуючий/V ^adjp:actv:pres підтримний
підтягуючий/V ^adjp:actv:pres
підходящий/V підхожий|підхідний|прикладний|відповідний|слушний|нагідний|догідний|пригідний
підчас adv під час
пікіруючий/V ^adjp:actv:pres
пілотуючий/V ^adjp:actv:pres
пірнаючий/V ^adjp:actv:pres
післясмак/e посмак
плаваючий/V ^adjp:actv:pres що плаває|плавець|пливучий|плавучий|плавний|водоплавний|хиткий|нестійкий|рухомий|мінливий|незакріплений
плагін/efg додаток|модуль|втулок
плазуючий/V ^adjp:actv:pres
плануючий/V ^adjp:actv:pres
пластикуючий/V ^adjp:actv:pres
плачучий/V ^adjp:actv:pres що плаче|плачущий|плачливий
плівкоутворюючий/V ^adjp:actv:pres
пломеніючий/V ^adjp:actv:pres що пломеніє
побільшуючий/V ^adjp:actv:pres що збільшує|збільшувач|збільшувальний
поблажка/ab потур|потурання|попуск|попуст
поблеклий/V ^adjp:actv:past побляклий|збляклий|пополовілий|споловілий|полинялий|злинялий|вицвілий|зів'ялий|змарнілий
поближче adv ближче|ближченько
поблискуючий/V ^adjp:actv:pres
поборотий/V ^adjp:pasv:past
побритий/V ^adjp:pasv:past виголений|підголений|вибритий
побутуючий/V ^adjp:actv:pres
поважаючий/V ^adjp:actv:pres
повальний/V пошесний|загальний|поголовний|вселюдний
повергнений/V ^adjp:pasv:past звалений|повалений|скинений|скинутий|кинутий|кинений
повержений/V ^adjp:pasv:past звалений|повалений|скинений|скинутий|кинутий|кинений
повертаючий/V ^adjp:actv:pres що повертає|вертальний
повзаючий/V ^adjp:actv:pres
повідок/abc повідець
повідомлюючий/V ^adjp:actv:pres
повторювально-узагальнюючий/V ^adjp:actv:pres
повчаючий/V ^adjp:actv:pres
погасаючий/V ^adjp:actv:pres
погиблий/V ^adjp:actv:past загиблий|згиблий|пропащий|страчений
поглинаючий/V ^adjp:actv:pres
погреб/efg льох|погріб|погребище|пивниця|склеп
подавити/ABEF0
подавлений/V пригнічений|задавлений|задушений|погамований|притлумлений|придушений
подавлений/V ^adjp:pasv:past
подавляти/IJ
подвоюючий/V ^adjp:actv:pres
подразнюючий/V ^adjp:actv:pres
пожираючий/V ^adjp:actv:pres
пожиттєвий/V довічний|доживотний|досмертний
пожиттєво adv довічно|повік|до смерті
позашляховик/efg
позволений/V ^adjp:pasv:past
позиціонування/i позиціювання
позиціонувати/ABGH позиціювати
позначаючий/V ^adjp:actv:pres
показуючий/V ^adjp:actv:pres
покладистий/V покладливий
покрашений/V ^adjp:pasv:past
покриваючий/V ^adjp:actv:pres
покріпляючий/V ^adjp:actv:pres
покровителька/abd< заступниця|ласкавиця|опікунка|меценатка
покровитель/efg< заступник|ласкавець|опікун|патрон|протектор|меценат
поладжений/V ^adjp:pasv:past
полегшуючий/V ^adjp:actv:pres
полискуючий/V ^adjp:actv:pres
поліметалічний/V поліметалевий
поліпшуючий/V ^adjp:actv:pres
поліруючий/V ^adjp:actv:pres
поліцейський/V поліційний|поліціянт|поліцай
половіючий/V ^adjp:actv:pres що половіє|що мерхне
поломеніючий/V ^adjp:actv:pres
полоса/ab смуга|пасмуга|попруга|пасман|басаман
полуменіючий/V ^adjp:actv:pres
полум'яніючий/V ^adjp:actv:pres
поляризуючий/V ^adjp:actv:pres
поменше adv менше|меншенько|трохи менше
помимо adv крім|опріч|окрім|проти|поза
помираючий/V ^adjp:actv:pres що помирає|вмирає|конає|вмирущий|мирущий|мрущий|присмертний|смертельний
помісність/l
пом'якшуючий/V ^adjp:actv:pres що пом'якшує|пом'якшувальний|зм'якшувальний|м'якшильний|пом'якшувач
понижуючий/V ^adjp:actv:pres
понти/f
понятійний/V поняттєвий
понятія/b
понятний/V зрозумілий
попадаючий/V ^adjp:actv:pres
попахати/A :imperf поорати|поплужити|поралити|поішачити|погарувати|важко попрацювати
попеліючий/V ^adjp:actv:pres
попереджуючий/V ^adjp:actv:pres
поповнюючий/V ^adjp:actv:pres
поправочний/V поправковий|виправний|корекційний
попратий/V ^adjp:pasv:past
поприще/i кар'єра|поле|театр|арена|терен
попрікати/IGQ :imperf дорікати|докоряти|виказувати|вимовляти|нарікати
попрікнути/A :perf дорікнути|докорити|виказати|вимовити
попутаний/V ^adjp:pasv:past
поражений/V ^adjp:pasv:past ударений|улучений|уражений
порешечений/V ^adjp:pasv:past порешетений|здіравлений|подіравлений|постріляний
пориваючий/V ^adjp:actv:pres що пориває|поривний|захватний
поринаючий/V ^adjp:actv:pres
породжуючий/V ^adjp:actv:pres
породоутворюючий/V ^adjp:actv:pres
посадочний/V посадковий|висадковий
посилочний/V посилковий|пакунковий
посил/e посилання|надсилання
посланіє noun:n:v_naz/v_zna
поставка/ab постачання|постача
поставщик/efg постачальник
постановочний/V поставний|постановчий
посткризовий/V післякризовий
постулюючий/V ^adjp:actv:pres
потомствений/V
потопаючий/V ^adjp:actv:pres що потопає|потопельник|утопленик|тонучий
потрясаючий/V ^adjp:actv:pres що вражає|приголомшливий|разючий|запридушний
похожий/V схожий
почасовий/V погодинний
почасово adv погодинно|від години
початкуючий/V ^adjp:actv:pres що починає|зачинатель|ініціатор|початківець|дебютант|започатковувач|новачок
почитаючи advp шануючи|поважаючи|величаючи
пошкоджуючий/V ^adjp:actv:pres що псує|ушкодливий|ушкідний|шкідний
пошукувач/efgh< здобувач
#появитися/B з'явитися|виявитися|виникати
#появляти/I
поясниця/a поперек
пояснюючий/V ^adjp:actv:pres
правлячий/V ^adjp:actv:pres керівний|керівничий|владущий
правомочний/V правоможний|правосильний|судоправний|правочинний|уповноважений
правомочність/l
прагнучий/V ^adjp:actv:pres що прагне (лине, прямує)|прагнущий|жаждущий|спрямований|націлений
празник/efg свято
практикуючий/V ^adjp:actv:pres
працюючий/V ^adjp:actv:pres що працює|працівний|робітний|працівник|робітник
предводительство/i привід|провід|головування|отаманування|ватагування|маршальство
предостатньо adv задосить
представляючий/V ^adjp:actv:pres що презентує|презентант|презентаційний|що відрекомендовує|зазнайомлювач|рекомендаційний|що розігрує|актор|артист|що зображує|що репрезентує|представник|речник|репрезентант|що являє|що уявляє|що становить
предстоятель/efg< настоятель|настоятелька|голова
презентабельний/V пристойний|показний|поважний|статечний
преславутий/V горезвісний
престарілий/V престарий|старезний|похилий
прибавочний/V додатковий
прибуваючий/V ^adjp:actv:pres
приваблюючий/V ^adjp:actv:pres
привичка/a звичка|навичка|призвичайка|призвичаєння|звичай|манера|традиція
привідкрити/A прочиняти|прохиляти|відчиняти|відхиляти|відтуляти|відгорнути
прив'ядаючий/V ^adjp:actv:pres
пригасаючий/V ^adjp:actv:pres що пригасає|пригаслий
пригноблюючий/V ^adjp:actv:pres що притискає|гнобитель|гонитель|пригноблювач|утискувач
пригодитися/BD знадобитися|придатися|здатися|стати у пригоді
приголомшуючий/V ^adjp:actv:pres приголомшливий|запаморочливий|ошелешливий|запридушний|могутній
придушуючий/V ^adjp:actv:pres що придушує
приєднуючий/V ^adjp:actv:pres що приєднує|сполучальний|з'єднувальний|злучальний|зв'язувальний|єднальний
признак/efg ознака|познака|прикмета|знак|слід
приймаючий/V ^adjp:actv:pres
прийомний/V приймальний|вступний|вітальний|порційний|названий
прийом/ef приймання|прийняття|вітання|зустріч|напад|захід|раз|спосіб|удаль|вдача
прикрашаючий/V ^adjp:actv:pres
прилипаючий/V ^adjp:actv:pres
прилягаючий/V ^adjp:actv:pres прилеглий|суміжний|сусідній|прилепистий|облиплий
примерхаючий/V ^adjp:actv:pres
приметаний/V ^adjp:pasv:past приживлений|на живу нитку пришитий|прифастриґований|прижилований
примикаючий/V ^adjp:actv:pres
примінити/A застосувати
примірний/V зразковий|взірцевий|приблизний|орієнтовний|прикидний
принижуючий/V ^adjp:actv:pres
принудительний/V примусовий|роблений з примусу (примусом)|приневільний
припадочний/V припадковий|нападний|причинний|причинуватий
припахати/A :imperf
приплюснутий/V ^adjp:pasv:past приплесканий|приплескуватий|плескатий|плескуватий|плесковатий
прискорюючий/V ^adjp:actv:pres
прислонений/V ^adjp:pasv:past приставлений|притулений|прихилений|припертий|обпертий
прислуговуючий/V ^adjp:actv:pres
присоромлюючий/V ^adjp:actv:pres що присоромлює
приспатий/V ^adjp:pasv:past
пристигаючий/V ^adjp:actv:pres
притікаючий/V ^adjp:actv:pres
притік/a приплив|доплив|наплив|притока|гілка
притому conj до того ж|до того ж таки|ще
притухаючий/V ^adjp:actv:pres
прихватизатор/efgh<
прихватизація/a
прихватизувати/AB
прихожанин/egjh< парафіянин
пробігаючий/V ^adjp:actv:pres що перебігає|перебіжний|мимобіжний|проминущий
пробуджуючий/V ^adjp:actv:pres
проверчений/V ^adjp:pasv:past
провисаючий/V ^adjp:actv:pres
провірений/V ^adjp:pasv:past перевірений|вивірений|звірений
проводжаючий/V ^adjp:actv:pres
провокуючий/V ^adjp:actv:pres що провокує|провокатор|провокаційний|провокативний|провокаторський
проворонений/V ^adjp:pasv:past
прогниваючий/V ^adjp:actv:pres
прогнозуючий/V ^adjp:actv:pres
програмуючий/V ^adjp:actv:pres
прогресуючий/V ^adjp:actv:pres що прогресує|поступний|поступальний|прогресивний
продавщиця/abd< продавчиня|продавниця
продовгуватий/V довгастий|довгуватий|подовгий
продовжуючий/V ^adjp:actv:pres
продукуючий/V ^adjp:actv:pres
проектуючий/V ^adjp:actv:pres
проживаючий/V ^adjp:actv:pres що проживає|мешканець
проїжджаючий/V ^adjp:actv:pres
проймаючий/V ^adjp:actv:pres
проллятий/V ^adjp:pasv:past
проложений/V ^adjp:pasv:past
промаркірований/V ^adjp:pasv:past
проминаючий/V ^adjp:actv:pres що минає|минущий
промоушен/e реклама|просування|стимулювання|популяризація|підтримка|допомога
промоушн/e реклама|просування|стимулювання|популяризація|підтримка|допомога
пронизуючий/V ^adjp:actv:pres
проникаючий/V ^adjp:actv:pres що проходить|що промикується|що просмикується|проникливий
пропадаючий/V ^adjp:actv:pres що пропадає|напівзниклий|зникомий|запропасливий|пропащий
прописочний/V прописковий
проплата/ab оплата
пропливаючий/V ^adjp:actv:pres
пропускаючий/V ^adjp:actv:pres
прорезинений/V ^adjp:pasv:past гумований|прогумований
прорепетируваний/V ^adjp:pasv:past
прорисований/V ^adjp:pasv:past перемальований|перерисований|перезнятий|перебитий
проробка/a пророблення|опрацювання|опрацьовування
проронений/V ^adjp:pasv:past упущений|пробовкнутий|прослуханий|недочутий
проростаючий/V ^adjp:actv:pres
просвітність/l
проскакуючий/V ^adjp:actv:pres
прославляючий/V ^adjp:actv:pres що славить|прославитель|хвалитель|хвалій|величальник|величальний|славословний|панегіричний
просперуючий/V
#простой/e простоювання|вистоювання|перестоювання
просто-напросто part просто|просто-таки|попросту
просторний/V просторий|простірний|повільний|розлогий|розложистий|розлеглий
протестуючий/V ^adjp:actv:pres що протестує|протестант|протестаційний
противсіх/efg<
протидіючий/V ^adjp:actv:pres
протирічити/A суперечити|перечити|сперечатися|противитися|розбігатися
протиріччя/ij сперечання|суперечність|супротивність|розбіжність
#проточний/V текучий|бігучий|пливучий
профілюючий/V ^adjp:actv:pres
проффесор/efgh<
прохолоджуючий/V ^adjp:actv:pres
процвітаючий/V ^adjp:actv:pres що процвітає|квітний|квітистий|квітучий|успішний
прощупаний/V ^adjp:pasv:past намацаний|налапаний
прощупати/IJ намацати|налапати|промацати
прощупувати/ABGHOP намацувати|налапувати|промацувати
прямоточний/V прямопотоковий|прямотічний|прямотечійний|прямоструминний|прямоструменевий
прямуючий/V ^adjp:actv:pres що прямує|по дорозі до|на шляху до|подорожній
пульсуючий/V ^adjp:actv:pres
пустушка/ab дурниця|марниця|дрібниця|абищиця|пусте|байка|порожняк|соска|пипка|мізюк|смочок|дурник|шелихвіст|пустоб'яка|пустоб'яха
п'яніна/a
п'янка/ab пиятика|гульня|дудліж
раболіпний/V підлесливий|облесливий|підлесний|облесний|підлепливий|підлепний|знижений|невільничий|побожний
раболіпство/ij підлесливість|улесливість
раболіпствувати/AO плазувати|колінкувати|холопствувати|лизати халяву|лизати чоботи|рачки лазити (перед ким)
радируваний/V ^adjp:pasv:past
радіовипромінюючий/V ^adjp:actv:pres
радіосенсибілізуючий/V ^adjp:actv:pres
радіючий/V ^adjp:actv:pres радий|зраділий|охоплений радістю|сповнений радощів
ракушка/ab мушля|черепашка|скойка
рандомізуючий/V ^adjp:actv:pres
ранений/V ^adjp:pasv:past
распрі/b чвари|сварка|незгода|колотнеча
раціоналізуючий/V ^adjp:actv:pres
рачкуючий/V ^adjp:actv:pres
реагуючий/V ^adjp:actv:pres що реагує|здатний зареагувати|реагівний|реагент
реверсуючий/V ^adjp:actv:pres
революціонізуючий/V ^adjp:actv:pres
регенеруючий/V ^adjp:actv:pres
регламентуючий/V ^adjp:actv:pres
регулюючий/V ^adjp:actv:pres що регулює|регулювальний|регулятор|регулювальний|регуляційний
редукуючий/V ^adjp:actv:pres
реєструючий/V ^adjp:actv:pres
резинка/ab гумка
резонерствуючий/V ^adjp:actv:pres
резонуючий/V ^adjp:actv:pres
рейдуючий/V ^adjp:actv:pres що рейдує|змушений рейдувати|зайнятий рейдом|рейдовик|рейдовий
рекомендуючий/V ^adjp:actv:pres
релаксуючий/V ^adjp:actv:pres
реліз/ef випуск
ремітуючий/V ^adjp:actv:pres
ренегатствуючий/V ^adjp:actv:pres
рентгенопросвічуючий/V ^adjp:actv:pres
ресторатор/efgh<
реструктуризований/V ^adjp:pasv:past реструктурований
ретируватися/B відступати
ретранслюючий/V ^adjp:actv:pres
ридаючий/V ^adjp:actv:pres
рикаючий/V ^adjp:actv:pres що реве|сповнений рику|рикало|ревун|рикун|ревучий
римуючий/V ^adjp:actv:pres
риночний/V ринковий
рівнозмінюючий/V ^adjp:actv:pres
рідіючий/V ^adjp:actv:pres
ріжучий/V ^adjp:actv:pres
різнобій/a різнобіжність|брак згоди|незлагода
рістактивуючий/V ^adjp:actv:pres
рішатися/J зважуватися|наважуватися|пускатися
рішаючий/V ^adjp:actv:pres вирішальний|вирішний|головний|основний|провідний|стрижневий|розв'язувальний|ухвальний
рішитися/B зважитися|наважитися|пуститися
рожевіючий/V ^adjp:actv:pres
розбалуваний/V ^adjp:pasv:past
розбірка/ab розбирання|сортування|розкидання|демонтаж
розбурюючий/V
розвантажуючий/V ^adjp:actv:pres
розвиваючий/V ^adjp:actv:pres
розв'язуючий/V ^adjp:actv:pres
розгалужуючий/V ^adjp:actv:pres
розгальмовуючий/V ^adjp:actv:pres
розгинаючий/V ^adjp:actv:pres
розгріваючий/V ^adjp:actv:pres
розділюючий/V ^adjp:actv:pres
розділяючий/V ^adjp:actv:pres
роздражнюючий/V ^adjp:actv:pres
роздразнюючий/V ^adjp:actv:pres
роздруківка/ab роздрук
роз'єднуючий/V ^adjp:actv:pres
роззброюючий/V ^adjp:actv:pres що знезброює|роззброює|знезброювальний|знезбройний|роззброювальний|роззбройний|знезброювач|роззброювач
розігріваючий/V ^adjp:actv:pres
розігруючий/V ^adjp:actv:pres
роз'їдаючий/V ^adjp:actv:pres
розквітаючий/V ^adjp:actv:pres
розкисаючий/V ^adjp:actv:pres
розкладаючий/V ^adjp:actv:pres 
розкошелитися/B брязнути гаманцем|розв'язати калитку|розкопотитися
розкрашений/V ^adjp:pasv:past
розкупорений/V ^adjp:pasv:past
розмагнічуючий/V ^adjp:actv:pres
розмаркірований/V ^adjp:pasv:past
розмикаючий/V ^adjp:actv:pres
рознощик/efg< розносник
розписний/V мальований|розмальований|писаний|мережаний
розподіляючий/V ^adjp:actv:pres
розпутаний/V ^adjp:pasv:past
розрисований/V ^adjp:pasv:past розмальований|писаний
розрихлити/AB підпушувати|розпушувати
розрихляти/ABGH підпушувати|розпушувати
розріджуючий/V ^adjp:actv:pres
розрізнюючий/V ^adjp:actv:pres
розрулити/A
розрулювання/i
розряджаючий/V ^adjp:actv:pres
розсіюючий/V ^adjp:actv:pres
розстановка/ab розставлювання|розставляння|розставлення|розстава|розклад
розстрочений/V ^adjp:pasv:past
розтерзання/ij роздертя|потала
розтрощуючий/V ^adjp:actv:pres
розузорений/V ^adjp:pasv:past змережаний|помережаний
розукрупнений/V ^adjp:pasv:past подрібнений|розгромаджений|розбитий
розуміючий/V ^adjp:actv:pres що тямить|знавець|тямущий|тямовитий|кмітливий|компетентний
нерозуміючий/V ^adjp:actv:pres що не тямить|не знавець|нетямущий|нетямовитий|некмітливий|некомпетентний
розхватаний/V ^adjp:pasv:past
розчіплюючий/V ^adjp:actv:pres
роз'ятрюючий/V
ротаріанець/abc<
руйнуючий/V ^adjp:actv:pres що руйнує|руйнівник|плюндрій|спустошувач|руйнівний|руїнницький|спустошливий
рукоятка/ab держак|держално|ручка|руків'я|стебло|хрест
рукоять/ij держак|держално|ручка|руків'я|стебло|хрест
рульовий/V кермовий|стерновий|стерничий|стерник|керманич
рум'яніючий/V ^adjp:actv:pres
ряджений/V ^adjp:pasv:past переодягнений|маскований|замаскований
сайта noun:m:v_rod
сакралізуючий/V ^adjp:actv:pres
салфетка/ab серветка
самашедший/V
самовибухаючий/V
самовимикаючий/V ^adjp:actv:pres
самодовліючий/V ^adjp:actv:pres самодостатній|самоцінний|незалежний
самоекрануючий/V ^adjp:actv:pres
самозавантажуючий/V ^adjp:actv:pres
самозаписуючий/V ^adjp:actv:pres
самозбуджуючий/V ^adjp:actv:pres
самокоректуючий/V ^adjp:actv:pres
самоліквідуючий/V ^adjp:actv:pres
самонаводжуючий/V ^adjp:actv:pres
самонагріваючий/V ^adjp:actv:pres
самоорганізуючий/V ^adjp:actv:pres
саморегулюючий/V ^adjp:actv:pres
самореєструючий/V ^adjp:actv:pres
сарай/ef
свердлячий/V ^adjp:actv:pres
свобідний/V вільний
свобідно adv вільно
свободівець noun:m:v_naz:anim свободовець
своєвільство/i сваволя|свавілля|свавільство|самовільство|самовільність|самочинство
святкуючий/V ^adjp:actv:pres що святкує|учасник свята|празничанин|святковий
священичий/V священицький
секціонуючий/V ^adjp:actv:pres
секціюючий/V ^adjp:actv:pres
сенсибілізуючий/V ^adjp:actv:pres
серйоз/e
сивіючий/V ^adjp:actv:pres що сивіє|щораз сивіший|напівсивий|сивавий|просивілий|сивастий|шпакуватий|посивілий
сигналізуючий/V ^adjp:actv:pres
синіючий/V ^adjp:actv:pres що синіє|чимраз синіший|засинілий
синтезуючий/V ^adjp:actv:pres
синхронізуючий/V ^adjp:actv:pres
сищик/efg<
сіпаючий/V ^adjp:actv:pres
сіріючий/V ^adjp:actv:pres що сіріє|чимраз сірішій|огортуваний сірістю
сіятельний/V ясновельможний
сіяючий/V ^adjp:actv:pres що сяє|осяйний|сяйний|сяйливий
скануючий/V ^adjp:actv:pres
скачування/i звантаження|стягування
сквернений/V ^adjp:pasv:past
скеровуючий/V ^adjp:actv:pres
скимлячий/V ^adjp:actv:pres
скип'ячений/V ^adjp:pasv:past закипілий|кипілий|зокроплений|спарений
скімлячий/V ^adjp:actv:pres що верещить|вискун|верескун|верещака|верескливий|вискливий|вискотливий
складчина/a складка
скліючий/V ^adjp:actv:pres
склочний/V чварний
склочник/efg< кляузник|інтриган
сковуючий/V ^adjp:actv:pres
сколюючий/V ^adjp:actv:pres
#скорегувати/AB скоректувати|виправити|скоригувати
скорочуючий/V ^adjp:actv:pres
скраснілий/V ^adjp:actv:past почервонілий
скріплюючий/V ^adjp:actv:pres
скрючений/V ^adjp:pasv:past скорчений|покорчений|скоцюрблений|скручений|скарлючений|покарлючений|зсудомлений|покулений
слабіючий/V ^adjp:actv:pres що слабне|напівослаблий
слабнучий/V ^adjp:actv:pres що слабне|напівослаблий
славлячий/V
слиханий/V ^adjp:pasv:past
слідкуючий/V ^adjp:actv:pres
слідувати/AGO наслідувати|іти|виконувати|слухати|додержуватися|дотримуватися|випливати
слідуючий/V ^adjp:actv:pres наступний|черговий|дальший|подальший|другий|такий
сліпнучий/V ^adjp:actv:pres
слухаючий/V ^adjp:actv:pres
сміхотворний/V сміховинний
сміхотворність/lm сміховинність
сміхотворно adv сміховинно
совєти/f
совєцький/V
совіти/f
солодкоїжка/abd< ласун|ласунка|ласуха|ласій|ласійка|ласолюб|ласолюбка
сортир/efg нужник
сортуючий/V ^adjp:actv:pres
состав/efg склад|сполука|речовина|суміш|валка|поїзд
сотворений/V ^adjp:pasv:past
сохнучий/V ^adjp:actv:pres що сохне|сушений|висушуваний|схнучий
сочний/V соковитий
спадаючий/V ^adjp:actv:pres що спадає|спадний
спакощений/V ^adjp:pasv:past спаскуджений|споганений|загиджений|згиджений|скапощений
спалахуючий/V ^adjp:actv:pres
спасатися/J рятуватися
спитуючий/V
співаючий/V ^adjp:actv:pres о співає|співець|співак|співун|співучий
співголовуючий/V ^adjp:actv:pres
співзвучний/VZ суголосний
співзвуччя/i суголосся
співіснувати/AG
співіснуючий/V ^adjp:actv:pres
співпадати/IG збігатися|сходитися
співпадаючий/V ^adjp:actv:pres
співпасти/M збігтися|зійтися
співпрацюючий/V
співпричетність/l
співставити/AB зіставити
співставлення/ij зіставлення|порівняння
співставляти/IJ зіставляти
співтовариство/ij
співчуваючий/V ^adjp:actv:pres що співчуває|сповнений співчуття|прихильник|симпатик|співчутливець
співшукач/efg< шукач|пошукач|конкурсант|учасник конкурсу
спливаючий/V ^adjp:actv:pres
сплиття/i випливання|виплиття|виринання|зринання
сповзаючий/V ^adjp:actv:pres
сповільнюючий/V ^adjp:actv:pres
споживаючий/V ^adjp:actv:pres
спокутуючий/V ^adjp:actv:pres
спопеляючий/V ^adjp:actv:pres
спостерігаючий/V ^adjp:actv:pres що спостерігає|зайнятий спостереженням|спостерігач|споглядач|дозорець
спотворюючий/V ^adjp:actv:pres
спотілий/V ^adjp:actv:past спітнілий
спочиваючий/V ^adjp:actv:pres
сприймаючий/V ^adjp:actv:pres
сприяючий/V ^adjp:actv:pres
спрощуючий/V ^adjp:actv:pres
спрямовуючий/V ^adjp:actv:pres що спрямовує|напрямний|направний|чоловий|направник
спуганий/V ^adjp:pasv:past
спуджений/V ^adjp:pasv:past
спустошуючий/V ^adjp:actv:pres
ссуда/a позика
стабілізуючий/V ^adjp:actv:pres стабілізаційний|стабілізувальний|усталювальний
стажер/efgh< стажист
старина/a старовина|давнина
старіючий/V ^adjp:actv:pres що старіє
стверджуючий/V ^adjp:actv:pres
#ствол/efg стовбур|стебло|стеблина|дуда|цівка|рура|жерло
стервозний/V стервезний|стервенний|стервенський
стервозність/l стервезність|стервенськість
стержень/abc стрижень|шворінь|серце|основа
стержневий/V стрижневий|швореневий|основний
стиковка/ab стикування
стимулюючий/V ^adjp:actv:pres що стимулює|заохочує|збуджує|заохочувальний|збуджувальний|стимуляційний|заохочувач|збуджувач|стимулятор
стираючий/V ^adjp:actv:pres
стискаючий/V ^adjp:actv:pres
стискуючий/V ^adjp:actv:pres
стихаючий/V ^adjp:actv:pres
стікаючий/V ^adjp:actv:pres
стогнучий/V ^adjp:actv:pres
стомлюючий/V ^adjp:actv:pres
стравити/AB нацькувати|вивести|випасти
стравлювати/ABGH цькувати|нацьковувати|виводити|випасати
страждаючий/V ^adjp:actv:pres що страждає|сповнений муки|мученик|страдник|страдний|страдницький|довготерпеливий
страйкуючий/V ^adjp:actv:pres що страйкує|страйкар|учасник страйку|охоплений страйком
страусиний/V страусовий
страхаючий/V ^adjp:actv:pres
стремління/i потяг|поривання|жага|прямування
стрибаючий/V ^adjp:actv:pres
стримуючий/V ^adjp:actv:pres що стримує|здержує|стримувальний|стримчий|стримувач|здержувальний|здержувач|тамувальний|тамувач|гальмівний
стрілочний/V стрілковий|виличний
стріляючий/V ^adjp:actv:pres що стріляє|що штрикає|стрілючий|штрикучий|стрілець
стробуючий/V ^adjp:actv:pres
строгіший/VY суворіший|гостріший
строчка/ab рядок
стругаючий/V ^adjp:actv:pres
структуризувати/ABGH структурувати
структуруючий/V ^adjp:actv:pres
струмуючий/V ^adjp:actv:pres
студіюючий/V ^adjp:actv:pres
стягуючий/V ^adjp:actv:pres
судинозвужуючий/V ^adjp:actv:pres
судинорозширюючий/V ^adjp:actv:pres
сумуючий/V ^adjp:actv:pres
супроводжуючий/V ^adjp:actv:pres
супуруючий/V ^adjp:actv:pres
сутеніючий/V ^adjp:actv:pres що меркне|напівзгаслий|напівпомерклий|загасущий|вгасущий
суцільнометалічний/V суцільнометалевий
сцинтилюючий/V ^adjp:actv:pres
сьогохвилинний/V миттєвий|негайний|на цю хвилину|мить
сягаючий/V ^adjp:actv:pres що сягає|простертий|простягнутий|простягнений|розпросторений|простелений|розлеглий|простяжний
сяючий/V ^adjp:actv:pres що сяє|опромінений|осяяний|сяйнистий|блискучий|сяйливий|осяйний|сяйний|пишно блискучий|променистий
табулюючий/V ^adjp:actv:pres
тактуючий/V ^adjp:actv:pres
танцюючий/V ^adjp:actv:pres що танцює|розтанцьований|закружений у танці|танцюрист|танцівник|танцювальник|танцюра|танцювальний|танцівливий
тасуючий/V ^adjp:actv:pres
твердотільний/V твердотіловий|твердотілий
тепловиділяючий/V ^adjp:actv:pres
тепловипромінюючий/V ^adjp:actv:pres
теплозатримуючий/V ^adjp:actv:pres
теплоізолюючий/V ^adjp:actv:pres
терзання/ij муки|мордування|шматування|шарпання|роздирання
терзати/I дерти|роздирати|шарпати|мордувати|мучити
термостатуючий/V ^adjp:actv:pres
тестуючий/V ^adjp:actv:pres
типізуючий/V ^adjp:actv:pres
ткачиха/abd< ткаля
тліючий/V ^adjp:actv:pres що тліє|напівзотлілий|пойнятий тлінням|ледве теплий|жаристий|розжеврілий
товаропродукуючий/V ^adjp:actv:pres
толковий/V тямкий|тямучий|тямущий
томлячий/V ^adjp:actv:pres
тонізуючий/V ^adjp:actv:pres що тонізує|тонізувальний|тонізаційний|збадьорливий|збудний|збудливий|збуджувальний
тонучий/V ^adjp:actv:pres
тонуючий/V ^adjp:actv:pres
торгівельний/V
торжество/ij (урочисте) свято|урочистість
торжествувати/A (урочисто, бучно) святкувати|тріумфувати
торжествуючий/V ^adjp:actv:pres
транслюючий/V ^adjp:actv:pres
транспонуючий/V ^adjp:actv:pres
транспортабельний/V переносний|пересувний|рухомий|транспортовний
транспортуючий/V ^adjp:actv:pres
трансформуючий/V ^adjp:actv:pres
трасуючий/V ^adjp:actv:pres
трафіка noun:m:v_rod
тремолюючий/V ^adjp:actv:pres
третируваний/V ^adjp:pasv:past
триваючий/V ^adjp:actv:pres що триває|не припинюваний|тяглий|безперервний
тріумфуючий/V ^adjp:actv:pres що тріумфує|тріумфальний|переможний|урочистий
трудолюбивий/V працьовитий|роботящий
туземний/V тубільний|місцевий
тунелюючий/V ^adjp:actv:pres
турбуючий/V ^adjp:actv:pres що докучає|що турбує|неспокійний|тривожний|докучливий|настирлиний|дошкульний
тусівка/ab збіганка|збіговисько|тусня|тусняк|тусман|тусування
тягнутий/V ^adjp:pasv:pres:past
тягнучий/V ^adjp:actv:pres що тягне|тягач|тяговий|тягучий
тяп-ляп adv сяк-так|абияк|нашвидку|нашвидкуруч|на галай-балай
убавлений/V ^adjp:pasv:past зменшений
убиваючий/V ^adjp:actv:pres
убратий/V ^adjp:pasv:past
убуваючий/V ^adjp:actv:pres
удушливий/V задушливий|задушний
узагальнюючий/V ^adjp:actv:pres що узагальнює|узагальнювальний|узагальнений|сумарний|підсумковий
узалежнюючий/V ^adjp:actv:pres
узгоджуючий/V ^adjp:actv:pres
указуючий/V ^adjp:actv:pres
уловлюючий/V ^adjp:actv:pres
умикаючий/V ^adjp:actv:pres
умираючий/V ^adjp:actv:pres що помирає|вмирає|конає|вмирущий|присмертний|смертельний
ундулюючий/V ^adjp:actv:pres
уніфікуючий/V ^adjp:actv:pres
упереджуючий/V ^adjp:actv:pres
упідлеглений/V ^adjp:pasv:past
уповільнюючий/V ^adjp:actv:pres
управляючий/V ^adjp:actv:pres що керує|керівник|управитель|адміністратор|керівний|адміністративний|кермовий
уражаючий/V ^adjp:actv:pres
урозріз adv всупереч
уряджаючий/V ^adjp:actv:pres що уряджає| організатор|організаційний|організаторський
усезнаючий/V ^adjp:actv:pres
усезростаючий/V ^adjp:actv:pres
усеперемагаючий/V ^adjp:actv:pres
усерйоз adv серйозно|навсправжки
ускладнюючий/V ^adjp:actv:pres
усмирити/A втихомирити|приборкати|угамувати|притишити
усмиряти/I втихомирювати|приборкувати|притишувати|вгамовувати|приструнювати
успіти/I устигнути|поспіти
установлюючий/V ^adjp:actv:pres
устій/ab стоян|підпора|підвалина
утворюючий/V ^adjp:actv:pres що утворює|утворювальний|твірний
утікаючий/V
уточнюючий/V ^adjp:actv:pres що уточнює|уточнювальний|уточнювач
утрачаючий/V ^adjp:actv:pres
утримуючий/V ^adjp:actv:pres
учбовий/V навчальний
ущільнюючий/V ^adjp:actv:pres що ущільнює|ущільний|ущільнювальний|ущільнювач
уяснити/A з'ясувати|усвідомити|зрозуміти
фазорегулюючий/V ^adjp:actv:pres
фарбуючий/V ^adjp:actv:pres
фашиствуючий/V ^adjp:actv:pres
фест/e
фіксуючий/V ^adjp:actv:pres
фільтруючий/V ^adjp:actv:pres
фланкуючий/V ^adjp:actv:pres
флегматизуючий/V ^adjp:actv:pres
флуктуючий/V ^adjp:actv:pres
флуоресціюючий/V ^adjp:actv:pres
флюктуючий/V ^adjp:actv:pres
флюоресціюючий/V ^adjp:actv:pres
фокусуючий/V ^adjp:actv:pres
фонтануючий/V ^adjp:actv:pres
форматуючий/V ^adjp:actv:pres
формоутворюючий/V ^adjp:actv:pres
формуючий/V ^adjp:actv:pres
форсуючий/V ^adjp:actv:pres
фортеп'яна/ab
фотосенсибілізуючий/V ^adjp:actv:pres
фотосинтезуючий/V ^adjp:actv:pres
фракціонуючий/V ^adjp:actv:pres
функціонуючий/V ^adjp:actv:pres що функціонує|функціонер|дійовий|активний|чинний|функціональний
хвастливий/V хвалькуватий|хвастовитий|чванливий|загонистий|заносистий|задавакуватий
хвилюючий/V ^adjp:actv:pres що хвилює|хвильний; бентежний|бентежливий|зворушливий
хелатуючий/V ^adjp:actv:pres
хемосинтезуючий/V ^adjp:actv:pres
хитаючий/V ^adjp:actv:pres
хникати/I скигляти|скімлити|скавуліти|рюмсати|пхикати
холодіючий/V ^adjp:actv:pres
холонучий/V ^adjp:actv:pres
хранителька/abd< хоронителька|охоронниця|берегиня
худосочний/V щуплий|щуплявий|хирлявий|худорлявий
царапатися/JR дряпатися|шкрябатися|дертися|скромадитися
царапати/IQ дряпати|шкрябати|дерти|скромадити
царствувати/AGO :imperf царювати
царствуючий/V ^adjp:actv:pres
царюючий/V ^adjp:actv:pres
цементуючий/V ^adjp:actv:pres
централізуючий/V ^adjp:actv:pres що централізує|покликаний централізувати|для централізації|зайнятий централізацією|централізаційний
центробіжний/V відцентровий
центруючий/V ^adjp:actv:pres
циркулюючий/V ^adjp:actv:pres
цікавлячий/V ^adjp:actv:pres
цільнометалічний/V цільнометалевий
цьоця/a<
чаруючий/V ^adjp:actv:pres
чатуючий/V ^adjp:actv:pres
чеканити/AB карбувати|бити|рубати
чекаючий/V ^adjp:actv:pres що очікує|очікувальний|очікувач
червоточний/V червотокий|червивий
чехарда/a довга лоза|цап|плутаниця|розгардіяш|шарварок|катавасія
числений/V
числитися/B бути|бути зазначеним|бути вписаним
читабельний/V виразний|зрозумілий|читний|прочитний
читаючий/V ^adjp:actv:pres що читає|читальний|читач|читальник|читець|читайло
чіпи noun:p:v_naz/v_zna
чокатися/J цокатися|здоровкатися|з'їхати з глузду|збожеволіти|здуріти|стукнутися|тюкнутися
чолобитна/V ^noun супліка
чолобитник/efg< жалобник|позовник|позивач|чоломбитько
чудачка/abd< дивачка|химерниця
шаленіючий/V ^adjp:actv:pres
шалий/V шаленистий|шалений|ошалений|ошелемонілий|ошаленілий|навісний|оглашенний|навіжений|дикий|скажений|біснуватий|нестримний|нарваний|безладний|випадковий
шаліючий/V ^adjp:actv:pres
шарикопідшипниковий/V кульковальничний
шарик/efg кулька|бульбашка|балабушка|галка|галочка|болюс
шаровидний/V кулястий
шароподібний/V кулястий
шатер noun:m:v_naz/v_zna намет|шатро|таш|таша
швидковисихаючий/V ^adjp:actv:pres
швидкодрукуючий/V ^adjp:actv:pres
швидкозгасаючий/V ^adjp:actv:pres
швидкозростаючий/V ^adjp:actv:pres
швидкоплаваючий/V ^adjp:actv:pres
швидкопроростаючий/V ^adjp:actv:pres
швидкострільнодрукуючий/V ^adjp:actv:pres
шиповник/efg шипшина
широковипромінюючий/V ^adjp:actv:pres
ширяючий/V ^adjp:actv:pres
шкло/i
шлакоспінюючий/V ^adjp:actv:pres
шокіруваний/V ^adjp:pasv:past шокований
шокуючий/V ^adjp:actv:pres що шокує|шокувальний|разючий|приголомшливий|неймовірний|нечуваний|моторошний
шорт-лист/ef
шоу-біз/e
штукатурений/V ^adjp:pasv:past
штурмуючий/V ^adjp:actv:pres що штурмує|штурмовий|штурмовик
шукаючий/V ^adjp:actv:pres хто шукає|шукач|шукальник|шукайло|запобігач
шумуючий/V ^adjp:actv:pres
шунтуючий/V ^adjp:actv:pres
щедрота/a щедрість|гойність|щедриня
щепка/ab тріска|скалка|оскалок|задера|цурпалка|цурпалок|шкаберка
щитовидий/V щитуватий
щитовидка/a
щитовидний/V щитуватий
юстуючий/V ^adjp:actv:pres що юстує|юстувальний|юстувальник
явочний/V
яйник/efg
